; Map created with FinalAlert 2(tm) Mission Editor
; Get it at http://www.westwood.com
; note that all comments were truncated

; This FA2 uses FA2sp created by secsome
; Get the lastest dll at https://github.com/secsome/FA2sp
; Current version : 1.4.1.0

Size=0,0,60,30
1=LAoYFQmfp0+hp0+WY0emqG5LAKKkbkgAQAFIAEABSABAAUgAQAFIAEABSABAAUgAQAFIAE
2=ABSABAAUgAQAFIAAAGd3d1PD8+P0E9PUJGPUJHPUA9PD4+eHh2QARIAEAESABAAUgAQAFI
3=AEABSABAAUgAQAFIAEABSABAAUgAQAFIAEABSABAAScIAFgBSAC4AUABSAAgFSwAVBWsBw
4=+WY0dGSkuWemaVe2dFSUuaZkm8AiAn5AK8LFAUWApIAEABSABAAUgAQAFIAEABSABAAUgA
5=QAFIAEABSABAAUgAQAFIACe0AkwBVBUJiW1biGxZmGRHlmJErAFEF1AFSABABCAh5AJQCE
6=gJSABAAUgAQAFIAEABSABAAUgAQAFIAEABSABAAUgAQAFIAEABSAAttAJTFJCKgFgrXAKn
7=RGVjX0MunZaLSBggJ+QCIBicBVQSJ+QCKm8FUFJRtBVIWlwCA7iwobauoEgAWBkgJ8wFTC
8=VID0gAQAFIAEABSABAAUgAQAFIAEABSABAAUgAQAFIAC20AlARLWwFtBW3IaGnT1gWSABY
9=FkgAICTMBaQLRBFIEkgAQAFIAEABSABAAUgAQAFIAEABSAAttAK8JlA+XAIqbAUDjpZAmq
10=NIRRSD4ABMAVgWSABAAUgAWBysByAVtAhEEUgSSABAAUgAQAFIAEABSABAAUgAQAFIAFQS
11=JywARD5QDjBsBQlER0hiYVmemIyCijnwFSgcAEAuSAACm5SIXFpMBAGNmZOKIBjMBT+cBS
12=20ArwjTytgYmEqbAWsKAxcWldgX1diYFmWkYi1q5QnxAJMKwyPiYBBQT+IgHGel4q0qpi8
13=BVwCWB+sCiAJzAVMKEAoSABAAUgAQAFIAEABSAAttAJQCy1sBUyCTC4n9AFAAaQgA1xbWV
14=9eVkgAAAOvnEyjmkyTjoRYWFaUjoSJhHyaZ0qgGVQeCbKomFFSTVZVT2NiWiAGzAVUEqgA
15=SDZAAUgVSABAAUgALbQCvCBUDFwCKmwFBr6zory0pr20p1QVpBFICUwBAAammkydlYtcWl
16=hhYV5bWlmgmIufmIu5sKGsBCoUAAOQioGakoVIBkAuSABYIqwNMMwFVBKoALAUVABIAKQC
17=VBInLABMKFAIrCszJAhXDLarmSoMAq8BpZpIWBAMW1pTW1pXoJmMmWZImGVIqAMtFABYLk
18=gABpViRaefkrKqnWIKrqAtzAVAE1jQSAAnYAJPAaGnT1wCLbQCvB0nbAW4KwNESEufl4lQ
19=VkBttw+QmUZIhKwBtABUFVyGBpykUpKMgpeQg1gBpBFAAaAEJxQARAJIA7QADKqilq+ona
20=yjlGJhWqOckFwCuCVALkgAtBVIFUgATwE8QUVUFagSRBcqbAUDhIF9YF5bUFa8rQOzn4i2
21=n4dUCVgWBp6XjVtaWJ6YjacOnphLQB+wEVcYho46TBYAA1tbVVxcV721pp6kTpGXRYmQPp
22=+mTFQquARMK1wCRIy8AgOZkoZaWVZLSGBeWEJhl5JjDaqkmEwuVOpYFkgAVBVEFFgWBj1C
23=RkBDRkJFRrQVrAQMPT88QkVCPT8+PUBCaGdnSAMGtqybr5JytJuCpA5XAJ+XjUxtXINcCw
24=ASpqCUUVJMUlJOl5dpmpprUlNOqqOYhYJ7hIF5pZ6Tq6SZq6WZtABIHgaln5OspJmqo5dM
25=AUgAAAyblYyXkIRDREN5dnGboEqYn0RaWFaclIeWj4KblYlQdFQATC68PkQXQxZzdHMhxC
26=gDTlJVTE9QSBhKA25vYwBDR0lYKww+Q0ZzcW+Gg3+4sKG5qZJIFS0LAKaej1wLA5qThpiR
27=hVQMWASYEA2JlpCCeXZvPEA/mZKFio5YtwaLjVdMAVQbRAWkdFi1UHRcNSrsBrAFtwCXZE
28=egAVQtXEEDSk5PTVFTV5Nyc3JcF0QvuBZEFyRLI4mGglAsTEMnDCxUaaQILRQASBVIAFQV
29=SwCmhm+sAVB3A5yWiZ6kUiqwAEAESABHQXt3b6R0UF+gBFwCKuwGRD68AqxqWBNAQySUK0
30=ABWAFYFkgApBdYAVACRBdMLkAHQxw9QUUn2AJcAkgStwm8sqMnHAREAicsAFQPVBJcWUwW
31=A6KoUISLNlQDSwC3rqBEQQNeXFthYF5HQZ2jUVACLQgATAevN1JSTUgPTCu8EUgSSFRUQk
32=gATAFYZ1QASANIAEABpBdAAbguTC5VXT9cWwVGSj4/PDk8PLwCA6acjaKajy3EAVgBWD1A
33=FljEQGpQOE+1nqFOSAxQArRsXAIJlI+IW1pTlY+DjIZ9SAYnCABcVlQqRA5UADa0ArAUVA
34=CoAFwUQAGgLqQXWAFQAkwrTy6IbFlQAkgATC64FlwCJxwQXA5UElgoA2JhWZ+XilQVBquj
35=T5CNRqyaSEwBSzOQi4JYiEABRAXIAAh6a5WOgFdXVJmUiLQVuDo5tAK8EUgSUCBUAFgBqA
36=AnLABAAUQUUAInhAJEICdEA6wuWBZLAJiUjFgrtGncEZgAtBVYPUgAQCtAc5gCKxAAVG9Y
37=HEC+PGwFWBBcEUgAoAFUAEgAWAFIAEABSABAAUgAQAFEFEgApBdYAVACRBRMLqAivFyzF2
38=NjYSsMBSlcAlwCbBaYtUwBJ2QATAFYK0h1OdwKUA5IAFwOSAAnIABMASecBQyelolZWVWc
39=l4x2d3ZLTlCsBFQASABYBKQXKswFpA5cAidsEQF0dXKbJhQkTBNUElQAqwCfmI0hvCdLKp
40=uUiVwCQB9QTTxsBVAOqACgECosAEQCqABQAgNgYmE6PT274kZJS1wCUAJIAEABSABAAUQU
41=QAFIALAXSA+rokJGSKAuU3R1dXNXErqyorQVKhQApEG4NDncCkANqABADaABVAAwLABEAl
42=4+PD5M3wQ9REhLVVdYWHxMLlwCSABIBkgAQAFIACe0CLgWVAZcXCfMBUR0SABcCFwCRBcn
43=wAJMAUAcJ2wFJ8ACKgQTUAtUDKgATAFIACcsAKABVACwAlQAqACkAqQprAFUAEsAWVtZoA
44=RUAFgBtABAAaQFuAFEFEgSoChcAlgWSAAn5AKkGjDcCqAWSAmwCEABSABMAUgAQAFIACcg
45=ACosAEh7JzwLJ4AAQAFIAFgESABAAUgAQAFIAEABSABAAUgAQAFIAEABRBRAATPMBVxcQB
46=knbAVYBFwFSABIFScsACcgAFwCTAGoACcsAEABSABQAlQAqACsAVQAqABQAqABVAAnLABA
47=AUgApwJXWlqwXLgBvAKsAaQXrAHOLmJEM0wQrASsB1QAqABQAkgAKiwAuAG0ACpcAEwBIA
48=acBawHVACoAEAHoAFUACcsAEABpBcnVAhQVrh5SAM5bAVUA6gAVAlIACosALgBVABIACdf
49=AP///1gBSAAnRAA5LACoA1QAqABIBqABVAAnLABAAUQXBj1CRjc7QD9CRFz+LbQCsAVYBC
50=cgAKwBJzgAQAFIAFACSABAAagACaKkbqaobqKkbqKkbhEAAA==
[Africans]
IQ=0
Edge=North
Color=DarkRed
Allies=Africans
Country=Africans
Credits=0
NodeCount=0
TechLevel=1
PercentBuilt=0
PlayerControl=no

[Alliance]
IQ=0
Edge=North
Color=Gold
Allies=Alliance
Country=Alliance
Credits=0
NodeCount=0
TechLevel=1
PercentBuilt=0
PlayerControl=no

[Americans]
IQ=0
Edge=North
Color=Gold
Allies=Americans
Country=Americans
Credits=0
NodeCount=0
TechLevel=1
PercentBuilt=0
PlayerControl=no

[Arabs]
IQ=0
Edge=North
Color=DarkRed
Allies=Arabs
Country=Arabs
Credits=0
NodeCount=0
TechLevel=1
PercentBuilt=0
PlayerControl=no

[Basic]
Name=No name
Author=Author Not Set
Percent=0
GameMode=standard
HomeCell=98
InitTime=10000
Official=no
EndOfGame=no
FreeRadar=no
MaxPlayer=2
MinPlayer=2
SkipScore=no
TrainCrate=no
TruckCrate=no
AltHomeCell=99
OneTimeOnly=no
CarryOverCap=0
NewINIFormat=4
NextScenario=
SkipMapSelect=no
CarryOverMoney=0.000000
AltNextScenario=
MultiplayerOnly=1
IceGrowthEnabled=no
VeinGrowthEnabled=no
TiberiumGrowthEnabled=yes
IgnoreGlobalAITriggers=no
TiberiumDeathToVisceroid=no

[British]
IQ=0
Edge=North
Color=Gold
Allies=British
Country=British
Credits=0
NodeCount=0
TechLevel=1
PercentBuilt=0
PlayerControl=no

[Confederation]
IQ=0
Edge=North
Color=DarkRed
Allies=Confederation
Country=Confederation
Credits=0
NodeCount=0
TechLevel=1
PercentBuilt=0
PlayerControl=no

[Digest]
1=sAbyEnePYA0ls7f1RlsbyPu4s5A=

[FA2spVersionControl]
Version=6

[French]
IQ=0
Edge=North
Color=Gold
Allies=French
Country=French
Credits=0
NodeCount=0
TechLevel=1
PercentBuilt=0
PlayerControl=no

[GDI]
IQ=0
Edge=North
Color=Gold
Allies=GDI
Country=GDI
Credits=0
NodeCount=0
TechLevel=1
PercentBuilt=0
PlayerControl=no

[Germans]
IQ=0
Edge=North
Color=Gold
Allies=Germans
Country=Germans
Credits=0
NodeCount=0
TechLevel=1
PercentBuilt=0
PlayerControl=no

[Header]
Width=27
Height=23
StartX=242
StartY=22
Waypoint1=0,0
Waypoint2=0,0
Waypoint3=0,0
Waypoint4=0,0
Waypoint5=0,0
Waypoint6=0,0
Waypoint7=0,0
Waypoint8=0,0
NumberStartingPoints=0

[Houses]
0=Americans
1=Alliance
2=French
3=Germans
4=British
5=Africans
6=Arabs
7=Confederation
8=Russians
9=YuriCountry
10=GDI
11=Nod
12=Neutral
13=Special

[IsoMapPack5]
1=SA4AIA8eAAEAWAMAAAAEAB0AAgBYAwBpAR4oKQAfKCsAHAAD4QQdKCkAHigpAB8oKQAgKC
2=kAG0wL3QocKCkAHSgpAB4oKQAfKCkAICgpACEoKwAaAAXtEBsoKQAcKCkAHSgpAB4oKQAf
3=KCkAICgpACEoKQAiKCsAGQAG6QwaKCkAGygpABwoKQAdKCkAHigpAB8oKQAgKCkAISgpAC
4=IoKQAjKCsAGAAH4Q8ZKCkAGigpABsoKQAcKCkAHSgpAB4oKQAfKCkAICgpACEoKQAiKCkA
5=IygpACQoKwAXAAj5ERgoKQAZKCkAGigpABsoKQAcKCkAHSgpAB4oKQAfKCkAICgpACEoKQ
6=AiKCkAIygpACQoKQAlKCsAFgAJ8RQXKCkAGCgpABkoKQAaKCkAGygpABwoKQAdKCkAHigp
7=AB8oKQAgKCkAISgpACIoKQAjKCkAJCgpACUoKQAmKCsAFQAK6RcWKCkAFygpABgoKQAZKC
8=kAGigpABsoKQAcKCkAHSgpAB4oKQAfKCkAICgpACEoKQAiKCkAIygpACQoKQAlKCkAJigp
9=ACcoKwAUAAvhGhUoKQAWKCkAFygpABgoKQAZKCkAGigpABsoKQAcKCkAHSgpAB4oKQAfKC
10=kAICgpACEoKQAiKCkAIygpACQoKQAlKCkAJigpACcoKQAoKCsAEwAM+RwUKCkAFSgpABYo
11=KQAXKCkAGCgpABkoKQAaKCkAGygpABwoKQAdKCkAHigpAB8oKQAgKCkAISgpACIoKQAjKC
12=kAJCgpACUoKQAmKCkAJygpACgoKQApKCsAEgAN8R8TKCkAFCgpABUoKQAWKCkAFygpABgo
13=KQAZKCkAGigpABsoKQAcKCkAHSgpAB4oKQAfKCkAICgpACEoKQAiKCkAIygpACQoKQAlKC
14=kAJigpACcoKQAoKCkAKSgpACooKAADEQAOACUBneYSKCkAEygpABQoKQAVKCkAFigpABco
15=KQAYKCkAGSgpABooKQAbKCkAHCgpAB0oKQAeKCkAHygpACAoKQAhKCkAIigpACMoKQAkKC
16=kAJSgpACYoKQAnKCkAKCgpACkoKQAqKCkAKygoAAIQAA8AJ0AlAQUEABFIAWwmAQEEABJK
17=ARYCmScTSAElpSAUKCkAFSgpABYoKQAXKCkAGCgpABkoKQAaKCkAGygpABwoKQAdKCkAHi
18=gpAB8oKQAgKCkAISgpACIoKQAjKCkAJCgpACUoKQAmKCkAJygpACgoKQApKCkAKigpACtI
19=AdUjLEgBbiYDBEEBEJgnAQcEABBEAHUCCGUpEJVPAmQpJykAE0AEZAhVAhQoKQAVKCkAFi
20=gpABcoKQAYKCkAGSgpABooKQAbKCkAHCgpAB0oKQAeKCkAHygpACAoKQAhKCkAIigpACMo
21=KQAkKCkAJSgpACYoKQAnKCkAKCgpACkoKQAqKCkAKygpACxIAWwmAQYEAC3IAUUpDklRJk
22=1SAH4rEQBoAU1SENQCWScRSQGwJFUsEkkBr6kBE0kBrqkBFEgBwQQVSQGxtQIWSAHNBRdI
23=Ac0FGEgBzQUZSAHNBRpIAc0FG0gBzQUcSAHNBR1IAc0FHkgBzQUfSAHNBSBIAc0FIUgBzQ
24=UiSAHNBSNIAc0FJEgBzQUlSAHNBSZIAc0FJ0gBzQUoSAHNBSlIAc0FKkgBzQUrSAHNBSxI
25=AXgnRSktyAFFKS7IAUUpDUh91XsOSAHNBQ9JARa5fxBIAXQCTQURSAHVDRJJAeylNBPIAV
26=0KFMgBTQUVSgFRBIGIFigpABcoKQAYKCkAGSgpABpJAQq9ChvIAV0KHEgB0QkdKCkAHigp
27=AB9JAbNQDVkcIMgBWQYhSAHZBiIoKQAjKCkAJCgpACUoKQAmKCkAJ0kB1VwKQRooyAFNfi
28=nIAUVVKkkB2r0VK0gB2TIsSAFsJlkRLUgBxSkuSAF0AlEJL0gB1y4MABPt9w0oKQAOSAFs
29=BUUID0gBzQUQSAF0AkUIEUgBzTwSSAF0Ak0FE8gBUR8UyAFNBRVIAd0gFigpABcoKQAYKC
30=kAGSgpABpJAQutGxvIAV0KHEkBxLUCHUgB3QoeSQG4QCVNEB/IAU0FIEgBeDJNJiFIAc0F
31=IkkBxqUII8gBTQUkSQG9pQglyAFVAiZJAbm1AifIAVUCKEgBeDJBMClIAd0KKkkB2b0KK0
32=gB0WEsSAHVIy1IAcUpLkgBdAJVIy9IAdUCMCgrAAsAFPkyDCgpAA0oKQAOSAFkCEUeD0gB
33=xQgQSAF0Al0KEUgB3UESSAF0Ak0FE8gBVRgUyAFNBRVIAXQcQQQWKCkAF0gBzRsYSAHBBB
34=koKQAaSQEFpR4byAFdChxJAdi1Ah1JAdapAR5IAWQ0VQ0fyAFZMiBJAdyhBCFJAdKpASJI
35=AWQ0TQUjyAFNBSRIAWQ0VQIlyAFVAiZIAWQ0VQInyAFVAihJAcuxCSnIAUUTKkkB3bUCK0
36=kBsbWyLEgB1SMtSAHFKS5IAXQCXQovSAHVAjAoKQAxKCsACgAV8TULKCkADCgpAA0oKQAO
37=SAF8CkktD0gB3QoQSAF0AlUNEUgBzUcSSQE3XBVdTBNIAWAEVRgUyAFNBRVIAdkyFkkBUa
38=GeFygpABgoKQAZSAHNBRpIAXw2RQgbyAFNJhxIAdUjHUgB0QkeSQERTBBdFR/IAU0QIEgB
39=wQQhSAHZBiJIAdUCIygpACRJAQRECFUNJcgBVQ0mSQGTfxEEACdIAWQBSQwoSAF8Nk0FKc
40=gBTQUqSAHJWStIAd2OLEgBaCJZBi1IAcUpLkgBdAJFCC9IAdUCMCgpADEoKQAyKCsACQAW
41=6TgKKCkACygpAAwoKQANKCkADkgBdA1NEA9IAdUNEEgBdAJNEBFJAbG9TBJIAXY5DARZfB
42=YmVSEUVALNBRVJAVGpOBYoKQAXKCkAGCgpABkoKQAaSAF0OQEEBAAbyAEBBQQAHEkBzVQu
43=RRMdyAFdNh5IAXQ5RRMfyAFdKyBIAcEPISgpACJJAY1/MgQAI0kBh6kBJEkByKkBJcgBXQ
44=omSQHjtQInyAFVAijIAVUNKUgBeHRZESrIAUEEK0gBwTssSAF8IEEELUgBxSkuSAF0AkUI
45=L0gB1QIwKCkAMSgpADIoKQAzKCsACAAX4TsJKCkACigpAAsoKQAMKCkADSgpAA5IAWwQRR
46=MPSAHNEBBIAXQCRRMRSAHNUhJIAXQCTQUTyAFZHBTIAU0FFUkBj6ElFkgB1S4XKCkAGCgp
47=ABlIAWgFUQkaSAFtPAZuPBcAaQEHbjwXAGw8XQodQARoAVU5HkgB3QofKCkAICgpACEoKQ
48=AiSQGQbAxvPBcAiqkBJFQCbDxdCiXIAV0KJkgBbDxdTCfIAV1MKMgBRRMpSAFsPFkGKsgB
49=WQYrSAHdmSxIAdUjLUgBxSkuSAF0AlkGL0gB1QIwKCkAMSgpADIoKQAzKCkANCgrAAcAGP
50=k9CCgpAAkoKQAKKCkACygpAAwoKQANKCkADkgBZBNBMA9IAcUTEEgBdAJdFRFIAd1XEkgB
51=dAJNBRPIAYU/GIB9TQUVVALJLRZJAYupLRdJAcO5dBhJAbCpARlJAaqpARpIAdWnG8gBUS
52=ocSAEl3ScdSAHZPR4oKQAfKCkAICgpACFIAdkGIkgB2QYjKCkAJEgBdA1NPCXIAU08JkgB
53=zQUnKCkAKCgpACkoKQAqKCkAK0kBsa2fLEgB1SMtSAHFKS5IAXQCVSMvSAHVAjAoKQAxKC
54=kAMigpADMoKQA0KCkANSgrAAYAGfFABygpAAgoKQAJKCkACigpAAsoKQAMKCkADSgpAA5I
55=AXwVTTwPSAHdFRBIAXQCVRgRSAHNXRJIAXQCTQUTyAGfQRkAOUI7CARLzxkA47JAFgCoAU
56=EEF8gBUQkYyAFZPRkoKQAaSQHKuQYbyAFZBhxJAdtcClUNHUgBJ88lGQBRocofVALJASBI
57=ASfPJRkA1bkGIlUCvr0KI8gBXQokSAHVDSXIAVUCJkgB0ZgnSQHepQgoSAHJDClIAckMKk
58=gB2RErSAHdpCxIAdUjLUgBxSkuSAF0AlEfL0gB1QIwKCkAMSgpADIoKQAzKCkANCgpADUo
59=KQA2KCsABQAa6UMGKCkABygpAAgoKQAJKCkACigpAAsoKQAMKCkADSgpAA5IAXQYTTEPSA
60=HVGBBIAXQCTRsRSQGxvWISSAF0Ak0FE8gBXSsUSAF1RA11RBqUREFyFlQCYEZBchfIAVGu
61=GMgBWcEZKCkAGkgBfDZVDRvIAVlIHEkBUb1BHSgpAB5JAY2lPx9JAYepASBIAc0FIUgBIr
62=gzQQ8iyAFBDyNIAWBGXQokSAHVDSXIAVUCJkkBjrEJJ0gB0QkoKCkAKSgpACooKQArSAHN
63=qixIAdUjLUgBxSkuSAF0Ak0bL0gB1QIwKCkAMSgpADIoKQAzKCkANCgpADUoKQA2KCkANy
64=goAGDuywwFABso7AgnKQAHKFUACCgpAAkoKQAKKCkACygpAAwoKQANKCkADkgBbBtdQQ9I
65=AcEPEEgBdAJFHhFIAc1oEkgBdAJNBRPIAY1HGyjFGRv5fxZABMEwF0gBdDJZBhhIAdUCGU
66=kBrr14GkkB9EQESU4byAFFPxzIAUU/HUgB2QYeSQGQTAVRCR9JAYqpASBIAWBGVZwhyAEB
67=CQQAIkkBVLleI0gBxQgkSAFkzk0bJcgBj0cbAJKxCSdUAieEESdBAylUAieGERsAJ4YRGw
68=DdryxABNUjLUgBxSkuSAF0AlUNL0gB1QIwKCkAMSgpADIoKQAzKCkANCgpADUoKQA2KCkA
69=NygpADgoKwADABzsRyLcJsEPBShVAAYoKQAHKCkACCgpAAkoKQAKKCkACygpAAwoKQANKC
70=kADkgBZB5FNA9IAcEPEEgBdAJdIBFIAdxtBRIAHAA5AQAAEQAALA8AIA8GBAATABwAJgEA
71=AAEEABQAHABoAQECBAAVSAEFUQQAAAAEABZJAcFABEkBF0gBTAJ1AhhIAcEEGUkBsaEEGk
72=gB1QIbSgFVA1UFBEMBHAD0RAEBCgQAHVABaAEBCwQAHkgBzQUfSQHVQAQBCAQAIMgBAQkE
73=ACFJAVSlCCJIAVwDYQ8jSAHZBiRJAch7AgQAJcgBVRgmSQHktQInyAFVAijIAU0bKcgBAQ
74=MEACpJAemtBStJAbG1DSxIAXwgRR4tSQFYtQIuSAF0AkUIL0gB1QIwKCkAMSgpADIoKQAz
75=KCkANCgpADUoKQA2KCkANygpADgoKQA5KCkAAkAowQ8DKCgAeCrVAgUoVQAGKCkABygpAA
76=goKQAJKCkACigpAAsoKQAMKCkADSgpAA5IAXwgVSMPSAHBDxBIAXQCVSMRSQGvrSYSSQE5
77=SENZPRNIAWAETTEUyAFNBRVJAVH+TB0AyQEXKFUAGCgpABkoKQAaKCkAG0kBj6k4HEgByU
78=4dSAF9TA9/TB0A0UAEQQ8fVAJoAUEPIEgB0UshSQH5UBRBGiJIAUgFvEwnOQIkVAJ8TFkG
79=JcgBTUcmSAF8TAEEBAAnyAEBBQQAKMgBRWspyQEHfkwdAHxMTRArVQKutSMsSAFoIkEPLU
80=gBxSkuSAF0AlUNL0gB1QIwKCkAMSgpADIoKQAzKCkANCgpADUoKQA2KCkANygpADgoKQA5
81=KCkAOigpAAFCdRYCUyIEAAJIAdkRAygoAGQs1QIFKFUABigpAAcoKQAIKCkACSgpAAooKQ
82=ALKCkADCgpAA0oKQAOSAF0I00mD0gBwQ8QSAF0Ak0mEUkBsb0rEkkB7KE7E8gBQTAUyAFN
83=BRVJAcihBBbIAUEEF0kBUa1SGCgpABkoKQAaKCkAG0kBjFAjWREcSQGLqQEdSQHRSAFVRB
84=7IAVVEH8gBVUQgSAFcA31MIUkB+q0QIkkB9akBI0kBWbUYJEkBBFQCXRUlyAFdCiZJAVGx
85=FCdJAdhABE0QKEkB0qkBKUgBwQQqKCkAK0kBsL0KLEgBbCZZBi1IAcUpLkgBdAJVDS9IAd
86=UCMCgpADEoKQAyKCkAMygpADQoKQA1KCkANigpADcoKQA4KCkAOSgpADooKQA7KCgAAQIA
87=HwDZEQMoKQAEKCkABSgpAAYoKQAHKCkACCgpAAkoKQAKKCkACygpAAwoKQANKCkADkgBdC
88=NNJg9IAdkREEgBdAJNJhFIAdV7EkgBdAJNBRPIAVFLFMgBTQUVSAF0T0kBFsgBQTsXSAHd
89=NhgoKQAZKCkAGigpABtJAZJ8SG/sHwBWoTsdVQLVVAJRCR5JAdFIAUmQH8gBj+wfAFetBS
90=FVApFABFEUIkkBhakBI0gByVkkSAEn9gkfAGgBXQomVQJR908fANepTihUAsmFKUgBwVEq
91=SAHNBStIAcXDLEgB1SMtSAHFKS5IAXQCSSIvSAHVAjAoKQAxKCkAMigpADMoKQA0KCkANS
92=gpADYoKQA3KCkAOCgpADkoKQA6KCkAOygrAAMAIPRPIpAixRMFKFUABigpAAcoKQAIKCkA
93=CSgpAAooKQALKCkADCgpAA0oKQAOSAFoIkU0D0gBwQ8QSAF0AkElEUgByXoSSAF0Ak0FE8
94=gBiU4gKFonIADNMRZABMkBF0kBj6U/GEgB1QIZSAFwAlEJGkgB1QIbSAHdTBxIAd1MHcgB
95=XUweSAHNBR9IAdk9IEgBffEKIlknIPVPIlQC3VcjSAHVDSRIAdn4JUkB+FgCVacmyAFBGi
96=dJAdvrTiAA06kBKVUC1akBKkgBzRArSQGxrV0sSAHVIy1IAcUpLkgBdAJFKS9IAdUCMCgp
97=ADEoKQAyKCkAMygpADQoKQA1KCkANigpADcoKQA4KCkAOSgpADooKAB8I88QBQAh6U4GKC
98=kABygpAAgoKQAJKCkACigpAAsoKQAMKCkADSgpAA5IAXAfTTwPSAHBDxBIAXQCSSIRSAHJ
99=OBJIAXQCTQUTyAFNMRTIAU0FFUkBUbGCFigpABdIAc08GEgBwQQZSQGysTUaSAF4SAEFBA
100=AbyQEGfpkhAHQCRUodVALZBh5JAbK1OR9JAbSpASBJAcVURE0QIcgBTZQiSAFQAm3sI0kB
101=rrUNJEgB1QIlSAFwS00FJsgBXUwnyAFZEShIAcEPKUgB2QYqSAHVAitIAdW9LEgB1SMtSA
102=HFKS5IAXQCRRMvSAHVAjAoKQAxKCkAMigpADMoKQA0KCkANSgpADYoKQA3KCkAOCgpADko
103=KwAFACIoGAknKQAHKFUACCgpAAkoKQAKKCkACygpAAwoKQANKCkADkgBeBxJQw9IAdkcEE
104=gBdAJRHxFJAbGxNRJIASJIME08E0gBYASaSCIAdAJV0xVVAuNsLSLqOSIAyQEX1AJNBRjI
105=AV0KGUkBua0FGsgBQQQbSAFsR1GNHEkBUa1SHSgpAB5JAdq9QR9IAcEEIEgBfNtdCiHIAU
106=lDIkkBsK0FI0kBqakBJEgBfA5FHiVIAcUIJkgBZEpRVifIAUEaKEkBv1AFRRMpSQHoqQEq
107=SAEiSDBFCCtIAcW4LEgBaCJVAi1IAcUpLkgBdAJFEy9IAdUCMCgpADEoKQAyKCkAMygpAD
108=QoKQA1KCkANigpADcoKQA4KCsABgAj7UcHKCkACCgpAAkoKQAKKCkACygpAAwoKQANKCkA
109=DkgBYBpZHA9IAcEaEEgBdAJZHBFIAcVrEkgBaUMLIq1CI4TZRSkU1QINIq1CI5REUXcWVA
110=JgRkkBF8gBXXgYyAFJThlIAWBGSQwayAFNPBtIAck4HCgpAB0oKQAeSQHZpT8fSAHNBSBI
111=AWBGVQ0hyAFVDSJIAUg8vY4jhAFZHCQoVQAlSAHFCCYoKQAnSAF0REUTKMgBRRMpSAFgRk
112=kBKkgBYEZRHytIAdWyLEgBbCZJDC1IAcUpLkgBdAJRCS9IAdUCMCgpADEoKQAyKCkAMygp
113=ADQoKQA1KCkANigpADcoKwAHACT1RAgoKQAJKCkACigpAAsoKQAMKCkADSgpAA5IAWgXQR
114=oPSAHJFxBIAXQCQRoRSAHVZRJIAXQCTQUTyAFVIxTIAU0FFUgByS0WKCkAFygpABhJAdih
115=OxlIASXJKhpIAdkGGygpABwoKQAdKCkAHkgBJ2kIJCZ1JSBUAmhDRRMhyAFFEyJIAd0KI0
116=kBxqEPJMgBQQQlSAHBBCYoKQAnSQHerQUoSAHBBClIAdUCKkgB1QIrSQGxpa0sSAHVIy1I
117=AcUpLkgBdAJVIy9IAdUCMCgpADEoKQAyKCkAMygpADQoKQA1KCkANigrAAgAJf1BCSgpAA
118=ooKQALKCkADCgpAA0oKQAOSAFwFFknD0gB0RQQSAF0AkkXEUgBxWASSAF0Ak0FE8gBRSkU
119=yAFNBRVJAce5JxbIAUEEF0kBUaXDGEgBJQkzGUgBJQkzGkkB1LkGGygpABwoKQAdKCkAHk
120=gB2QYfSQHWuQYgSAFwQE0QIcgBXXgiSAHBDyNIAXBAQQQkyAFBBCVIAcEEJigpACcoKQAo
121=KCkAKSgpACooKQArSAHVpyxIAdUjLUgBxSkuSAF0AkEPL0gB1QIwKCkAMSgpADIoKQAzKC
122=kANCgpADUoKwAJACblPwooKQALKCkADCgpAA0oKQAOSAF4EUk4D0gB2REQSAF0AlEUEUkB
123=sbVaEkgBdAJNBRPIAVU5FMgBTQUVSAF4PUkBFsgBUSoXSQFR+T0mJsU6GVUC0bE1GkgBwQ
124=QbSQHOtQIcyAFJDB1IAcEEHkgBJ80PJijODyYAeD2YwagBm8EmANywCVLXANCpASRECMkB
125=JUgBwUYmSAHJDCdIAdV7KEgB1QIpSAHVAipIAdUCK0gBxaIsSAHVIy1IAcUpLkgBdAJJIi
126=9IAdUCMCgpADEoKQAyKCkAMygpADQoKwAKACftPAsoKQAMKCkADSgpAA5IAWAPUTUPSAHB
127=DxBIAXQCWRERSAHFVRJIASe2TicAaAFVLhTUAk0FFUgBxR4WKCkAFygpABhIASVdOBlIAS
128=UxOBpIAdkGG0gBYDtRCRzIAUlDHUgBwQQeSQHdpTQfSAHVAiBIAWE7BiJxNieMPAEHBAAi
129=VALBBCNIAcEPJEgBwQ8lSAHBBCYoKQAnSQHCqQwoSAHBBCkoKQAqKCkAK0gB1ZwsSAFsJk
130=UpLUgBxSkuSAF0AkEaL0gB1QIwKCkAMSgpADIoKQAzKCsACwAo9TkMKCkADSgpAA5IAWgM
131=QQ8PSAHJDBBIAXQCQQ8RSAHVTxJJASytGxPIAYo4KAB0Ak0FFVUC66EEFigpABdJASW1Ah
132=goKQAZKCkAGigpABsoKQAcKCkAHSgpAB4oKQAfKCkAIEkBNUgMQXIhyAFVOSJIAdkRI0kB
133=KkAEWRwkyAFJFyXIAUkXJkgB0RQnKCkAKCgpACkoKQAqSAHdCitJAbGllyxIAWwmSQwtSA
134=HFKS5IAXQCSQwvSAHVAjAoKQAxKCkAMigrAAwAKf02DSgpAA5IAXAJSQwPSAHRCRBIAXQC
135=SQwRSAHFShJIAXgyRWATyAFFlxTIAUElFUgBdBhdIBYoKQAXSAF8IFUCGCgpABkoKQAaSA
136=FkKVEJG8gBUQkcSAHZBh0oKQAeSAHNBR/IAU0FIEgBzQUhSAHBBCJIAdkRI0gBwQQkSAHB
137=BCXIAUUIJkgBwQQnKCkAKCgpACkoKQAqSAHdCitIAdWRLEgBbCZFKS1IAcUpLkgBdAJFKS
138=9IAdUCMCgpADEoKwANACrlNA5IAXgGUQkPSAHZBhBIAXQCUQkRSAEnDQ0qlGVZUxNUAmQ0
139=UY0UyQEIIrozKgB8FVkGFlQCyQEXSAF8IFkGGMgBWQYZyAFZBhpIAWgiWQYbKCkAHCgpAB
140=0oKQAeKCkAH0kBNF1iCSLWUyoAaQEKeqAqANEJIkAEzRAjSQE2TAUBDQQAJMkBDiJodiet
141=ACZUAtkGJygpACgoKQApKCkAKkgB3QorSAHVIyxIAWwmRSktSAHFKS5IAXQCTRsvSAHVAj
142=AoKgAOAEzkRBNZBg/IAV1XEMgBWQYRSAEnXgwrANFAE1QCwQ8USAHdeBVIAc0FFkgBzQUX
143=SAHNBRhIAc0FGUgBzQUaSAHNBRtIAc0FHEgBzQUdSAHNBR5IAc0FH0gBzQUgSAHNBSFIAc
144=0FIkgBzQUjSAHNBSRIAc0FJUgBzQUmSAEJrgMAAAAEACcAKwCwEQAAAAUODAgDAAAABAAo
145=ACsAsagBAikAKwCvqQEqSQGuqQErSAHVAixKASYBmQYtyAEBAQQALsgBAQIEAC9JAVi4Bg
146=IPACwAJ0wFQQQQyAFBBBFJASVUAgEABAASKCkAEygpABQoKQAVKCkAFigpABcoKQAYKCkA
147=GSgpABooKQAbKCkAHCgpAB0oKQAeKCkAHygpACAoKQAhKCkAIigpACMoKQAkKCkAJSgpAC
148=YoKQAnKCkAKCgpACkoKQAqKCkAKygpACxIAXgnQSUtyAFFKS7IAUcpEAAtnCsBBQQAEUgB
149=cCpBBBJIAcEwE0oBFgKRNRRIAdUCFSgpABYoKQAXKCkAGCgpABkoKQAaKCkAGygpABwoKQ
150=AdKCkAHigpAB8oKQAgKCkAISgpACIoKQAjKCkAJCgpACUoKQAmKCkAJygpACgoKQApKCkA
151=KigpACtIAdUjLEgBcioDBEABuScEeicuAGAEUSoSUFnJARMoKQAUKCkAFSgpABYoKQAXKC
152=kAGCgpABkoKQAaKCkAGygpABwoKQAdKCkAHigpAB8oKQAgKCkAISgpACIoKQAjKCkAJCgp
153=ACUoKQAmKCkAJygpACgoKQApKCkAKigpACsoKQAsSAF5JwZydy8AxUoTVH7JARQoKQAVKC
154=kAFigpABcoKQAYKCkAGSgpABooKQAbKCkAHCgpAB0oKQAeKCkAHygpACAoKQAhKCkAIigp
155=ACMoKQAkKCkAJSgpACYoKQAnKCkAKCgpACkoKQAqKCkAKygrABMAMPUjFCgpABUoKQAWKC
156=kAFygpABgoKQAZKCkAGigpABsoKQAcKCkAHSgpAB4oKQAfKCkAICgpACEoKQAiKCkAIygp
157=ACQoKQAlKCkAJigpACcoKQAoKCkAKSgpACooKwAUADH9IBUoKQAWKCkAFygpABgoKQAZKC
158=kAGkkBOVzFSZsbyAFZdBzIAV14HUgB1U8eKCkAHygpACAoKQAhKCkAIigpACMoKQAkKCkA
159=JSgpACYoKQAnKCkAKCgpACkoKwAVADLlHhYoKQAXKCkAGCgpABlIAWwbRbgayAFFaxvIAQ
160=EHBAAcyAEBCAQAHcgBAQkEAB5IAcUeH0kBNVQjRQggyAFFCCFIAcEEIkkBNkAEAQ0EACPI
161=AQEOBAAkSAHBBCUoKQAmKCkAJygpACgoKwAWADPtGxcoKQAYKCkAGUgBYBoBCgQAGsgBAQ
162=sEABvJAQxiGjMAYARZER3UAlkRHkgB2REfKCkAICgpACEoKQAiKCkAIygpACQoKQAlKCkA
163=JigpACcoKwAXADT1GBgoKQAZKCkAGkgBcRQQaRc0nRURaBepARJsMScFAR5MBSfoAidVAC
164=AoVQAhKCkAIigpACMoKQAkKCkAJSgpACYoKwAYADX9FRkoKQAaKCkAGygpABwoKQAdKCkA
165=HigpAB8oKQAgKCkAISgpACIoKQAjKCkAJCgpACUoKwAZADblExooKQAbKCkAHCgpAB0oKQ
166=AeKCkAHygpACAoKQAhKCkAIigpACMoKQAkKCsAGgA37RAbKCkAHCgpAB0oKQAeKCkAHygp
167=ACAoKQAhKCkAIigpACMoKAABGwA4ANo9HAAnKQAdKCkAHigpAB8oKQAgKCkAISgpACIoKA
168=ABHAA5AN0KHSgpAB4oKQAfKCkAICgpACEoKwAdADrlCB4oKQAfKCkAICgrAB4AO+wFCB8A
169=OwBYAwAAAAQAEQAA

[Lighting]
Red=0.900000
Blue=0.900000
Green=0.900000
Level=0.022000
Ground=0.000000
IonRed=0.600000
Ambient=0.900000
IonBlue=0.850000
IonGreen=0.700000
IonLevel=0.022000
IonGround=0.000000
IonAmbient=0.900000
DominatorRed=0.850000
DominatorBlue=0.300000
DominatorGreen=0.200000
DominatorLevel=0.022000
DominatorGround=0.000000
DominatorAmbient=0.900000
DominatorAmbientChangeRate=0.009000

[Map]
Size=0,0,30,30
Theater=NEWURBAN
LocalSize=1,4,28,23

[Neutral]
IQ=0
Edge=North
Color=Grey
Allies=Neutral
Country=Neutral
Credits=0
NodeCount=0
TechLevel=1
PercentBuilt=0
PlayerControl=no

[Nod]
IQ=0
Edge=North
Color=Gold
Allies=Nod
Country=Nod
Credits=0
NodeCount=0
TechLevel=1
PercentBuilt=0
PlayerControl=no

[OverlayDataPack]
1=BQAAIP4AIACABQAAIP4AIACABQAAIP4AIACABQAAIP4AIACABQAAIP4AIACABQAAIP4AIA
2=CABQAAIP4AIACABQAAIP4AIACABQAAIP4AIACABQAAIP4AIACABQAAIP4AIACABQAAIP4A
3=IACABQAAIP4AIACABQAAIP4AIACABQAAIP4AIACABQAAIP4AIACABQAAIP4AIACABQAAIP
4=4AIACABQAAIP4AIACABQAAIP4AIACABQAAIP4AIACABQAAIP4AIACABQAAIP4AIACABQAA
5=IP4AIACABQAAIP4AIACABQAAIP4AIACABQAAIP4AIACABQAAIP4AIACABQAAIP4AIACABQ
6=AAIP4AIACABQAAIP4AIACABQAAIP4AIACA

[OverlayPack]
1=BQAAIP4AIP+ABQAAIP4AIP+ABQAAIP4AIP+ABQAAIP4AIP+ABQAAIP4AIP+ABQAAIP4AIP
2=+ABQAAIP4AIP+ABQAAIP4AIP+ABQAAIP4AIP+ABQAAIP4AIP+ABQAAIP4AIP+ABQAAIP4A
3=IP+ABQAAIP4AIP+ABQAAIP4AIP+ABQAAIP4AIP+ABQAAIP4AIP+ABQAAIP4AIP+ABQAAIP
4=4AIP+ABQAAIP4AIP+ABQAAIP4AIP+ABQAAIP4AIP+ABQAAIP4AIP+ABQAAIP4AIP+ABQAA
5=IP4AIP+ABQAAIP4AIP+ABQAAIP4AIP+ABQAAIP4AIP+ABQAAIP4AIP+ABQAAIP4AIP+ABQ
6=AAIP4AIP+ABQAAIP4AIP+ABQAAIP4AIP+A

[Preview]
Size=0,0,60,30

[PreviewPack]
1=LAoYFQmfp0+hp0+WY0emqG5LAKKkbkgAQAFIAEABSABAAUgAQAFIAEABSABAAUgAQAFIAE
2=ABSABAAUgAQAFIAAAGd3d1PD8+P0E9PUJGPUJHPUA9PD4+eHh2QARIAEAESABAAUgAQAFI
3=AEABSABAAUgAQAFIAEABSABAAUgAQAFIAEABSABAAScIAFgBSAC4AUABSAAgFSwAVBWsBw
4=+WY0dGSkuWemaVe2dFSUuaZkm8AiAn5AK8LFAUWApIAEABSABAAUgAQAFIAEABSABAAUgA
5=QAFIAEABSABAAUgAQAFIACe0AkwBVBUJiW1biGxZmGRHlmJErAFEF1AFSABABCAh5AJQCE
6=gJSABAAUgAQAFIAEABSABAAUgAQAFIAEABSABAAUgAQAFIAEABSAAttAJTFJCKgFgrXAKn
7=RGVjX0MunZaLSBggJ+QCIBicBVQSJ+QCKm8FUFJRtBVIWlwCA7iwobauoEgAWBkgJ8wFTC
8=VID0gAQAFIAEABSABAAUgAQAFIAEABSABAAUgAQAFIAC20AlARLWwFtBW3IaGnT1gWSABY
9=FkgAICTMBaQLRBFIEkgAQAFIAEABSABAAUgAQAFIAEABSAAttAK8JlA+XAIqbAUDjpZAmq
10=NIRRSD4ABMAVgWSABAAUgAWBysByAVtAhEEUgSSABAAUgAQAFIAEABSABAAUgAQAFIAFQS
11=JywARD5QDjBsBQlER0hiYVmemIyCijnwFSgcAEAuSAACm5SIXFpMBAGNmZOKIBjMBT+cBS
12=20ArwjTytgYmEqbAWsKAxcWldgX1diYFmWkYi1q5QnxAJMKwyPiYBBQT+IgHGel4q0qpi8
13=BVwCWB+sCiAJzAVMKEAoSABAAUgAQAFIAEABSAAttAJQCy1sBUyCTC4n9AFAAaQgA1xbWV
14=9eVkgAAAOvnEyjmkyTjoRYWFaUjoSJhHyaZ0qgGVQeCbKomFFSTVZVT2NiWiAGzAVUEqgA
15=SDZAAUgVSABAAUgALbQCvCBUDFwCKmwFBr6zory0pr20p1QVpBFICUwBAAammkydlYtcWl
16=hhYV5bWlmgmIufmIu5sKGsBCoUAAOQioGakoVIBkAuSABYIqwNMMwFVBKoALAUVABIAKQC
17=VBInLABMKFAIrCszJAhXDLarmSoMAq8BpZpIWBAMW1pTW1pXoJmMmWZImGVIqAMtFABYLk
18=gABpViRaefkrKqnWIKrqAtzAVAE1jQSAAnYAJPAaGnT1wCLbQCvB0nbAW4KwNESEufl4lQ
19=VkBttw+QmUZIhKwBtABUFVyGBpykUpKMgpeQg1gBpBFAAaAEJxQARAJIA7QADKqilq+ona
20=yjlGJhWqOckFwCuCVALkgAtBVIFUgATwE8QUVUFagSRBcqbAUDhIF9YF5bUFa8rQOzn4i2
21=n4dUCVgWBp6XjVtaWJ6YjacOnphLQB+wEVcYho46TBYAA1tbVVxcV721pp6kTpGXRYmQPp
22=+mTFQquARMK1wCRIy8AgOZkoZaWVZLSGBeWEJhl5JjDaqkmEwuVOpYFkgAVBVEFFgWBj1C
23=RkBDRkJFRrQVrAQMPT88QkVCPT8+PUBCaGdnSAMGtqybr5JytJuCpA5XAJ+XjUxtXINcCw
24=ASpqCUUVJMUlJOl5dpmpprUlNOqqOYhYJ7hIF5pZ6Tq6SZq6WZtABIHgaln5OspJmqo5dM
25=AUgAAAyblYyXkIRDREN5dnGboEqYn0RaWFaclIeWj4KblYlQdFQATC68PkQXQxZzdHMhxC
26=gDTlJVTE9QSBhKA25vYwBDR0lYKww+Q0ZzcW+Gg3+4sKG5qZJIFS0LAKaej1wLA5qThpiR
27=hVQMWASYEA2JlpCCeXZvPEA/mZKFio5YtwaLjVdMAVQbRAWkdFi1UHRcNSrsBrAFtwCXZE
28=egAVQtXEEDSk5PTVFTV5Nyc3JcF0QvuBZEFyRLI4mGglAsTEMnDCxUaaQILRQASBVIAFQV
29=SwCmhm+sAVB3A5yWiZ6kUiqwAEAESABHQXt3b6R0UF+gBFwCKuwGRD68AqxqWBNAQySUK0
30=ABWAFYFkgApBdYAVACRBdMLkAHQxw9QUUn2AJcAkgStwm8sqMnHAREAicsAFQPVBJcWUwW
31=A6KoUISLNlQDSwC3rqBEQQNeXFthYF5HQZ2jUVACLQgATAevN1JSTUgPTCu8EUgSSFRUQk
32=gATAFYZ1QASANIAEABpBdAAbguTC5VXT9cWwVGSj4/PDk8PLwCA6acjaKajy3EAVgBWD1A
33=FljEQGpQOE+1nqFOSAxQArRsXAIJlI+IW1pTlY+DjIZ9SAYnCABcVlQqRA5UADa0ArAUVA
34=CoAFwUQAGgLqQXWAFQAkwrTy6IbFlQAkgATC64FlwCJxwQXA5UElgoA2JhWZ+XilQVBquj
35=T5CNRqyaSEwBSzOQi4JYiEABRAXIAAh6a5WOgFdXVJmUiLQVuDo5tAK8EUgSUCBUAFgBqA
36=AnLABAAUQUUAInhAJEICdEA6wuWBZLAJiUjFgrtGncEZgAtBVYPUgAQCtAc5gCKxAAVG9Y
37=HEC+PGwFWBBcEUgAoAFUAEgAWAFIAEABSABAAUgAQAFEFEgApBdYAVACRBRMLqAivFyzF2
38=NjYSsMBSlcAlwCbBaYtUwBJ2QATAFYK0h1OdwKUA5IAFwOSAAnIABMASecBQyelolZWVWc
39=l4x2d3ZLTlCsBFQASABYBKQXKswFpA5cAidsEQF0dXKbJhQkTBNUElQAqwCfmI0hvCdLKp
40=uUiVwCQB9QTTxsBVAOqACgECosAEQCqABQAgNgYmE6PT274kZJS1wCUAJIAEABSABAAUQU
41=QAFIALAXSA+rokJGSKAuU3R1dXNXErqyorQVKhQApEG4NDncCkANqABADaABVAAwLABEAl
42=4+PD5M3wQ9REhLVVdYWHxMLlwCSABIBkgAQAFIACe0CLgWVAZcXCfMBUR0SABcCFwCRBcn
43=wAJMAUAcJ2wFJ8ACKgQTUAtUDKgATAFIACcsAKABVACwAlQAqACkAqQprAFUAEsAWVtZoA
44=RUAFgBtABAAaQFuAFEFEgSoChcAlgWSAAn5AKkGjDcCqAWSAmwCEABSABMAUgAQAFIACcg
45=ACosAEh7JzwLJ4AAQAFIAFgESABAAUgAQAFIAEABSABAAUgAQAFIAEABRBRAATPMBVxcQB
46=knbAVYBFwFSABIFScsACcgAFwCTAGoACcsAEABSABQAlQAqACsAVQAqABQAqABVAAnLABA
47=AUgApwJXWlqwXLgBvAKsAaQXrAHOLmJEM0wQrASsB1QAqABQAkgAKiwAuAG0ACpcAEwBIA
48=acBawHVACoAEAHoAFUACcsAEABpBcnVAhQVrh5SAM5bAVUA6gAVAlIACosALgBVABIACdf
49=AP///1gBSAAnRAA5LACoA1QAqABIBqABVAAnLABAAUQXBj1CRjc7QD9CRFz+LbQCsAVYBC
50=cgAKwBJzgAQAFIAFACSABAAagACaKkbqaobqKkbqKkbhEAAA==

[Russians]
IQ=0
Edge=North
Color=DarkRed
Allies=Russians
Country=Russians
Credits=0
NodeCount=0
TechLevel=1
PercentBuilt=0
PlayerControl=no

[Special]
IQ=0
Edge=North
Color=Grey
Allies=Special
Country=Special
Credits=0
NodeCount=0
TechLevel=1
PercentBuilt=0
PlayerControl=no

[SpecialFlags]
Inert=no
FogOfWar=no
IonStorms=no
MCVDeploy=no
Meteorites=no
Visceroids=no
FixedAlliance=no
TiberiumGrows=yes
InitialVeteran=no
HarvesterImmune=no
TiberiumSpreads=yes
TiberiumExplosive=no
DestroyableBridges=yes

[Structures]
0=Neutral,CAWASH04,256,29,21,64,None,1,0,1,0,0,None,None,None,0,0
1=Neutral,CAMORR02,256,39,25,64,None,1,0,1,0,0,None,None,None,0,0
2=Neutral,CAMORR06,256,39,36,64,None,1,0,1,0,0,None,None,None,0,0
3=Neutral,CAWASH03,256,23,36,64,None,1,0,1,0,0,None,None,None,0,0
4=Neutral,CATEXS05,256,23,29,64,None,1,0,1,0,0,None,None,None,0,0
5=Neutral,CANEWY15,256,29,36,64,None,1,0,1,0,0,None,None,None,0,0
6=Neutral,CANEWY08,256,22,21,64,None,1,0,1,0,0,None,None,None,0,0
7=Neutral,CAPARS10,256,34,36,64,None,1,0,1,0,0,None,None,None,0,0
8=Neutral,CATEXS06,256,39,30,64,None,1,0,1,0,0,None,None,None,0,0
9=Neutral,CANEWY18,256,40,20,64,None,1,0,1,0,0,None,None,None,0,0
10=Neutral,CAMSC11,256,27,36,64,None,1,0,1,0,0,None,None,None,0,0
11=Neutral,CAPARK03,256,33,29,64,None,1,0,1,0,0,None,None,None,0,0
12=Neutral,CAPARK06,256,42,18,64,None,1,0,1,0,0,None,None,None,0,0
13=Neutral,CAPARK06,256,42,20,64,None,1,0,1,0,0,None,None,None,0,0
14=Neutral,CAMISC04,256,31,35,64,None,1,0,1,0,0,None,None,None,0,0
15=Neutral,CAFRMB,256,26,31,64,None,1,0,1,0,0,None,None,None,0,0
16=Neutral,CAURB02,256,33,25,64,None,1,0,1,0,0,None,None,None,0,0
17=Neutral,CAMISC03,256,22,33,64,None,1,0,1,0,0,None,None,None,0,0
18=Neutral,CAPARS07,256,25,23,64,None,1,0,1,0,0,None,None,None,0,0
19=Neutral,CASTRT05,256,31,39,64,None,1,0,1,0,0,None,None,None,0,0

[Terrain]
19030=LT_GEN04
20021=TREE03
20025=TREE13
20036=LT_GEN03
21025=TREE07
21039=TREE05
22035=TREE11
23035=TREE07
24021=LT_SGN01
24022=TREE12
25038=TREE02
26025=LT_GEN02
26035=LT_GEN02
27030=TREE01
27031=TREE15
27038=TREE15
28023=TREE06
30027=TREE04
30028=TREE12
30031=LT_GEN01
30036=LT_GEN03
31021=LT_SGN01
31033=TREE02
33023=TREE07
33036=TREE08
33041=TREE12
34022=LT_GEN04
34036=TREE10
38033=LT_GEN01
39017=TRFF01
39022=TRFF01
39026=TRFF02
39029=LT_SGN04
39037=SIGN05
39038=LT_SGN04
43017=TRFF04
43021=TRFF03
43026=TRFF03

[YuriCountry]
IQ=0
Edge=North
Color=DarkRed
Allies=YuriCountry
Country=YuriCountry
Credits=0
NodeCount=0
TechLevel=1
PercentBuilt=0
PlayerControl=no

