; Map created with FinalAlert 2(tm) Mission Editor
; Get it at http://www.westwood.com
; note that all comments were truncated

[Header]
Width=27
Height=23
StartX=242
StartY=22
Waypoint1=0,0
Waypoint2=0,0
Waypoint3=0,0
Waypoint4=0,0
Waypoint5=0,0
Waypoint6=0,0
Waypoint7=0,0
Waypoint8=0,0
NumberStartingPoints=0

[TerrainTypes]


[Preview]
Size=0,0,60,30

[PreviewPack]
1=5AgYFQmfp0+hp0+WY0emqG5LAKKkbkgAQAFIAEABSABAAUgAQAFIAEABSABAAUgAQAFIAE
2=ABSABAAUgAQAFIAAAGd3d1PD8+P0E9PUJGPUJHPUA9PD4+eHh2QARIAEAESABAAUgAQAFI
3=AEABSABAAUgAQAFIAEABSABAAUgAQAFIAEABSABAAScIAFgBSAC4AUABSAAgFSwAVBUn7A
4=AJRkpLlnpmlXtnRUlLUAJIAEwKICfkArwsQApYCkgAQAFIAEABSABAAUgAQAFIAEABSABA
5=AUgAQAFIAEABSABAAUgALbQCCYltW4hsWZhkR5ZiRKwBIC3kAkQOSA9IAEABSABAAUgAQA
6=FIAEABSABAAUgAQAFIAEABSABAAUgAQAFIAFQVA5pmSZZjR0wBbCsCYkSQioBbK7iwoUsA
7=tq6gSABDLp2Wi0gYpBe8BSAbzAUgGJwFVBUn5AJUFbwpQBNIFUgASBVIAEABSABAAUgAIC
8=rMBVwjSA9IAEABSABAAUgAQAFIAEABSABAAUgAQAFIAEABSAAttAJQEa8rTE9QSABAKEQU
9=SBVIAEABSABAAUgAQAFIAC3MBawKSAZAAUgAUAtIAEABSABAAUgAQAFIAEABSABAAUgAQA
10=EgDJwFLbQCJ2wFBomEfoyHgZCKf1Q/WBZIAFgQRBRIFUgAQAFIAEABSABAAUgAWBysB1wF
11=WBBIAEQRSAZAAUgATAFIAEABSABAAUgAQAFIAEABSACgAVQASABYAUgAQAFIAEABSABAAU
12=gAQAFIAC20AlAOrCsJQURYQENXQENYbWZMIAPkAlwIQ0lzdHNIACAYzAU/nAVUDCfkAlgN
13=vCNcVie0AgJBRFlBRWsAQkVZOeQCXAhYB0gVSAAJiYJ3PkFMS0IzTUQ0WB+sCiAJzAVMKE
14=gSSABAAUgAQAFIAEABSABUDCcsAFgNUAstbAUqtAJILTPkAgxIS0xKTU5tb1+Chm5wcW8p
15=tQIzVB6JAFlMByAMzAUznAUttAK8IEwrBo2Hf42HfYuHg3QV9EJEDkgPpERsATLPBZ+nWC
16=q2AkJFREpoAEgzKiwAWCKsDTzMBVwpUClIAEABSAAttAJQCK8rcnNySABICURlKuQCUBS0
17=FVQYTAFAEKABUAKsAVdFamFJWAFXA01EM1QAQBxMBIkAWKwB8AJYASAEzAUnnAUttAK8HU
18=wrUH1IAFB9SABYFkgAM+QCpBQqJAJMAbARUClMASfkCLACM7cCgX57WxBKTk9IAFglrBBY
19=DUgqSABIKkQmQwE8QUVYBCRUI1ACKtwKSBVIAEgVSABAAUgAQAFIAFgWSABICUQIKswFVB
20=KcEWwliBLcJkwBJ1wAgAF8AlQYKi8AfHh0WBBIFUgATBAnrAEtnAskxCW/LEJFRkQFSBuk
21=QUgGSABYE0gAQAFIAEABSABAAUgAQAFIAFgWSABHF3l7cEQXA4uFfIiFgbgQVABIAFQSVB
22=WJAFlMAZhDdKKIA1gWSAB0GypsBUwQJ3wBQAFIAEANSABAEyfPBT1CRkSPKsQoSANLG5V7
23=Z0QFSAZIAEABSABAAUgAQAFIAEABSABAAUgADE5RUVVWUqWqc5WhTEk/IieEAkABJ7QIVB
24=VIMKREkAJ0FVcYhoJ+M2wFUAtIAFALSABAAUAWpClQBbxBvCxYJVxESABYQ0c+nZaLpAW0
25=BkAHQAFIAEABSABAAUgARAhYIkseeXl1J08QPDs2J7QCUBRIKqgARBRYFkgDYAECRFmBfX
26=lYB1hASABQCCdMAUABSABQC0sAp5+QQCgkfChQBa8TlmNHXAVQFFgBSABAAS3kAkgGM8wF
27=RAhAB1QVSAAntAInTBBIFUATqBVUAEwBSBWZK1lLA4B9eFgHSBVIAFAIJ4QCQAFIAEgVSw
28=CYk4ikJlg9UAWsE1gTXAWsAbwsRAJYAUgAQAGkFyfEKCrMBUQIQAdIFUgAKrQCbShFaBJE
29=FFgTSBVIAEQUVBWIAHxZNpQNSBVIAEgVSABAAUAlLWwFSBJQDqwTTAGgAVQASABYAUgAQA
30=FIAEABpBesAVRFSAmsLi20AowTfFNAAVgTSFdAAUgAKuQCIBLcCrwOWBAttAK8AiecBQZM
31=T1BFSUpjY2FEBUgDSABAAS3kAifMBaRBpBRMK0ABUBRAAUgAKiwAIAPfCp+XiUAiP2wFvB
32=FIEqABVABIAFgBSABAAQNbXl1CRkisAVgBQAEt5AJIDKwuhBRI8GSYREG4K1ACTAEgAwQT
33=REE83ApID0AQSABAAUgAQAFIAEABJ5wFWAFIAEQCSwBXWlonLABAAUgAUAIt5AInzAVQFF
34=QVWCtUAEwBIAa0AkAfIAxsBawQWBCgAVQASABYAUgAQAFIAEABSAAGYGJhSElIREhKTAFQ
35=AkgAQAEt5AJIDyfMBSAD3ApEQSAVbAVID0AQSABAATOcBUgDSABUA0gAQAEGXl9dRUhJS0
36=5QTAFIAFACLeQCJ8wFR5g9QUOk7ER3VD9IAECCSABAAUAcIBhsBbwOSA+gAVQASABYAUgA
37=QAFIAEABSABAAUgAQAFIAEABWy5ER0lUEkwBSABQAi3kAkgSrC5cAlgWSAAkNEZUFSAhbA
38=VYDVAOSABAASADnAWkBVAFQAEGREhLVVdYW11eTAFIAFACRBRAAUgATAFMKyfMBVwCWBZA
39=GSAkbAW8C0gMoAFUAEgAWAFIAEABSABAAUgAQAFIAEABSABAAUgAQAFIAEABSABAAUgAQA
40=FIAEABRBRAAUgATAFEF0gVIC1sBVgKUAtIAEABIA+cBbQGQAdAAUgAQAFIAEABSABAAaQX
41=WCu0QlzmJFQjSAMzdBhcAkAHSABAAUgAQAFIAEABSABAAUgAQAFIAEABSABAAUgAQwH///
42=9UAEgAWAFIAEABSABAAUgAQAFIAEABSABAAUgAQAFIAEABSABAAUgAQAFIAEABSABAAUgA
43=QAFEFwY9QkY3O0A/QkQklCu8AkgDQAFIAEABSABAAUgAQAFIAEABSABAAUgAQAFIAEABSA
44=BAAUgAQAEJoqRupqhupqhuoqRuEQAA

[Africans]
IQ=0
Edge=North
Color=DarkRed
Allies=Africans
Country=Africans
Credits=0
NodeCount=0
TechLevel=1
PercentBuilt=0
PlayerControl=no

[Alliance]
IQ=0
Edge=North
Color=Gold
Allies=Alliance
Country=Alliance
Credits=0
NodeCount=0
TechLevel=1
PercentBuilt=0
PlayerControl=no

[Americans]
IQ=0
Edge=North
Color=Gold
Allies=Americans
Country=Americans
Credits=0
NodeCount=0
TechLevel=1
PercentBuilt=0
PlayerControl=no

[Arabs]
IQ=0
Edge=North
Color=DarkRed
Allies=Arabs
Country=Arabs
Credits=0
NodeCount=0
TechLevel=1
PercentBuilt=0
PlayerControl=no

[Basic]
Name=No name
Author=Author Not Set
Percent=0
GameMode=standard
HomeCell=98
InitTime=10000
Official=no
EndOfGame=no
FreeRadar=no
MaxPlayer=2
MinPlayer=2
SkipScore=no
TrainCrate=no
TruckCrate=no
AltHomeCell=99
OneTimeOnly=no
CarryOverCap=0
NewINIFormat=4
NextScenario=
SkipMapSelect=no
CarryOverMoney=0.000000
AltNextScenario=
MultiplayerOnly=1
IceGrowthEnabled=no
VeinGrowthEnabled=no
TiberiumGrowthEnabled=yes
IgnoreGlobalAITriggers=no
TiberiumDeathToVisceroid=no

[British]
IQ=0
Edge=North
Color=Gold
Allies=British
Country=British
Credits=0
NodeCount=0
TechLevel=1
PercentBuilt=0
PlayerControl=no

[CellTags]

[Confederation]
IQ=0
Edge=North
Color=DarkRed
Allies=Confederation
Country=Confederation
Credits=0
NodeCount=0
TechLevel=1
PercentBuilt=0
PlayerControl=no

[French]
IQ=0
Edge=North
Color=Gold
Allies=French
Country=French
Credits=0
NodeCount=0
TechLevel=1
PercentBuilt=0
PlayerControl=no

[GDI]
IQ=0
Edge=North
Color=Gold
Allies=GDI
Country=GDI
Credits=0
NodeCount=0
TechLevel=1
PercentBuilt=0
PlayerControl=no

[Germans]
IQ=0
Edge=North
Color=Gold
Allies=Germans
Country=Germans
Credits=0
NodeCount=0
TechLevel=1
PercentBuilt=0
PlayerControl=no

[Houses]
0=Americans
1=Alliance
2=French
3=Germans
4=British
5=Africans
6=Arabs
7=Confederation
8=Russians
9=YuriCountry
10=GDI
11=Nod
12=Neutral
13=Special

[IsoMapPack5]
1=JQ4AIA8eAAEAWAMAAAAEAB0AAgBYAwBpAR4oKQAfKCsAHAAD4QQdKCkAHigpAB8oKQAgKC
2=kAG0wL3QocKCkAHSgpAB4oKQAfKCkAICgpACEoKwAaAAXtEBsoKQAcKCkAHSgpAB4oKQAf
3=KCkAICgpACEoKQAiKCsAGQAG6QwaKCkAGygpABwoKQAdKCkAHigpAB8oKQAgKCkAISgpAC
4=IoKQAjKCsAGAAH4Q8ZKCkAGigpABsoKQAcKCkAHSgpAB4oKQAfKCkAICgpACEoKQAiKCkA
5=IygpACQoKwAXAAj5ERgoKQAZKCkAGigpABsoKQAcKCkAHSgpAB4oKQAfKCkAICgpACEoKQ
6=AiKCkAIygpACQoKQAlKCsAFgAJ8RQXKCkAGCgpABkoKQAaKCkAGygpABwoKQAdKCkAHigp
7=AB8oKQAgKCkAISgpACIoKQAjKCkAJCgpACUoKQAmKCsAFQAK6RcWKCkAFygpABgoKQAZKC
8=kAGigpABsoKQAcKCkAHSgpAB4oKQAfKCkAICgpACEoKQAiKCkAIygpACQoKQAlKCkAJigp
9=ACcoKwAUAAvhGhUoKQAWKCkAFygpABgoKQAZKCkAGigpABsoKQAcKCkAHSgpAB4oKQAfKC
10=kAICgpACEoKQAiKCkAIygpACQoKQAlKCkAJigpACcoKQAoKCsAEwAM+RwUKCkAFSgpABYo
11=KQAXKCkAGCgpABkoKQAaKCkAGygpABwoKQAdKCkAHigpAB8oKQAgKCkAISgpACIoKQAjKC
12=kAJCgpACUoKQAmKCkAJygpACgoKQApKCsAEgAN8R8TKCkAFCgpABUoKQAWKCkAFygpABgo
13=KQAZKCkAGigpABsoKQAcKCkAHSgpAB4oKQAfKCkAICgpACEoKQAiKCkAIygpACQoKQAlKC
14=kAJigpACcoKQAoKCkAKSgpACooKAADEQAOACUBneYSKCkAEygpABQoKQAVKCkAFigpABco
15=KQAYKCkAGSgpABooKQAbKCkAHCgpAB0oKQAeKCkAHygpACAoKQAhKCkAIigpACMoKQAkKC
16=kAJSgpACYoKQAnKCkAKCgpACkoKQAqKCkAKygoAAIQAA8AJ0AlAQUEABFIAWwmAQEEABJI
17=ASV5IBMoKQAUKCkAFSgpABYoKQAXSgEWApUuGEgBxQgZKCkAGigpABsoKQAcKCkAHSgpAB
18=4oKQAfKCkAICgpACEoKQAiKCkAIygpACQoKQAlKCkAJigpACcoKQAoKCkAKSgpACooKQAr
19=SAHVIyxIAW4mAwRBARCYJwEHBAAQRAB1AghlKRCVTwJkKScpABNABGQIVQIUKCkAFSgpAB
20=YoKQAXKCkAGCgpABkoKQAaKCkAGygpABwoKQAdKCkAHigpAB8oKQAgKCkAISgpACIoKQAj
21=KCkAJCgpACUoKQAmKCkAJygpACgoKQApKCkAKigpACsoKQAsSAFsJgEGBAAtyAFFKQ5JUS
22=ZNUgB+KxEAaAFNUhDUAlknEUkBsCRVLBJJAa+pARNJAa6pARRIAcEEFUkBsbUCFkgBzQUX
23=SAHNBRhIAc0FGUgBzQUaSAHNBRtIAc0FHEgBzQUdSAHNBR5IAc0FH0gBzQUgSAHNBSFIAc
24=0FIkgBzQUjSAHNBSRIAc0FJUgBzQUmSAHNBSdIAc0FKEgBzQUpSAHNBSpIAc0FK0gBzQUs
25=SAF4J0UpLcgBRSkuyAFFKQ1Ifdl0DkgBzQUPSAHVAhBIAXQCTQURSAHVDRJKAVEEgX0TKC
26=kAFCgpABUoKQAWKCkAFygpABgoKQAZKCkAGkgBdA1dFRvIAUEPHEkBpVANVQIdyAFVQx5J
27=ATxcAEEDH8gBVQEgSQE+XABVAiHIAVUBIkgBzQUjyAFVAiRJAVZABV0KJUgBwQ8myAFBDy
28=dIAdkcKCgpACkoKQAqKCkAK0gB2TIsSAHRCS1JARaloi5IAXQCXQovSAHfKwwAE+33DSgp
29=AA5IAWwFRRMPSAHNBRBIAXQCRQgRSAHNPBJIAdEUEygpABQoKQAVKCkAFigpABcoKQAYKC
30=kAGSgpABpIAXQNTRAbyAFBDxxJAaKtJh3IAUUpHkgBfCtFHR/IAUluIEgBbDFVAiHIAVUC
31=IkgBzQUjyAFVAiRJAVO9CiVIAcEPJsgBQQ8nSAHZHCgoKQApKCkAKigpACtIAdFhLEgB0Q
32=ktSAHFKS5IAXQCXQovSAHVAjAoKwALABT5MgwoKQANKCkADkgBZAhVIw9IAcUIEEgBdAJd
33=ChFIAd1BEkgByRcTKCkAFCgpABUoKQAWKCkAFygpABgoKQAZKCkAGkgBdA1NEBvIAUEPHE
34=gBZDRJAR3IAV0rHkgBbDFJLB/IAV02IEkBO1wAVQIhyAFVASJIAWQ0VQIjyAFVAiRIAWQ0
35=QYglSAHBDybIAVUNJ0gB2RwoKCkAKSgpACooKQArSQGxWBJJFyxIAdEJLUgBxSkuSAF0Al
36=0KL0gB1QIwKCkAMSgrAAoAFfE1CygpAAwoKQANKCkADkgBfApBDw9IAd0KEEgBdAJVDRFI
37=Ac1HEkkBUfacFQDJARQoVQAVKCkAFigpABcoKQAYKCkAGSgpABpIAXQNTRAbyAFBDxxIAX
38=w2VQIdyAFVLh5IAXw2TWgfyAFZJiBIAXw2VQIhyAFVAiJIAXw2VQIjyAFVAiRJAVRIOV0K
39=JUgBwQ8myAFBDydIAc0bKCgpACkoKQAqSQHURAhNBStIAd2OLEgB0QktSAHFKS5IAXQCTQ
40=UvSAHVAjAoKQAxKCkAMigrAAkAFuk4CigpAAsoKQAMKCkADSgpAA5IAXQNTRsPSAHVDRBI
41=AXQCTRARSQGxUCBBBBJJAVH1ORYoNAcnKQAVKIEAFigpABcoKQAYKCkAGSgpABpIAXQNSQ
42=wbSQExUDYBBQQAHEgBdDlNEB3IAVkQHkkBPUAEUSkfyAFVASBIAXQ5VQIhyAFVAiJIAc0F
43=I8gBVQIkSAF0OZVwFiNsJEEPJlQCbBBVDSdIAdkcKCgpACkoKQAqSAF0OQEGBAArSAHNlC
44=xIAWQIUQktSAHFKS5IAXQCXQovSAHVAjAoKQAxKCkAMigpADMoKwAIABfhOwkoKQAKKCkA
45=CygpAAwoKQANKCkADkgBbBBFEw9IAdXpEEgBdAJFExFIAc1SEkgBIogtTQUTKCkAFCgpAB
46=UoKQAWKCkAFygpABgoKQAZKCkAGkgBYDsBAwQAG8kBCG48FwBsPFUNHVQCaAFFNB5IAXw2
47=VXAfyAFFPyBIAWw8VQIhyAFVAiJIAc0FI8gBVQIkSAFkrV0KJUgBeBxJASbIAUUeJ0gBJ4
48=0HF+lZKShVACpIAW08Cm48FwDdmSxUAtEJLUgB1TkuSAF0Al0KL0gB1QIwKCkAMSgpADIo
49=KQAzKCkANCgrAAcAGPk9CCgpAAkoKQAKKCkACygpAAwoKQANKCkADkgBZBNRHw9IAcUTEE
50=gBdAJdFRFIAd1XEkgBZD9VAhMoKQAUKCkAFSgpABYoKQAXKCkAGCgpABlIAXg9AQkEABrI
51=AUUpG8kBC2U/GIQ/VQ0dVAJkP102HkgBfK9deB/IAV1BIEgBbDxVAiHIAVUCIkgBfEFVAi
52=PIAVUCJEgBZD+VexgodA+oAVUNJ0AEJ+UHGCjkBycpACoogQArSQGxWBJZJyxIAWwmSQEt
53=SAHFKS5IAXQCXQovSAHVAjAoKQAxKCkAMigpADMoKQA0KCkANSgrAAYAGfFABygpAAgoKQ
54=AJKCkACigpAAsoKQAMKCkADSgpAA5IAXwVVRgPSAHdFRBIAXQCVRgRSAHNXRJJAZhQK00F
55=E8gBUSoUyAFVAhXIAVUCFsgBVQIXyAFVAhjIAVUCGcgBVQIayAFVAhvIAVUCHEkBn3cNAA
56=AdSAFwQFU5HkgBbPdBAx/IAVUCIEgBfEGGgRkAaAFRNCJUAnxBVQIjyAFVAiRJAVZYB1UN
57=JUgBeBxJASbIAUUeJ0kBUbHaKCgpACkoKQAqKCkAK0gB3aQsSAHRCS1IAcUpLkgBdAJdCi
58=9IAdUCMCgpADEoKQAyKCkAMygpADQoKQA1KCkANigpAAVAat0KBigpAAcoKQAIKCkACSgp
59=AAooKQALKCkADCgpAA0oKQAOSAF0GEElD0gB1Q0QSAF0Ak0bEUkBsVArQQQSSAF0RFUuE8
60=gBQQMUyAFVAhXIAVUCFsgBVQIXyAFVAhjIAVUCGcgBVQIayAFVAhvIAVUCHEkBOkRAQTod
61=yAFVAR5IAWBGVQIfyAFVAiBIAXxBVQIhyAFVAiJIAWBGVQIjyAFVAiRJAVVIAkEaJUgBeB
62=xJASbIAUUeJ0kBUfVEGijUECcpACoogQArSAHNqixIAdEJLUgBxSkuSAF0Al0KL0gB1QIw
63=KCkAMSgpADIoKQAzKCkANCgpADUoKQA2KCkANygoAGDuyQwFTO/JAQYoKQAHKCkACCgpAA
64=koKQAKKCkACygpAAwoKQANKCkADkgBbBtZJw9IAdUNEEgBdAJFHhFIAc1oEkgB3TYTyAFN
65=MRRIAc1+FcgBVQIWyAFRNBfIAVUCGMgBVQIZyAFVAhpIAdVEG8gBVQIcyAFFSh3IAUVKHk
66=gBbBBVAh9IAcFGIMgBWQYhSAHRCSLIAVUCI0gBeEhFCCRIAWxHUZglSAF4HFEfJsgBRR4n
67=SAEn7QgbKOwIJykAKiiBACtIAd2vLEgB0QktSAHFKS5IAXQCXQovSAHVAjAoKQAxKCkAMi
68=gpADMoKQA0KCkANSgpADYoKQA3KCkAOCgrAAMAHOjSdPfBDwUoVQAGKCkABygpAAgoKQAJ
69=KCkACigpAAsoKQAMKCkADSgpAA5IAWQeUSoPSAHBDxBIAXQCXSARSAHcbQUSABwAPAEAAB
70=EAAOgOACAAAQIAABMAHAA8AQAAAwAAFAAcAD5IAVUCFcgBVQIWyAFVAhfIAVUCGMgBVQIZ
71=yAFVAhpJATqlCBtIAX4KAABDARwAO1QCSQEdUAFoAVUBHkgBwQQfSAF0AlEJIMgBUQkhSA
72=HRCSLIAVUCI0gB2QYkSQFTUAoBAAQAJUkBJlAKSQEmyAEBAgQAJ0oBUQRHBAQAKCgpACko
73=KQAqSQHpXANZBitJAbFcC0kBLEgB0QktSQFYtQIuSAF0Al0KL0gB1QIwKCkAMSgpADIoKQ
74=AzKCkANCgpADUoKQA2KCkANygpADgoKQA5KCgAAQIAHQDBDwMoKQAEKCkABSgpAAYoKQAH
75=KCkACCgpAAkoKQAKKCkACygpAAwoKQANKCkADkgBfCBBJQ9IAdkREEgBdAJVIxFJAa+tJh
76=JIAdE1E8gBUTQUSAF8TEEvFcgBVQIWSAHNBRfIAVUCGEkBPVwATQUZyAFVARpIAc0FG8gB
77=TUccSAHZSB3IAVkQHkgBbAVBBB/IAVEJIMgBUQkhSAHZESLIAVUCI0gB2QYkSAF9TAF+TB
78=0AeBxRHyZUAmgBRR4nSQFR/kwdAMkBKShVACpIAXxMRQgrSQGuWBJFCCxIAWQISQEtSAHF
79=KS5IAXQCXQovSAHVAjAoKQAxKCkAMigpADMoKQA0KCkANSgpADYoKQA3KCkAOCgpADkoKQ
80=A6KCgAAgEAHgAWTCdRFAJIAdkRAygpAAQoKQAFKCkABigpAAcoKQAIKCkACSgpAAooKQAL
81=KCkADCgpAA0oKQAOSAF0I1kRD0gB2REQSAF0Ak0mEUkBsb0rEkgByTgTyAFBAxRIAXg9TR
82=oVyAFVAhZIAc0FF8gBVQIYSAF0T00FGcgBVQIaSAHNBRtIAWyURUocyAFNRx1IAXgGVQIe
83=yAFVAh9IAdkGIMgBUQkhSAHNBSLIAU0FI0gBcBRFCCRJAVZcAEUeJUgBeBxJASbIAUUeJ0
84=kBUfVPHij0CScpACoogQArSQGwVA5FCCxIAdEJLUgBxSkuSAF0Al0KL0gB1QIwKCkAMSgp
85=ADIoKQAzKCkANCgpADUoKQA2KCkANygpADgoKQA5KCkAOigpADsoKwACAB8o7BMnKQAEKF
86=UABSgpAAYoKQAHKCkACCgpAAkoKQAKKCkACygpAAwoKQANKCkADkgBdCNZJw9IAdUjEEgB
87=dAJNJhFIAdV7EkgBeD1JNxPIAUE7FMgBVQIVyAFVAhZIAWSXVQIXyAFVAhhIAclDGcgBVQ
88=IaSAHJQxtIAXRPWVMcyAFNOx1IAXgGVQIeyAFVAh9IAXgGVQIgyAFVAiFIAc0FIsgBVQIj
89=SAHNBSRJAVRYEkUeJUgBeBxJASbIAUUeJ0gBJ/UJHyj0CScpACoogQArSAHFwyxIAdEJLU
90=gBxSkuSAF0Al0KL0gB1QIwKCkAMSgpADIoKQAzKCkANCgpADUoKQA2KCkANygpADgoKQA5
91=KCkAOigpADsoKwADACD1TwQoKQAFKCkABigpAAcoKQAIKCkACSgpAAooKQALKCkADCgpAA
92=0oKQAOSAFoIlUuD0gBySIQSAF0AkElEUgByXoSSAFoTk08E8gBVTkUyAFVAhXIAVUCFkgB
93=aE5VAhfIAVUCGEgB3UEZyAFVAhpIAd1BG8gBVQIcyAFFCB1IAXAJQUUeyAFFVR9IAXgGVQ
94=IgyAFVAiFIAWgMVQIiyAFVAiNIAWgXVQIkSAFoTlHlJUgBeBxRHybIAUUeJ0gBJ8kJICjI
95=CScpACoogQArSQGxUBVFCCxIAdEJLUgBxSkuSAF0Al0KL0gB1QIwKCkAMSgpADIoKQAzKC
96=kANCgpADUoKQA2KCkANygpADgoKQA5KCkAOigrAAQAIf1MBSgpAAYoKQAHKCkACCgpAAko
97=KQAKKCkACygpAAwoKQANKCkADkgBcB9VIw9IAdEfEEgBdAJJIhFIAcV2EkkBR1gzTQUTyA
98=FFNBTIAVUCFcgBVQIWyAFVAhfIAVUCGMgBVQIZyAFVAhrIAVUCG0kBqKkMHMgBSUMdSAFw
99=S11MHsgBQTofSAFwS1UCIMgBVQIhSAFwS1UCIsgBVQIjSAFwS1UCJEgBJzUdISgsJ6gBRR
100=4nQQRR9ekhKHAJJykAKiiBACtIAdW9LEgBbCZVGC1IAcUpLkgBdAJdCi9IAdUCMCgpADEo
101=KQAyKCkAMygpADQoKQA1KCkANigpADcoKQA4KCkAOSgrAAUAIuVKBigpAAcoKQAIKCkACS
102=gpAAooKQALKCkADCgpAA0oKQAOSAF4HFEfD0gB2RwQSAF0AlEfEUkBsUAxQQQSSQElVDpJ
103=ARMoKQAUKCkAFSgpABYoKQAXKCkAGCgpABlJAS9QCZpIIgBoAVUNG9QCAQMEABxIAWVKBC
104=KONCIAaAEBBQAAHlQCfOZJTR/IAVEIIEgBZEpVAiHIAVUCIsgBVQIjyAFVAiRJAVVIAlUY
105=JUgBeBxJASbIAU0QJ0kBUflIIigYCScpACpABCJIMFkGK0gBxbgsSAHRCS1IAcUpLkgBdA
106=JdCi9IAdUCMCgpADEoKQAyKCkAMygpADQoKQA1KCkANigpADcoKQA4KCsABgAj7UcHKCkA
107=CCgpAAkoKQAKKCkACygpAAwoKQANKCkADkgBYBpRHw9IAcEaEEgBdAJZHBFIAcVrEkkBJU
108=guVQITKCkAFCgpABUoKQAWKCkAFygpABgoKQAZKCkAGkgBYEYBCQQAG8kBB2NGIwCioTsd
109=VAJoAU0PHkgBYEZBiB/IAVVZIEgBYEZVAiHIAVUCIsgBVQIjyAFVAiRIAWBGRVUlSAF4HF
110=EfJsgBTRsnSAEnwQgjKMAIJykAKkAEYEZFCCtIAdWyLEgB0QktSAHFKS5IAXQCXQovSAHV
111=AjAoKQAxKCkAMigpADMoKQA0KCkANSgpADYoKQA3KCsABwAk9UQIKCkACSgpAAooKQALKC
112=kADCgpAA0oKQAOSAFoF1UjD0gByRcQSAF0AkEaEUgB1WUSSAHNJhMoKQAUKCkAFSgpABYo
113=KQAXKCkAGCgpABkoKQAaSAF0DU0QG0gBdUQLaUMkiENNEB1UAmhDQTseSAFkzk1GH8gBQU
114=YgSAFs1lUCIcgBVQIiSAF4SFUCI8gBVQIkSAEnSRokKEgaqAFVDSdABNkcKCgpACkoKQAq
115=KCkAK0kBsVgSSRcsSAHVGC1IAcUpLkgBdAJdCi9IAdUCMCgpADEoKQAyKCkAMygpADQoKQ
116=A1KCkANigrAAgAJf1BCSgpAAooKQALKCkADCgpAA0oKQAOSAFwFFUYD0gB0RQQSAF0AkkX
117=EUgBxWASSQFRpa0TKCkAFCgpABUoKQAWKCkAFygpABgoKQAZKCkAGkgBdA1NEBvIAUEPHE
118=gBZD9VAh3IAUk4HkgBZIFBOx/IAVUCIEgBItghVQIhyAFVAiJIAScSCCUAaAFVAiRUAiKM
119=SV0KJUgBwQ8myAFBDydIAdkcKCgpACkoKQAqKCkAK0gB1acsSAHRCS1IAcUpLkgBdAJdCi
120=9IAdUCMCgpADEoKQAyKCkAMygpADQoKQA1KCsACQAm5T8KKCkACygpAAwoKQANKCkADkgB
121=eBFRHw9IAdkREEgBdAJRFBFJAbG1WhJJAVH5PSb9pBQoVQAVKCkAFigpABcoKQAYKCkAGS
122=gpABpIAXQNTRAbyAFBDxxIAXg9SQEdyAFZEB5IAXg9SbwfyAFVAiBIAXg9VQIhyAFVAiJI
123=AWw8VQIjyAFUAk17AHg9UbklVALBDybIAVUNJ0gB2RwoKCkAKSgpACooKQArSAHFoixIAd
124=EJLUgBxSkuSAF0Al0KL0gB1QIwKCkAMSgpADIoKQAzKCkANCgrAAoAJ+08CygpAAwoKQAN
125=KCkADkgBYA9RKg9IAcEPEEgBdAJZERFIAcVVEkgBxR4TKCkAFCgpABUoKQAWKCkAFygpAB
126=goKQAZKCkAGkgBdA1NEBvIAUEPHEgBYDtVAh3IAVVwHkgBJzIXJwBoAVUCIFQCaDideCfl
127=diJUAmAEVQIjyAFNBSRIAXz8XQolSAHBDybIAUEPJ0gB2RwoKCkAKSgpACooKQArSAHVnC
128=xIAdEJLUgBxSkuSAF0Al0KL0gB1QIwKCkAMSgpADIoKQAzKCsACwAo9TkMKCkADSgpAA5I
129=AWgMQRoPSAHJDBBIAXQCQQ8RSAHVTxJIAc0bEygpABQoKQAVKCkAFigpABcoKQAYKCkAGS
130=gpABpIAXQNTRAbyAFBDxxIAWg4SQEdyAFFax5IAXgyXW0fyAFVAiBIAWg4VQIhyAFVAiJI
131=Ac0FI8gBVQIkSAFoOIxzUG9UOkEPJlUCLUgBVQ0nSAEiRCpVAigoKQApKCkAKigpACtJAb
132=FQCk0FLEgB1RgtSAHFKS5IAXQCXQovSAHVAjAoKQAxKCkAMigrAAwAKf02DSgpAA5IAXAJ
133=VQ0PSAHRCRBIAXQCSQwRSAHFShJJAVHhqSkoIBUnKQAVKIEAFigpABcoKQAYKCkAGSgpAB
134=pIAXQNTRAbyAFBDxxIAXA1VQIdyAFRKR5IASWZJB/IAVUCIMgBRWshyAFVAiLIAVUCI8gB
135=VQIkSAEn8CRYo0gCSQwmVAJxNQUiDHBM5FQCVTkoVAJ8NkkBKSgpACooKQArSAHVkSxIAd
136=UYLUgBxSkuSAF0AkEaL0gB1QIwKCkAMSgrAA0AKuU0DkgBeAZFEw9IAdkGEEgBdAJRCRFI
137=AScNDSrtMRNUAsU0FCgpABUoKQAWKCkAFygpABgoKQAZKCkAGkgBdA1NEBvIAUEPHEgBeD
138=JJAR3IAVFVHkgBeDJVZR/IAVUCIMgBVQIhyAFVAiLIAVUCI8gBVQIkSAEnWAZI1UAwQQ8m
139=VAJ5Mgh6MioAbDFBDyhUAskBKSgpACooKQArSAHVIyxIAdUYLUgBxSkuSAF0AlEJL0gB1Q
140=IwKCoADgBM5K0QD8gBUUAQyAFZBhFIASdeDCsA0UATVALBDxRJAbFAG1UYFUgBzQUWSAHN
141=BRdIAc0FGEgBzQUZSAHNBRpIAc0FG0gBzQUcSAHNBR1IAc0FHkgBzQUfSAHNBSBIAc0FIU
142=gBzQUiSAHNBSNIAc0FJEgBzQUlSAHNBSZIAQmuAwAAAAQAJwArALARAAD/BA4MCAMAAAAE
143=ACgAKwCxqAECKQArAK+pASpJAa6pAStIAdUCLEoBJgGZBi3IAQEBBAAuyAEBAgQAL0kBWL
144=gGAg8ALAAnTAVBBBDIAUEEEUkBJVQCAQAEABIoKQATKCkAFCgpABUoKQAWKCkAFygpABgo
145=KQAZKCkAGigpABsoKQAcKCkAHSgpAB4oKQAfKCkAICgpACEoKQAiKCkAIygpACQoKQAlKC
146=kAJigpACcoKQAoKCkAKSgpACooKQArKCkALEgBeCdBJS3IAUUpLsgBRykQAC2cKwEFBAAR
147=SAFwKkEEEkgBwTATKCkAFCgpABUoKQAWKCkAF0oBFgKBOxhIAcUIGSgpABooKQAbKCkAHC
148=gpAB0oKQAeKCkAHygpACAoKQAhKCkAIigpACMoKQAkKCkAJSgpACYoKQAnKCkAKCgpACko
149=KQAqKCkAK0gB1SMsSAFyKgMEQAG5JwR6Jy4AYARRKhJQWckBEygpABQoKQAVKCkAFigpAB
150=coKQAYKCkAGSgpABooKQAbKCkAHCgpAB0oKQAeKCkAHygpACAoKQAhKCkAIigpACMoKQAk
151=KCkAJSgpACYoKQAnKCkAKCgpACkoKQAqKCkAKygpACxIAXknBnJ3LwDVRBNUfskBFCgpAB
152=UoKQAWKCkAFygpABgoKQAZKCkAGigpABsoKQAcKCkAHSgpAB4oKQAfKCkAICgpACEoKQAi
153=KCkAIygpACQoKQAlKCkAJigpACcoKQAoKCkAKSgpACooKQArKCsAEwAw9SMUKCkAFSgpAB
154=YoKQAXKCkAGCgpABkoKQAaKCkAGygpABwoKQAdKCkAHigpAB9JATdErQEHBAAgSAHFNCFJ
155=ATlUAkk4IkgB1QIjSAF0AgEIBAAkSAHVAiUoKQAmKCkAJygpACgoKQApKCkAKigrABQAMf
156=0gFSgpABZJATVMEEWXF8gBWREYSAHBDxlJATZABAENBAAayAEBDgQAG0gBwQQcSQE0QAQB
157=CQQAHcgBAQoEAB5IAcEEH0gBcR8McB8nDQIhVAJ4HAELBAAiSAHNBSNIAXQCVQ0kSAHVAi
158=UoKQAmKCkAJygpACgoKQApKCsAFQAy5R4WKCkAFygpABgoKQAZKCkAGigpABsoKQAcKCkA
159=HSgpAB4oKQAfKCkAICgpACEoKQAiKCkAIygpACQoKQAlKCkAJigpACcoKQAoKCsAFgAz7R
160=sXKCkAGCgpABkoKQAaKCkAGygpABwoKQAdKCkAHigpAB8oKQAgKCkAISgpACIoKQAjKCkA
161=JCgpACUoKQAmKCkAJygrABcANPUYGCgpABkoKQAaKCkAGygpABwoKQAdKCkAHigpAB8oKQ
162=AgKCkAISgpACIoKQAjKCkAJCgpACUoKQAmKCsAGAA1/RUZKCkAGigpABsoKQAcKCkAHSgp
163=AB4oKQAfKCkAICgpACEoKQAiKCkAIygpACQoKQAlKCsAGQA25RMaKCkAGygpABwoKQAdKC
164=kAHigpAB8oKQAgKCkAISgpACIoKQAjKCkAJCgrABoAN+0QGygpABwoKQAdKCkAHigpAB8o
165=KQAgKCkAISgpACIoKQAjKCgAARsAOADegxwAJykAHSgpAB4oKQAfKCkAICgpACEoKQAiKC
166=gAARwAOQDdCh0oKQAeKCkAHygpACAoKQAhKCsAHQA65QgeKCkAHygpACAoKwAeADvsBQgf
167=ADsAWAMAAAAEABEAAA==

[Lighting]
Red=0.900000
Blue=0.900000
Green=0.900000
Level=0.022000
Ground=0.000000
IonRed=0.600000
Ambient=0.900000
IonBlue=0.850000
IonGreen=0.700000
IonLevel=0.022000
IonGround=0.000000
IonAmbient=0.900000
DominatorRed=0.850000
DominatorBlue=0.300000
DominatorGreen=0.200000
DominatorLevel=0.022000
DominatorGround=0.000000
DominatorAmbient=0.900000
DominatorAmbientChangeRate=0.009000

[Map]
Size=0,0,30,30
Theater=NEWURBAN
LocalSize=1,4,28,23

[Neutral]
IQ=0
Edge=North
Color=Grey
Allies=Neutral
Country=Neutral
Credits=0
NodeCount=0
TechLevel=1
PercentBuilt=0
PlayerControl=no

[Nod]
IQ=0
Edge=North
Color=Gold
Allies=Nod
Country=Nod
Credits=0
NodeCount=0
TechLevel=1
PercentBuilt=0
PlayerControl=no

[OverlayDataPack]
1=BQAAIP4AIACABQAAIP4AIACABQAAIP4AIACABQAAIP4AIACABQAAIP4AIACABQAAIP4AIA
2=CABQAAIP4AIACABQAAIP4AIACABQAAIP4AIACABQAAIP4AIACABQAAIP4AIACABQAAIP4A
3=IACABQAAIP4AIACABQAAIP4AIACABQAAIP4AIACABQAAIP4AIACABQAAIP4AIACABQAAIP
4=4AIACABQAAIP4AIACABQAAIP4AIACABQAAIP4AIACABQAAIP4AIACABQAAIP4AIACABQAA
5=IP4AIACABQAAIP4AIACABQAAIP4AIACABQAAIP4AIACABQAAIP4AIACABQAAIP4AIACABQ
6=AAIP4AIACABQAAIP4AIACABQAAIP4AIACA

[OverlayPack]
1=BQAAIP4AIP+ABQAAIP4AIP+ABQAAIP4AIP+ABQAAIP4AIP+ABQAAIP4AIP+ABQAAIP4AIP
2=+ABQAAIP4AIP+ABQAAIP4AIP+ABQAAIP4AIP+ABQAAIP4AIP+ABQAAIP4AIP+ABQAAIP4A
3=IP+ABQAAIP4AIP+ABQAAIP4AIP+ABQAAIP4AIP+ABQAAIP4AIP+ABQAAIP4AIP+ABQAAIP
4=4AIP+ABQAAIP4AIP+ABQAAIP4AIP+ABQAAIP4AIP+ABQAAIP4AIP+ABQAAIP4AIP+ABQAA
5=IP4AIP+ABQAAIP4AIP+ABQAAIP4AIP+ABQAAIP4AIP+ABQAAIP4AIP+ABQAAIP4AIP+ABQ
6=AAIP4AIP+ABQAAIP4AIP+ABQAAIP4AIP+A

[Russians]
IQ=0
Edge=North
Color=DarkRed
Allies=Russians
Country=Russians
Credits=0
NodeCount=0
TechLevel=1
PercentBuilt=0
PlayerControl=no

[Special]
IQ=0
Edge=North
Color=Grey
Allies=Special
Country=Special
Credits=0
NodeCount=0
TechLevel=1
PercentBuilt=0
PlayerControl=no

[SpecialFlags]
Inert=no
FogOfWar=no
IonStorms=no
MCVDeploy=no
Meteorites=no
Visceroids=no
FixedAlliance=no
TiberiumGrows=yes
InitialVeteran=no
HarvesterImmune=no
TiberiumSpreads=yes
TiberiumExplosive=no
DestroyableBridges=yes

[TaskForces]

[Waypoints]

[YuriCountry]
IQ=0
Edge=North
Color=DarkRed
Allies=YuriCountry
Country=YuriCountry
Credits=0
NodeCount=0
TechLevel=1
PercentBuilt=0
PlayerControl=no



[Digest]
1=sAbyEnePYA0ls7f1RlsbyPu4s5A=

