; Map created with FinalAlert 2(tm) Mission Editor
; Get it at http://www.westwood.com
; note that all comments were truncated

[Header]
Width=13
Height=9
StartX=249
StartY=16
Waypoint1=0,0
Waypoint2=0,0
Waypoint3=0,0
Waypoint4=0,0
Waypoint5=0,0
Waypoint6=0,0
Waypoint7=0,0
Waypoint8=0,0
NumberStartingPoints=0

[TerrainTypes]


[Preview]
Size=0,0,40,20

[PreviewPack]
1=2ANgCQmfp0+hp0+WY0emqG5LAKKkbkgAQAFIAEABSABAAUgAQAFIAAltbDV3d3VKTk9ta0
2=tAB0kAoZgHBn51TExPUHh4dkwEUAVIAEABSABAAUgAQAFIAEABSABAAScIAFgBSAC4AUAB
3=SAAwLwBqaTekDlAOAAOaZklGSktzdHN9d1CekWFyc3JFSUtIBkgPSAAgBvQBrBZUBlgNSA
4=BAAUgAQAFIAEABSAAqxAFQAqQOUA4JlmJEPD8+P0E9mGRHSA9IACAM9AFEC1QJSABAAUgA
5=QAFIAEABSAA2xwGJbVukDlAOWBBYHwOWY0eIbFlID0gAIAb0ATO8AzbEASeMA6QOA7iwob
6=auoEgASA9IAFQPIAnsA1waQBxIAEABSAA2xAEtjAMnxAFAAUgASA9IAEgPSABUDyAD7AMn
7=vAM2xAE2jANYDUgAWA1IAEABSABAAUgASA9IAFQPPOwDA42IYYeJRCesCkAfSDZYRkgATB
8=wGNztAP0JEQkVGUAInZAFAAUgASAxIAEABSABAAUgAQAFIAEABSABID0gAVA827AO/HV9c
9=UirEASeMAwk9QkY9Qkc9QD08Pj5AZFgKSABYCkgAQAFIAEABSABAAUgAQAFIAEABSABAAU
10=gASA9IAFQPLe8DXFhNQH9ID0gAQwF0cVpMHCqsCqQISFRID0gAIBj0AbwITx9wb1ysDbQA
11=UA4nzBFME1QqvBRMFkgGSABAASAV9AG8CEgeTCi0OaydTFgzzBFME0gGSABIBlAOSA9IAE
12=ABIAn0AawHWAdMKKQOTJ0nNAe8HVQPSH5IAFgKRAVYnUgAQDpMH1gHSABQAlAOSA9IAEAB
13=WARYLkgAM+QFvAVIBieMAyrEAURWVA9EDlQASABAAUgASA9IAFgKTAFID0gAVA8gCewDJ8
14=QBM4wDpA6sDSe8A1gBSABYDUgASA9IAC30ASAG7AM5jAMnfAGgAVQASABYDUgAQAFIAEAB
15=SABID0gALfQBMOwDrBxYBD+MA0wKUAtIAEABM7wDSANIAFQDSABID0gAWApMAVguSABEL6
16=wfrD08HAcnHAFAAUgAUAhIAKABVABIAFgBSABAAUgAQAFIAEABSABAAUgASA9IAC30AUwf
17=IAyMA1wIQApIAEABP7wDWARIAEQFSABID0gAtA9MjqwHLawTUAVIAFAFSABAAUgAQAFIAE
18=ABSABAAUgAQwH///9UAEgAWAFIAEABSABAAUgAQAFIAEABSABAAUgAQAFIACfMEVSNSA9I
19=AEABTJ1ABEgAQARIAEABSABAAUgAQAFIAEABCaKkbqaobqaobqKkbhEAAA==

[Africans]
IQ=0
Edge=North
Color=DarkRed
Allies=Africans
Country=Africans
Credits=0
NodeCount=0
TechLevel=1
PercentBuilt=0
PlayerControl=no

[Alliance]
IQ=0
Edge=North
Color=Gold
Allies=Alliance
Country=Alliance
Credits=0
NodeCount=0
TechLevel=1
PercentBuilt=0
PlayerControl=no

[Americans]
IQ=0
Edge=North
Color=Gold
Allies=Americans
Country=Americans
Credits=0
NodeCount=0
TechLevel=1
PercentBuilt=0
PlayerControl=no

[Arabs]
IQ=0
Edge=North
Color=DarkRed
Allies=Arabs
Country=Arabs
Credits=0
NodeCount=0
TechLevel=1
PercentBuilt=0
PlayerControl=no

[Basic]
Name=No name
Percent=0
GameMode=standard
HomeCell=98
InitTime=10000
Official=no
EndOfGame=no
FreeRadar=no
MaxPlayer=2
MinPlayer=2
SkipScore=no
TrainCrate=no
TruckCrate=no
AltHomeCell=99
OneTimeOnly=no
CarryOverCap=0
NewINIFormat=4
NextScenario=
SkipMapSelect=no
CarryOverMoney=0.000000
AltNextScenario=
MultiplayerOnly=1
IceGrowthEnabled=yes
VeinGrowthEnabled=yes
TiberiumGrowthEnabled=yes
IgnoreGlobalAITriggers=no
TiberiumDeathToVisceroid=no

[British]
IQ=0
Edge=North
Color=Gold
Allies=British
Country=British
Credits=0
NodeCount=0
TechLevel=1
PercentBuilt=0
PlayerControl=no

[CellTags]

[Confederation]
IQ=0
Edge=North
Color=DarkRed
Allies=Confederation
Country=Confederation
Credits=0
NodeCount=0
TechLevel=1
PercentBuilt=0
PlayerControl=no

[Events]
01000000=0

[FA2spVersionControl]
Version=30

[French]
IQ=0
Edge=North
Color=Gold
Allies=French
Country=French
Credits=0
NodeCount=0
TechLevel=1
PercentBuilt=0
PlayerControl=no

[GDI]
IQ=0
Edge=North
Color=Gold
Allies=GDI
Country=GDI
Credits=0
NodeCount=0
TechLevel=1
PercentBuilt=0
PlayerControl=no

[Germans]
IQ=0
Edge=North
Color=Gold
Allies=Germans
Country=Germans
Credits=0
NodeCount=0
TechLevel=1
PercentBuilt=0
PlayerControl=no

[Houses]
0=Americans
1=Alliance
2=French
3=Germans
4=British
5=Africans
6=Arabs
7=Confederation
8=Russians
9=YuriCountry
10=GDI
11=Nod
12=Neutral
13=Special

[IsoMapPack5]
1=iw0AIAUUAAEAWAMAAEAAAxMAAgBYA0MBAAAUKCkAFSgrABIAA+EEEygpABQoKQAVKCkAFi
2=grABEABPkGEigpABMoKQAUKCkAFSgpABYoKQAXKCsAEAAF8QkRKCkAEigpABMoKQAUKCkA
3=FSgpABYoKQAXKCkAGCgrAA8ABukMECgpABEoKQASKCkAEygpABQoKQAVKCkAFigpABcoKQ
4=AYKCkAGSgrAA4AB+EPDygpABAoKQARKCkAEigpABMoKQAUKCkAFSgpABYoKQAXKCkAGCgp
5=ABkoKQAaKCsADQAI+REOKCkADygpABAoKQARKCkAEigpABMoKQAUKCkAFSgpABYoKQAXKC
6=kAGCgpABkoKQAaKCkAGygoAAMMAAkAvwGRVg1JASWpAQ4oKQAPKCkAECgpABEoKQASKCkA
7=EygpABQoKQAVKCkAFigpABcoKQAYKCkAGSgpABooKQAbKCkAHEkBvbAUAwsACgD//4kXDE
8=gBdBhBAw1IAdVwDkoBFgKBBA9IAdUCECgpABEoKQASKCkAEygpABQoKQAVKCkAFigpABco
9=KQAYKCkAGSgpABooKQAbKCkAHEgBdBhdFR1IAdcYCgAL4RoLKCkADEgBbBtBGQ1IAWQ0SQ
10=EOKCkADygpABAoKQARKCkAEigpABMoKQAUKCkAFSgpABYoKQAXKCkAGCgpABkoKQAaKCkA
11=GygpABxIAWwbURQdSAHNGx4oKAACCQAMAL5EH0EzCsgBVQELyAFZBgxJAbChqQ1JAbGpAQ
12=5JAa+pAQ9JAa6pARBIAc0FEUgBzQUSSAHNBRNIAc0FFEgBzQUVSAHNBRZIAc0FF0gBzQUY
13=SAHNBRlIAc0FGkgBzQUbSAHNBRxIAc0FHUgBzRseyAFNGx/IAUwbAwgADQCOBEkfAENZDQ
14=AmVANRAQpUAsVVC0gBdAJNBQxIAdUNDUgBdAJZBQ7IAUEED0gB2QYQKCkAESgpABIoKQAT
15=KCkAFCgpABUoKQAWKCkAFygpABgoKQAZKCkAGigpABtJAVGhGhxIAd0VHUgBfBVNGx5IAc
16=lvH0gBdAJJFyBIAdcCBwAO/aQISAF0I1kcCUgBbAVFCApIAc0FC0gBdAJFCAxJAbGxQA1I
17=AXQCWQYOyAFBBA9JAVGlExAoKQARKCkAEigpABMoKQAUKCkAFSgpABYoKQAXKCkAGCgpAB
18=koKQAaKCkAG0gBxTQcSQGxvRUdSAF8FU0bHkgBwQQfSAF0AkkXIEgBxR4hKCsABgAP4SUH
19=KCkACEgBJ80EDyhECSetAAtABN0KDEgB0VYNSAF0AowmuAZBDw9VAlHuJg8AyQERKFUAEi
20=gpABMoKQAUKCkAFSgpABYoKQAXKCkAGCgpABkoKQAaKCkAG0gBySIcSAHdFR1IAXwVjCYn
21=bQMf1AJJFyBIASfMBCeBACIoVwAFABD5JwYoKQAHKCkACEgBJyUFECgkBSfZAAtABGwQVQ
22=0MSAHNfg1IAXQChCm4BkEED1QC2ScQKCkAESgpABIoKQATKCkAFCgpABUoKQAWKCkAFygp
23=ABgoKQAZKCkAGigpABtIAScmBRAA3RUdVAJ8FYQpJ20DH9QCSRcgSQFYpVUhKCkAIigpAC
24=MoKwAEABHxKgUoKQAGKCkABygpAAhIASd9BREofAUnBQELQARkE00QDEgBzYkNSAF0Apwr
25=uAZBBA9UAid9BREopAonKQASKIEAEygpABQoKQAVKCkAFigpABcoKQAYKCkAGSgpABooKQ
26=AbSQEWTBFFKRxIAd0VHUgBfBVVAh5IAcUpH0gBdAJZBSBIAdUCISgpACIoKQAjKCkAJCgr
27=AAMAEuktBCgpAAUoKQAGKCkABygpAAhIASfVBRIo1AUnMQELQATFEwxJAbGlPw1IAXQClC
28=64BkkXD1UCUf2DEijUBScpABIogQATKCkAFCgpABUoKQAWKCkAFygpABgoKQAZKCkAGigp
29=ABtIASfXBRIAsb0VHVQCfBWULidtAx/UAkkXIEgBJ9QFJ4EAIihVACMoKQAkKCkAJSgrAA
30=IAE+EwAygpAAQoKQAFKCkABigpAAcoKQAISAEnLQYTKCwGJ10BC0AEdBhdFQxIAc2fDUgB
31=dAKMMbgGQQQPVQJR7jETAMkBEShVABIoKQATKCkAFCgpABUoKQAWKCkAFygpABgoKQAZKC
32=kAGigpABtIAScuBhMA3RUdVAJ8FYwxJ20DH9QCSRcgSAEnLAYngQAiKFUAIygpACQoKQAl
33=KCkAJigoAAEBABQAzRACSAHdCgMoKQAEKCkABSgpAAYoKQAHKCkACEgBJ4UGFCiFBhTlPw
34=tABGwbVRgMSAHNqg1IAXQChDS4BkEED1QC2TIQKCkAESgpABIoKQATKCkAFCgpABUoKQAW
35=KCkAFygpABgoKQAZKCkAGigpABtIAdUjHEgB3RUdSAF8FYQ0J20DH9QCSRcgSAHFKSEoKQ
36=AiKCkAIygpACQoKQAlKCkAJigpACcoKwACABXlKQMoKQAEKCkABSgpAAYoKQAHKCkACEgB
37=J4UGFSiEBiddAQtABGwbVRgMSAHVsg1IAXQChDS4BkEED1QCJ4UGFSgMDScpABIogQATKC
38=kAFCgpABUoKQAWKCkAFygpABgoKQAZKCkAGigpABtIASeGBhUA3RUdVAJ8FYQ0J20DH9QC
39=SRcgSAEnhAYngQAiKFUAIygpACQoKQAlKCkAJigpACcoKwADABblNAQoKQAFKCkABigpAA
40=coKQAISAEnWQYWKFgGJzEBC0AEYBpJFwxJAbG5tg1JASdMMkkADsgBQQQPSAEioDtRHxAo
41=KQARKCkAEigpABMoKABdgADZBhUoVQAWKCkAFygpABgoKQAZKCkAGigpABsoKQAcSAHdFR
42=1IAXQYRRMeSAHBMB9IAXQCSRcgSAHVAiEoKQAiKCkAIygpACQoKQAlKCkAJigrAAQAF+0x
43=BSgpAAYoKQAHKCkACEgBJwEGFygABicFAQtABNEUDEgBzbUNSAFgMEHJDsgBAQUAAA9JAS
44=VMMkkAECgpABEoKQASKCkAEygpABQoKQAVKCkAFigpABcoKQAYKCkAGSgpABooKQAbKCkA
45=HEgB3RUdSAF0GIAwJ20DH9QCgDAnVQAhVALNMSIoKQAjKCkAJCgpACUoKwAFABj1LgYoKQ
46=AHKCkACEgBJ6kFGCioBSfZAAtABHAUWREMSAHRrg1IAWgtAQcAAA7JAQhpLRiQVk0FEFQC
47=dC5JAREoKQASKCkAEygpABQoKQAVKCkAFigpABcoKQAYKCkAGSgpABooKQAbKCkAHEgB3R
48=UdSAF0GIgtJ20DH9QCURQgSAHdKyEoKQAiKCkAIygpACQoKwAGABn9KwcoKQAISAEnUQUZ
49=KFAFJ60AC0AEeBFBDwxIAd2kDUgBdAJFVQ7IAUEED0kBUUhaSRcQKCkAESgpABIoKQATKC
50=kAFCgpABUoKQAWKCkAFygpABgoKQAZKCkAGigpABtIASddFxkoXBcnbQMeQATZJx9IAXQY
51=SRcgSAHVAiEoKQAiKCkAIygrAAcAGuUpCEgBJ/kEGij4BCeBAAtABMkMDEkBsfyvrAWYJ6
52=gBTRAPQQRR+ScaKFgcJykAEiiBABMoKQAUKCkAFSgpABYoKQAXKCkAGCgpABkoKQAaKCkA
53=G0gBJ/sEGgCxvRUdVAJ0GEE7HkgBwSUfSAF0AkkXIEgB1QIhKCkAIigoAAEIABsAYCVNBQ
54=lIAXgGUQkKSAHZBgtIAXQCQQQMSAHdjg1IAXQCgSUbnCtBBA9UAtEUECgpABEoKQASKCkA
55=EygpABQoKQAVKCkAFigpABcoKQAYKCkAGSgpABooKQAbSQFRsTUcSAHdFR1IAXwVTRseSA
56=HNGx9IAXQCSRcgSAHVAiEoKAACCQAcAMBMHFkGCsgBVQELyAFZBgxIAd2DDUkBsbkyDkgB
57=wXIPSAHNEBBIAc0FEUgBzQUSSAHNBRNIAc0FFEgBzQUVSAHNBRZIAc0FF0gBzQUYSAHNBR
58=lIAc0FGkgBzQUbSAHNBRxIAc0FHUgBzRseyAFNGx/IAU0bIEgByyIKAB1IIIkACygpAAxI
59=ASIsXl0CDUgBbLVJAQ4oKQAPKCkAECgpABEoKQASKCkAEygpABQoKQAVKCkAFigpABcoKQ
60=AYKCkAGSgpABooKQAbKCkAHEgBIixeURQdSAEnLV4dJp1hHyhXAAsAHlgEiQAMSAF4HFUj
61=DUgBySIOKCkAD0gBJ9kLHumQEVQCzQUSKCkAEygpABQoKQAVKCkAFigpABcoKQAYKCkAGS
62=gpABooKQAbKCkAHEgBeBxdFR1IASeZAx77HAwAHyOUa008DUgBfDZJAQ4oKQAPKCkAECgp
63=ABEoKQASKCkAEygpABQoKQAVKCkAFigpABcoKQAYKCkAGSgpABooKQAbKCkAHEgBYBpRFB
64=1IAcMaDQAg6S0OKCkADygpABAoKQARKCkAEigpABMoKQAUKCkAFSgpABYoKQAXKCkAGCgp
65=ABkoKQAaKCkAGygpABwoKwAOACH9FQ8oKQAQKCkAESgpABIoKQATKCkAFCgpABUoKQAWKC
66=kAFygpABgoKQAZKCkAGigpABsoKwAPACLlExAoKQARKCkAEigpABMoKQAUKCgABRUAIgBY
67=AwAAEQAAqgCEAQYAAAAWACIAWANAAQQAABcAIgBYqQEYKCkAGSgpABooKwAQACPtBREoKQ
68=ASKCkAEygpABQoKQAVKCkAFigpABcoKQAYKCkAGSgrABEAJPUNEigpABMoKQAUKCkAFSgp
69=ABYoKQAXKCkAGCgrABIAJf0KEygpABQoKQAVKCkAFigpABcoKwATACblCBQoKQAVKCkAFi
70=grABQAJ+wFCBUAJwBYAwAAAAAAEQAA

[Lighting]
Red=1.000000
Blue=1.000000
Green=1.000000
Level=0.032000
Ground=0.000000
IonRed=0.695000
Ambient=1.000000
IonBlue=0.775000
IonGreen=0.445000
IonLevel=0.032000
IonGround=0.000000
IonAmbient=0.650000
DominatorRed=0.850000
DominatorBlue=0.300000
DominatorGreen=0.200000
DominatorLevel=0.000000
DominatorGround=0.000000
DominatorAmbient=1.500000
DominatorAmbientChangeRate=0.009000

[Map]
Size=0,0,20,20
Theater=NEWURBAN
LocalSize=3,5,14,9

[Neutral]
IQ=0
Edge=North
Color=Grey
Allies=Neutral
Country=Neutral
Credits=0
NodeCount=0
TechLevel=1
PercentBuilt=0
PlayerControl=no

[Nod]
IQ=0
Edge=North
Color=Gold
Allies=Nod
Country=Nod
Credits=0
NodeCount=0
TechLevel=1
PercentBuilt=0
PlayerControl=no

[OverlayDataPack]
1=BQAAIP4AIACABQAAIP4AIACABQAAIP4AIACABQAAIP4AIACABQAAIP4AIACABQAAIP4AIA
2=CABQAAIP4AIACABQAAIP4AIACABQAAIP4AIACABQAAIP4AIACABQAAIP4AIACABQAAIP4A
3=IACABQAAIP4AIACABQAAIP4AIACABQAAIP4AIACABQAAIP4AIACABQAAIP4AIACABQAAIP
4=4AIACABQAAIP4AIACABQAAIP4AIACABQAAIP4AIACABQAAIP4AIACABQAAIP4AIACABQAA
5=IP4AIACABQAAIP4AIACABQAAIP4AIACABQAAIP4AIACABQAAIP4AIACABQAAIP4AIACABQ
6=AAIP4AIACABQAAIP4AIACABQAAIP4AIACA

[OverlayPack]
1=BQAAIP4AIP+ABQAAIP4AIP+ABQAAIP4AIP+ABQAAIP4AIP+ABQAAIP4AIP+ABQAAIP4AIP
2=+ABQAAIP4AIP+ABQAAIP4AIP+ABQAAIP4AIP+ABQAAIP4AIP+ABQAAIP4AIP+ABQAAIP4A
3=IP+ABQAAIP4AIP+ABQAAIP4AIP+ABQAAIP4AIP+ABQAAIP4AIP+ABQAAIP4AIP+ABQAAIP
4=4AIP+ABQAAIP4AIP+ABQAAIP4AIP+ABQAAIP4AIP+ABQAAIP4AIP+ABQAAIP4AIP+ABQAA
5=IP4AIP+ABQAAIP4AIP+ABQAAIP4AIP+ABQAAIP4AIP+ABQAAIP4AIP+ABQAAIP4AIP+ABQ
6=AAIP4AIP+ABQAAIP4AIP+ABQAAIP4AIP+A

[Russians]
IQ=0
Edge=North
Color=DarkRed
Allies=Russians
Country=Russians
Credits=0
NodeCount=0
TechLevel=1
PercentBuilt=0
PlayerControl=no

[Special]
IQ=0
Edge=North
Color=Grey
Allies=Special
Country=Special
Credits=0
NodeCount=0
TechLevel=1
PercentBuilt=0
PlayerControl=no

[SpecialFlags]
Inert=no
FogOfWar=no
IonStorms=no
MCVDeploy=no
Meteorites=no
Visceroids=yes
FixedAlliance=no
TiberiumGrows=yes
InitialVeteran=no
HarvesterImmune=no
TiberiumSpreads=yes
TiberiumExplosive=no
DestroyableBridges=yes

[TaskForces]

[Waypoints]

[YuriCountry]
IQ=0
Edge=North
Color=DarkRed
Allies=YuriCountry
Country=YuriCountry
Credits=0
NodeCount=0
TechLevel=1
PercentBuilt=0
PlayerControl=no



[Digest]
1=uELznzGaGHlT6SmQ+9nkUuIwFlk=

