; Map created with FinalAlert 2(tm) Mission Editor
; Get it at http://www.westwood.com
; note that all comments were truncated

[Header]
Width=13
Height=9
StartX=249
StartY=16
Waypoint1=0,0
Waypoint2=0,0
Waypoint3=0,0
Waypoint4=0,0
Waypoint5=0,0
Waypoint6=0,0
Waypoint7=0,0
Waypoint8=0,0
NumberStartingPoints=0

[TerrainTypes]


[Preview]
Size=0,0,40,20

[PreviewPack]
1=6wNgCQmfp0+hp0+WY0emqG5LAKKkbkgAQAFIAEABSABAAUgAQAFIAAltbDV3d3VKTk9ta0
2=tAB0kAoZgHBn51TExPUHh4dkwEUAVIAEABSABAAUgAQAFIAEABSABAAScIAFgBSAC4AUAB
3=SAAwLwBqaTekDlAOQAQPRkpLc3RzfXdQnpFhcnNyRUlLSAZID0gAIAb0AawWVAZUCUgAQA
4=FIAEABSABAAUgAKscBmmZJpA5QDgmWYkS4sKG2rqCYZEdID0gAVw+WY0dID0gAP/QBRAtI
5=DEgAQAFIAEABSABAAUgAKsQBUAInxwGJbVtAEEgMSABAAUgAQwGIbFlID0gAVA9MB0gPSA
6=A59AEzvAM2xAFMHLQMQA1QHUgAXB1IAFACSABQAirsAzz0AVQDTBlIAEABSAA2xAEqjANY
7=DUgAWA1IAEABSABAAUgASA9IAFQPIAPsAye8AzbEATaMA1gNSABYDUgAQAFIAEABSABID0
8=gAVA887AMDjYhhh4lEMKwKREcgA4wDWA1IAFgNSABAAUgAQAFIAEgPSABUDzbsA78dX1xS
9=SC0n5AggD4wDWA1IAFgNSABAAUgAQAFIAEgPSABUDy3vA1xYTUB/SA9IAEMBdHFaTBy0Bl
10=AFQAFIAFgHSABAAUgAQAFIAEABSABAAUgAQAFIAEABSABAAUgAQAFIAEABSABAAUgASA+s
11=AU8fcG9crA20AFAOJ8wRTBNEBUgASA9UBkgGSABAAUgAQAFIAEABSABAAUgAQAFIAEABSA
12=BAAUgAQAFIAEABSABAAbwISAlMKLQ5rJ1MWDPMEUwTSAZIAEgGpAhQCEABSABAAUgAQAFI
13=AEABSABAAUgAQAFIAEABSABAAawHWAdMKKQOKqwTvB1UD0h+SAAt1A8gFewDJ8QBJ4wDKs
14=QBRFZMSUQOVABIAEABSABID0gALfQBIAnsAyfEATOMA6QOrA0nvANYAUgASA9IAEgPSAAt
15=9AE87AMnxAE5jAMnfAGgAVQASABYDUgAQAFIAEABSABID0gALfQBMOwDJ8QBP4wDTApQC0
16=gAQAEzvANIA0gAVANIAEgPSAAt9AGsH1BHSEhERyAGjAMnTAGgAVQASABIDEgAQAFIAEAB
17=SABAAUgAQAFIAEgPSAAt9AFMHyAMjANcCEAKSABAAT+8A1gESABEBUgASA9IALQPTI6sBy
18=2sE1AFSABQBUgAQAFIAEABSABAAUgAQAFIAEMB////VABIAFgBSABAAUgAQAFIAEABSABA
19=AUgAQAFIAEABSAAnzBFUjUgPSABAAUydQARIAEAESABAAUgAQAFIAEABSABAAQmipG6mqG
20=6mqG6ipG4RAAA=

[Africans]
IQ=0
Edge=North
Color=DarkRed
Allies=Africans
Country=Africans
Credits=0
NodeCount=0
TechLevel=1
PercentBuilt=0
PlayerControl=no

[Alliance]
IQ=0
Edge=North
Color=Gold
Allies=Alliance
Country=Alliance
Credits=0
NodeCount=0
TechLevel=1
PercentBuilt=0
PlayerControl=no

[Americans]
IQ=0
Edge=North
Color=Gold
Allies=Americans
Country=Americans
Credits=0
NodeCount=0
TechLevel=1
PercentBuilt=0
PlayerControl=no

[Arabs]
IQ=0
Edge=North
Color=DarkRed
Allies=Arabs
Country=Arabs
Credits=0
NodeCount=0
TechLevel=1
PercentBuilt=0
PlayerControl=no

[Basic]
Name=No name
Percent=0
GameMode=standard
HomeCell=98
InitTime=10000
Official=no
EndOfGame=no
FreeRadar=no
MaxPlayer=2
MinPlayer=2
SkipScore=no
TrainCrate=no
TruckCrate=no
AltHomeCell=99
OneTimeOnly=no
CarryOverCap=0
NewINIFormat=4
NextScenario=
SkipMapSelect=no
CarryOverMoney=0.000000
AltNextScenario=
MultiplayerOnly=1
IceGrowthEnabled=yes
VeinGrowthEnabled=yes
TiberiumGrowthEnabled=yes
IgnoreGlobalAITriggers=no
TiberiumDeathToVisceroid=no

[British]
IQ=0
Edge=North
Color=Gold
Allies=British
Country=British
Credits=0
NodeCount=0
TechLevel=1
PercentBuilt=0
PlayerControl=no

[CellTags]

[Confederation]
IQ=0
Edge=North
Color=DarkRed
Allies=Confederation
Country=Confederation
Credits=0
NodeCount=0
TechLevel=1
PercentBuilt=0
PlayerControl=no

[Events]
01000000=0

[FA2spVersionControl]
Version=30

[French]
IQ=0
Edge=North
Color=Gold
Allies=French
Country=French
Credits=0
NodeCount=0
TechLevel=1
PercentBuilt=0
PlayerControl=no

[GDI]
IQ=0
Edge=North
Color=Gold
Allies=GDI
Country=GDI
Credits=0
NodeCount=0
TechLevel=1
PercentBuilt=0
PlayerControl=no

[Germans]
IQ=0
Edge=North
Color=Gold
Allies=Germans
Country=Germans
Credits=0
NodeCount=0
TechLevel=1
PercentBuilt=0
PlayerControl=no

[Houses]
0=Americans
1=Alliance
2=French
3=Germans
4=British
5=Africans
6=Arabs
7=Confederation
8=Russians
9=YuriCountry
10=GDI
11=Nod
12=Neutral
13=Special

[IsoMapPack5]
1=Tw0AIAUUAAEAWAMAAEAAAxMAAgBYA0MBAAAUKCkAFSgrABIAA+EEEygpABQoKQAVKCkAFi
2=grABEABPkGEigpABMoKQAUKCkAFSgpABYoKQAXKCsAEAAF8QkRKCkAEigpABMoKQAUKCkA
3=FSgpABYoKQAXKCkAGCgrAA8ABukMECgpABEoKQASKCkAEygpABQoKQAVKCkAFigpABcoKQ
4=AYKCkAGSgrAA4AB+EPDygpABAoKQARKCkAEigpABMoKQAUKCkAFSgpABYoKQAXKCkAGCgp
5=ABkoKQAaKCsADQAI+REOKCkADygpABAoKQARKCkAEigpABMoKQAUKCkAFSgpABYoKQAXKC
6=kAGCgpABkoKQAaKCkAGygoAAMMAAkAvwGRVg1JASWpAQ4oKQAPKCkAECgpABEoKQASKCkA
7=EygpABQoKQAVKCkAFigpABcoKQAYKCkAGSgpABooKQAbKCkAHEkBvbAUAwsACgD//4kXDE
8=gBdBhBAw1IAdVwDigpAA9KARYCjQUQSAHBBBEoKQASKCkAEygpABQoKQAVKCkAFigpABco
9=KQAYKCkAGSgpABooKQAbKCkAHEgBdBhdFR1IAdcYCgAL4RoLKCkADEgBbBtVFw1IAWQ0SQ
10=EOKCkADygpABAoKQARKCkAEigpABMoKQAUKCkAFSgpABYoKQAXKCkAGCgpABkoKQAaKCkA
11=GygpABxIAWwbURQdSAHNGx4oKAACCQAMAL5EH1UxCsgBVQELyAFZBgxJAbChqQ1JAbGpAQ
12=5JAa+pAQ9JAa6pARBIAc0FEUgBzQUSSAHNBRNIAc0FFEgBzQUVSAHNBRZIAc0FF0gBzQUY
13=SAHNBRlIAc0FGkgBzQUbSAHNBRxIAc0FHUgBzRseyAFNGx/IAUwbAwgADQCOBEkfAENZDQ
14=AmVANRAQpUAs1SC0gBdAJNBQxIAdUNDUkBUbkGDkgByVkPKCkAECgpABEoKQASKCkAEygp
15=ABQoKQAVKCkAFigpABcoKQAYKCkAGSgpABooKQAbSAHFExxIAd0VHUgBdBhNGx5IAc0bH0
16=gBdAJNGyBIAdcCBwAO/aQISAF0I1UiCUgBbAVFCApIAc0FC0gBdAJFCAxJAbGxQA1IAcki
17=DkkBUaElDygpABAoKQARKCkAEigpABMoKQAUKCkAFSgpABYoKQAXKCkAGCgpABkoKQAaKC
18=kAG0gBxRMcSQGxvRUdSAF0GE0bHkgBzRsfSAF0Ak0bIEgB1QIhKCsABgAP4SUHKCkACEgB
19=J80EDyhGCQ8AwQ8LQATdCgxIAdFWDUgBwQQOSQFR7iYPAMkBEChVABEoKQASKCkAEygpAB
20=QoKQAVKCkAFigpABcoKQAYKCkAGSgpABooKQAbSAHFExxIAd0VHUgBdBiMJicdBB/UAowm
21=J1UAIVQC2SciKCsABQAQ+ScGKCkABygpAAhIASclBRAoJAUn2QALQARsEFUNDEgBzX4NSA
22=HdFQ5IAdknDygpABAoKQARKCkAEigpABMoKQAUKCkAFSgpABYoKQAXKCkAGCgpABkoKQAa
23=KCkAG0gBxRMcSAHdFR1IAXQYhSkQ9UQf1AJNGyBJAVilVSEoKQAiKCkAIygrAAQAEfEqBS
24=gpAAYoKQAHKCkACEgBJ30FESh8BScFAQtABGQTTRAMSAHNiQ1JARZIAl0VDkgBJ30FESik
25=CicpABEogQASKCkAEygpABQoKQAVKCkAFigpABcoKQAYKCkAGSgpABooKQAbSAHFExxIAd
26=0VHUgBdBhdFR5IAcUpH0gBdAJBGSBIAdUCISgpACIoKQAjKCkAJCgrAAMAEuktBCgpAAUo
27=KQAGKCkABygpAAhIASfVBRIo1AUnMQELQATFEwxJAbGlPw1IAc0bDkkBUf2DEijUBScpAB
28=EogQASKCkAEygpABQoKQAVKCkAFigpABcoKQAYKCkAGSgpABooKQAbSAHFExxJAbG9FR1I
29=AXQYlC4nbQMf1AKULidVACFUAsEwIigpACMoKQAkKCkAJSgrAAIAE+EwAygpAAQoKQAFKC
30=kABigpAAcoKQAISAEnLQYTKCwGJ10BC0AEdBhdFQxIAc2fDUgBxR4OSQFR7TETKCwGJykA
31=ESiBABIoKQATKCkAFCgpABUoKQAWKCkAFygpABgoKQAZKCkAGigpABtIAcUTHEgB3RUdSA
32=F0GIwxJ20DH9QCTRsgSAHBMCEoKQAiKCkAIygpACQoKQAlKCkAJigrAAEAFPGYAkgB3QoD
33=KCkABCgpAAUoKQAGKCkABygpAAhIASeFBhQohQYU5T8LQARsG1UYDEgBzaoNSAHdIA5IAS
34=eFBhQohAYnKQARKIEAEigpABMoKQAUKCkAFSgpABYoKQAXKCkAGCgpABkoKQAaKCkAG0gB
35=xRMcSAHdFR1IAXQYhDQnbQMf1AJNGyBIAcUpISgpACIoKQAjKCkAJCgpACUoKQAmKCkAJy
36=grAAIAFeUpAygpAAQoKQAFKCkABigpAAcoKQAISAEnhQYVKIQGJ10BC0AEbBtVGAxIAdWy
37=DUgB3SAOSAEnhQYVKIQGJykAESiBABIoKQATKCkAFCgpABUoKQAWKCkAFygpABgoKQAZKC
38=kAGigpABtIAcUTHEgB3RUdSAF0GIQ0J20DH9QCTRsgSAEnhAYngQAiKFUAIygpACQoKQAl
39=KCkAJigpACcoKwADABblNAQoKQAFKCkABigpAAcoKQAISAEnWQYWKFgGJzEBC0AEYBpJFw
40=xJAbG5tg1IAdEfDkkBUembFihYBicpABEogQASKCkAEygoAFyA+QYVKFUAFigpABcoKQAY
41=KCkAGSgpABooKQAbSAHFExxJAbG9FR1IAXQYmDInbQMf1AJNGyBIASdYBieBACIoVQAjKC
42=kAJCgpACUoKQAmKCsABAAX7TEFKCkABigpAAcoKQAISAEnAQYXKAAGJwUBC0AEaBdRFAxI
43=Ac21DUgB2RwOSQFR4TAX5SkQKFUAESgpABIoKQATKCkAFCgpABUoKQAWKCkAFygpABgoKQ
44=AZKCkAGigpABtIAcUTHEgB3RUdSAF0GIAwJ20DH9QCTRsgSAEnAAYngQAiKFUAIygpACQo
45=KQAlKCsABQAY9S4GKCkABygpAAhIASepBRgoqAUn2QALQARwFFkRDEgB0a4NSAHBGg5IAS
46=epBRgoqAUnKQARKIEAEigpABMoKQAUKCkAFSgpABYoKQAXKCkAGCgpABkoKQAaKCkAG0gB
47=xRMcSAHdFR1IAXQYiC0nbQMf1AJNGyBIASeoBSeBACIoVQAjKCkAJCgrAAYAGf0rBygpAA
48=hIASdRBRkoUAUnrQALQAR4EUEPDEgB3aQNSAHJFw5IASdRBRkoUAUnKQARKIEAEigpABMo
49=KQAUKCkAFSgpABYoKQAXKCkAGCgpABkoKQAaKCkAG0gBxRMcSAHdFR1IAXQYkConbQMf1A
50=JNGyBIASdQBSeBACIoVQAjKCsABwAa5SkISAEn+QQaKPgEJ4EAC0AEYA9JDAxJAbG9mQ1I
51=AdEUDkkBUfl/Gij4BCcpABEogQASKCkAEygpABQoKQAVKCkAFigpABcoKQAYKCkAGSgpAB
52=ooKQAbSAHFExxJAbG9FR1IAXQYmCcnbQMf1AJNGyBIASf4BCeBACIoVAABCAAbAGAlTQUJ
53=SAHRCQpIAdkGC0gBdAJBBAxIAd2ODUkBUbUjDkgBxRMPKCkAECgpABEoKQASKCkAEygpAB
54=QoKQAVKCkAFigpABcoKQAYKCkAGSgpABooKQAbSAHFExxIAd0VHUgBdBiBJRv1RB/UAk0b
55=IEgBxR4hKCgAAwkAHADAAVMGAAAKyAFVAQvIAVkGDEgB3YMNSQGxuTIOSAHBXA9IAc0QEE
56=gBzQURSAHNBRJIAc0FE0gBzQUUSAHNBRVIAc0FFkgBzQUXSAHNBRhIAc0FGUgBzQUaSAHN
57=BRtIAc0FHEgBzQUdSAHNGx7IAU0bH8gBTRsgSAHLIgoAHZAgUQALKCkADEgBIixeVQINSA
58=EiLF5JAQ4oKQAPKCkAECgpABEoKQASKCkAEygpABQoKQAVKCkAFigpABcoKQAYKCkAGSgp
59=ABooKQAbKCkAHEgBIixeURQdSAEnLV4dJp1hHyhXAAsAHlgEiQAMSAF4HFUjDUgBySIOKC
60=kADygpABBIAdFhEUgBzQUSKCkAEygpABQoKQAVKCkAFigpABcoKQAYKCkAGSgpABooKQAb
61=KCkAHEgBeBxdFR1IASeZAx77HAwAHyOUa008DUgBfDZJAQ4oKQAPKCkAECgpABEoKQASKC
62=kAEygpABQoKQAVKCkAFigpABcoKQAYKCkAGSgpABooKQAbKCkAHEgBYBpRFB1IAcMaDQAg
63=/XgOKCkADygpABAoKQARKCkAEigpABMoKQAUKCkAFSgpABYoKQAXKCkAGCgpABkoKQAaKC
64=kAGygpABwoKwAOACH9FQ8oKQAQKCkAESgpABIoKQATKCkAFCgpABUoKQAWKCkAFygpABgo
65=KQAZKCkAGigpABsoKwAPACLlExAoKQARKCkAEigpABMoKQAUKCgABRUAIgBYAwAAEQAAqg
66=CEAQYAAAAWACIAWANAAQQAABcAIgBYqQEYKCkAGSgpABooKwAQACPtBREoKQASKCkAEygp
67=ABQoKQAVKCkAFigpABcoKQAYKCkAGSgrABEAJPUNEigpABMoKQAUKCkAFSgpABYoKQAXKC
68=kAGCgrABIAJf0KEygpABQoKQAVKCkAFigpABcoKwATACblCBQoKQAVKCkAFigrABQAJ+wF
69=CBUAJwBYAwAAAAAAEQAA

[Lighting]
Red=1.000000
Blue=1.000000
Green=1.000000
Level=0.032000
Ground=0.000000
IonRed=0.695000
Ambient=1.000000
IonBlue=0.775000
IonGreen=0.445000
IonLevel=0.032000
IonGround=0.000000
IonAmbient=0.650000
DominatorRed=0.850000
DominatorBlue=0.300000
DominatorGreen=0.200000
DominatorLevel=0.000000
DominatorGround=0.000000
DominatorAmbient=1.500000
DominatorAmbientChangeRate=0.009000

[Map]
Size=0,0,20,20
Theater=NEWURBAN
LocalSize=3,5,14,9

[Neutral]
IQ=0
Edge=North
Color=Grey
Allies=Neutral
Country=Neutral
Credits=0
NodeCount=0
TechLevel=1
PercentBuilt=0
PlayerControl=no

[Nod]
IQ=0
Edge=North
Color=Gold
Allies=Nod
Country=Nod
Credits=0
NodeCount=0
TechLevel=1
PercentBuilt=0
PlayerControl=no

[OverlayDataPack]
1=BQAAIP4AIACABQAAIP4AIACABQAAIP4AIACABQAAIP4AIACABQAAIP4AIACABQAAIP4AIA
2=CABQAAIP4AIACABQAAIP4AIACABQAAIP4AIACABQAAIP4AIACABQAAIP4AIACABQAAIP4A
3=IACABQAAIP4AIACABQAAIP4AIACABQAAIP4AIACABQAAIP4AIACABQAAIP4AIACABQAAIP
4=4AIACABQAAIP4AIACABQAAIP4AIACABQAAIP4AIACABQAAIP4AIACABQAAIP4AIACABQAA
5=IP4AIACABQAAIP4AIACABQAAIP4AIACABQAAIP4AIACABQAAIP4AIACABQAAIP4AIACABQ
6=AAIP4AIACABQAAIP4AIACABQAAIP4AIACA

[OverlayPack]
1=BQAAIP4AIP+ABQAAIP4AIP+ABQAAIP4AIP+ABQAAIP4AIP+ABQAAIP4AIP+ABQAAIP4AIP
2=+ABQAAIP4AIP+ABQAAIP4AIP+ABQAAIP4AIP+ABQAAIP4AIP+ABQAAIP4AIP+ABQAAIP4A
3=IP+ABQAAIP4AIP+ABQAAIP4AIP+ABQAAIP4AIP+ABQAAIP4AIP+ABQAAIP4AIP+ABQAAIP
4=4AIP+ABQAAIP4AIP+ABQAAIP4AIP+ABQAAIP4AIP+ABQAAIP4AIP+ABQAAIP4AIP+ABQAA
5=IP4AIP+ABQAAIP4AIP+ABQAAIP4AIP+ABQAAIP4AIP+ABQAAIP4AIP+ABQAAIP4AIP+ABQ
6=AAIP4AIP+ABQAAIP4AIP+ABQAAIP4AIP+A

[Russians]
IQ=0
Edge=North
Color=DarkRed
Allies=Russians
Country=Russians
Credits=0
NodeCount=0
TechLevel=1
PercentBuilt=0
PlayerControl=no

[Special]
IQ=0
Edge=North
Color=Grey
Allies=Special
Country=Special
Credits=0
NodeCount=0
TechLevel=1
PercentBuilt=0
PlayerControl=no

[SpecialFlags]
Inert=no
FogOfWar=no
IonStorms=no
MCVDeploy=no
Meteorites=no
Visceroids=yes
FixedAlliance=no
TiberiumGrows=yes
InitialVeteran=no
HarvesterImmune=no
TiberiumSpreads=yes
TiberiumExplosive=no
DestroyableBridges=yes

[TaskForces]

[Waypoints]

[YuriCountry]
IQ=0
Edge=North
Color=DarkRed
Allies=YuriCountry
Country=YuriCountry
Credits=0
NodeCount=0
TechLevel=1
PercentBuilt=0
PlayerControl=no



[Digest]
1=uELznzGaGHlT6SmQ+9nkUuIwFlk=

