; Map created with FinalAlert 2(tm) Mission Editor
; Get it at http://www.westwood.com
; note that all comments were truncated

; This FA2 uses FA2sp created by secsome
; Get the lastest dll at https://github.com/secsome/FA2sp
; Current version : 1.4.1.0

Size=0,0,60,30
1=nwkYFQifp0+hp0+ipG6mqGsAoqRuSAAgGywAAAZ3d3U8Pz4/QT09QkY9Qkc9QD08Pj54eH
2=YgG0wBKuwAWBNIACpEACAbLABUFVgHQAoPlmNHRkpLlnpmlXtnRUlLmmZJvAIgJ+QCICSc
3=BSe0AkAWVBUJiW1biGxZmGRHlmJErAFEF1gWSABABCAh5AJQCEgJSABAAUgAQAFIAEABSA
4=BAAUgAQAFIAEABSABAAUgAQAFIAEABSAAttAJTFJCKgFgrXAKnRGVjX0MunZaLSBggJ+QC
5=IBicBVQSJ+QCKm8FUFJRtBVIWlwCA7iwobauoEgAWBkgJ8wFTCVID0gAQAFIAEABSABAAU
6=gAQAFIAEABSABAAUgAQAFIAC20AlARLWwFLbQCA6aGb5pnSkgAZhd6ZiAhzAUgDJwFLbQC
7=vCZQPlwCM28Fl2RHJ58Fg4ODVBtQBWQXIB2cC1wmQChIAEABSABAAUgAQAFIAEABSABAAU
8=gAVBInLABEPlQPrCsDhIF9YF5bUFZMKwlESEuak4laWFaXkodMWAxRUk1SU0+vp5qnn5BR
9=Uk5IAAmqo5eXkYRaWlmZk4pIAEwEIBXMBT+cBS20AidvBWBiYSdvBWhnZyc/Baaej6wBA5
10=WQhpqUi6wBDJmTiZaPgpuThVxbWH16c1xEWC5IACAVzAVMKEAoSABAAUgAQAFIAEABSAAt
11=tAInbAVcAie0AkwutBJUD0ABS1eohm8wLABIA1ACSAAJn5eNnZWLXFpYlpCHQApbLmNiWU
12=gAIA/PBaGnT0QUSBVIAEABSABUEicsAFQSJ2wFXAI2tAIDuK6elWJFQChMWAaniHGliHOV
13=YkRMAUMTtaucVBVYFgO0m4K+tKRPAZ6Wh0gAA1xaV2JhXEhFrAdcAlAFrA08VBREFFgTSA
14=BAAUgAVBInLABUFVAIvFYqJAhcAkAQSAxIAEABSABAAUgAQBYnLABAAUgAUAJQbkABSABP
15=AbupkkABSABPAaCnTEhFBp6XjVtaWJ6YjUANKOQCPmwRVNK8LC20ArwdRA5cAipsBb9ft6
16=6gSA9QFEgAUEFMAUgARBFIAFtD/wAASABMAVACSABAAUgAXAJMAUgATAFXALevnFgWSA8t
17=tAgo5AI4bxE8QUUnVAJcLEwoSB6sKypMEFwCBpWbRoaOOpqjSEQOSABID1NBlWFErAFYAV
18=QSSBUtCABcAkAESABDAZZjRlALTAFIAFgBWB+sCgyfpkyfl4lvbGVGRUCuppmsBEAESAAt
19=nAtEFFMsPUJGUx1CRUZUElAFtBVQAgM3O0A/QkRcAkyCUAtMBAOCijmMkDu4DVcJmWZIWF
20=VQVlhVUAK8I1guKswCQARIA1AFSABABFgBTBxEHVACXCwMnaNRkJlGjpg/m5WMY2FaRHEJ
21=W1lWt62cqqKWsqqdTARAi0gATAegE1BcSABPE3N0cyrEKEhCSxuVe2dIA1wCQK8MYF5bho
22=N/nqROjZVBiZFAUBdUCUgASAlXD5pmSUAKSEhYAVACQBNTAphlSFhwWAFQAlBxQAFMGUgA
23=WARQBVgBSABIAwycoEimmkyblIhjYlpeXFsnbwutppygBEAWoAFQBUgSXEEDSk5PTVFTVC
24=1YEFwXVA+0b1AvSL1QC0wuUyw9QD1IACQMLEwirC5QCFQJSABAAbQSrAFYAUABSABAAS1c
25=AFQYTAqoA1AsXAhYKwZiYVlaWVdbWllIA1w1TFsnVBpE0VzRWBZEHbQVQBYklCtMFkgVSA
26=BAAUQXQAFIAEwBRBcnzAVcAlgWSACnF5ijSqgPQBMGrKSZnZeNua+iTAFEKUMfmWRHTAFA
27=BFgQWA1YLkwBqAC8Ak8Bl5CEhEEBWFtZWFgEVBVUAFwCVABMAVTSA5yUh1JSTSdsBVQVSB
28=JUV1RCSABMAVwsVABIFUgAQAFEFEABSABMAUQXJ8wFXAJYFkgApBdIDEgAWxCupZhAAUgA
29=TAFYFlNWm2dKWG1UFUwQSACoA1QASAADj4l8Xl1WR0FDRENTLJ6YjFACREpYBFQVbAEjHC
30=hQHSdsBVgQKrQCoBNUAEgASANIAEABSABAAUQUQAFIAEwBRBcnzwVGSUtYFkgALeQCQBZH
31=Dr20plQArAFQQScsAEABComFe0pKRElJSE5PThSAAEBYBmBfV2JgWZaRiEAESACoaTy0Al
32=wRXEq8LAZMT1BFSUpjY2FQAkgVSABAAS3kAirMBVhzNuQCVA9IAEcXsKWNQAGkQQNVVVJE
33=REKQFSsQAFScQC5EC6wroBZIDzBsBVACSACgE1QASABYAUgAQAEDW15dQkZIrAFYAUABLe
34=QCJ8wFWARYFlAdSABMMQyel4ldW1eQioFWVU9RUk1RaFEjOCcqJAgruAKQASdsBVQVuA08
35=tAJcESecBVwFSABEAksAV1paJywAQAFIAFACLeQCRCNQUEyLXwJFRjpYFrg0QCtIAFAsSA
36=BDAZqShYkTFCokCKQCRAgnbAWoDFQVSACsAbQAXA5IADAsAEQCSABIA0gAQAFIAEABSAAG
37=YGJhSElIREhKTAFQAkgAQAFEFEABSABMAUwrTy6IbFlQAmgAhBdQF1wCVBVIAFgWuBMnFA
38=CkQTNsBVQVrIKwC1wLSAAtLAC4ATOcBUgDSABIBkgAQAEGXl9dRUhJS05QTAFIAFACRBSg
39=AVgTSABEJi3MBTbkAkQFM2wFJ7QCuApIDEABSABAAUgAQAFIAEABSACgAVQASABYAUgAQA
40=FIAEABSABAAUgAQAFIAEABWy5ER0lIpUwBRAJYFkgATAFIAFgBRBdMLqAoXAIqnAtALqQa
41=vK0q3AoqbAW8CEgJQAFIAEABSABAAUgAQAFIAEABSABAASADnAWkBVAFJyMAW11eTAFIAF
42=ACRBRAAUgATAFEF0QppBRcAk+Lc3FvRAKsK6wEWASoFSAMbAUn7ACgAVQASABICUgAQAFI
43=AEABSABAAUgAQAFIACcgAKwBJzgAQAFIAFACRBRAAUgATAFEF24uYkREdDBsBUgVSABYBF
44=AFSABAAUgAQAFIAEABSABAAUgAQAFIAEABSABAAUgAQAFIAEABIA+cBbQGQAdAAUgAQAFI
45=AEABSABAAaQXQEOkzlhAJOwtSANMK0gAIB60AlwIQw3///9UAEgAWAFIAEABSABAAUgAQA
46=FIAEABSABAAUgAQAFIAEABSABAAUgAQAFIAEABSABAAUgAQAFHFz1CRic0K0gVvAJIA0AB
47=SABAAUgAQAFIAEABSABAAUgAQAFIAEABSABAAUgAQAFIAEABCaKkbqaobqaobqKkbhEAAA
48===
[Africans]
IQ=0
Edge=North
Color=DarkRed
Allies=Africans
Country=Africans
Credits=0
NodeCount=0
TechLevel=1
PercentBuilt=0
PlayerControl=no

[Alliance]
IQ=0
Edge=North
Color=Gold
Allies=Alliance
Country=Alliance
Credits=0
NodeCount=0
TechLevel=1
PercentBuilt=0
PlayerControl=no

[Americans]
IQ=0
Edge=North
Color=Gold
Allies=Americans
Country=Americans
Credits=0
NodeCount=0
TechLevel=1
PercentBuilt=0
PlayerControl=no

[Arabs]
IQ=0
Edge=North
Color=DarkRed
Allies=Arabs
Country=Arabs
Credits=0
NodeCount=0
TechLevel=1
PercentBuilt=0
PlayerControl=no

[Basic]
Name=No name
Author=Author Not Set
Percent=0
GameMode=standard
HomeCell=98
InitTime=10000
Official=no
EndOfGame=no
FreeRadar=no
MaxPlayer=2
MinPlayer=2
SkipScore=no
TrainCrate=no
TruckCrate=no
AltHomeCell=99
OneTimeOnly=no
CarryOverCap=0
NewINIFormat=4
NextScenario=
SkipMapSelect=no
CarryOverMoney=0.000000
AltNextScenario=
MultiplayerOnly=1
IceGrowthEnabled=no
VeinGrowthEnabled=no
TiberiumGrowthEnabled=yes
IgnoreGlobalAITriggers=no
TiberiumDeathToVisceroid=no

[British]
IQ=0
Edge=North
Color=Gold
Allies=British
Country=British
Credits=0
NodeCount=0
TechLevel=1
PercentBuilt=0
PlayerControl=no

[Confederation]
IQ=0
Edge=North
Color=DarkRed
Allies=Confederation
Country=Confederation
Credits=0
NodeCount=0
TechLevel=1
PercentBuilt=0
PlayerControl=no

[Digest]
1=sAbyEnePYA0ls7f1RlsbyPu4s5A=

[FA2spVersionControl]
Version=10

[French]
IQ=0
Edge=North
Color=Gold
Allies=French
Country=French
Credits=0
NodeCount=0
TechLevel=1
PercentBuilt=0
PlayerControl=no

[GDI]
IQ=0
Edge=North
Color=Gold
Allies=GDI
Country=GDI
Credits=0
NodeCount=0
TechLevel=1
PercentBuilt=0
PlayerControl=no

[Germans]
IQ=0
Edge=North
Color=Gold
Allies=Germans
Country=Germans
Credits=0
NodeCount=0
TechLevel=1
PercentBuilt=0
PlayerControl=no

[Header]
Width=27
Height=23
StartX=242
StartY=22
Waypoint1=255,29
Waypoint2=0,0
Waypoint3=0,0
Waypoint4=0,0
Waypoint5=0,0
Waypoint6=0,0
Waypoint7=0,0
Waypoint8=0,0
NumberStartingPoints=1

[Houses]
0=Americans
1=Alliance
2=French
3=Germans
4=British
5=Africans
6=Arabs
7=Confederation
8=Russians
9=YuriCountry
10=GDI
11=Nod
12=Neutral
13=Special

[IsoMapPack5]
1=PA4AIA8eAAEAWAMAAAAEAB0AAgBYAwBpAR4oKQAfKCsAHAAD4QQdKCkAHigpAB8oKQAgKC
2=kAG0wL3QocKCkAHSgpAB4oKQAfKCkAICgpACEoKwAaAAXtEBsoKQAcKCkAHSgpAB4oKQAf
3=KCkAICgpACEoKQAiKCsAGQAG6QwaKCkAGygpABwoKQAdKCkAHigpAB8oKQAgKCkAISgpAC
4=IoKQAjKCsAGAAH4Q8ZKCkAGigpABsoKQAcKCkAHSgpAB4oKQAfKCkAICgpACEoKQAiKCkA
5=IygpACQoKwAXAAj5ERgoKQAZKCkAGigpABsoKQAcKCkAHSgpAB4oKQAfKCkAICgpACEoKQ
6=AiKCkAIygpACQoKQAlKCsAFgAJ8RQXKCkAGCgpABkoKQAaKCkAGygpABwoKQAdKCkAHigp
7=AB8oKQAgKCkAISgpACIoKQAjKCkAJCgpACUoKQAmKCsAFQAK6RcWKCkAFygpABgoKQAZKC
8=kAGigpABsoKQAcKCkAHSgpAB4oKQAfKCkAICgpACEoKQAiKCkAIygpACQoKQAlKCkAJigp
9=ACcoKwAUAAvhGhUoKQAWKCkAFygpABgoKQAZKCkAGigpABsoKQAcKCkAHSgpAB4oKQAfKC
10=kAICgpACEoKQAiKCkAIygpACQoKQAlKCkAJigpACcoKQAoKCsAEwAM+RwUKCkAFSgpABYo
11=KQAXKCkAGCgpABkoKQAaKCkAGygpABwoKQAdKCkAHigpAB8oKQAgKCkAISgpACIoKQAjKC
12=kAJCgpACUoKQAmKCkAJygpACgoKQApKCsAEgAN8R8TKCkAFCgpABUoKQAWKCkAFygpABgo
13=KQAZKCkAGigpABsoKQAcKCkAHSgpAB4oKQAfKCkAICgpACEoKQAiKCkAIygpACQoKQAlKC
14=kAJigpACcoKQAoKCkAKSgpACooKAADEQAOACUBneYSKCkAEygpABQoKQAVKCkAFigpABco
15=KQAYKCkAGSgpABooKQAbKCkAHCgpAB0oKQAeKCkAHygpACAoKQAhKCkAIigpACMoKQAkKC
16=kAJSgpACYoKQAnKCkAKCgpACkoKQAqKCkAKygoAAIQAA8AJ0AlAQUEABFIAWwmAQEEABJK
17=ARYCmScTSAElpSAUKCkAFSgpABYoKQAXKCkAGCgpABkoKQAaKCkAGygpABwoKQAdKCkAHi
18=gpAB8oKQAgKCkAISgpACIoKQAjKCkAJCgpACUoKQAmKCkAJygpACgoKQApKCkAKigpACtI
19=AdUjLEgBbiYDBEEBEJgnAQcEABBEAHUCCGUpEJVPAmQpJykAE0AEZAhVAhQoKQAVKCkAFi
20=gpABcoKQAYKCkAGSgpABooKQAbKCkAHCgpAB0oKQAeKCkAHygpACAoKQAhKCkAIigpACMo
21=KQAkKCkAJSgpACYoKQAnKCkAKCgpACkoKQAqKCkAKygpACxIAWwmAQYEAC3IAUUpDklRJk
22=1SAH4rEQBoAU1SENQCWScRSQGwJFUsEkkBr6kBE0kBrqkBFEgBwQQVSQGxtQIWSAHNBRdI
23=Ac0FGEgBzQUZSAHNBRpIAc0FG0gBzQUcSAHNBR1IAc0FHkgBzQUfSAHNBSBIAc0FIUgBzQ
24=UiSAHNBSNIAc0FJEgBzQUlSAHNBSZIAc0FJ0gBzQUoSAHNBSlIAc0FKkgBzQUrSAHNBSxI
25=AXgnRSktyAFFKS7IAUUpDUh91XsOSAHNBQ9JARa5fxBIAXQCTQURSAHVDRJJAeylNBPIAV
26=0KFMgBTQUVSgFRBIGIFigpABcoKQAYKCkAGSgpABpJAQq9ChvIAV0KHEgB0QkdKCkAHigp
27=AB9IAdkGIMgBWQYhSAHZBiIoKQAjKCkAJCgpACUoKQAmKCkAJygpACgoKQApKCkAKigpAC
28=tIAdkyLEgBbCaWLhIAxSku1AJVIy9IAdcuDAAT7fcNKCkADkgBxQgPSAHNBRBIAXQCRQgR
29=SAHNPBJIAXQCVQ0TyAFRHxTIAU0FFUgB3SAWSQGysWEXSQHcqS0YSQHUqQEZSQHWqQEaSA
30=HRKhvIAV0KHEgB2QYdSAHZBh5IAdkGH0gB2QYgyAFZBiFJAbWhDyJJAbOpASNIAdUCJEgB
31=1QIlSAHVAiZIAdUCJ0gB1RgoKCkAKUkB2r0VKkgBwQQrSAHRYSxIAdUjLUgBxSkuSAF0Al
32=UjL0gB1QIwKCsACwAU+TIMKCkADSgpAA5IAWQIVS4PSAHFCBBIAXQCXQoRSAHdQRJIAXQC
33=TQUTyAFJIhTIAU0FFUgByRcWSAHBGhdIAdUCGCgpABlJAb5Aa1EJGkkBy6kBG8gBXQocSQ
34=HjVAJdCh3IAUHVHsgBWQYfSAHZBiDIAVkGIUgBeAZJASLIAUUII8gBRQgkyAFFCCVJAcRI
35=DEkBJsgBWQYnSQHGrTEoyAFVAilJAd21AipIAcEaK0kBsbFALEgB1SMtSAHFKS5IAXQCTR
36=AvSAHVAjAoKQAxKCsACgAV8TULKCkADCgpAA0oKQAOSAF8CkkXD0gB3QoQSAF0AlUNEUgB
37=zUcSSQE3SBdJ0hNIAWAEQRoUyAFNBRVJAVH3nBUA2UwFXQoXKFUAGEkB1EAlTQUZyAFFKR
38=pIAWg4SQEbSAFsMUkBHEgBYDBN4R3IAUEPHkgBYARFCB8oKQAgyAFZBiFIAXgGAQUEACLI
39=AUUII8gBRQgkyAEBBAQAJUgBfDZRCSbIAUUIJ0gBfDZVAijIAVUCKUgBzRsqSAHVGCtIAd
40=2OLEgBaCJFHi1IAcUpLkgBdAJRCS9IAdUCMCgpADEoKQAyKCsACQAW6TgKKCkACygpAAwo
41=KQANKCkADkgBdA1NEA9IAdUNEEgBdAJNEBFJAbG8TEGxAHY5DARZfBYmVSEUQATNBRVJAV
42=H2ORYA0VYXVALRHxjIAVUjGcgBXSsaSAHZBhsoKQAcKCkAHSgpAB4oKQAfSQFbpRMgSAFQ
43=RCKRTyEoKQAiSQGRewIEACNJAYepASRIAWQBRR4lSQHIbwEEACbIAVlTJ0kB51QCSQEoyA
44=FdIClJAblUAlkGKsgBQQQrSAHNlCxIAXwgQQQtSAHFKS5IAXQCRQgvSAHVAjAoKQAxKCkA
45=MigpADMoKwAIABfhOwkoKQAKKCkACygpAAwoKQANKCkADkgBbBBFEw9IAc0QEEgBdAJFEx
46=FIAc1SEkgBdAJNBRPIAVkcFMgBTQUVSAHRNRZIAdEfF0gBbDxBZxjIAQEHBAAZSAHNBRoo
47=KQAbKCkAHCgpAB1JAcdYf1UNHkgB2QYfKCkAICgpACFIAcU/IkgBdDJdFSNJAYxvAQQAJE
48=kBi6kBJUgBbDxJFybIAVVPJ0kB50AESXooyAFZfylIAWw8TQUqyAFNBStIAd2ZLEgB1SMt
49=SAHFKS5IAXQCWQYvSAHVAjAoKQAxKCkAMigpADMoKQA0KCsABwAY+T0IKCkACSgpAAooKQ
50=ALKCkADCgpAA0oKQAOSAFkE1UjD0gBxRMQSAF0Al0VEUgByTgSSAF0Ak0FE8gBTTEUSQE5
51=WjIIBEqNGAB0I0EEFlQCaAFBBBdIAWY/CgRCARgA3TYZUAHJARooKQAbKCkAHCgpAB1JAc
52=dIDEktHkgB2QYfKCkAICgpACEoKQAiSAHRQCNJAZJUOUUTJEkBrlAJSQElSQEESAFNPCbI
53=AU08J0gBJUEkKEgB1Q0pSAHVAipIAdUCK0kBsaWMLEgB1SMtSAHFKS5IAXQCRSkvSAHVAj
54=AoKQAxKCkAMigpADMoKQA0KCkANSgpAAZIZ9EJBygpAAgoKQAJKCkACigpAAsoKQAMKCkA
55=DSgpAA5IAXwVVSMPSAHJDBBIAXQCVRgRSAHNXRJIAXQCTQUTyAFZPRRIAX1BDX1BGZxBWQ
56=YWVAJ8QUk4F0kBUa3AGCgpABlIASXZLBpIASV9JhtIAdUuHEgB2QYdKCkAHkgB2QYfSAHZ
57=BiBIAdkGIUgB2QYiKCkAI0gByUMkSQGxUEBVGCVIAXxBTZQmyAFNlCdIASWtLChIAd0KKU
58=gB1QIqSAHJDCtIAd2kLEgB1SMtSAHFKS5IAXQCSSIvSAHVAjAoKQAxKCkAMigpADMoKQA0
59=KCkANSgpADYoKwAFABr9gwYoKQAHKCkACCgpAAkoKQAKKCkACygpAAwoKQANKCkADkgBdB
60=hNJg9IAdUYEEgBdAJNGxFJAbG9YhJIAXQCTQUTyAGVRBojeCBNBRVVAlG9QRYoKQAXKCkA
61=GEkB2KU0GUgBJT00GkkB07UCG0gBJWk0HEgB0QkdKCkAHkgBJUU1H0gB2QYgSAHRCSFJAd
62=KxCSJIAcUIIygpACRIAXyHVRglSAF0REkBJsgBQRonSAHJQyhIAclDKUgB1QIqSAHdCitI
63=Ac2qLEgB1SMtSAHFKS5IAXQCVSMvSAHVAjAoKQAxKCkAMigpADMoKQA0KCkANSgpADYoKQ
64=A3KCsABAAb4UYFKCkABigpAAcoKQAIKCkACSgpAAooKQALKCkADCgpAA0oKQAOSAFsG1kn
65=D0gBzRsQSAF0AkUeEUgBzWgSSAEnDkQbAGgBSS0U1AJNBRVIAdEqFigpABdIAdGCGEgBJc
66=0wGUkBtK1SGkgB2QYbKCkAHCgpAB0oKQAeKCkAHygpACBIAc08IUgByQwiSAHZPSNIAckM
67=JEgB0Y0lSAEn7ggbAGgBQRonVALRCShIAdkGKUgB1QIqSAHVAitIAd2vLEgBbCZFKS1IAc
68=UpLkgBdAJVIy9IAdUCMCgpADEoKQAyKCkAMygpADQoKQA1KCkANigpADcoKQA4KCsAAwAc
69=+UgEKCkABSgpAAYoKQAHKCkACCgpAAkoKQAKKCkACygpAAwoKQANKCkADkgBZB5dIA9IAc
70=UeEEgBdAJdIBFIAdxtBRIAHAA5AQAAEQAAxg4AIA8GBAATABwAJgEAAAEEABQAHABoAQEC
71=BAAVSAEFUQQAAAAEABYoKQAXSQHcTAVVAhhJAdWpARlIAc0FGigpABsoKQAcSgGzA5EJHU
72=gBzQUeSAHVAh9IAdUCICgpACFJAdepDCJJAdapASNIAc0FJCgpACVJAchEDEUTJsgBQRon
73=SQHntQIoyAFVAinIAVkcKkkB6aEEK0kBsbEULEgBfCBRCS1JAVi1Ai5IAXQCWQYvSAHVAj
74=AoKQAxKCkAMigpADMoKQA0KCkANSgpADYoKQA3KCkAOCgpADkoKAABAgAdAMEPAygpAAQo
75=KQAFKCkABigpAAcoKQAIKCkACSgpAAooKQALKCkADCgpAA0oKQAOSAF8IFUjD0gB2REQSA
76=F0AlUjEUkBr60mEkkBOV02C31MHZBLQTAUVALNBRVJAVH+TB0AyQEXVQK1pQgYSQHdRAhV
77=DRlIAcEEGkkBsqEEG0gBzVIcSQHSrQUdSAHRSx5JAdq1Ah9IAcUIICgpACFIAckMIkkBtL
78=0KI0gBzQUkKCkAJUgBfExZHCbIAQEDBAAnSAF8TEkBKMgBAQQEACnIAQEFBAAqSAF8TFEf
79=K0kBrqkMLEgBfCBNGy1IAcUpLkgBdAJJDC9IAdUCMCgpADEoKQAyKCkAMygpADQoKQA1KC
80=kANigpADcoKQA4KCkAOSgpADooKwABAB7pTgIoKQADKCkABCgpAAUoKQAGKCkABygpAAgo
81=KQAJKCkACigpAAsoKQAMKCkADSgpAA5IAXQjTSYPSAHVIxBIAXQCTSYRSQGxvSsSSAF0Ak
82=0FE8gBQTAUyAFNBRVJAVH1Tx4o9AknKQAYKIEAGSgpABooKQAbSAHBURxIAdmVHUkB0KlO
83=HkgB3aQfSAHRSyBIAcEPISgpACIoKQAjKCkAJCgpACVJAQe9CibIAUEaJ0gBbJhZHChJAY
84=1sAXdPHgCLqQEqVAJkAUEEK0kBsLUjLEgB1SMtSAHFKS5IAXQCVSMvSAHVAjAoKQAxKCkA
85=MigpADMoKQA0KCkANSgpADYoKQA3KCkAOCgpADkoKQA6KCkAOygrAAIAH+FRAygpAAQoKQ
86=AFKCkABigpAAcoKQAIKCkACSgpAAooKQALKCkADCgpAA0oKQAOSAF0I0UpD0gB1SMQSAF0
87=Ak0mEUgB1XsSSAF0Ak0FE8gBUTUUyAFNBRVIAdFAFigpABcoKQAYKCkAGSgpABpIAclOG0
88=kB2L1BHEkB06kBHUkB0akBHkgByU4fSAHVDSAoKQAhKCkAIigpACMoKQAkKCkAJUgBdE9J
89=FybIAUGeJ0gByU4oSQGGYE11Tx9gASL9ICpUAo8BBAArSAHFwyxIAdUjLUgBxSkuSAF0Ak
90=kML0gB1QIwKCkAMSgpADIoKQAzKCkANCgpADUoKQA2KCkANygpADgoKQA5KCkAOigpADso
91=KwADACD1TwQoKQAFKCkABigpAAcoKQAIKCkACSgpAAooKQALKCkADCgpAA0oKQAOSAFoIl
92=lID0gBySIQSAF0AkElEUgByXoSSAF0Ak0FE8gBiU4ghO9NBRVUAtFAFigpABdIAcVKGEgB
93=0eUZSAHNBRooKQAbSAHR5RxIAdX0HUkB2+pOIAAlqSYfVALVTyBIAdEJIUgByQwiSAHV9C
94=NIAcEEJCgpACVIAWhOVekmyAFV6SdJAZBrSgQAKEkBg6kBKUkBhakBKkkBh6kBK0kBseCe
95=vCBVIy1UAsUpLkgBbCZVIy9IAdUCMCgpADEoKQAyKCkAMygpADQoKQA1KCkANigpADcoKQ
96=A4KCkAOSgpADooKwAEACH9TAUoKQAGKCkABygpAAgoKQAJKCkACigpAAsoKQAMKCkADSgp
97=AA5IAXAfSSIPSAHRHxBIAXQCSSIRSAHFdhJIAXQCTQUTyAGRSyEocQkh6egWQQRRoesXSA
98=ElfSYYSAHBkxlIAcEEGigpABtIAcVKHEgBwQQdSAHVAh5IAdUCHygpACAoKQAhSAHR8CJI
99=AcFRI0gB2QYkKCkAJUgBcEsBBgQAJskBByItJyFkR2WXKFQC3UwpSQGIfAIiLychAIqpAS
100=tUAtW9LEgB1SMtSAHFKS5IAXQCRSkvSAHVAjAoKQAxKCkAMigpADMoKQA0KCkANSgpADYo
101=KQA3KCkAOCgpADkoKwAFACLlSgYoKQAHKCkACCgpAAkoKQAKKCkACygpAAwoKQANKCkADk
102=gBeBxJQw9IAdkcEEgBdAJRHxFJAbG1cBJIASJIMFUuE0gBYASZSCIoGwkiAFmtBRZBBFH6
103=SCIA0UAYVQLZsY0ZSAHBiBpIAc0FGygpABwoKQAdKCkAHigpAB8oKQAgSAHZoCFIAckMIk
104=gB0ZgjSAHJDCQoKQAlSAEiSDBRHybIAUEaJ0gBIkgwVQIoyAFVAinIAUkiKkgBIkgwQQQr
105=SAHFuCxIAWgiVQItSAHFKS5IAXQCWQYvSAHVAjAoKQAxKCkAMigpADMoKQA0KCkANSgpAD
106=YoKQA3KCkAOCgrAAYAI+1HBygpAAgoKQAJKCkACigpAAsoKQAMKCkADSgpAA5IAWAaWRwP
107=SAHBGhBIAXQCWRwRSAHFaxJIAWFGCyINOSOUREUpFFQCzQUVSAF8cVEJFkgBxTQXKCkAGE
108=gB1dMZSQHUrUcaSAElkS4bSAHJhRxIAcUIHSgpAB5IAdGYH0gB2QYgSAHRCSFIASWZLyJI
109=AcUIIygpACRJAcOhDyVIAWBGWRwmyQEDfo4jAGBGSQEoVAJoAVXeKckBBX6OIwBgRlEfK1
110=QC1bIsSAF8IFEfLUgBxSkuSAF0AkkML0gB1QIwKCkAMSgpADIoKQAzKCkANCgpADUoKQA2
111=KCkANygrAAcAJPVECCgpAAkoKQAKKCkACygpAAwoKQANKCkADkgBaBdBGg9IAckXEEgBdA
112=JBGhFIAdVlEkgBdAJNBRPIAVUjFMgBTQUVSQGPbEMiGUsk+YoXVALFNBgoKQAZSAHFjBpI
113=ASWRIxtIAdl/HEgB2QYdKCkAHkgB2QYfSAHZBiBIAdkGIUgB2QYiKCkAIygpACRJAdRQFF
114=0VJcgBUUAmSQGzVAJJASdIASeLLSQAhVQCRR4pVALJASpJAYe1AitJAbG1pyxIAdUjLUgB
115=xSkuSAF0AlUNL0gB1QIwKCkAMSgpADIoKQAzKCkANCgpADUoKQA2KCsACAAl/UEJKCkACi
116=gpAAsoKQAMKCkADSgpAA5IAXAUWRwPSAHRFBBIAXQCSRcRSAHFYBJIAXQCTQUTyAGRQCWI
117=hU0FFVUCjLUjFkgBwSUXSQFRrcsYKCkAGSgpABooKQAbKCkAHEkBxb14HcgBVQ0eSAHRCR
118=8oKQAgKCkAIUkBwbkGIkgBzQUjSAFmPwUEUiclAGgBWeIl1QIHIl0iJSZJJSdUAiUxIihJ
119=AYOhGikoKQAqSAEnXiIlANWnLFQC1SMtSAHFKS5IAXQCVSMvSAHVAjAoKQAxKCkAMigpAD
120=MoKQA0KCkANSgrAAkAJuU/CigpAAsoKQAMKCkADSgpAA5IAXgRSTgPSAHZERBIAXQCURQR
121=SQGxtVoSSAF0Ak0FE8gBQTAUyAFNBRVIAcElFkkBhqElF0gBZAFZBhhIASWBIRlJAVGxQB
122=ooKQAbKCkAHEgBeD1dCh3JAQMiwUsm+TIfVALFCCAoKQAhKCkAIkkBuGUPBEKmJgBoAV0V
123=JFQCej0KBFAnJzEBJlQC0QknSAF0Bl0VKEgBwRopSQGKeAJ5wSZgASKdKitUAsWiLEgB1S
124=MtSAHFKS5IAXQCVRgvSAHVAjAoKQAxKCkAMigpADMoKQA0KCsACgAn7TwLKCkADCgpAA0o
125=KQAOSAFgD1UYD0gBwQ8QSAF0AlkREUgBxVUSSQHsqWQTyAFBJRTIAU0FFUgBiB5yuScAyS
126=IXVQKJewIEABhJAYupARlIAWQBQQ8aSAHZPRtIAd0rHCgpAB0oKQAeKCkAHygpACAoKQAh
127=KCkAIkgBdDlFEyPIAUlDJEgByQwlKCkAJigpACcoKQAoKCkAKSgpACooKQArSAHVnCxIAW
128=wmQRotSAHFKS5IAXQCTRAvSAHVAjAoKQAxKCkAMigpADMoKwALACj1OQwoKQANKCkADkgB
129=aAxBDw9IAckMEEgBdAJBDxFIAdVPEkkBJ+g4VBtIAYg4qAFNBRVBBOtUAlEJFkkBJakBFy
130=gpABgoKQAZKCkAGigpABsoKQAcKCkAHSgpAB5IAckMH0gByQwgKCkAISgpACJJATVMEF2v
131=I8kBBmixQKxUAlEUJVQCxQgmKCkAJygpACgoKQApKCkAKkgBzRArSQGxpZcsSAFsJl0KLU
132=gBxSkuSAF0AlUjL0gB1QIwKCkAMSgpADIoKwAMACn9Ng0oKQAOSAFwCUkMD0gB0QkQSAF0
133=AkkMEUgBxUoSSAFwNVFWE8kBBCIMcEhRUB9JIhVUAnQYSTgWSAF8IEkBFygpABgoKQAZKC
134=kAGigpABsoKQAcKCkAHSgpAB5IAckMH0gByQwgKCkAIUkB31gRQRoiSQHgqQEjKCkAJCgp
135=ACUoKQAmSQHhrQUnSAHdCigoKQApKCkAKkgBzRArSAHVkSxIAWwmQQ8tSAHFKS5IAXQCRS
136=kvSAHVAjAoKQAxKCsADQAq5TQOSAF4BlEJD0gB2QYQSAF0AlEJEUgBJwwNQIBIF0FRE1QC
137=ZTQHeDK1AggianYqAHwVWQYWQARsG0kBFygpABgoKQAZKCkAGkkBNlwKAQ0EABvIAQEOBA
138=AcSAHFCB0oKQAeSAHJDB9IAdkGIMgBWQYhSAHZBiIoKQAjKCkAJCgpACUoKQAmKCkAJygp
139=ACgoKQApKCkAKkgBzRArSAHVIyxIAWwmRSktSAHFKS5IAXQCXSAvSAHVAjAoKgAOAEzkUB
140=9ZBg/IAUlZEMgBWQYRSAEnXQwrJvEkE1QCwQ8USAHdeBVIAc0FFkgBwUYXSAHNBRhIAc0F
141=GUgBzQUaSAHNBRtIAc0FHEgBzQUdSAHNBR5IAc0FH0gBzQUgSAHNBSFIAc0FIkgBzQUjSA
142=HNBSRIAc0FJUgBzQUmSAEJrgMAAAAEACcAKwCwEQAA/gQODAgDAAAABAAoACsAsagBAikA
143=KwCvqQEqSQGuqQErSAHVAixKASYBmQYtyAEBAQQALsgBAQIEAC9JAVi4BgIPACwAJ0wFQQ
144=QQyAFBBBFJASVUAgEABAASKCkAEygpABQoKQAVKCkAFigpABcoKQAYKCkAGSgpABooKQAb
145=KCkAHCgpAB0oKQAeKCkAHygpACAoKQAhKCkAIigpACMoKQAkKCkAJSgpACYoKQAnKCkAKC
146=gpACkoKQAqKCkAKygpACxIAXgnQSUtyAFFKS7IAUcpEAAtnCsBBQQAEUgBcCpBBBJKARYC
147=hTQTSAHNMRQoKQAVKCkAFigpABcoKQAYKCkAGSgpABooKQAbKCkAHCgpAB0oKQAeKCkAHy
148=gpACAoKQAhKCkAIigpACMoKQAkKCkAJSgpACYoKQAnKCkAKCgpACkoKQAqKCkAK0gB1SMs
149=SAFyKgMEQAG5JwR6Jy4AYARRKhJQWckBEygpABQoKQAVKCkAFigpABcoKQAYKCkAGSgpAB
150=ooKQAbKCkAHCgpAB0oKQAeKCkAHygpACAoKQAhKCkAIigpACMoKQAkKCkAJSgpACYoKQAn
151=KCkAKCgpACkoKQAqKCkAKygpACxIAXknBnJ3LwDRSxNUfskBFCgpABUoKQAWKCkAFygpAB
152=goKQAZKCkAGigpABsoKQAcKCkAHSgpAB4oKQAfKCkAICgpACEoKQAiKCkAIygpACQoKQAl
153=KCkAJigpACcoKQAoKCkAKSgpACooKQArKCsAEwAw9SMUKCkAFSgpABYoKQAXKCkAGCgpAB
154=koKQAaKCkAGygpABwoKQAdKCkAHigpAB9JATdErQEHBAAgSAHFNCFJATlUAkk4IkgB1QIj
155=SAF0AgEIBAAkSAHVAiUoKQAmKCkAJygpACgoKQApKCkAKigrABQAMf0gFSgpABZJATVMEE
156=WXF8gBWREYSAHBDxlJATZABAENBAAayAEBDgQAG0gBwQQcSQE0QAQBCQQAHcgBAQoEAB5I
157=AcEEH0gBcR8McB8nDQIhVAJ4HAELBAAiSAHNBSNIAXQCVQ0kSAHVAiUoKQAmKCkAJygpAC
158=goKQApKCsAFQAy5R4WKCkAFygpABgoKQAZKCkAGigpABsoKQAcKCkAHSgpAB4oKQAfKCkA
159=ICgpACEoKQAiKCkAIygpACQoKQAlKCkAJigpACcoKQAoKCsAFgAz7RsXKCkAGCgpABkoKQ
160=AaKCkAGygpABwoKQAdKCkAHigpAB8oKQAgKCkAISgpACIoKQAjKCkAJCgpACUoKQAmKCkA
161=JygrABcANPUYGCgpABkoKQAaKCkAGygpABwoKQAdKCkAHigpAB8oKQAgKCkAISgpACIoKQ
162=AjKCkAJCgpACUoKQAmKCsAGAA1/RUZKCkAGigpABsoKQAcKCkAHSgpAB4oKQAfKCkAICgp
163=ACEoKQAiKCkAIygpACQoKQAlKCsAGQA25RMaKCkAGygpABwoKQAdKCkAHigpAB8oKQAgKC
164=kAISgpACIoKQAjKCkAJCgrABoAN+0QGygpABwoKQAdKCkAHigpAB8oKQAgKCkAISgpACIo
165=KQAjKCgAARsAOADegxwAJykAHSgpAB4oKQAfKCkAICgpACEoKQAiKCgAARwAOQDdCh0oKQ
166=AeKCkAHygpACAoKQAhKCsAHQA65QgeKCkAHygpACAoKwAeADvsBQgfADsAWAMAAAAEABEA
167=AA==

[Lighting]
Red=0.900000
Blue=0.900000
Green=0.900000
Level=0.022000
Ground=0.000000
IonRed=0.600000
Ambient=0.900000
IonBlue=0.850000
IonGreen=0.700000
IonLevel=0.022000
IonGround=0.000000
IonAmbient=0.900000
DominatorRed=0.850000
DominatorBlue=0.300000
DominatorGreen=0.200000
DominatorLevel=0.022000
DominatorGround=0.000000
DominatorAmbient=0.900000
DominatorAmbientChangeRate=0.009000

[Map]
Size=0,0,30,30
Theater=NEWURBAN
LocalSize=1,4,28,23

[Neutral]
IQ=0
Edge=North
Color=Grey
Allies=Neutral
Country=Neutral
Credits=0
NodeCount=0
TechLevel=1
PercentBuilt=0
PlayerControl=no

[Nod]
IQ=0
Edge=North
Color=Gold
Allies=Nod
Country=Nod
Credits=0
NodeCount=0
TechLevel=1
PercentBuilt=0
PlayerControl=no

[OverlayDataPack]
1=BQAAIP4AIACAFwAAIP4nHACEBAcHBP78AQCEBwsLB/7VAQCAJQAAIP4nAACEBwsLB/78AQ
2=CEBAcHBP78BQD/AAInAv8ACCcA/tkNAIAFAAAg/gAgAIAFAAAg/gAgAIAFAAAg/gAgAIAF
3=AAAg/gAgAIAFAAAg/gAgAIAFAAAg/gAgAIAFAAAg/gAgAIAFAAAg/gAgAIAFAAAg/gAgAI
4=AFAAAg/gAgAIAFAAAg/gAgAIAFAAAg/gAgAIAFAAAg/gAgAIAFAAAg/gAgAIAFAAAg/gAg
5=AIAFAAAg/gAgAIAFAAAg/gAgAIAFAAAg/gAgAIAFAAAg/gAgAIAFAAAg/gAgAIAFAAAg/g
6=AgAIAFAAAg/gAgAIAFAAAg/gAgAIAFAAAg/gAgAIAFAAAg/gAgAIAFAAAg/gAgAIAFAAAg
7=/gAgAIAFAAAg/gAgAIAFAAAg/gAgAIA=

[OverlayPack]
1=BQAAIP4AIP+ADgAAIP4nHP/+BAAe/9UDKxqAJAAAIP4nAP/+BAAe/vwB//8AAicA/gAE//
2=8ABCcA/wAGJwL+2Q3/gAUAACD+ACD/gAUAACD+ACD/gAUAACD+ACD/gAUAACD+ACD/gAUA
3=ACD+ACD/gAUAACD+ACD/gAUAACD+ACD/gAUAACD+ACD/gAUAACD+ACD/gAUAACD+ACD/gA
4=UAACD+ACD/gAUAACD+ACD/gAUAACD+ACD/gAUAACD+ACD/gAUAACD+ACD/gAUAACD+ACD/
5=gAUAACD+ACD/gAUAACD+ACD/gAUAACD+ACD/gAUAACD+ACD/gAUAACD+ACD/gAUAACD+AC
6=D/gAUAACD+ACD/gAUAACD+ACD/gAUAACD+ACD/gAUAACD+ACD/gAUAACD+ACD/gAUAACD+
7=ACD/gAUAACD+ACD/gA==

[Preview]
Size=0,0,60,30

[PreviewPack]
1=nwkYFQifp0+hp0+ipG6mqGsAoqRuSAAgGywAAAZ3d3U8Pz4/QT09QkY9Qkc9QD08Pj54eH
2=YgG0wBKuwAWBNIACpEACAbLABUFVgHQAoPlmNHRkpLlnpmlXtnRUlLmmZJvAIgJ+QCICSc
3=BSe0AkAWVBUJiW1biGxZmGRHlmJErAFEF1gWSABABCAh5AJQCEgJSABAAUgAQAFIAEABSA
4=BAAUgAQAFIAEABSABAAUgAQAFIAEABSAAttAJTFJCKgFgrXAKnRGVjX0MunZaLSBggJ+QC
5=IBicBVQSJ+QCKm8FUFJRtBVIWlwCA7iwobauoEgAWBkgJ8wFTCVID0gAQAFIAEABSABAAU
6=gAQAFIAEABSABAAUgAQAFIAC20AlARLWwFLbQCA6aGb5pnSkgAZhd6ZiAhzAUgDJwFLbQC
7=vCZQPlwCM28Fl2RHJ58Fg4ODVBtQBWQXIB2cC1wmQChIAEABSABAAUgAQAFIAEABSABAAU
8=gAVBInLABEPlQPrCsDhIF9YF5bUFZMKwlESEuak4laWFaXkodMWAxRUk1SU0+vp5qnn5BR
9=Uk5IAAmqo5eXkYRaWlmZk4pIAEwEIBXMBT+cBS20AidvBWBiYSdvBWhnZyc/Baaej6wBA5
10=WQhpqUi6wBDJmTiZaPgpuThVxbWH16c1xEWC5IACAVzAVMKEAoSABAAUgAQAFIAEABSAAt
11=tAInbAVcAie0AkwutBJUD0ABS1eohm8wLABIA1ACSAAJn5eNnZWLXFpYlpCHQApbLmNiWU
12=gAIA/PBaGnT0QUSBVIAEABSABUEicsAFQSJ2wFXAI2tAIDuK6elWJFQChMWAaniHGliHOV
13=YkRMAUMTtaucVBVYFgO0m4K+tKRPAZ6Wh0gAA1xaV2JhXEhFrAdcAlAFrA08VBREFFgTSA
14=BAAUgAVBInLABUFVAIvFYqJAhcAkAQSAxIAEABSABAAUgAQBYnLABAAUgAUAJQbkABSABP
15=AbupkkABSABPAaCnTEhFBp6XjVtaWJ6YjUANKOQCPmwRVNK8LC20ArwdRA5cAipsBb9ft6
16=6gSA9QFEgAUEFMAUgARBFIAFtD/wAASABMAVACSABAAUgAXAJMAUgATAFXALevnFgWSA8t
17=tAgo5AI4bxE8QUUnVAJcLEwoSB6sKypMEFwCBpWbRoaOOpqjSEQOSABID1NBlWFErAFYAV
18=QSSBUtCABcAkAESABDAZZjRlALTAFIAFgBWB+sCgyfpkyfl4lvbGVGRUCuppmsBEAESAAt
19=nAtEFFMsPUJGUx1CRUZUElAFtBVQAgM3O0A/QkRcAkyCUAtMBAOCijmMkDu4DVcJmWZIWF
20=VQVlhVUAK8I1guKswCQARIA1AFSABABFgBTBxEHVACXCwMnaNRkJlGjpg/m5WMY2FaRHEJ
21=W1lWt62cqqKWsqqdTARAi0gATAegE1BcSABPE3N0cyrEKEhCSxuVe2dIA1wCQK8MYF5bho
22=N/nqROjZVBiZFAUBdUCUgASAlXD5pmSUAKSEhYAVACQBNTAphlSFhwWAFQAlBxQAFMGUgA
23=WARQBVgBSABIAwycoEimmkyblIhjYlpeXFsnbwutppygBEAWoAFQBUgSXEEDSk5PTVFTVC
24=1YEFwXVA+0b1AvSL1QC0wuUyw9QD1IACQMLEwirC5QCFQJSABAAbQSrAFYAUABSABAAS1c
25=AFQYTAqoA1AsXAhYKwZiYVlaWVdbWllIA1w1TFsnVBpE0VzRWBZEHbQVQBYklCtMFkgVSA
26=BAAUQXQAFIAEwBRBcnzAVcAlgWSACnF5ijSqgPQBMGrKSZnZeNua+iTAFEKUMfmWRHTAFA
27=BFgQWA1YLkwBqAC8Ak8Bl5CEhEEBWFtZWFgEVBVUAFwCVABMAVTSA5yUh1JSTSdsBVQVSB
28=JUV1RCSABMAVwsVABIFUgAQAFEFEABSABMAUQXJ8wFXAJYFkgApBdIDEgAWxCupZhAAUgA
29=TAFYFlNWm2dKWG1UFUwQSACoA1QASAADj4l8Xl1WR0FDRENTLJ6YjFACREpYBFQVbAEjHC
30=hQHSdsBVgQKrQCoBNUAEgASANIAEABSABAAUQUQAFIAEwBRBcnzwVGSUtYFkgALeQCQBZH
31=Dr20plQArAFQQScsAEABComFe0pKRElJSE5PThSAAEBYBmBfV2JgWZaRiEAESACoaTy0Al
32=wRXEq8LAZMT1BFSUpjY2FQAkgVSABAAS3kAirMBVhzNuQCVA9IAEcXsKWNQAGkQQNVVVJE
33=REKQFSsQAFScQC5EC6wroBZIDzBsBVACSACgE1QASABYAUgAQAEDW15dQkZIrAFYAUABLe
34=QCJ8wFWARYFlAdSABMMQyel4ldW1eQioFWVU9RUk1RaFEjOCcqJAgruAKQASdsBVQVuA08
35=tAJcESecBVwFSABEAksAV1paJywAQAFIAFACLeQCRCNQUEyLXwJFRjpYFrg0QCtIAFAsSA
36=BDAZqShYkTFCokCKQCRAgnbAWoDFQVSACsAbQAXA5IADAsAEQCSABIA0gAQAFIAEABSAAG
37=YGJhSElIREhKTAFQAkgAQAFEFEABSABMAUwrTy6IbFlQAmgAhBdQF1wCVBVIAFgWuBMnFA
38=CkQTNsBVQVrIKwC1wLSAAtLAC4ATOcBUgDSABIBkgAQAEGXl9dRUhJS05QTAFIAFACRBSg
39=AVgTSABEJi3MBTbkAkQFM2wFJ7QCuApIDEABSABAAUgAQAFIAEABSACgAVQASABYAUgAQA
40=FIAEABSABAAUgAQAFIAEABWy5ER0lIpUwBRAJYFkgATAFIAFgBRBdMLqAoXAIqnAtALqQa
41=vK0q3AoqbAW8CEgJQAFIAEABSABAAUgAQAFIAEABSABAASADnAWkBVAFJyMAW11eTAFIAF
42=ACRBRAAUgATAFEF0QppBRcAk+Lc3FvRAKsK6wEWASoFSAMbAUn7ACgAVQASABICUgAQAFI
43=AEABSABAAUgAQAFIACcgAKwBJzgAQAFIAFACRBRAAUgATAFEF24uYkREdDBsBUgVSABYBF
44=AFSABAAUgAQAFIAEABSABAAUgAQAFIAEABSABAAUgAQAFIAEABIA+cBbQGQAdAAUgAQAFI
45=AEABSABAAaQXQEOkzlhAJOwtSANMK0gAIB60AlwIQw3///9UAEgAWAFIAEABSABAAUgAQA
46=FIAEABSABAAUgAQAFIAEABSABAAUgAQAFIAEABSABAAUgAQAFHFz1CRic0K0gVvAJIA0AB
47=SABAAUgAQAFIAEABSABAAUgAQAFIAEABSABAAUgAQAFIAEABCaKkbqaobqaobqKkbhEAAA
48===

[Russians]
IQ=0
Edge=North
Color=DarkRed
Allies=Russians
Country=Russians
Credits=0
NodeCount=0
TechLevel=1
PercentBuilt=0
PlayerControl=no

[Special]
IQ=0
Edge=North
Color=Grey
Allies=Special
Country=Special
Credits=0
NodeCount=0
TechLevel=1
PercentBuilt=0
PlayerControl=no

[SpecialFlags]
Inert=no
FogOfWar=no
IonStorms=no
MCVDeploy=no
Meteorites=no
Visceroids=no
FixedAlliance=no
TiberiumGrows=yes
InitialVeteran=no
HarvesterImmune=no
TiberiumSpreads=yes
TiberiumExplosive=no
DestroyableBridges=yes

[Structures]
0=Neutral,CAFRMB,256,41,19,64,None,1,0,1,0,0,None,None,None,0,0
1=Neutral,CAFRMB,256,41,20,64,None,1,0,1,0,0,None,None,None,0,0
2=Neutral,CAPARK01,256,24,19,64,None,1,0,1,0,0,None,None,None,0,0
3=Neutral,CAPARK01,256,29,19,64,None,1,0,1,0,0,None,None,None,0,0
4=Neutral,CAPARK05,256,42,20,64,None,1,0,1,0,0,None,None,None,0,0

[Terrain]
21041=LT_GEN02
23021=LT_SGN01
33021=LT_SGN01
39017=TRFF01
39021=TRFF02
43017=TRFF04
43021=TRFF03
43025=LT_SGN02
43033=LT_SGN02

[Waypoints]
0=30028

[YuriCountry]
IQ=0
Edge=North
Color=DarkRed
Allies=YuriCountry
Country=YuriCountry
Credits=0
NodeCount=0
TechLevel=1
PercentBuilt=0
PlayerControl=no

