; Map created with FinalAlert 2(tm) Mission Editor
; Get it at http://www.westwood.com
; note that all comments were truncated

[Header]
Width=27
Height=23
StartX=242
StartY=22
Waypoint1=0,0
Waypoint2=0,0
Waypoint3=0,0
Waypoint4=0,0
Waypoint5=0,0
Waypoint6=0,0
Waypoint7=0,0
Waypoint8=0,0
NumberStartingPoints=0


[Preview]
Size=0,0,60,30

[PreviewPack]
1=jAoYFQmfp0+hp0+WY0emqG5LAKKkbkgAQAFIAEABSABAAUgAQAFIAEABSABAAUgAQAFIAE
2=ABSABAAUgAQAFIAAAGd3d1PD8+P0E9PUJGPUJHPUA9PD4+eHh2QARIAEAESABAAUgAQAFI
3=AEABSABAAUgAQAFIAEABSABAAUgAQAFIAEABSABAAScIAFgBSAC4AUABSAAgFSwAVBUn7A
4=AMRkpLlnpmlXtnRUlLmmZJvAIgJ+QCvCxQFFgKSABAAUgAQAFIAEABSABAAUgAQAFIAEAB
5=SABAAUgAQAFIAEABSAAttAIJiW1biGxZmGRHlmJErAFEF1AFSABQBSAh5AJQCEgJSABAAU
6=gAQAFIAEABSABAAUgAQAFIAEABSABAAUgAQAFIAEABSABUFVsolmNHTAFsKwJiRJCKgFgr
7=XAKnRGVjX0MunZaLSBggJ+QCIBicBVQSJ+QCVBW8KUATXAK0FUhaXAIDuLChtq6gSAAgKs
8=wFXCNID0gAQAFIAEABSABAAUgAQAGoACcsAEABSABUElwCQAFIAFQSUBGsKwZITE1CRUY9
9=QEJMK1wCtCFUFQk2OTs3Ojw+QUM4OTsgJMwFpAtUD1gQSABAAUgAQAFIAEABSABAAUgAQA
10=FIAC20AidsBQaJhH6Mh4GQin9UPwo+Q0ZzcW+Gg3+8sqSDMgMAOTs8WBysB1wFUAtIAFAL
11=MJwLUAKoAEAESAAnLABAAVgBSABAAUgAQAFIAEABSABAAUgAQAFIAC20AlAOrCsJQURYQE
12=NXQENYbWZMJ+QCA2hnZ0xPUEgAWxCbpEkq4AIJko2DTExKnpeKmZOKIBjMBT+cBS20Arwj
13=XFYntAICQURZQUVrAEJFWSrkAkwouBZMFgy8saCCe2xVVExQUEiIgHFEAkgAWEZIAFgfrA
14=pcBUgkSABIJFAdQAFIAEwBSABAAUgAQAFIAKABVABIAFgBSABAAUgAQAFIAC20AlALLWwF
15=KrQCSC0t5wKRi4BYEEgARBcGWVtZVlVNlI6ESBUqCAAGm5WMYmFZY2JZTC5UjVAFSABAEE
16=gAQBA25AIznAUttAK8IEwrBo2Hf42HfYuHg3QV9EJ0FSouAEVZQy5vaU+sLirkAkwQQyuY
17=n0Qn2AIEY2JaW1lYn4tFmqNIuCJMuzzkAlgZUBpIAEABSAAttAKwCEcgUFNUT4I/QkVcDk
18=QXQEOJAFlAFrxZVBhMAVQASABAAbACpxeIhH4n5AK4c0QXDGNhWkNEQ3l2cZ+Yi5CZRicU
19=A0ABTC48PBdMEKAWLbQCJ2wFXAK8rUeYSEtMQD28Di3kAqgVVACsGUABVC1QF0MBRTQqSA
20=CkF1hzTCgAA0VJSmNjYWFgXlxaV2BfV56YjZaRiFQVKggAWCWsEFwFRBRIAEgqtxU8QUVU
21=EkgAsAJcqkgARB1MK1ACtBW0w1gNo8Ryc3JEF0gARAhEF4ETWEwTXFlcFGEBRFwvcInsAX
22=QDWBZIAEyLJ8wFpAgDW1pYXFtZRxdiYFlHF4KKOSvmAnpmKswFJMQlAz1CRkBDRlw+SBVI
23=ACe3AkpOT0gVSABQAkgAD3N0c5CYQbWsnLqynr60oLiqlUQXSABQIKYXQkVQnmgARBeUGH
24=RaTAEpFANkFwltalJsaVCKhX6QiXxMB0gABkdJSlRVUaGnbkQXBmFfWqihmLivoirYAkwB
25=KswFQBZQEQM9QkdOUlW0HlgxWCugFkgVSwCMlD9UFQAPurCiV2Bla3V5bHd6cnx/vK6arK
26=SUt66fW15dV1paRklLRxeLhn4q5AK0FZwXdBWAAdwvA19bQH55cbQ2WBYABj9DRaCpX76z
27=oZqShmBeW7iunqeIcaWIc1QVVA9AFryVoxNNUVNTRKGnT0MHmmZJWBZIAFQPWDFUFVgZRD
28=UMwLeqsqqcpp6McXl9dH2AXAhIAAOtp4uZkoZElbR+QC5IAFAITAcq5AK8FKREJ5wLWAEG
29=hoJ+i4V9iYJ5UyNFR0mwF0BzDJ+YjZqTiVpYVpeSh6efkEAoTIhclbQVUwWWY0dAE0wWRF
30=lIAEABUA5AAUgApBdIBqhFAAaJkUC4rp2+tKKvpZG3rZuYlIxaWVeYkodMZ1wXRA5IAEcO
31=iYaCWy5CRkhEF0iiQBZIAEQUKrQCBoN/eoaAdoaAd0AQVA9IAKwHXAgnCwCmno8tbAVQBV
32=gTUAVYKEgALXwWuCVYFkgAWARUD0wupAhU8C20AieUAaABWC5AxEhFsAhMBwGJg3kAgwCE
33=gHlPAYmCeFgrWI4DREhLn5eJU4aemIxEQbgHtABAJS1sBVgQJ7QCTAGgE1QAqACkAkwBsA
34=5AAUgAUAJ2D21bry6Zk4pEI7wLtABDGWFfWFfDWllWSEVUA0wuRAhIAEA3TAe4BFACWCVU
35=D1BQSDxbAZ6XjSe4EEBYWASoDCckCEgPXAVAK0gATAGwEUABJ5wFXEG4plACVANIAEABUA
36=5AAUgAVANUD6wuqAZME1cMm5SIlRVXTAGrAJugSkgDSABUEkbRPUF70EhKS1QPtBVAFqQF
37=QARIAAOdlYtfXlZEC7xWQBZYDUgPXAVIFUgATAGkAkABSACsAVQASABYAUgAQAGsUqwBTC
38=VIAC3kAlg3WxaXkYQhnCBDW1taWawQVAAGtKqYu7GhvLKkSw+EgX1YQETRKiQITAQqCABI
39=GydsBUgGVA9cDlQVSAAntAKwAlwCQAFIAEABVA9chkABWAFIAEABSABMUkwBSABMAVQASA
40=BAAaQXQC5IAKwuBVpaWZ6kUpecxO9AEFwmSA8qJBqwAkgMREFYx1h2QMe4FjNsBTy0AlgQ
41=sBFUAEgAWAFIAEABSABAAUgABmBiYUhJSERISkwBUAJIAEABLeQCTC4DjZVBjpg/RHQDn6
42=V5fX14S9VCREBID7QVKkQkSBVEQQNcWliWkIe87EAcuApcBUgAOWwFSA9EBUgAQAEznAVI
43=A0gAVANIAEABBl5fXVBSUUtOUEwBSEVIAC3kAkQmDJ6nUJyheElMSzw+OkBER1htXBG4Fk
44=gVKggAMNwKIAm0ArwRtABQEUABSABAAagAJywAQAFIALMCWFpZUBFMAVgWSAAt5AJPLnN0
45=ckwlTBBULSQoRlRIJ+QCIBtsBScMAkABOZwFTBNABFQASABAAUgAQAFIAANER0hbXV5AAV
46=gWSAAt5AJMLrACXAJDcGBeWyFsOKwrSAZQCEgAUBpIAFQbTAFQAkgAQAFIAEABSABAAUgA
47=QAFIAEABSABAAUgAQAFIAKABVABIAFgBSABAAUgAQAFIAEABqAAnLABAAUgAsAJUAKwBRB
48=RIAEQURAJYc0gATCtMLkvDaGdnMGwFSBVIAKwHSAZAAUgAQAFIAEABSABAAUgAQAFIAEAB
49=SABAAUgAQAFIAEABOZwFVANIAFgEqAAnLABAAUgAsAJUAKwBWBZIAKQXRAJYFkgASFpIAK
50=wEQCtIACq0ArwCVABIAEgGSABAAUgAQAFIAEABSABAAUgAQAFIAEABSABDAf///1QASABY
51=AUgAQAFIAEABSABAAUgAQAFIAEABqAAnLABAAUgAsAJUAKwBWBZIAEQXAz1CRk5QUSqUKy
52=eMAKABvAVMAUgArAFUAKgARAJIADksABEAAA==

[Africans]
IQ=0
Edge=North
Color=DarkRed
Allies=Africans
Country=Africans
Credits=0
NodeCount=0
TechLevel=1
PercentBuilt=0
PlayerControl=no

[Alliance]
IQ=0
Edge=North
Color=Gold
Allies=Alliance
Country=Alliance
Credits=0
NodeCount=0
TechLevel=1
PercentBuilt=0
PlayerControl=no

[Americans]
IQ=0
Edge=North
Color=Gold
Allies=Americans
Country=Americans
Credits=0
NodeCount=0
TechLevel=1
PercentBuilt=0
PlayerControl=no

[Arabs]
IQ=0
Edge=North
Color=DarkRed
Allies=Arabs
Country=Arabs
Credits=0
NodeCount=0
TechLevel=1
PercentBuilt=0
PlayerControl=no

[Basic]
Name=No name
Author=Author Not Set
Percent=0
GameMode=standard
HomeCell=98
InitTime=10000
Official=no
EndOfGame=no
FreeRadar=no
MaxPlayer=2
MinPlayer=2
SkipScore=no
TrainCrate=no
TruckCrate=no
AltHomeCell=99
OneTimeOnly=no
CarryOverCap=0
NewINIFormat=4
NextScenario=
SkipMapSelect=no
CarryOverMoney=0.000000
AltNextScenario=
MultiplayerOnly=1
IceGrowthEnabled=no
VeinGrowthEnabled=no
TiberiumGrowthEnabled=yes
IgnoreGlobalAITriggers=no
TiberiumDeathToVisceroid=no

[British]
IQ=0
Edge=North
Color=Gold
Allies=British
Country=British
Credits=0
NodeCount=0
TechLevel=1
PercentBuilt=0
PlayerControl=no

[Confederation]
IQ=0
Edge=North
Color=DarkRed
Allies=Confederation
Country=Confederation
Credits=0
NodeCount=0
TechLevel=1
PercentBuilt=0
PlayerControl=no

[FA2spVersionControl]
Version=1

[French]
IQ=0
Edge=North
Color=Gold
Allies=French
Country=French
Credits=0
NodeCount=0
TechLevel=1
PercentBuilt=0
PlayerControl=no

[GDI]
IQ=0
Edge=North
Color=Gold
Allies=GDI
Country=GDI
Credits=0
NodeCount=0
TechLevel=1
PercentBuilt=0
PlayerControl=no

[Germans]
IQ=0
Edge=North
Color=Gold
Allies=Germans
Country=Germans
Credits=0
NodeCount=0
TechLevel=1
PercentBuilt=0
PlayerControl=no

[Houses]
0=Americans
1=Alliance
2=French
3=Germans
4=British
5=Africans
6=Arabs
7=Confederation
8=Russians
9=YuriCountry
10=GDI
11=Nod
12=Neutral
13=Special

[Infantry]
0=Neutral,CIVBF,256,25,39,0,Guard,64,None,0,-1,0,1,0

[IsoMapPack5]
1=VQ4AIA8eAAEAWAMAAAAEAB0AAgBYAwBpAR4oKQAfKCsAHAAD4QQdKCkAHigpAB8oKQAgKC
2=kAG0wL3QocKCkAHSgpAB4oKQAfKCkAICgpACEoKwAaAAXtEBsoKQAcKCkAHSgpAB4oKQAf
3=KCkAICgpACEoKQAiKCsAGQAG6QwaKCkAGygpABwoKQAdKCkAHigpAB8oKQAgKCkAISgpAC
4=IoKQAjKCsAGAAH4Q8ZKCkAGigpABsoKQAcKCkAHSgpAB4oKQAfKCkAICgpACEoKQAiKCkA
5=IygpACQoKwAXAAj5ERgoKQAZKCkAGigpABsoKQAcKCkAHSgpAB4oKQAfKCkAICgpACEoKQ
6=AiKCkAIygpACQoKQAlKCsAFgAJ8RQXKCkAGCgpABkoKQAaKCkAGygpABwoKQAdKCkAHigp
7=AB8oKQAgKCkAISgpACIoKQAjKCkAJCgpACUoKQAmKCsAFQAK6RcWKCkAFygpABgoKQAZKC
8=kAGigpABsoKQAcKCkAHSgpAB4oKQAfKCkAICgpACEoKQAiKCkAIygpACQoKQAlKCkAJigp
9=ACcoKwAUAAvhGhUoKQAWKCkAFygpABgoKQAZKCkAGigpABsoKQAcKCkAHSgpAB4oKQAfKC
10=kAICgpACEoKQAiKCkAIygpACQoKQAlKCkAJigpACcoKQAoKCsAEwAM+RwUKCkAFSgpABYo
11=KQAXKCkAGCgpABkoKQAaKCkAGygpABwoKQAdKCkAHigpAB8oKQAgKCkAISgpACIoKQAjKC
12=kAJCgpACUoKQAmKCkAJygpACgoKQApKCsAEgAN8R8TKCkAFCgpABUoKQAWKCkAFygpABgo
13=KQAZKCkAGigpABsoKQAcKCkAHSgpAB4oKQAfKCkAICgpACEoKQAiKCkAIygpACQoKQAlKC
14=kAJigpACcoKQAoKCkAKSgpACooKAADEQAOACUBneYSKCkAEygpABQoKQAVKCkAFigpABco
15=KQAYKCkAGSgpABooKQAbKCkAHCgpAB0oKQAeKCkAHygpACAoKQAhKCkAIigpACMoKQAkKC
16=kAJSgpACYoKQAnKCkAKCgpACkoKQAqKCkAKygoAAIQAA8AJ0AlAQUEABFIAWwmAQEEABJK
17=ARYCmScTSAElpSAUKCkAFSgpABYoKQAXKCkAGCgpABkoKQAaKCkAGygpABwoKQAdKCkAHi
18=gpAB8oKQAgKCkAISgpACIoKQAjKCkAJCgpACUoKQAmKCkAJygpACgoKQApKCkAKigpACtI
19=AdUjLEgBbiYDBEEBEJgnAQcEABBEAHUCCGUpEJVPAmQpJykAE0AEZAhVAhQoKQAVKCkAFi
20=gpABcoKQAYKCkAGSgpABooKQAbKCkAHCgpAB0oKQAeKCkAHygpACAoKQAhKCkAIigpACMo
21=KQAkKCkAJSgpACYoKQAnKCkAKCgpACkoKQAqKCkAKygpACxIAWwmAQYEAC3IAUUpDklRJk
22=1SAH4rEQBoAU1SENQCWScRSQGwJFUsEkkBr6kBE0kBrqkBFEgBwQQVSQGxtQIWSAHNBRdI
23=Ac0FGEgBzQUZSAHNBRpIAc0FG0gBzQUcSAHNBR1IAc0FHkgBzQUfSAHNBSBIAc0FIUgBzQ
24=UiSAHNBSNIAc0FJEgBzQUlSAHNBSZIAc0FJ0gBzQUoSAHNBSlIAc0FKkgBzQUrSAHNBSxI
25=AXgnRSktyAFFKS7IAUUpDUh91XsOSAHNBQ9IAdUCEEgBdAJNBRFIAdUNEkkB7KU0E8gBXQ
26=oUyAFNBRVKAVEEgYgWSQG1TAVBOxfIAUlkGMgBAQkEABkoKQAaSQEKTAVdFRvIAV0KHEgB
27=0QkdKCkAHigpAB9IAdkGIMgBWQYhSQGPSBBRCSJIAcUIIygpACRJAZGhBCVJAYWpASZJAY
28=epASdIAdkGKCgpACkoKQAqSAHJDCtIAdkyLEgBbCZBDy1JARahqS5IAXQCVSMvSAHfKwwA
29=E+33DSgpAA5IAWwFRQgPSAHNBRBIAXQCRQgRSAHNPBJIAXQCTQUTyAFRHxTIAU0FFUgB1R
30=gWSAFsMQEOBAAXyAEBDwQAGMkBEG4xEwBgBEkBGlUCBe4xEwBoAV0KHFQC0QkdSQHIoQQe
31=yAFBBB9JAQS1AiDIAVUCIUkBjrEqIkgBxQgjKCkAJEkBrrkGJUkBjK0FJkkBhqkBJ0kBxq
32=EEKMgBXQopSAHRCSpJAY6tBStIAdFhLEgB1SMtSAHFKS5IAXQCVSMvSAHVAjAoKwALABT5
33=MgwoKQANKCkADkgBZAhVLg9IAcUIEEgBdAJdChFIAd1BEkgBdAJNBRPIAUkXFMgBTQUVSA
34=HVGBYoKQAXKCkAGCgpABkoKQAaSAF4MkUIG8gBSdIcSAHRCR1IAWQ0QQQeyAFBBB9IAWQ0
35=VQIgyAFVAiFJAZK5JyJIAcUIIygpACRJAbGhMCVJAZCtBSZJAYqpASdIAWQ0XQooyAFdCi
36=lIAdEJKkgByQwrSQGxtbIsSAHVIy1IAcUpLkgBdAJRCS9IAdUCMCgpADEoKwAKABXxNQso
37=KQAMKCkADSgpAA5IAXwKTTEPSAHdChBIAXQCVQ0RSAHNRxJIAXQCTQUTyAGdNhWI0k0FFV
38=QCbB9BBBZJAVGhnhcoKQAYSQHOrSYZyAFFCBpIAXw2AQQEABvIAQEFBAAcSAHFCB0oKQAe
39=KCkAH0kByHsNBAAgyAFRCSFJAee1AiLIAVUCI8gBURQkyAFVAiXIAVUCJkkBwrkGJ8gBQQ
40=QoSQG1uTIpSQG0qQEqSQHUTAVZBitIAd2OLEgB1SMtSAHFKS5IAXQCTQUvSAHVAjAoKQAx
41=KCkAMigrAAkAFuk4CigpAAsoKQAMKCkADSgpAA5IAXQNQTAPSAHVDRBIAXQCTRARSQGxtR
42=gSSAEnzhoWAGgBRR4U1AJNBRVJAcGxNRZJAZFEHl0KF0kBi6kBGEgBdDlNBRnIAUFcGkgB
43=dTkGdTkWnaQHdzkWAFG9QR1BBJOlCB5IAdUCH0gBdDlRCSDIAVEJIUgBdDlJASLIAVVEI8
44=gBVUQkyAFVAiXIAVUCJkgBdDlRCSfIAUUIKEkBv0APWRwpSQG5SAFBGirIAVUCK0gBzZQs
45=SAFsJkEELUgBxSkuSAF0Al0KL0gB1QIwKCkAMSgpADIoKQAzKCkACEDN2QYJKCkACigpAA
46=soKQAMKCkADSgpAA5IAWwQRRMPSAHV6RBIAXQCRRMRSAHNUhJJASypOBPIAVkcFMgBTQUV
47=SQHroQQWSAEiOC5dChcoKQAYKCkAGSgpABpJATVYBkktG8gBWT0cSAHFCB0oKQAeSAHJDB
48=9IAdkGIMgBWQYhSAHZBiIoKQAjKCkAJEkBL1QNSRclyAFJFybIAUE7J0gBYDtVAijIAVUC
49=KUgBbDxVAirIAVUCK0gB3ZksSAFsJkUeLUgB2TIuSAF0AlkGL0gB1QIwKCkAMSgpADIoKQ
50=AzKCkANCgrAAcAGP14CCgpAAkoKQAKKCkACygpAAwoKQANKCkADkgBZBNdFQ9IAcUTEEgB
51=dAJdFRFIAd1XEkgBcCpVAhMoKQAUKCkAFUgBeDJBBBZIAc0FFygpABgoKQAZKCkAGigpAB
52=soKQAcKCkAHSgpAB5IAckMH0gByQwgKCkAISgpACIoKQAjKCkAJCgpACVIAXBAAQkEACbI
53=AVmKJ0gBwYgoSAHRYSkoKQAqKCkAK0kBsa2fLEgBbCZFKS1IAcUpLkgBdAJJIi9IAdUCMC
54=gpADEoKQAyKCkAMygpADQoKQA1KCsABgAZ8UAHKCkACCgpAAkoKQAKKCkACygpAAwoKQAN
55=KCkADkgBfBVVGA9IAd0VEEgBdAJVGBFIAc1dEkkBmKGeE8gBWWkUyAFFCBXIAVUCFsgBVQ
56=IXyAFVAhjIAVUCGcgBVQIayAFVAhvIAVUCHEkBmrUNHcgBVQIeyAFNBR/IAVUCIEkBma0F
57=IcgBVQIiSQGXtQIjSQFRqcckKCkAJUgBeBxRCSZIAWhDAQsEACdIAc0FKEgBJzwIXNMk1T
58=EqKFUAK0gB3aQsSAHRCS1IAcUpLkgBdAJFKS9IAdUCMCgpADEoKQAyKCkAMygpADQoKQA1
59=KCkANigrAAUAGulDBigpAAcoKQAIKCkACSgpAAooKQALKCkADCgpAA0oKQAOSAF0GEElD0
60=gB1RgQSAF0Ak0bEUkBsb1iEkgBdERNJRPIAUEDFMgBVQIVyAFVAhbIAVUCF8gBVQIYyAFV
61=AhnIAVUCGsgBVQIbyAFVAhxIAXREVQIdyAFVAh7IAVUCH8gBVQIgSAF0RFUCIcgBVQIiSA
62=F0RFUCI8gBSbwkSQFXrUclSAF4HFEfJsgBRR4nSQFRpUooSAEnlggaAMkBKihVACtIAc2q
63=LEgB0QktSAHFKS5IAXQCXQovSAHVAjAoKQAxKCkAMigpADMoKQA0KCkANSgpADYoKQA3KC
64=gAIlAlywwFABso7AgnKQAHKFUACCgpAAkoKQAKKCkACygpAAwoKQANKCkADkgBbBtZJw9I
65=AcEPEEgBdAJFHhFIAc1oEkkBPFT0QS8TyAFVARRJAT5cAFUCFcgBVQEWyAFVAhfIAVUCGM
66=gBVQIZyAFVAhpJATpcAFUCG8gBVQEcSQE7XABVAh3IAVUBHsgBVQIfyAFVAiBJAT1cAFUC
67=IcgBVQEiSAFkCEkBI0gBeEgBBQAAJEkBVkAFRR4lSAF4HEkBJsgBRR4nSAEn7ggbACd1MB
68=so7wgbALRMU1kGK0wF3a8sSAHRCS1IAcUpLkgBdAJdCi9IAdUCMCgpADEoKQAyKCkAMygp
69=ADQoKQA1KCkANigpADcoKQA4KCsAAwAc7EcibC7BDwUoVQAGKCkABygpAAgoKQAJKCkACi
70=gpAAsoKQAMKCkADSgpAA5IAWQeVSMPSAHBDxBIAXQCXSARSAHcbQUSABwAPAEAABEAABwP
71=ACAAAQIAABMAHAA8AQAAAwAAFAAcAD5IAVUCFcgBVQIWyAFVAhfIAVUCGMgBVQIZyAFVAh
72=pJATqlCBvIAVUCHEkBO7UCHcgBVQIeyAFFCB/IAVUCIEkBPa0FIcgBVQIiSAFkCEkBI0gB
73=fBVZBiRKAVQAQwAEACVJASZYBgEABAAmSQE5SAEBCAQAJ0kB41wDVQIoyAEBAQQAKcgBAQ
74=IEACrIAQEDBAArSQGxXAtNBSxIAdEJLUkBWLUCLkgBdAJZBi9IAdUCMCgpADEoKQAyKCkA
75=MygpADQoKQA1KCkANigpADcoKQA4KCkAOSgoAAECAB0AwQ8DKCkABCgpAAUoKQAGKCkABy
76=gpAAgoKQAJKCkACigpAAsoKQAMKCkADSgpAA5IAXwgQSUPSAHZERBIAXQCVSMRSQGvrSYS
77=SAFwNU0wE8gBRTMUSAF8TFUCFcgBVQIWSAHNBRfIAVUCGEgBfEFNBRnIAVUCGkgBzQUbyA
78=FVAhxIAXRPTQUdyAFVAh5IAdUNH8gBVQIgSAHFCCHIAVUCIsgBRQgjyAFVAiRIAXxMTUcl
79=SAF4HFEfJkgBfUwNfkwdAHxMAQQEAChUAmkBBXxMtQIGfEypAQd/TB0ArrUjLEwF0QktSA
80=HFKS5IAXQCRSkvSAHVAjAoKQAxKCkAMigpADMoKQA0KCkANSgpADYoKQA3KCkAOCgpADko
81=KQA6KCgAAgEAHgAWUG1FHgJIAdkRAygpAAQoKQAFKCkABigpAAcoKQAIKCkACSgpAAooKQ
82=ALKCkADCgpAA0oKQAOSAF0I1kRD0gB2REQSAF0Ak0mEUgB3XgSSAFsPFUXE8gBQS8USAF8
83=QVUCFcgBVQIWSAHNBRfIAVUCGEgBdE9NBRnIAVUCGkgBzQUbyAFVAhxIAXRPTQUdyAFVAh
84=5IAdUNH8gBVQIgSAHFCCHIAVUCIsgBRQgjyAFVAiRJAVZAUkUeJUkB7EBSSQEmyAFFHidK
85=AVEERAR2Tx4AyQEpKFUAKigpACtJAbBQCkUILEgBbCZJAS1IAcUpLkgBdAJdCi9IAdUCMC
86=gpADEoKQAyKCkAMygpADQoKQA1KCkANigpADcoKQA4KCkAOSgpADooKQA7KCsAAgAfKOwT
87=JykABChVAAUoKQAGKCkABygpAAgoKQAJKCkACigpAAsoKQAMKCkADSgpAA5IAXQjTSYPSA
88=HVIxBIAXQCTSYRSAHVexJIAWw8QTMTyAFJNxTIAVUCFcgBVQIWSAF821UCF8gBVQIYSAF0
89=T1UCGcgBVQIaSAFkSlUCG8gBVQIcyAFVAh3IAVUCHsgBVQIfyAFVAiBIAd0KIcgBVQIiSA
90=HdFSNJAXZURFUCJEkBd0gBRR4lSAF4HEkBJsgBRR4nSQEWRFZVAigoKQApKCkAKigpACtI
91=AcXDLEgB0QktSAHFKS5IAXQCXQovSAHVAjAoKQAxKCkAMigpADMoKQA0KCkANSgpADYoKQ
92=A3KCkAOCgpADkoKQA6KCkAOygrAAMAIPVPBCgpAAUoKQAGKCkABygpAAgoKQAJKCkACigp
93=AAsoKQAMKCkADSgpAA5IAWgiXSsPSAHJIhBIAXQCQSURSAHJehJIAWg4WTETyAFJNxTIAV
94=UCFcgBVQIWSAFoTlUCF8gBVQIYSAFoQ1UCGcgBVQIaSAFoTlUCG8gBVQIcyAFVAh3IAVUC
95=HsgBVQIfyAFVAiBIAd0KIcgBVQIiSAF8TE0FI8gBAQMEACRIAdGYJUgBeBxRHybIAUUeJ0
96=gBJ8kJIPXTKShVACooKQArSQGxSA1FCCxIAdEJLUgBxSkuSAF0Al0KL0gB1QIwKCkAMSgp
97=ADIoKQAzKCkANCgpADUoKQA2KCkANygpADgoKQA5KCkAOigrAAQAIf1MBSgpAAYoKQAHKC
98=kACCgpAAkoKQAKKCkACygpAAwoKQANKCkADkgBcB9VIw9IAdEfEEgBdAJJIhFIAcV2EkkB
99=R0CJTQUTyAEBAQQAFMgBVQIVyAFVAhbIAVUCF8gBVQIYyAFVAhnIAVUCGsgBVQIbyAFVAh
100=xJAUq1DR0oKQAeKCkAH0gB2REgyAFZBiFIAdkGIkgBxZcjSQFRpeQkSAHNRyVIAXgcQQ8m
101=yAFFHidIAcEEKCgpACkoKQAqKCkAK0gB1b0sSAHRCS1IAcUpLkgBdAJdCi9IAdUCMCgpAD
102=EoKQAyKCkAMygpADQoKQA1KCkANigpADcoKQA4KCkAOSgrAAUAIuVKBigpAAcoKQAIKCkA
103=CSgpAAooKQALKCkADCgpAA0oKQAOSAF4HEUpD0gB2RwQSAF0AlEfEUkBsbVwEkkBJUDLTQ
104=UTKCkAFCgpABVJAeuhBBZIAc0FFygpABgoKQAZKCkAGigpABsoKQAcKCkAHSgpAB5IAckM
105=H0gByQwgKCkAISgpACIoKQAjKCkAJCgpACVJATFcFUWXJkgBIkgwI+k5IiNIMFkcKFQCIk
106=gwWVMpyAFJIirIAVkGK0gBxbgsSAFsJlkGLUgBxSkuSAF0AlkGL0gB1QIwKCkAMSgpADIo
107=KQAzKCkANCgpADUoKQA2KCkANygpADgoKwAGACPtRwcoKQAIKCkACSgpAAooKQALKCkADC
108=gpAA0oKQAOSAFgGlkcD0gBwRoQSAF0AlkcEUgBxWsSSQEqXCsBBgQAE8kBB36OIwB0Akkt
109=FVQCdDlZBhZIAXQ5SQEXKCkAGCgpABkoKQAaSQE2XAoBDQQAG8gBAQ4EABxIAcUIHSgpAB
110=5IAckMH0gB2QYgyAFZBiFIAdkGIigpACMoKQAkSAF8FVUYJcgBVRgmSAFgRk0QJ0gBdEQj
111=DTkjjEcjDDmoAVkGKsAEWQYrSAHVsixIAWwmRSktSAHFKS5IAXQCXSAvSAHVAjAoKQAxKC
112=kAMigpADMoKQA0KCkANSgpADYoKQA3KCkAB0j2yQwIKCkACSgpAAooKQALKCkADCgpAA0o
113=KQAOSAFoF0EaD0gB3QoQSAF0AkEaEUgB1WUSSAElPTQTyAFRbBTIAU0FFUkBUaG/FkkBul
114=g9XQoXyAFNBRjIAU0FGcgBQXIaSQEErQUbyAFNBRxIAdEJHSgpAB4oKQAfSAHZBiDIAVkG
115=IUgB2QYiKCkAIygpACRIAdUYJcgBWQYmyAFFEydIAWjhSRcoSAHRCSkoKQAqKCkAK0kBsa
116=WtLEgBbCZZBi1IAcUpLkgBdAJdCi9IAdUCMCgpADEoKQAyKCkAMygpADQoKQA1KCkANigr
117=AAgAJfWGCSgpAAooKQALKCkADCgpAA0oKQAOSAFwFEkXD0gB0RQQSAF0AkkXEUgBxWASSA
118=F0Ak0FE8gBWScUyAFNBRVJAY9/JwQAFkgBcEBRbBfIAVFsGMgBUWwZyAFRbBpIAXQ5RQgb
119=yAFJQxxJAVGlSh0oKQAeKCkAH0gB2QYgyAFZBiFIAdkGIkkBk7kRI0gB1QIkSAHVGCXIAV
120=UYJsgBTRAnSAHNBSgoKQApSQHFpVUqyAFZBitIAdWnLEgB3QotSAHFKS5IAXQCXQovSAHV
121=AjAoKQAxKCkAMigpADMoKQA0KCkANSgrAAkAJuU/CigpAAsoKQAMKCkADSgpAA5IAXgRST
122=gPSAHZERBIAXQCURQRSQGxtVoSSAF0Ak0FE8gBRR4UyAFNBRVJAY69KxZIAXg9UcQXyAEB
123=CQQAGMgBAQoEABnIAQELBAAaSAF8NklDG8gBSUMcSQHIvSsdyAFVDR5JAVGxQB9IAdkGIM
124=gBWQYhSAHBBCIoKQAjSQHBsQkkSAHVGCXIAV0KJsgBVRgnSAHVRChIAdEJKUgBeD1BBCrI
125=AVFLK0gBxaIsSAHdCi1IAcUpLkgBdAJZBi9IAdUCMCgpADEoKQAyKCkAMygpADQoKwAKAC
126=ftPAsoKQAMKCkADSgpAA5IAWAPUTUPSAHBDxBIAXQCWRERSAHFVRJIAXQCTQUTyAFJIhTI
127=AU0FFUgBJ2IHJwBgOwEMBAAXVAJoAUnoGMkBDmA7oQQPYjsnAGQ0VXsbQARoAVV7HEgBYD
128=tdCh3IAUUpHkgByS0fSAFsBVkGIMgBWQYhSAHBBCIoKQAjSQHE4DtEN6kBJVQCYBpVGCbI
129=AVUNJ0gBxQgoKCkAKSgpACooKQArSAHVnCxIAXAJVSMtSAHFKS5IAXQCXQovSAHVAjAoKQ
130=AxKCkAMigpADMoKwALACj1OQwoKQANKCkADkgBaAxBDw9IAckMEEgBdAJBDxFIAdVPEkgB
131=dAJNBRPIAVEfFMgBTQUVSQGO7XMoiTgUaDipARVsc6kBFmg4qQEXaTgoiDiMc6gBUWwcUA
132=nFKR0oKQAeKCkAH0gBaDhZBiDIAVkGIUgB2QYiKCkAIygpACRJAS7qOCgAaAFVGCbUAlUY
133=J8gBQUYoSAEi3CdFHikoKQAqSAEiuChVAitJAbGllyxIAdUjLUgBxSkuSAF0Al0KL0gB1Q
134=IwKCkAMSgpADIoKwAMACn9Ng0oKQAOSAFwCUEPD0gB0QkQSAF0AkkMEUgBxUoSSAF0Ak0F
135=E8gBWRwUyAFNBRVIASexBimRNRhwNakBGXA1qQEacDWpARtxNSmQNUFnG0QIYDBBZxxJAV
136=Gpph0oKQAeKCkAH0gBbAVZBiDIAVkGIUgBJTU+IigpACNJAcWxKiRIAWQ0TTwlyAFNPCbI
137=AVEJJ8gBUQkoSAFwNVkcKSgpACpIAXA1VQIrSAHVkSxIAdUjLUgBxSkuSAF0AlUjL0gB1Q
138=IwKCkAMSgrAA0AKuU0DkgBeAZJLQ9IAdkGEEgBdAJRCRFIAScMDUS7tU8TVAJgBEUTFMgB
139=TQUVSQGQ72gqAImpARdUAskBGCgpABlJAYuhBBpJAQq9ChvIAV0KHEgBfANFEx0oKQAeKC
140=kAH0gB2QYgyAFZBiFJAZF/BgQAIkgBwQ8jSAHVDSRIAXgyRe8lyQEJIml2KphpRe8n1QIL
141=ItJiKgB4Mk0bKVQCyQEqSAF4MlUCK0gB1SMsSAFoIl0VLUgBxSkuSAF0Ak0FL0gB1QIwKC
142=oADgBM5LEfD8gBVRgQyAFZBhFIASddDCsmgW4TVALBDxRJAbGpThVIAc0FFkgBwUYXSAHN
143=BRhIAc0FGUgBzQUaSAHNBRtIAc0FHEgBzQUdSAHNBR5IAc0FH0gBzQUgSAHNBSFIAc0FIk
144=gBzQUjSAHNBSRIAc0FJUgBzQUmSAEJrgMAAAAEACcAKwCwEQAA/gQODAgDAAAABAAoACsA
145=sagBAikAKwCvqQEqSQGuqQErSAHVAixKASYBmQYtyAEBAQQALsgBAQIEAC9JAVi4BgIPAC
146=wAJ0wFQQQQyAFBBBFJASVUAgEABAASKCkAEygpABQoKQAVKCkAFigpABcoKQAYKCkAGSgp
147=ABooKQAbKCkAHCgpAB0oKQAeKCkAHygpACAoKQAhKCkAIigpACMoKQAkKCkAJSgpACYoKQ
148=AnKCkAKCgpACkoKQAqKCkAKygpACxIAXgnQSUtyAFFKS7IAUcpEAAtnCsBBQQAEUgBcCpB
149=BBJKARYChTQTSAHNMRQoKQAVKCkAFigpABcoKQAYKCkAGSgpABooKQAbKCkAHCgpAB0oKQ
150=AeKCkAHygpACAoKQAhKCkAIigpACMoKQAkKCkAJSgpACYoKQAnKCkAKCgpACkoKQAqKCkA
151=K0gB1SMsSAFyKgMEQAG5JwR6Jy4AYARRKhJQWckBEygpABQoKQAVKCkAFigpABcoKQAYKC
152=kAGSgpABooKQAbKCkAHCgpAB0oKQAeKCkAHygpACAoKQAhKCkAIigpACMoKQAkKCkAJSgp
153=ACYoKQAnKCkAKCgpACkoKQAqKCkAKygpACxIAXknBnJ3LwDRSxNUfskBFCgpABUoKQAWKC
154=kAFygpABgoKQAZKCkAGigpABsoKQAcKCkAHSgpAB4oKQAfKCkAICgpACEoKQAiKCkAIygp
155=ACQoKQAlKCkAJigpACcoKQAoKCkAKSgpACooKQArKCsAEwAw9SMUKCkAFSgpABYoKQAXKC
156=kAGCgpABkoKQAaKCkAGygpABwoKQAdKCkAHigpAB9JATdErQEHBAAgSAHFNCFJATlUAkk4
157=IkgB1QIjSAF0AgEIBAAkSAHVAiUoKQAmKCkAJygpACgoKQApKCkAKigrABQAMf0gFSgpAB
158=ZJATVMEEWXF8gBWREYSAHBDxlJATZABAENBAAayAEBDgQAG0gBwQQcSQE0QAQBCQQAHcgB
159=AQoEAB5IAcEEH0gBcR8McB8nDQIhVAJ4HAELBAAiSAHNBSNIAXQCVQ0kSAHVAiUoKQAmKC
160=kAJygpACgoKQApKCsAFQAy5R4WKCkAFygpABgoKQAZKCkAGigpABsoKQAcKCkAHSgpAB4o
161=KQAfKCkAICgpACEoKQAiKCkAIygpACQoKQAlKCkAJigpACcoKQAoKCsAFgAz7RsXKCkAGC
162=gpABkoKQAaKCkAGygpABwoKQAdKCkAHigpAB8oKQAgKCkAISgpACIoKQAjKCkAJCgpACUo
163=KQAmKCkAJygrABcANPUYGCgpABkoKQAaKCkAGygpABwoKQAdKCkAHigpAB8oKQAgKCkAIS
164=gpACIoKQAjKCkAJCgpACUoKQAmKCsAGAA1/RUZKCkAGigpABsoKQAcKCkAHSgpAB4oKQAf
165=KCkAICgpACEoKQAiKCkAIygpACQoKQAlKCsAGQA25RMaKCkAGygpABwoKQAdKCkAHigpAB
166=8oKQAgKCkAISgpACIoKQAjKCkAJCgrABoAN+0QGygpABwoKQAdKCkAHigpAB8oKQAgKCkA
167=ISgpACIoKQAjKCgAARsAOADegxwAJykAHSgpAB4oKQAfKCkAICgpACEoKQAiKCgAARwAOQ
168=DdCh0oKQAeKCkAHygpACAoKQAhKCsAHQA65QgeKCkAHygpACAoKwAeADvsBQgfADsAWAMA
169=AAAEABEAAA==

[Lighting]
Red=0.900000
Blue=0.900000
Green=0.900000
Level=0.022000
Ground=0.000000
IonRed=0.600000
Ambient=0.900000
IonBlue=0.850000
IonGreen=0.700000
IonLevel=0.022000
IonGround=0.000000
IonAmbient=0.900000
DominatorRed=0.850000
DominatorBlue=0.300000
DominatorGreen=0.200000
DominatorLevel=0.022000
DominatorGround=0.000000
DominatorAmbient=0.900000
DominatorAmbientChangeRate=0.009000

[Map]
Size=0,0,30,30
Theater=NEWURBAN
LocalSize=1,4,28,23

[Neutral]
IQ=0
Edge=North
Color=Grey
Allies=Neutral
Country=Neutral
Credits=0
NodeCount=0
TechLevel=1
PercentBuilt=0
PlayerControl=no

[Nod]
IQ=0
Edge=North
Color=Gold
Allies=Nod
Country=Nod
Credits=0
NodeCount=0
TechLevel=1
PercentBuilt=0
PlayerControl=no

[OverlayDataPack]
1=BQAAIP4AIACABQAAIP4AIACABQAAIP4AIACABQAAIP4AIACABQAAIP4AIACABQAAIP4AIA
2=CABQAAIP4AIACABQAAIP4AIACABQAAIP4AIACABQAAIP4AIACABQAAIP4AIACABQAAIP4A
3=IACABQAAIP4AIACABQAAIP4AIACABQAAIP4AIACABQAAIP4AIACABQAAIP4AIACABQAAIP
4=4AIACABQAAIP4AIACABQAAIP4AIACABQAAIP4AIACABQAAIP4AIACABQAAIP4AIACABQAA
5=IP4AIACABQAAIP4AIACABQAAIP4AIACABQAAIP4AIACABQAAIP4AIACABQAAIP4AIACABQ
6=AAIP4AIACABQAAIP4AIACABQAAIP4AIACA

[OverlayPack]
1=BQAAIP4AIP+ABQAAIP4AIP+ABQAAIP4AIP+ABQAAIP4AIP+ABQAAIP4AIP+ABQAAIP4AIP
2=+ABQAAIP4AIP+ABQAAIP4AIP+ABQAAIP4AIP+ABQAAIP4AIP+ABQAAIP4AIP+ABQAAIP4A
3=IP+ABQAAIP4AIP+ABQAAIP4AIP+ABQAAIP4AIP+ABQAAIP4AIP+ABQAAIP4AIP+ABQAAIP
4=4AIP+ABQAAIP4AIP+ABQAAIP4AIP+ABQAAIP4AIP+ABQAAIP4AIP+ABQAAIP4AIP+ABQAA
5=IP4AIP+ABQAAIP4AIP+ABQAAIP4AIP+ABQAAIP4AIP+ABQAAIP4AIP+ABQAAIP4AIP+ABQ
6=AAIP4AIP+ABQAAIP4AIP+ABQAAIP4AIP+A

[Russians]
IQ=0
Edge=North
Color=DarkRed
Allies=Russians
Country=Russians
Credits=0
NodeCount=0
TechLevel=1
PercentBuilt=0
PlayerControl=no

[Special]
IQ=0
Edge=North
Color=Grey
Allies=Special
Country=Special
Credits=0
NodeCount=0
TechLevel=1
PercentBuilt=0
PlayerControl=no

[SpecialFlags]
Inert=no
FogOfWar=no
IonStorms=no
MCVDeploy=no
Meteorites=no
Visceroids=no
FixedAlliance=no
TiberiumGrows=yes
InitialVeteran=no
HarvesterImmune=no
TiberiumSpreads=yes
TiberiumExplosive=no
DestroyableBridges=yes

[Structures]
0=Neutral,CAMIAM05,256,28,37,64,None,0,0,1,0,0,None,None,None,1,0
1=Neutral,CALA09,256,40,36,64,None,0,0,1,0,0,None,None,None,1,0
2=Neutral,CAMSC01,256,30,36,64,None,0,0,1,0,0,None,None,None,1,0
3=Neutral,CAMIAM03,256,33,38,64,None,0,0,1,0,0,None,None,None,1,0
4=Neutral,CALA08,256,22,20,64,None,0,0,1,0,0,None,None,None,1,0
5=Neutral,CALA07,256,28,19,64,None,0,0,1,0,0,None,None,None,1,0
6=Neutral,CASANF01,256,34,18,64,None,0,0,1,0,0,None,None,None,1,0
7=Neutral,CASANF02,256,39,18,64,None,0,0,1,0,0,None,None,None,1,0
8=Neutral,CAWASH07,256,40,31,64,None,0,0,1,0,0,None,None,None,1,0
9=Neutral,CAWASH09,256,40,24,64,None,0,0,1,0,0,None,None,None,1,0
10=Neutral,CAWASH18,256,36,18,64,None,0,0,1,0,0,None,None,None,1,0
11=Neutral,CAURB03,256,36,33,64,None,0,0,1,0,0,None,None,None,1,0
12=Neutral,CAURB01,256,35,37,64,None,0,0,1,0,0,None,None,None,1,0
13=Neutral,CASTRT05,256,24,22,64,None,0,0,1,0,0,None,None,None,1,0
14=Neutral,CAURB02,256,39,27,64,None,0,0,1,0,0,None,None,None,1,0
15=Neutral,CAPARK05,256,38,19,64,None,0,0,1,0,0,None,None,None,1,0

[TaskForces]

[Terrain]
18033=TREE05
18038=TREE08
19033=TREE02
19042=TREE03
20026=LT_GEN03
20032=LT_GEN01
20033=TREE10
20036=TREE01
20037=TREE11
20042=TREE14
21021=TREE15
21035=LT_GEN04
22021=LT_SGN04
22023=TREE08
22028=LT_SGN04
22029=TREE08
22040=LT_GEN04
23038=TREE05
25036=LT_EUR01
28041=LT_GEN04
30039=LT_SGN01
35041=LT_GEN02
36021=SIGN02
36022=LT_SGN02
36029=LT_SGN02
36035=LT_SGN02
36039=TREE10
37021=TREE18
37022=LT_GEN03
37026=LT_GEN03
37034=TREE07
38021=TREE16
38039=TREE15
39021=TREE18
40021=TREE17
40022=LT_GEN03
40032=LT_GEN01
41021=TREE17
41026=LT_GEN03
42021=TREE16
42022=TREE17
42023=TREE18
42024=TREE18
42025=TREE17
42028=TREE14
42029=TREE05
42030=TREE02
42033=TREE06
42035=TREE12

[Units]
0=Neutral,CAR,256,25,19,0,Guard,None,0,-1,0,-1,1,0
1=Neutral,STANG,256,24,19,0,Guard,None,0,-1,0,-1,1,0
2=Neutral,SUVB,256,22,18,0,Guard,None,0,-1,0,-1,1,0
3=Neutral,LIMO,256,34,41,64,Guard,None,0,-1,0,-1,1,0

[YuriCountry]
IQ=0
Edge=North
Color=DarkRed
Allies=YuriCountry
Country=YuriCountry
Credits=0
NodeCount=0
TechLevel=1
PercentBuilt=0
PlayerControl=no



[Digest]
1=sAbyEnePYA0ls7f1RlsbyPu4s5A=

