; Map created with FinalAlert 2(tm) Mission Editor
; Get it at http://www.westwood.com
; note that all comments were truncated

[Header]
Width=27
Height=23
StartX=242
StartY=22
Waypoint1=0,0
Waypoint2=0,0
Waypoint3=0,0
Waypoint4=0,0
Waypoint5=0,0
Waypoint6=0,0
Waypoint7=0,0
Waypoint8=0,0
NumberStartingPoints=0


[Preview]
Size=0,0,60,30

[PreviewPack]
1=SQoYFQmfp0+hp0+WY0emqG5LAKKkbkgAQAFIAEABSABAAUgAQAFIAEABSABAAUgAQAFIAE
2=ABSABAAUgAQAFIAAAGd3d1PD8+P0E9PUJGPUJHPUA9PD4+eHh2QARIAEAESABAAUgAQAFI
3=AEABSABAAUgAQAFIAEABSABAAUgAQAFIAEABSABAAScIAFgBSAC4AUABSAAgFSwAVBUDmm
4=ZJlmNHWAcJRkpLlnpmlXtnRUlLQAq8AiAn5AK8LFQMRAtIAEABSABAAUgAQAFIAEABSABA
5=AUgAQAFIAEABSABAAUgAQAFIAFQVJywAVBUJiW1biGxZmGRHlmJErAGkF6wEICHkAkQOSA
6=lIAEABSABAAUgAQAFIAEABSABAAUgAQAFIAEABSABAAUgAQAFIAC20AlMUkIqAWCsJuLCh
7=p5+Ssqqdtq6gQy6dlotIGCAn5AIgGJwFLbQCvClAEwAGYmBYYF9Xo52RqqKWmZKInqROgo
8=o5iZA+WBmsBCAh5AJMJVAmSABAAUgAQAFIAEABSABAAUgAQAFIAEABSABAAUgALbQCUBGs
9=K1kfg4MAYF9cnADTAI+WP0gGA0pOT3NxbyAkzAVDDaGnT0QRSBJIAEABSABAAUgAQAFIAE
10=ABSABAAUgASA8nLAAq3AoJq6SZUVJMrKSZqqOXVELOFYODTAFIBlQVSABQiUgGA3N0c4mG
11=glgcIBvMBUQRWBBIAEABSABAAUgAQAFIAEABSABAAUgASA8nLABID1AORCZcVgAJmpOGur
12=CjvLKjmJGFlo+CY2FamZOJlpGIm6BKpBcqtAJAFgm2rJu5qZK7qZK+tKRECCAVnAs/nAUt
13=tAJcI6ANTCi0ElQAAAOimo+3r5ygp0yXnEadlYtcWliWkIe0FQNER0hbXV5UFUANRAWrAK
14=abTFgBXDtkdCARbBFMKEAoSABAAUgAQAGoAEwBLbQCJ2wFBl9eVk5PS1JSTURBrBC0AAaM
15=lD+MkDufpkxcVickCANVV1hiYVlUcqwEKhQACZ6XiV1bV5CKgVZVTyAPzAVcHUQUqBVUAE
16=wBLbQCTCu8rSpsBURBA5+XjVxbWURBsCxAK0gAJ7QCXFZcBUgAUCkDW1pYYmBZJ8ACCZuU
17=iFtaWZ6YjZ+Yi0AESABMBEgAWCKsDTxsEUQUXBSoAEwBLbQCUAivgrqyokQLJ9ABJyAARE
18=FYLiokCFRdREEItKydraSWrqWYua9gB0wHSBJMRgxjYlpiYVx9enOYkoemmkwnHAFIRQaS
19=jH9VVE1fXlc/zAW00rQVJ8ACXA68HV+tPUA9SAAkzCBIDyeUAUwBW1KemEsqbAUnJAhMKF
20=AUJ7AAQAFcBUQCA1xaV1xbWFgcRAJIACp0CVACA1FRUZGXRVC5RAVYJawQMM8FPEFFSBVD
21=Oj9BPUQXVBVQBa8rmmZJSwByc3JUBlsWTE9QQBxIAEwioBC0FUAHQCtIAFgNX1mel40tJA
22=hME6sAvbSnQAdIAAOmno+clIdXS56Wh1QYRy9WVlO3z4aOOlAIvAVmF3pmqH5MEFBBWBBX
23=Jz1CRl9ZQkVGtBVcMmaYZkm0BlQAWxaWY0ekFwxlY188QEM/QkVHS0xgXltYAVBWVBUMna
24=NRqap5pqh3kZU/tKqYVBJYDURBVG9ECEgAWwG2q5lAAagAoASsAQybk4V7dm9BQ0KblImP
25=lj+wAioXALuxoVgoJ8wFQBZEDiTEKLgoSAO4FlwUJ+MApYhzRBcAA4SBfU5QUD9DRjo9PU
26=NHSW1vbm5wb1QJCLiunpViRaiGb6aGewG1q5xYAVQSSABIFW4uYVlMASc0AScgAFACA7Cl
27=jbWrlEsbYWBeoDRQSieAAEABXA5IDLw+KjwIrChEL2IEY0dUP1gxXAVIAEQXSwaniHFbFk
28=lMTUwrBzk8PDs+PHFxcLRcKfQVRAUnCAAn5AJAFkwKpxFcXFdEFCeMAEwBSABABEtyW1lY
29=J1wAQJEGmpOJWlhWl5KHSCdAKLyVVBVICUhXXBFcQUABWAFYFkgArEZEAifMBbQYDEtNT0
30=BBP0BBPUJERlJUU1gNqABQDie4AS0gAFSfQEYGkJlGn6ZMW1tVTBagdkAHaJAFr6BjYllc
31=WllIYy3gAFgBVF1AJSdsBVRmSBJIAFQVVEJIAEwBXFlUAEQXSAAn5AK4FqwuVIcDQEVJQk
32=ZJQFhILasDvbSmtEJIMEANJwgAUDJILUwTRBpQXAaSjYNdXVVbWlZYE1iyQCtLAF5cW7wv
33=REFEBSfsAEgkKmwFVBVIAEwTKrQCUBREAlQASABAAUgAQAG4FqwuWAGkFEgJWG2oA1B3SA
34=C8ArgNWBNEF1QVXCMnPAsMgntsVVRMUFBITExKmZKGSBVcVkwrUBRcBUgAREFYu0h1WLtU
35=FUwHKmwFNrQCUBRIAEATtABAAUgArAG4E6QXWBNIAKwuXAJIAFwCWBZYjlACSwCepFKgB0
36=irSxKblYxYEwlWVU1DREW+tKe5sKJPslpZVreZmqNIpB23AJ+XiVudnpiMVDlcVkgVSABM
37=EDBsBVACSACgDVQAqACkAiosALgTRBRQAlgWSABEFEwuXAIDYGJhPUFFRBewAl8Cj5Y/J/
38=QHKmcNsaibJyYIjpgoNBNUG1QtVNJUqyAJtAJQFFhMKjwLTBNQArQAQAFIAEwBRBRYFkgA
39=TAFFAkyQy0+LSElIqANcXFAXWy5XWVhUP0wKrCgqFAAqJAi4c0AuIAxsBUgPSACsEFQASA
40=BYAUgABp6WiWFgWJyXjEA0Bjs+PUZJS3R1dFwCQARIAEABLeQCTC5cXANbXl1CRkhbFkRH
41=SaQaTCgqwAInLAAnJAggD2wFSA+gEEABTCIqnAVEAlAOVMZU+SToK0QFSABcAkgAQAFAK0
42=gApBdYAVAFVEJPLldaWrwCRBdQAkgAXAJcmye0AicgADxsBUwKQA1IAEABSABAAUgAJyAA
43=JywARAJIAFgBSABAAUgAQAFAEAOdlYhgX1i4AVQAqABIA0ABVANIAKQXWBNIAEQUTC5QAk
44=gAXAIq5AJYIqAWIAlsBUgMSACsDVQAqACkAkwBQAqsAVQASABEAkgAQAFIAEABSwA8PzxI
45=EkgATFUDWFhWnZaKUAJIAEAEWBNIAEQUTAFABEgARBdMLlACSABcAlxcA3Nxb4aDfzxsBV
46=QJqABcCKgAWAGgAVQArAFUAKgAJ0QAQAFIAFACVABIAEABSABDAZqUi1hbjVU8T1ViY2FA
47=fFwCqACsBFgTSABEFFACWBZIAEQXTC5cXFzvIBVsBUgJSAC8C6ABrAFUAEgAXCwqPAugBF
48=QASABUA0gATCusAUCmoAFQAkgATAGoAKwBWBZIAC3kAkAcSABYeUwEWAdY7kgATAFAB1QA
49=qABMAagAWAGgAVQAMCwARAKoAFcD////VABIACdEAEwBSABYAVQASABAAUgAJyAArAFYAU
50=gAMCwAWBZIAEQXBj1CRk5QUUBDRiSUK0gVSAC8BVQAqABECKgAWAGgAVQAMywAUAIJoqRu
51=pqhuoqRuoqRuEQAA

[Africans]
IQ=0
Edge=North
Color=DarkRed
Allies=Africans
Country=Africans
Credits=0
NodeCount=0
TechLevel=1
PercentBuilt=0
PlayerControl=no

[Alliance]
IQ=0
Edge=North
Color=Gold
Allies=Alliance
Country=Alliance
Credits=0
NodeCount=0
TechLevel=1
PercentBuilt=0
PlayerControl=no

[Americans]
IQ=0
Edge=North
Color=Gold
Allies=Americans
Country=Americans
Credits=0
NodeCount=0
TechLevel=1
PercentBuilt=0
PlayerControl=no

[Arabs]
IQ=0
Edge=North
Color=DarkRed
Allies=Arabs
Country=Arabs
Credits=0
NodeCount=0
TechLevel=1
PercentBuilt=0
PlayerControl=no

[Basic]
Name=No name
Author=Author Not Set
Percent=0
GameMode=standard
HomeCell=98
InitTime=10000
Official=no
EndOfGame=no
FreeRadar=no
MaxPlayer=2
MinPlayer=2
SkipScore=no
TrainCrate=no
TruckCrate=no
AltHomeCell=99
OneTimeOnly=no
CarryOverCap=0
NewINIFormat=4
NextScenario=
SkipMapSelect=no
CarryOverMoney=0.000000
AltNextScenario=
MultiplayerOnly=1
IceGrowthEnabled=no
VeinGrowthEnabled=no
TiberiumGrowthEnabled=yes
IgnoreGlobalAITriggers=no
TiberiumDeathToVisceroid=no

[British]
IQ=0
Edge=North
Color=Gold
Allies=British
Country=British
Credits=0
NodeCount=0
TechLevel=1
PercentBuilt=0
PlayerControl=no

[Confederation]
IQ=0
Edge=North
Color=DarkRed
Allies=Confederation
Country=Confederation
Credits=0
NodeCount=0
TechLevel=1
PercentBuilt=0
PlayerControl=no

[FA2spVersionControl]
Version=1

[French]
IQ=0
Edge=North
Color=Gold
Allies=French
Country=French
Credits=0
NodeCount=0
TechLevel=1
PercentBuilt=0
PlayerControl=no

[GDI]
IQ=0
Edge=North
Color=Gold
Allies=GDI
Country=GDI
Credits=0
NodeCount=0
TechLevel=1
PercentBuilt=0
PlayerControl=no

[Germans]
IQ=0
Edge=North
Color=Gold
Allies=Germans
Country=Germans
Credits=0
NodeCount=0
TechLevel=1
PercentBuilt=0
PlayerControl=no

[Houses]
0=Americans
1=Alliance
2=French
3=Germans
4=British
5=Africans
6=Arabs
7=Confederation
8=Russians
9=YuriCountry
10=GDI
11=Nod
12=Neutral
13=Special

[IsoMapPack5]
1=Xw4AIA8eAAEAWAMAAAAEAB0AAgBYAwBpAR4oKQAfKCsAHAAD4QQdKCkAHigpAB8oKQAgKC
2=kAG0wL3QocKCkAHSgpAB4oKQAfKCkAICgpACEoKwAaAAXtEBsoKQAcKCkAHSgpAB4oKQAf
3=KCkAICgpACEoKQAiKCsAGQAG6QwaKCkAGygpABwoKQAdKCkAHigpAB8oKQAgKCkAISgpAC
4=IoKQAjKCsAGAAH4Q8ZKCkAGigpABsoKQAcKCkAHSgpAB4oKQAfKCkAICgpACEoKQAiKCkA
5=IygpACQoKwAXAAj5ERgoKQAZKCkAGigpABsoKQAcKCkAHSgpAB4oKQAfKCkAICgpACEoKQ
6=AiKCkAIygpACQoKQAlKCsAFgAJ8RQXKCkAGCgpABkoKQAaKCkAGygpABwoKQAdKCkAHigp
7=AB8oKQAgKCkAISgpACIoKQAjKCkAJCgpACUoKQAmKCsAFQAK6RcWKCkAFygpABgoKQAZKC
8=kAGigpABsoKQAcKCkAHSgpAB4oKQAfKCkAICgpACEoKQAiKCkAIygpACQoKQAlKCkAJigp
9=ACcoKwAUAAvhGhUoKQAWKCkAFygpABgoKQAZKCkAGigpABsoKQAcKCkAHSgpAB4oKQAfKC
10=kAICgpACEoKQAiKCkAIygpACQoKQAlKCkAJigpACcoKQAoKCsAEwAM+RwUKCkAFSgpABYo
11=KQAXKCkAGCgpABkoKQAaKCkAGygpABwoKQAdKCkAHigpAB8oKQAgKCkAISgpACIoKQAjKC
12=kAJCgpACUoKQAmKCkAJygpACgoKQApKCsAEgAN8R8TKCkAFCgpABUoKQAWKCkAFygpABgo
13=KQAZKCkAGigpABsoKQAcKCkAHSgpAB4oKQAfKCkAICgpACEoKQAiKCkAIygpACQoKQAlKC
14=kAJigpACcoKQAoKCkAKSgpACooKAADEQAOACUBneYSKCkAEygpABQoKQAVKCkAFigpABco
15=KQAYKCkAGSgpABooKQAbKCkAHCgpAB0oKQAeKCkAHygpACAoKQAhKCkAIigpACMoKQAkKC
16=kAJSgpACYoKQAnKCkAKCgpACkoKQAqKCkAKygoAAIQAA8AJ0AlAQUEABFIAWwmAQEEABJI
17=ASV5IBNKARYChSkUSAHVAhUoKQAWKCkAFygpABgoKQAZKCkAGigpABsoKQAcKCkAHSgpAB
18=4oKQAfKCkAICgpACEoKQAiKCkAIygpACQoKQAlKCkAJigpACcoKQAoKCkAKSgpACooKQAr
19=SAHVIyxIAW4mAwRBARCYJwEHBAAQRAB1AghlKRCVTwJkKScpABNABGQIVQIUKCkAFSgpAB
20=YoKQAXKCkAGCgpABkoKQAaKCkAGygpABwoKQAdKCkAHigpAB8oKQAgKCkAISgpACIoKQAj
21=KCkAJCgpACUoKQAmKCkAJygpACgoKQApKCkAKigpACsoKQAsSAFsJgEGBAAtyAFFKQ5JUS
22=ZNUgB+KxEAaAFNUhDUAlknEUkBsCRVLBJJAa+pARNJAa6pARRIAcEEFUkBsbUCFkgBzQUX
23=SAHNBRhIAc0FGUgBzQUaSAHNBRtIAc0FHEgBzQUdSAHNBR5IAc0FH0gBzQUgSAHNBSFIAc
24=0FIkgBzQUjSAHNBSRIAc0FJUgBzQUmSAHNBSdIAc0FKEgBzQUpSAHNBSpIAc0FK0gBzQUs
25=SAF4J0UpLcgBRSkuyAFFKQ1Ifcl6DkgBzQUPSAHVAhBIAXQCTQURSAHVDRJKAVEEkYITKC
26=kAFCgpABVJAY1cA0EPFkkBh6kBF0kB7KE7GMgBWREZyAFJDBpJAcehBBvIAUEEHEgB1Q0d
27=KCkAHkkBuL0KH8gBTQUgSQHVVAIBBwQAIUgB2QYiKCkAI0kBBqkMJMgBWQYlSAHNBSYoKQ
28=AnKCkAKCgpAClJAcSlCCpJARaxoytIAdkyLEgBbCZRHy1IAcEELkgBdAJZHC9IAd8rDAAT
29=7fcNKCkADkgBbAVFCA9IAcUIEEgBdAJFCBFIAc08EkgByRcTSQHGpRMUyAFNGxVJAZBIIl
30=EJFkkBiqkBF0gBcAlVAhjIAU0FGcgBSQwaSAFsMUkBG8gBQZ4cSQGyqQwdSAFsCUUIHkgB
31=bDFNBR/IAU0FIEgBxRMhKCkAIkgB2QYjSAFsMVkGJMgBWQYlSAHNRyZJAYdzBQQAJ0gB0Q
32=koKCkAKSgpACpIAcElK0gB0WEsSAHZHC1IAdUuLkgBdAJBDy9IAdUCMCgrAAsAFPkyDCgp
33=AA0oKQAOSAFkCFEfD0gBxQgQSAF0Al0KEUgB3UESSAHJFxNIAWQ0QQQUyAFFHhVIAcEEFk
34=kBwb0rF0gBcAlJDBjIAYU0FISiRQgaVALZBhsoKQAcKCkAHSgpAB5JAQRcClkGH8gBQQ8g
35=SAHFCCEoKQAiKCkAI0gBZDQBBAQAJMgBAQUEACVJAYy5MiZJAYapASdIAdEJKEkBzVQNSR
36=cpyAFJFypIASeHBhQAsbWyLFQC2RwtSAHFKS5IAXQCXRUvSAHVAjAoKQAxKCsACgAV8TUL
37=KCkADCgpAA0oKQAOSAF8CkUTD0gB3QoQSAF0AlUNEUgBzUcSSQHrrRsTyAFVGBTIAU0FFU
38=kBUbmgFigpABdIAXAJSQwYyAFZBhnIAVkGGkgBeApBBBtIAdk9HEgB0QkdSAHBJR5IAXw2
39=QTAfyAFBMCBJAa69KyFIAdkGIigpACNIAX02Bn42FQBpAQd+NhUAxYEmQATFgSdIAcUIKE
40=gBfDZRFCnIAVVEKkgByVkrSAHdjixIAdkcLUgBxSkuSAF0AkUIL0gB1QIwKCkAMSgpADIo
41=KwAJABbpOAooKQALKCkADCgpAA0oKQAOSAF0DUUpD0gB1Q0QSAF0Ak0QEUkBsb1MEkgBdD
42=lBGhPIAVEqFMgBUSoVSQFR9TkWgDRdChdUAnAJSQEYyAGVORYoFg4WANkGG0AEyQEcSAHJ
43=OB1IAdUCHkgBdDlZMh/IAVkyIEkBsfc5FgC+aw8EACJUAmgBVQ0jSQHLtQIkyAFVAiVJAc
44=m1AibIAVUCJ0kB41QCSQEoyAFdIClJAblUAlUYKsgBQQQrSAHBOyxIAdkcLUgBxSkuSAF0
45=AkUIL0gB1QIwKCkAMSgpADIoKQAzKCsACAAX4TsJKCkACigpAAsoKQAMKCkADSgpAA5IAW
46=wQSRcPSAHNEBBIAXQCRRMRSAHNUhJIAXQcTQUTKCkAFEgBwTAVSAHBBBZJAZNtAQRBAReU
47=OVkGGFABfApVIxlJATlYMgEIBAAaSAFwKkEEG8gBQQQcyAFNEB3IAVFLHkgB0TUfyAFNBS
48=BIAcEwIcgBVQIiSAFsPFkGI0gBeAZRCSTIAVUCJUgBbDxVAibIAVUCJ0gBeBFRVijIAUVK
49=KUgBaAxNBSrIAU0FK0gB3ZksSAFsG1UYLUgBxSkuSAF0AlkGL0gB1QIwKCkAMSgpADIoKQ
50=AzKCkANCgrAAcAGPk9CCgpAAkoKQAKKCkACygpAAwoKQANKCkADkgBZBNdFQ9IAcUTEEgB
51=dAJdFRFIAd1XEkgBzTwTSAFwKlkGFMgBSS0VSAFsJlkGFsgBVSMXSAFsPFknGEgBfApNBR
52=lIAXUCDWY/GAB4BkmFG1QCaAFVLhzIAVkGHcgBXXgeSAHJOB/IAUkMIEgB2TIhyAFVAiJI
53=Ad0VIygpACRJAcNITkkXJUkBCKkBJsgBRRMnSAHZBigoKQApSQHCrQUqSAHdjitJAbGtny
54=xIAWwbXQotSAHFKS5IAXQCSSIvSAHVAjAoKQAxKCkAMigpADMoKQA0KCkANSgrAAYAGfFA
55=BygpAAgoKQAJKCkACigpAAsoKQAMKCkADSgpAA5IAXwVVRgPSAHdFRBIAXQCVRgRSAHNXR
56=JIASIcMFUCE8gBUTUUSAFoQ0EwFUkB41h/VQIWyAFJOBdIAWY/CwRZGRmQglUuGVQCyQwa
57=SQFRscQbKCkAHCgpAB0oKQAeKCkAHygpACAoKQAhKCkAIigpACMoKQAkKCkAJUgBJz4IGQ
58=BoAUUTJ1UCy6U/KMgBVQIpSAHRFCpIASc+CBkA3aQsVAJgGkUpLUgBxSkuSAF0Ak0mL0gB
59=1QIwKCkAMSgpADIoKQAzKCkANCgpADUoKQA2KCkABUip3QoGKCkABygpAAgoKQAJKCkACi
60=gpAAsoKQAMKCkADSgpAA5IAXQYTRsPSAHVDRBIAXQCTRsRSQGxvWISSAF0RFFAE8gBAQoE
61=ABRJAVuhBBVJAZFURFEJFkkBh6kBF0gBJx47GgBoAVUuGdQCSQwaSQHFuTIbyAFBBBxIAc
62=0xHSgpAB4oKQAfSQHIuQYgyAFZBiFIAdkGIigpACMoKQAkSQFRrVIlSAFoQ00QJsgBTV0n
63=SAF0RFUCKMgBVQIpSAHZBipIAckMK0gBzaosSAFsJlEfLUgBxSkuSAF0AlEJL0gB1QIwKC
64=kAMSgpADIoKQAzKCkANCgpADUoKQA2KCkANygrAAQAG+2JBSgpAAYoKQAHKCkACCgpAAko
65=KQAKKCkACygpAAwoKQANKCkADkgBbBtFHg9IAc0bEEgBdAJFHhFIAc1oEkgBbEdBRhNJAc
66=69NhTIAV02FUgB2UgWSQGO7UcbmIpJDBhUAnwKTQUZyAFJDBpIAWxHSQEbyAFRNRxIAcU0
67=HSgpAB4oKQAfSAFsR1kGIMgBWQYhSAHZBiIoKQAjKCkAJEgB0UAlSAFsR0ndJsgBSd0nSA
68=FkF10VKEgBzQUpSAHVAipIAckMK0gB3a8sSAFsG1kGLUgBxSkuSAF0AlEUL0gB1QIwKCkA
69=MSgpADIoKQAzKCkANCgpADUoKQA2KCkANygpADgoKwADABz5SAQoKQAFKCkABigpAAcoKQ
70=AIKCkACSgpAAooKQALKCkADCgpAA0oKQAOSAFkHl0gD0gBxR4QSAF0Al0gEUgB3G0FEgAc
71=AFEEAAARAAANDwAgDwAEABMAHADOAQAAAgQAFAAcAGgBAQMEABVIAQFRBAAAQQQWSQGSRA
72=FJARdJASZMBUkBGMgBAQEEABnIAUUIGkkBxKEEG0gBxQgcSgG1A0sIBAAdSgEWAokBHkkB
73=tLUCH0gBzQUgKCkAIUgBzQUiKCkAIygpACRJAcK1DSVJAchYCkUTJsgBRRMnSQHjVAJJAS
74=jIAVEUKcgBWRwqSQHpQARZBitJAbG5ESxIAdkcLUkBWLUCLkgBdAJFCC9IAdUCMCgpADEo
75=KQAyKCkAMygpADQoKQA1KCkANigpADcoKQA4KCkAOSgpAAJAKMEPAygoAHgq1QIFKFUABi
76=gpAAcoKQAIKCkACSgpAAooKQALKCkADCgpAA0oKQAOSAF8IE0mD0gBwQ8QSAF0AlUjEUkB
77=r60mEkkBUblIEygpABQoKQAVKCkAFkkBW7kGF0gBcAlJDBjIAUk4GUkBOVg9AQgEABpIAW
78=A7QQQbyAFBBBzIAU0QHcgBTTweyAFNBR/IAU0FIMgBVQIhSQH0UEBVAiJIAd0VIygpACQo
79=KQAlSAF8TEkMJsgBSQwnSAF4EQEFBAAoyAEBBgQAKcgBAQcEACpIAXxMSQwrSQGuuRwsSA
80=HZHC1IAcUpLkgBdAJJDC9IAdUCMCgpADEoKQAyKCkAMygpADQoKQA1KCkANigpADcoKQA4
81=KCkAOSgpADooKAABAQAeANVwAkgB2REDKCkABCgpAAUoKQAGKCkABygpAAgoKQAJKCkACi
82=gpAAsoKQAMKCkADSgpAA5IAXQjXTYPSAHZERBIAXQCTSYRSQGxvSsSSAHdgxNJAb5MPFkG
83=FMgBTTEVSAF8NlkGFsgBVTkXSAF8TEk4GEgBfApNBRlIAXUCDXZPHgB4BgEEBAAbVAJoAU
84=U/HMgBWQYdyAFFPx7IAU0FH8gBTQUgKCkAIUgBdE9VAiLIAUUII0kBskxdXRUkSQGTqRcl
85=SQEIVAJdFSbIAV0VJ0kBUbFsKCgpACkoKQAqSAHRCStJAbC1IyxIAWwbSQwtSAHFKS5IAX
86=QCSQwvSAHVAjAoKQAxKCkAMigpADMoKQA0KCkANSgpADYoKQA3KCkAOCgpADkoKQA6KCkA
87=OygoAAECAB8A2REDKCkABCgpAAUoKQAGKCkABygpAAgoKQAJKCkACigpAAsoKQAMKCkADS
88=gpAA5IAXQjTSYPSAHZERBIAXQCTSYRSAHVexJJAbm9NhPIAVlIFEgBYFFdNhVIAWxHWT0W
89=yAFBRhdIAXxMAQsEABhIAXwKWQYZyAFJDBpJAY29ChtJAYepARxIAcXvHUgB3UEeKCkAHy
90=gpACBIAckXIUkBVb1BIkgBYFEBCgQAI0kBV7UCJEgBZAxFHiVIAXRPSVkmyAFRVidIAdUN
91=KCgpACkoKQAqKCkAK0gBxcMsSAFsG10KLUgB2REuSAF0AlkcL0gB1QIwKCkAMSgpADIoKQ
92=AzKCkANCgpADUoKQA2KCkANygpADgoKQA5KCkAOigpADsoKwADACD1TwQoKQAFKCkABigp
93=AAcoKQAIKCkACSgpAAooKQALKCkADCgpAA0oKQAOSAFoIkElD0gBySIQSAF0AkElEUgByX
94=oSSAFoTlUCE0gB2bYUKCkAFUkBs6E7FkgB0YIXSAFwCUkMGMgBik4gAHQCUQkaVQKMdEBj
95=niAAiqkBHFQCxT8dSAElhSceSAEnWicgAMEEIFUCkbkGIUgB0VYiSAHVTyNIAXRPAQ8EAC
96=RJAcVMBU0QJUgBaE5FEybIAVUCJ0kBj0AEVQIoSAHJDCkoKQAqSAHBBCtJAbGlHixIAWAa
97=WQYtSAHFKS5IAXQCWRwvSAHVAjAoKQAxKCkAMigpADMoKQA0KCkANSgpADYoKQA3KCkAOC
98=gpADkoKQA6KCsABAAh/UwFKCkABigpAAcoKQAIKCkACSgpAAooKQALKCkADCgpAA0oKQAO
99=SAFwH0kiD0gB0R8QSAF0AkkiEUgBxXYSSQFRucwTSAEncQkhJnkgFShVABZIAc0FF0gBcA
100=lJDBjIAUk4GcgBSQwaSQGStTkbSQFasTUcSQGyqQEdSAHRVh5IAdUCH0gB1QIgSAEl5Sgh
101=SAHRCSJIAdEJI0kBBVzmTRAkyAFNECVIAXBLTRAmyAFVsidJAZC5EShJAYupASlIAdmrKk
102=gByQwrSAHVvSxIAdkcLUgBxSkuSAF0AkkML0gB1QIwKCkAMSgpADIoKQAzKCkANCgpADUo
103=KQA2KCkANygpADgoKQA5KCsABQAi5UoGKCkABygpAAgoKQAJKCkACigpAAsoKQAMKCkADS
104=gpAA5IAXgcXSsPSAHZHBBIAXQCUR8RSQGxtTkSSQFR+kgiANWGFFQCxUoVKCkAFkgBzQUX
105=SAFwCUkMGMgBSTgZyAFJDBpIAc0FG0gB1UQcSQHYpT8dSQHQqQEeKCkAH0kB0rUCIEgBxU
106=ohSAHRCSIoKQAjSAF4SFUNJMgBQUYlSQGxtUQmyAFFEydIAXD7SQEoyAFZBinIAVkGKkgB
107=IkgwQRorSAHFuCxIAdkcLUgBxSkuSAF0AkUIL0gB1QIwKCkAMSgpADIoKQAzKCkANCgpAD
108=UoKQA2KCkANygpADgoKwAGACPtRwcoKQAIKCkACSgpAAooKQALKCkADCgpAA0oKQAOSAFg
109=GlEfD0gBwRoQSAF0AlkcEUgBxWsSSAEnFS8j4coUVALFNBUoKQAWSAFoMV0KF0kB7KE7GM
110=gBTTEZyAFJDBpIAdk9G0gBwVEcSQHXuQYdSAHNUh4oKQAfSQHRoQQgSAHJ3SFIAclOIkgB
111=xRMjSAFhRgRy2iMAaAEBBQQAJVQCYEZNECbIAV1BJ0gBYEZBBCjJAQYiDTkjI6kxByIOOS
112=MAYEZVGCtABNWyLEgBbCZFHi1IAcUpLkgBdAJJDC9IAdUCMCgpADEoKQAyKCkAMygpADQo
113=KQA1KCkANigpADcoKQAHSPbJDAgoKQAJKCkACigpAAsoKQAMKCkADSgpAA5IAWgXQRoPSA
114=HdChBIAXQCQRoRSAHVZRJJASWtMRMoKQAUKCkAFSgpABZJAeutBRdJASupARjIAVEqGcgB
115=SQwaSAHBOxtIAcE7HEgBJ2kIJPXeHlQC1UQfSAEnaggkANFLIVQC0UsiSAEnaggkAHxBTT
116=wkVAJoAU08JUgBwQQmSQHKsRQnyAFRFChIAcEEKSgpACpJAcOtBStJAbGlrSxIAWwmRSkt
117=SAHFKS5IAXQCWRwvSAHVAjAoKQAxKCkAMigpADMoKQA0KCkANSgpADYoKwAIACX1hgkoKQ
118=AKKCkACygpAAwoKQANKCkADkgBcBRJFw9IAdEUEEgBdAJJFxFIAcVgEkgBcEBVIxMoKQAU
119=KCkAFSgpABZIAXBATQUXSAFwQElvGMgBWXQZyAFVcBpIAcn+G0gByTgcSQHbqS0dSQHTqQ
120=EeKCkAH0kB1bUCIEgB2UghSQFRtd4iKCkAI0gBIgQiWRwkyAFFEyVIAc0FJkgBcEBFHifI
121=AV0VKEgBwQQpKCkAKigpACtIAdWnLEgBbCZJDC1IAcUpLkgBdAJdCi9IAdUCMCgpADEoKQ
122=AyKCkAMygpADQoKQA1KCsACQAm5T8KKCkACygpAAwoKQANKCkADkgBeBFRFA9IAdkREEgB
123=dAJRFBFJAbG1WhJIAXg9VQITKCkAFCgpABUoKQAWSAF4PU0FF0gBeD1dbRjIAV1tGcgBI0
124=lRJu3LG1UCUbE1HEgBxT8dSAHVOR5IAdUCH0gB1QIgSAHJFyFIASWNPiJJAYds0iJaPSYA
125=eD1ZESRUAmgBVTklSAHVDSYoKQAnKCkAKCgpACkoKQAqKCkAK0gBxaIsSAFsJkUpLUgB2R
126=EuSAF0AkEPL0gB1QIwKCkAMSgpADIoKQAzKCkANCgrAAoAJ+08CygpAAwoKQANKCkADkgB
127=YA9ZEQ9IAcEPEEgBdAJZERFIAcVVEkgBwakTKCkAFCgpABUoKQAWKCkAF0gBJ54fJwBoAU
128=1oGdQCSQwaSAHdKxtIAd2kHEkBwbl0HUgBybweSAHZth9IAdkGIEgBJ/M6JwCItTkiVAIl
129=JTwjSAF0OUGIJMgBQYglSAFoBVEfJkgB0QknSAElOU8oSQGyrRApSAHRjSpIAdkGK0gB1Z
130=wsSAFsJlEJLUgBxSkuSAF0AlkcL0gB1QIwKCkAMSgpADIoKQAzKCsACwAo9TkMKCkADSgp
131=AA5IAWgMQQ8PSAHJDBBIAXQCQQ8RSAHVTxJIAScJByjl5BQoVQAVSAHVZRYoKQAXSQEtvS
132=AYyAGKOCgAdAJJDBpUAnx4TRAbSAF4f0kBHCgpAB0oKQAeKCkAHygpACAoKQAhKCkAIkgB
133=3QojSQE2TBBdNiTIAUmFJUgB1Q0mKCkAJygpACgoKQApKCkAKkgB3QorSQGxpZcsSAFsJk
134=kXLUgBxSkuSAF0AlkcL0gB1QIwKCkAMSgpADIoKwAMACn9Ng0oKQAOSAFwCUkMD0gB0QkQ
135=SAF0AkkMEUgBxUoSSAEnsQYpKLAGJykAFUAE0WEWKCkAF0gBeDJFlxjIAVleGcgBWScaSA
136=FwH0k4G0gBeCdJARwoKQAdKCkAHigpAB8oKQAgKCkAISgpACJIAd0KI0gB3QokKCkAJSgp
137=ACYoKQAnKCkAKCgpACkoKQAqSAHdCitIAdWRLEgBbCZFKS1IAcUpLkgBdAJFKS9IAdUCMC
138=gpADEoKwANACrlNA5IAXgGUQkPSAHZBhBIAXQCUQkRSAEnDQ0qJlE8E1QCxTQUKCkAFSgp
139=ABYoKQAXSAF4MlFWGMkBByJpdiqNaAgi0mIqAHgcVQ0bQAR4J0kBHCgpAB0oKQAeKCkAH0
140=kBNF1iCSLWUyoAaQEKIo5KKgDFCCJABN0KI0gBbWgNIrozKgBpAQ4iuDMnrQAmQATZBico
141=KQAoKCkAKSgpACpIAd0KK0gB1SMsSAFsJkUpLUgBxSkuSAF0AkEaL0gB1QIwKCoADgBM5F
142=QYWQYPyAFNUhDIAVkGEUgBJ14MKwDRQBNUAsEPFEgB3XgVSAHNBRZIAc0FF0gBzQUYSAHN
143=BRlIAc0FGkgBzQUbSAHNBRxIAc0FHUgBzQUeSAHNBR9IAc0FIEgBzQUhSAHNBSJIAc0FI0
144=gBzQUkSAHNBSVIAc0FJkgBCa4DAAAABAAnACsAsBEAAA8FDgwIAwAAAAQAKAArALGoAQIp
145=ACsAr6kBKkkBrqkBK0gB1QIsSgEmAZkGLcgBAQEEAC7IAQECBAAvSQFYuAYCDwAsACdMBU
146=EEEMgBQQQRSQElVAIBAAQAEigpABMoKQAUKCkAFSgpABYoKQAXKCkAGCgpABkoKQAaKCkA
147=GygpABwoKQAdKCkAHigpAB8oKQAgKCkAISgpACIoKQAjKCkAJCgpACUoKQAmKCkAJygpAC
148=goKQApKCkAKigpACsoKQAsSAF4J0ElLcgBRSkuyAFHKRAALZwrAQUEABFIAXAqQQQSSAHB
149=MBNKARYCkTUUSAHVAhUoKQAWKCkAFygpABgoKQAZKCkAGigpABsoKQAcKCkAHSgpAB4oKQ
150=AfKCkAICgpACEoKQAiKCkAIygpACQoKQAlKCkAJigpACcoKQAoKCkAKSgpACooKQArSAHV
151=IyxIAXIqAwRAAbknBHonLgBgBFEqElBZyQETKCkAFCgpABUoKQAWKCkAFygpABgoKQAZKC
152=kAGigpABsoKQAcKCkAHSgpAB4oKQAfKCkAICgpACEoKQAiKCkAIygpACQoKQAlKCkAJigp
153=ACcoKQAoKCkAKSgpACooKQArKCkALEgBeScGcncvAMVKE1R+yQEUKCkAFSgpABYoKQAXKC
154=kAGCgpABkoKQAaKCkAGygpABwoKQAdKCkAHigpAB8oKQAgKCkAISgpACIoKQAjKCkAJCgp
155=ACUoKQAmKCkAJygpACgoKQApKCkAKigpACsoKwATADD1IxQoKQAVKCkAFigpABcoKQAYKC
156=kAGSgpABooKQAbKCkAHCgpAB0oKQAeKCkAHygpACAoKQAhKCkAIigpACMoKQAkKCkAJSgp
157=ACYoKQAnKCkAKCgpACkoKQAqKCsAFAAx/SAVKCkAFigpABcoKQAYKCkAGSgpABooKQAbSQ
158=E5SMdVnBzIAUV2HcgBSXoeSAHBUR8oKQAgKCkAIUkBNqUIIsgBRQgjSAHZBiQoKQAlKCkA
159=JigpACcoKQAoKCkAKSgrABUAMuUeFigpABcoKQAYKCkAGSgpABpIAWwbUbkbyAFRbBzIAQ
160=EHBAAdyAEBCAQAHsgBAQkEAB9IAckXIEgBbBtdmSHIAVEJIsgBUQkjyAFRCSRIAdkGJSgp
161=ACYoKQAnKCkAKCgrABYAM+0bFygpABgoKQAZKCkAGkgBYBoBCgQAG8gBAQsEABzJAQxiGj
162=MAYQQNYBqpAQ5gGieJASBMBWAaRR4hyAFFHiLIAV0KI8gBXQokSAEnQAMnBQEmKFUAJygr
163=ABcANPUYGCgpABkoKQAaKCkAG0gBcRQQaRc0nRURaBepARJoFycxAR9MBc0QIEgBaBdZHC
164=HIAVkcIsgBWRwjyAEBDwQAJEgB2QYlKCkAJigrABgANf0VGSgpABooKQAbKCkAHCgpAB0o
165=KQAeKCkAHygpACAoKQAhSAF8FU0bIsgBTRsjSAHFEyQoKQAlKCsAGQA25RMaKCkAGygpAB
166=woKQAdKCkAHigpAB8oKQAgKCkAISgpACIoKQAjKCkAJCgrABoAN+0QGygpABwoKQAdKCkA
167=HigpAB8oKQAgKCkAISgpACIoKQAjKCgAARsAOADKIhwAJykAHSgpAB4oKQAfKCkAICgpAC
168=EoKQAiKCgAARwAOQDdCh0oKQAeKCkAHygpACAoKQAhKCsAHQA65QgeKCkAHygpACAoKwAe
169=ADvsBQgfADsAWAMAAAAEABEAAA==

[Lighting]
Red=0.900000
Blue=0.900000
Green=0.900000
Level=0.022000
Ground=0.000000
IonRed=0.600000
Ambient=0.900000
IonBlue=0.850000
IonGreen=0.700000
IonLevel=0.022000
IonGround=0.000000
IonAmbient=0.900000
DominatorRed=0.850000
DominatorBlue=0.300000
DominatorGreen=0.200000
DominatorLevel=0.022000
DominatorGround=0.000000
DominatorAmbient=0.900000
DominatorAmbientChangeRate=0.009000

[Map]
Size=0,0,30,30
Theater=NEWURBAN
LocalSize=1,4,28,23

[Neutral]
IQ=0
Edge=North
Color=Grey
Allies=Neutral
Country=Neutral
Credits=0
NodeCount=0
TechLevel=1
PercentBuilt=0
PlayerControl=no

[Nod]
IQ=0
Edge=North
Color=Gold
Allies=Nod
Country=Nod
Credits=0
NodeCount=0
TechLevel=1
PercentBuilt=0
PlayerControl=no

[OverlayDataPack]
1=BQAAIP4AIACABQAAIP4AIACABQAAIP4AIACABQAAIP4AIACABQAAIP4AIACABQAAIP4AIA
2=CABQAAIP4AIACABQAAIP4AIACABQAAIP4AIACABQAAIP4AIACABQAAIP4AIACABQAAIP4A
3=IACABQAAIP4AIACABQAAIP4AIACABQAAIP4AIACABQAAIP4AIACABQAAIP4AIACABQAAIP
4=4AIACABQAAIP4AIACABQAAIP4AIACABQAAIP4AIACABQAAIP4AIACABQAAIP4AIACABQAA
5=IP4AIACABQAAIP4AIACABQAAIP4AIACABQAAIP4AIACABQAAIP4AIACABQAAIP4AIACABQ
6=AAIP4AIACABQAAIP4AIACABQAAIP4AIACA

[OverlayPack]
1=BQAAIP4AIP+ABQAAIP4AIP+ABQAAIP4AIP+ABQAAIP4AIP+ABQAAIP4AIP+ABQAAIP4AIP
2=+ABQAAIP4AIP+ABQAAIP4AIP+ABQAAIP4AIP+ABQAAIP4AIP+ABQAAIP4AIP+ABQAAIP4A
3=IP+ABQAAIP4AIP+ABQAAIP4AIP+ABQAAIP4AIP+ABQAAIP4AIP+ABQAAIP4AIP+ABQAAIP
4=4AIP+ABQAAIP4AIP+ABQAAIP4AIP+ABQAAIP4AIP+ABQAAIP4AIP+ABQAAIP4AIP+ABQAA
5=IP4AIP+ABQAAIP4AIP+ABQAAIP4AIP+ABQAAIP4AIP+ABQAAIP4AIP+ABQAAIP4AIP+ABQ
6=AAIP4AIP+ABQAAIP4AIP+ABQAAIP4AIP+A

[Russians]
IQ=0
Edge=North
Color=DarkRed
Allies=Russians
Country=Russians
Credits=0
NodeCount=0
TechLevel=1
PercentBuilt=0
PlayerControl=no

[Special]
IQ=0
Edge=North
Color=Grey
Allies=Special
Country=Special
Credits=0
NodeCount=0
TechLevel=1
PercentBuilt=0
PlayerControl=no

[SpecialFlags]
Inert=no
FogOfWar=no
IonStorms=no
MCVDeploy=no
Meteorites=no
Visceroids=no
FixedAlliance=no
TiberiumGrows=yes
InitialVeteran=no
HarvesterImmune=no
TiberiumSpreads=yes
TiberiumExplosive=no
DestroyableBridges=yes

[Structures]
0=Neutral,CANEWY01,256,28,34,64,None,0,0,1,0,0,None,None,None,1,0
1=Neutral,CAMORR08,256,28,26,64,None,0,0,1,0,0,None,None,None,1,0
2=Neutral,CAMORR05,256,33,26,64,None,0,0,1,0,0,None,None,None,1,0
3=Neutral,CAMORR02,256,27,20,64,None,0,0,1,0,0,None,None,None,1,0
4=Neutral,CANEWY18,256,33,20,64,None,0,0,1,0,0,None,None,None,1,0
5=Neutral,CANEWY13,256,39,19,64,None,0,0,1,0,0,None,None,None,1,0
6=Neutral,CANWY23,256,19,28,64,None,0,0,1,0,0,None,None,None,1,0
7=Neutral,CANWY22,256,19,32,64,None,0,0,1,0,0,None,None,None,1,0
8=Neutral,CANEWY16,256,19,40,64,None,0,0,1,0,0,None,None,None,1,0
9=Neutral,CACHIG02,256,20,20,64,None,0,0,1,0,0,None,None,None,1,0
10=Neutral,CACHIG02,256,40,30,64,None,0,0,1,0,0,None,None,None,1,0
11=Neutral,CAPARS05,256,37,36,64,None,0,0,1,0,0,None,None,None,1,0
12=Neutral,CAPARS04,256,40,36,64,None,0,0,1,0,0,None,None,None,1,0
13=Neutral,CANEWY15,256,39,24,64,None,0,0,1,0,0,None,None,None,1,0
14=Neutral,CAFRMB,256,31,27,64,None,0,0,1,0,0,None,None,None,1,0
15=Neutral,CAMISC03,256,35,24,64,None,0,0,1,0,0,None,None,None,1,0
16=Neutral,CAMISC04,256,21,35,64,None,0,0,1,0,0,None,None,None,1,0
17=Neutral,CAURB02,256,19,23,64,None,0,0,1,0,0,None,None,None,1,0
18=Neutral,CAURB01,256,20,42,64,None,0,0,1,0,0,None,None,None,1,0
19=Neutral,CASTRT05,256,30,39,64,None,0,0,1,0,0,None,None,None,1,0
20=Neutral,CAPARK01,256,22,22,64,None,0,0,1,0,0,None,None,None,1,0
21=Neutral,CAPARK05,256,32,22,64,None,0,0,1,0,0,None,None,None,1,0

[TaskForces]

[Terrain]
19021=TREE05
19022=TREE08
19029=TREE05
19034=TREE10
19038=TREE02
20035=LT_GEN03
21026=TREE05
21037=TREE10
21038=TREE04
22026=LT_SGN01
22030=LT_GEN03
22040=LT_GEN04
23018=TREE14
23021=TREE01
23022=TREE01
23027=LT_GEN04
25021=LT_GEN02
26021=TREE08
26022=TREE07
26038=LT_GEN01
27039=TREE10
28022=TREE15
29029=LT_GEN04
29041=LT_GEN02
30036=TREE08
31021=LT_GEN02
31026=LT_SGN01
31027=TREE12
31033=LT_GEN03
31036=TREE03
32027=TREE14
32033=TREE06
32038=LT_GEN01
32042=TREE06
33026=TREE01
33033=TREE14
33039=TREE14
33040=TREE10
33042=TREE12
35022=TREE07
35026=TRFF02
35040=LT_GEN02
37036=LT_GEN01
38026=TRFF03
39020=LT_SGN02
39022=TRFF04
39026=TRFF02
39027=SIGN01
39031=LT_SGN04
39033=TREE05
39034=TREE13
39037=TREE07
39038=LT_SGN04
39039=TREE14
39042=TREE11
40022=TRFF01
43022=TRFF04

[Waypoints]

[YuriCountry]
IQ=0
Edge=North
Color=DarkRed
Allies=YuriCountry
Country=YuriCountry
Credits=0
NodeCount=0
TechLevel=1
PercentBuilt=0
PlayerControl=no



[Digest]
1=sAbyEnePYA0ls7f1RlsbyPu4s5A=

