; Map created with FinalAlert 2(tm) Mission Editor
; Get it at http://www.westwood.com
; note that all comments were truncated

[Header]
Width=27
Height=23
StartX=242
StartY=22
Waypoint1=0,0
Waypoint2=0,0
Waypoint3=0,0
Waypoint4=0,0
Waypoint5=0,0
Waypoint6=0,0
Waypoint7=0,0
Waypoint8=0,0
NumberStartingPoints=0


[Preview]
Size=0,0,60,30

[PreviewPack]
1=HwoYFQifp0+hp0+ipG6mqGsAoqRuSAAgGywAAAZ3d3U8Pz4/QT09QkY9Qkc9QD08Pj54eH
2=YgG0wBKuwAWBNIACpEACAbLABUFVgHQApIAAlGSkuWemaVe2dFSUtQAkgAUAIgJ+QCICSc
3=BVQVA5pmSZZjR0ATVBUJiW1biGxZmGRHlmJErAEgLeQCVAxQIEgAQAFIAEABSABAAUgAQA
4=FIAEABSABAAUgAQAFIAEABSABAAUgAVBUnLABUFVMUkIqAWyu4sKG3IbauoEMunZaLSBhE
5=F0gbvAUgG8wFpAtUD0gJSABAAUgAQAFIAEABSABAAUgAQAFIAEABSABAAUgALbQCvClAE1
6=UVg+AABp6kUo2VQYmRQGQXICnMBVQPWBBIAEABSABAAUgAQAFIAEABSABAAUgAQAFIAEAB
7=SAAttAIqbwWRl0X8FSgfAIyQO0sGSk5PSAAqzAVACkgAQAogD8wFIAycBUgPtAxADURBKm
8=8FuK6etBREFKABVABMLgOEgX1zcW9UFVCJBkRIS1VXWFtdXlgcrAdURUAKSABACiAJ5AJQ
9=BUgGSABAAUgAQAFIAEABSABAAUgAQAFIAC20AlAOvFZAEycIAAmniHGliHOjnZK0rJ9UFU
10=gGSBVIAAAGYF5baGdniYaCc3Rzn5eJnpeNW1pYnpiNIBjMBT+cBUgPJ+QCKmwFJ6gCLSMA
11=raSWSAZIFUgATCtIBkgVSABUGCekAAmfl41vbGVGRUCupplYHyAPzAVMKEgSSABAAUgAQA
12=FIAEABSABIDycsAEgPUAusK1QPXFYDiZA+qIZvJxgCQwGmhm9IBkgVSABUFSckCFgiSAZA
13=BCoIAANjYlpbWVZcAlhzSAAgDMwFQwqhp09EFFgTSABAAUgASA8nLABUFbwgTIIJiIR/kI
14=uBkIl/goo5KgACqw+VYkVIV1QVUOBAK0gAKiQIJ7wAA5qTilpZWagGVxWboEqsEEwBWCKs
15=DTycC0QUWBNIAEABSABUFUgAQCVMAVQVSABID7yttwyVinGkFwORlT+7saGwAqgGVBW8BU
16=hXXAKzFJifRERBAAOdlYtcWliWkIeZkoZaWVafmIu+tKKgBLQAVKIDjpg/m6RJZhd6Zic8
17=F0ATSABQESqEDqwcUAJcDrQDTAFID0gAoAcDPUA9TE9QSAZIAEQRTAoMu7Olxr6wyMG2i4
18=qJYGNjSABUFUgAuCtMBLgQKhQARBcJe3dvW1pXoJmMoJiLM4wARAsGh4F3rqefTkE1SAA5
19=zwU8QUVUFaQOtBVQBSfcCljWRPJENUQXSAAktCMDxr+zysGyoBYGVldWYGNkiYmHSABEEU
20=QgKqgCrAEJm5WMmJSMWllXmJKHpAJUAAOemEu5rptAAUgAUFMGhX5zsquhcmNOSABcCFAC
21=SwC8sqQtnAusEFQMSwZCRUZAKyq0AlQeSAAGoKdMmKNKt66gWBlHF2VjX0RWA4aDf0dLTF
22=QVSwBXWllXFci/sEAZA8nCtr60pFxTWA1IAFgHBqWeklpZVaGZjFBBRAInCAADl5KIXFtY
23=UwKnn5RMKwaxqqFsYE5sYU4ntAInpABAAVwIQBMnnws9QkZYVSrEKEgDSBu4K1wFJwgARA
24=K0wwAMP0NGOj09Ojw8PT88bnBvzcW4tayeuq+eoZZ+i4eCWHNQdFxcCcCvXpykUpKMgl1c
25=VScQAUABCY+JgEFBP4iAcZ6Xii20AgOdo1GQmUZYkVgEJwsAurKiQBa8Pic8CLwsTChQWU
26=ATREFcVkRZpAUnnAUPdHRySUxNYF5bOTw8Oz48cXFwTCJIALgHJ4sBmY52RBcDpahSx7Vi
27=TFgADFtbVXRxaaqilbevWpOOhFhYVpSOhImEfIeBd4iEf6wrDLKomFFSTVZVT7Compqaa0
28=wBB1JTT6+nmqefkIkmfChUFVgTTD1YE1xBQAFYAUgAQAGkFyfEDUgGTC5QhgxLTU9AQT89
29=QUNAQkRSVFNLFb20plBNTFIntAIqIAAGnI51ioV/kYqATC4JYmBWUlJNmpKFoZiLUEFUFS
30=ckCAOblIhbWllA4gOQioGblYukCAOVkIaalIukJkgPJ7QCWBNUFbwUoCVEAlgBSABAAaQX
31=QAFIACrPBUJGSVxZtGBcAkQXtAwtFABcWQaso5SyqZtgTkBMLgZtXkxuX06OiH9UFQADiY
32=J3h4R+bmJNvrSnubCiRERBbGllKvkAFIAAJOwtM7QCSBKwFFQASABYAUgAQwFyc3JYFkgA
33=TAEwzAVcAifYAi3kAlQYXGVA3AZmZV9iYVpgX1ekAlQAAo2Bb2pbbK9MAbAURAVctgNiYF
34=lfXlZctkgnSANQAjZsBawTSBJAAVAFXIZAAVgBSABAAUgAQAFIALAXQAFIAFACRBRcXFTh
35=RGKkFydEAwawpY2YlIxhX1hAFkjGQMQDl5xGW1pYqxKXkodQEUgStBUqFABcAkzlUFCkCz
36=lsBawQWBCgAVQASABYAUgAQAFHEXZ3dqwBWAFAAUQUQAFIAEwBRBdIDFgZA2BiYT1BRUwu
37=XAVTAldZWESwQBNYEFMgjJA7tCEGWlhWTk9Llo+CX+CZk4kqwAJUSDzcClgNUA5IAEABSA
38=BAAUgAQAGkC0ABWAFfnkRIS0iZWBAGREdJYmNhnZaKXAJIAEAELeQCRCOkDlwCRBdIXVSK
39=SLdYFkgARBdA8SeHArivoERBJwQfVBVAHz/cCrwOSA9AAUgAQAFIAKABVABIAFgBSwBbXl
40=1AEAY8Pj47Pj1KTk8nXABAAUgAQAREFEABSABMAVgrSA+vi2hnZ0AHSABMB1wCWBYnwAKg
41=AUCvQBlEQaQdIAPcCkgMQA1IAEABSABAAUgAQAEqnAWkAkwrQC6sAUAEQAFLRUtOUKwBWA
42=FAAS3kAi3MBTDkAlPFjpg/QBwgGGwFvA5ID6ABVABIAFgBSABAAUgAQAFLAJ6WiVBWUERA
43=LlguA0ZJS3R1dFwCQARIAEABLeQCSBKsLlwCWBZIACfMBSAhbAVYDVAOSABAATCcBVACSA
44=NIAEABQFtYW1BcJBw3UAJIAFwCSABAAUgAQAFEFEABSABMAVRCKswFUFxAGSAkbAW8C0gM
45=oAFUAEgAWAFIAEABSABAAUgAQAFIAEABV4SdlYisAVgBQAFIAEABSABAAUgAQAEt5AJIFS
46=AtbAVIDEANSABAATycBUAEWARIAEABSABAAUgAQAFIAEABSABAAUgAQAFIAEABpBcnVAhc
47=rSqUK6wEWARAAUgAQAFIAEABSABAAUgAQAFIAEABSABAAUgAQAFIAEABSABAAUgAQwH///
48=9UAEgAWAFIAEABSABAAUgAQAFIAEABSABAAUgAQAFIAEABSABAAUgAQAFIAEABSABAAUgA
49=QAFEFwY9QkY3O0A/QkQklCu8AkgDQAFIAEABSABAAUgAQAFIAEABSABAAUgAQAFIAEABSA
50=BAAUgAQAEJoqRupqhupqhuoqRuEQAA

[Africans]
IQ=0
Edge=North
Color=DarkRed
Allies=Africans
Country=Africans
Credits=0
NodeCount=0
TechLevel=1
PercentBuilt=0
PlayerControl=no

[Alliance]
IQ=0
Edge=North
Color=Gold
Allies=Alliance
Country=Alliance
Credits=0
NodeCount=0
TechLevel=1
PercentBuilt=0
PlayerControl=no

[Americans]
IQ=0
Edge=North
Color=Gold
Allies=Americans
Country=Americans
Credits=0
NodeCount=0
TechLevel=1
PercentBuilt=0
PlayerControl=no

[Arabs]
IQ=0
Edge=North
Color=DarkRed
Allies=Arabs
Country=Arabs
Credits=0
NodeCount=0
TechLevel=1
PercentBuilt=0
PlayerControl=no

[Basic]
Name=No name
Author=Author Not Set
Percent=0
GameMode=standard
HomeCell=98
InitTime=10000
Official=no
EndOfGame=no
FreeRadar=no
MaxPlayer=2
MinPlayer=2
SkipScore=no
TrainCrate=no
TruckCrate=no
AltHomeCell=99
OneTimeOnly=no
CarryOverCap=0
NewINIFormat=4
NextScenario=
SkipMapSelect=no
CarryOverMoney=0.000000
AltNextScenario=
MultiplayerOnly=1
IceGrowthEnabled=no
VeinGrowthEnabled=no
TiberiumGrowthEnabled=yes
IgnoreGlobalAITriggers=no
TiberiumDeathToVisceroid=no

[British]
IQ=0
Edge=North
Color=Gold
Allies=British
Country=British
Credits=0
NodeCount=0
TechLevel=1
PercentBuilt=0
PlayerControl=no

[Confederation]
IQ=0
Edge=North
Color=DarkRed
Allies=Confederation
Country=Confederation
Credits=0
NodeCount=0
TechLevel=1
PercentBuilt=0
PlayerControl=no

[FA2spVersionControl]
Version=7

[French]
IQ=0
Edge=North
Color=Gold
Allies=French
Country=French
Credits=0
NodeCount=0
TechLevel=1
PercentBuilt=0
PlayerControl=no

[GDI]
IQ=0
Edge=North
Color=Gold
Allies=GDI
Country=GDI
Credits=0
NodeCount=0
TechLevel=1
PercentBuilt=0
PlayerControl=no

[Germans]
IQ=0
Edge=North
Color=Gold
Allies=Germans
Country=Germans
Credits=0
NodeCount=0
TechLevel=1
PercentBuilt=0
PlayerControl=no

[Houses]
0=Americans
1=Alliance
2=French
3=Germans
4=British
5=Africans
6=Arabs
7=Confederation
8=Russians
9=YuriCountry
10=GDI
11=Nod
12=Neutral
13=Special

[IsoMapPack5]
1=SQ4AIA8eAAEAWAMAAAAEAB0AAgBYAwBpAR4oKQAfKCsAHAAD4QQdKCkAHigpAB8oKQAgKC
2=kAG0wL3QocKCkAHSgpAB4oKQAfKCkAICgpACEoKwAaAAXtEBsoKQAcKCkAHSgpAB4oKQAf
3=KCkAICgpACEoKQAiKCsAGQAG6QwaKCkAGygpABwoKQAdKCkAHigpAB8oKQAgKCkAISgpAC
4=IoKQAjKCsAGAAH4Q8ZKCkAGigpABsoKQAcKCkAHSgpAB4oKQAfKCkAICgpACEoKQAiKCkA
5=IygpACQoKwAXAAj5ERgoKQAZKCkAGigpABsoKQAcKCkAHSgpAB4oKQAfKCkAICgpACEoKQ
6=AiKCkAIygpACQoKQAlKCsAFgAJ8RQXKCkAGCgpABkoKQAaKCkAGygpABwoKQAdKCkAHigp
7=AB8oKQAgKCkAISgpACIoKQAjKCkAJCgpACUoKQAmKCsAFQAK6RcWKCkAFygpABgoKQAZKC
8=kAGigpABsoKQAcKCkAHSgpAB4oKQAfKCkAICgpACEoKQAiKCkAIygpACQoKQAlKCkAJigp
9=ACcoKwAUAAvhGhUoKQAWKCkAFygpABgoKQAZKCkAGigpABsoKQAcKCkAHSgpAB4oKQAfKC
10=kAICgpACEoKQAiKCkAIygpACQoKQAlKCkAJigpACcoKQAoKCsAEwAM+RwUKCkAFSgpABYo
11=KQAXKCkAGCgpABkoKQAaKCkAGygpABwoKQAdKCkAHigpAB8oKQAgKCkAISgpACIoKQAjKC
12=kAJCgpACUoKQAmKCkAJygpACgoKQApKCsAEgAN8R8TKCkAFCgpABUoKQAWKCkAFygpABgo
13=KQAZKCkAGigpABsoKQAcKCkAHSgpAB4oKQAfKCkAICgpACEoKQAiKCkAIygpACQoKQAlKC
14=kAJigpACcoKQAoKCkAKSgpACooKAADEQAOACUBneYSKCkAEygpABQoKQAVKCkAFigpABco
15=KQAYKCkAGSgpABooKQAbKCkAHCgpAB0oKQAeKCkAHygpACAoKQAhKCkAIigpACMoKQAkKC
16=kAJSgpACYoKQAnKCkAKCgpACkoKQAqKCkAKygoAAIQAA8AJ0AlAQUEABFIAWwmAQEEABJI
17=ASV5IBMoKQAUKCkAFSgpABZKARYCiS0XSAHZBhgoKQAZKCkAGigpABsoKQAcKCkAHSgpAB
18=4oKQAfKCkAICgpACEoKQAiKCkAIygpACQoKQAlKCkAJigpACcoKQAoKCkAKSgpACooKQAr
19=SAHVIyxIAW4mAwRBARCYJwEHBAAQRAB1AghlKRCVTwJkKScpABNABGQIVQIUKCkAFSgpAB
20=YoKQAXKCkAGCgpABkoKQAaKCkAGygpABwoKQAdKCkAHigpAB8oKQAgKCkAISgpACIoKQAj
21=KCkAJCgpACUoKQAmKCkAJygpACgoKQApKCkAKigpACsoKQAsSAFsJgEGBAAtyAFFKQ5JUS
22=ZNUgB+KxEAaAFNUhDUAlknEUkBsCRVLBJJAa+pARNJAa6pARRIAcEEFUkBsbUCFkgBzQUX
23=SAHNBRhIAc0FGUgBzQUaSAHNBRtIAc0FHEgBzQUdSAHNBR5IAc0FH0gBzQUgSAHNBSFIAc
24=0FIkgBzQUjSAHNBSRIAc0FJUgBzQUmSAHNBSdIAc0FKEgBzQUpSAHNBSpIAc0FK0gBzQUs
25=SAF4J0UpLcgBRSkuyAFFKQ1IfcV2DkgBzQUPSAHVAhBIAXQCTQURSAHVDRJKAVEET34IAB
26=MoKQAUKCkAFSgpABYoKQAXSAFwCQEACAAYyAEBAQgAGUkBOVg9AQgIABpJAeNYCkEEG8gB
27=QQQcyAEBAggAHUkBxKEEHsgBQQQfSAHZESAoKQAhKCkAIigpACMoKQAkSQFBsQklyAFVIy
28=ZIAZMJBAAnSQHBRBNZJyhIAdUCKSgpACooKQArSAHZMixIAZgcd1oSABaxoy7UAkUpL0gB
29=3SsMQCjJAQ0oKQAOSAHFCA9IAcEEEEgBdAJFCBFIAc08EkgBhBNtMRN5GQBZJxRVApFzAQ
30=gAFUkBiakBFkkBh6kBF0gBcAlNBRjIAUUpGUgBbTENbjETAGwxAQQIABtUAmgBAQUIABzJ
31=AQZuMRMAbDFZMh5UAmgBAQMIAB9IAdkRIEkBk7UNIUgBZAFVDSJIAcUTI0kBi3sCCAAkSA
32=FsMVEJJcgBWasmSAGQCW0xE+UpKFQC0SopKCkAKkkBwrE1K0gB0WEsSAGYHG0xEyaZJC7U
33=AkUpL0gB3SswKCsACwAU7QUMKCkADSgpAA5IAd0KD0gBxQgQSAF0Al0KEUgB3UESSAGUGG
34=Y0FADJARQoVQAVKCkAFkkBkqkiF0gBcAlNJhjIAYU0FISiQSUaVALRCRsoKQAcKCkAHUkB
35=CUgiTQUeyAGENCcNAiBUAocpCAAhKCkAIigpACNIAckMJEkBQqUTJcgBlGXQCWU0FCiEBi
36=cpAClMBYsMBAAqSAGTCQQAK0kBsbWyLEgBmBxkNCfVBS7UAkUpL0gB3SswKCkAMSgpAApI
37=XMEECygpAAwoKQANKCkADkgB1Q0PSAHFExBIAXQCVQ0RSAHNRxJJAVH1nBUo3AYnKQAVKI
38=EAFigpABdJAexULp42FQBoAZw2qAFNMRpABN0KG0kBza0FHMgBTQUdSAEn3gYVAGgBnDYn
39=4QEgQASIF302FbcuCAAiKFUAI0gByQwkSAEn3gYVAGgBnDbQCXw2xwgEAChMBZ8KBAApKC
40=kAKkkB1EQ/VSMrSAHdjixIAWwmUaMtSAHBMC5IAXQCTQUvSAHVAjAoKQAxKCkAMigrAAkA
41=Fv1tCigpAAsoKQAMKCkADSgpAA5IAXQNTRAPSAHVDRBIAXQCTRARSQGxvExAseg4RInoAV
42=xU6AFUIOkBFlkGsrkyF0gBcAmVORaIb0U0GdQClTkW+QYbVAJ0OVUCHMgBXTYdSQH5eycI
43=AB7IAVUCH0kBxVQCUQkgSAGULnQ5SA98xXQ5JykAI0AESAV9uiRJAUBvAQgAJcgBlDnMEH
44=c5FgCNYAR2ORYAmKt2ORYAyTgqWAZoAVmrK0gBzZQsSAGYHHRwJy0GLtQCRSkvSAHdKzAo
45=KQAxKCkAMigpADMoKwAIABfhOwkoKQAKKCkACygpAAwoKQANKCkADkgBxRMPSAHNEBBIAX
46=QCRRMRSAHNUhJJAVHldhe9IAhChRcA1d4VKIEAFigpABdIAXAJjTwXKIwHqAFVORpABGwq
47=QQQbSAHJDBwoKQAdSAHJ3R5IAWA7WQYfyAFZPSBIAdkGISgpACJJAQ69TCNIAcEEJEgBbD
48=xFCCXIAVE1JkgBgARvPBcAknwRbzwXAFahXClABGE7BmWtF5k9B2atFwDdmSxABJgcbDwn
49=WQYu1AJFKS9IAd0rMCgpADEoKQAyKCkAMygpADQoKwAHABj4PSKMJ9EJCShVAAooKQALKC
50=kADCgpAA0oKQAOSAHdFQ9IAdEJEEgBdAJdFRFIAd1XEkgBlCNv7BgAkHQjZz8YAIqpARVB
51=BMWpLRbIAUlvF0gBcAlBOxjIAVUCGUgBIhQkI0UqGCMUJEEEG1QCIhQkQQQcyAFFNB3IAU
52=08HkkByrUNH8gBTQUgSAHFEyFJAbKtECJIAWQ/RQgjyAFFCCRIAWQ/VQ0lyAGVexikjGU/
53=GIE7CGQ/qQEJdHupAQpkPyetACtFCLGpQyxIAZgcZD8nhQYu1AJFKS9IAd0rMCgpADEoKQ
54=AyKCkAMygpADQoKQA1KCsABgAZ8UAHKCgAIqAvyQwJKFUACigpAAsoKQAMKCkADSgpAA5I
55=AdUYD0gB0QkQSAF0AlUYEUgBzV0SSQFR54EZALV8IH9BGQC0qQEVQAR8QUEwFsgBQTAXSA
56=FwCUEwGMgBSTgZSAF8QSNVLBmcQSNULKgBI1QsqAEjVCypAQd2vRkAfEFJDB9ECGgBSQwg
57=SAEntBdcyPa9GQB8QV0KI0AEaAFdCiRIAXxBRQglyAGHgRkAuHxMfEGoAVVEKEEE1FUCDX
58=1BGeFGKlQCUAIiAWkrSAHdpCxIAZgcfEEnsQYu1AJFKS9IAd0rMCgpADEoKQAyKCkAMygp
59=ADQoKQA1KCkANigrAAUAGulDBigpAAcoKAAi3DHBDwkoVQAKKCkACygpAAwoKQANKCkADk
60=gBzRsPSAHRCRBIAXQCTRsRSQGxcEAidUYaJvEkE1UCUaFGFCgpABVIAdE1FkgBwQQXSAFw
61=CZVEGii8GKgBUTUaQATNBRtIAcXDHEgB1QIdSAHVAh5JAQRQgk1HH8gBTUcgSAHBDyEoKQ
62=AiSQEFTAVBDyPIAVlTJEgBdERVAiXIAV1BJkgBdERFHifIAU1HKEkBymQIdkQaAGgBTQUq
63=VAKEE37FGgDNqixUApgcdEQn3QYu1AJdCi9IAd0rMCgpADEoKQAyKCkAMygpADQoKQA1KC
64=kANigpADcoKwAEABvhRgUoKQAGKCkABygoACKgOtkRCShVAAooKQALKCkADCgpAA0oKQAO
65=SAHFHg9IAdEJEEgBdAJFHhFIAc1oEkgBjCZlzhu8bWSMJykAFSiBABZJAbJoTiI5JBuARl
66=E1GFQCfApJOBnIAYxHJwUBG1QCyQwcKCkAHSgpAB5JAQh0OSLePRsAaAFRCSBUAiftCBvh
67=XCJUAmxHSQwjyAFVkSRIAWxHVQIlyAFVRCZIAW1SBGaMGwBpAQVlzhuARl0gKUAEbEdNBS
68=pIASeFERsorCHYHGxHJwkHLkwFZB5FCC9IAd0rMCgpADEoKQAyKCkAMygpADQoKQA1KCkA
69=NigpADcoKQA4KCsAAwAc+UgEKCkABSgpAAYoKQAHKCgAIrxD0RQJKFUACigpAAsoKQAMKC
70=kADSgpAA5IAWQeI4QyJw0CENQCXSARSAHcbQUSABwAUQQAABEAAGYPACAIAAgAEwAcAMcB
71=AABIAQEUABwAaAEBAQgAFUoBUQSVAhZKAbUDiQEXSQHsrQUYyAFNBRnIAQECCAAaSAHZBh
72=soKQAcKCkAHSgpAB5JAQhQCVkGH8gBAQMIACBKARYClQ0hKCkAIkkBBUwFAQQIACPIAQEF
73=CAAkSQFASAVJFyXIAQEBBAAmSQGxdwIEACfIAVUCKEkB41QCAQIEACnIAQEDBAAqSQHpVA
74=IBAAQAK0kBsXscBAAsSQEmVA1VAi1JAVi1Ai5IAXQCRQgvSAHVAjAoKQAxKCkAMigpADMo
75=KQA0KCkANSgpADYoKQA3KCkAOCgpADkoKAABAgAdAMEPAygpAAQoKQAFKCkABigpAAcoKQ
76=AIKCkACSgpAAooKQALKCkADCgpAA0oKQAOSAF8IFUjD0gB2REQSAF0AlUjEUkBr60mEkgB
77=1TkTSAFwS1k9FMgBWT0VSAHBBBZJAVGpThdIAXAJQTsYyAGeTB0AdAJFCBpUAs0FGygpAB
78=woKQAdKCkAHkkBsm88CAAfyAFRCSBIAcEPISgpACJIAX1MBn5MHQBpAQd+TB0AfExBDyVA
79=BGgBTUcmSAF8TEUeJ8gBVQIoSAF9TAZ+TB0AaQEHfkwdAHxMQVErQQSutSMsSAFgGkUpLU
80=gBxSkuSAF0Al0KL0gB1QIwKCkAMSgpADIoKQAzKCkANCgpADUoKQA2KCkANygpADgoKQA5
81=KCkAOigrAAEAHulOAigpAAMoKQAEKCkABSgpAAYoKQAHKCkACCgpAAkoKQAKKCkACygpAA
82=woKQANKCkADkgBdCNNJg9IAdUjEEgBdAJNJhFJAbG9KxJJAVGlShNJAbJ3AggAFEkBs6kB
83=FUgBwQQWKCkAF0gBcAmVTx6ITkFGGdQCUUAaSAHZBhtJAZOxSxxIAWQBWQYdSAHBBB5IAX
84=RPWQYfyAFZXiBJAfRQBV1MIUkB/XONCAAiSQGzVAJFCCPIAUEPJEkBP7UCJcgBWUgmSAGI
85=DHacHgDJASgoVQApKCkAKkkBxGgMd5weALBxHwRUnKwbRSktQATFKS5IAXAfRSkvSAHVAj
86=AoKQAxKCkAMigpADMoKQA0KCkANSgpADYoKQA3KCkAOCgpADkoKQA6KCkAOygpAAJYd9kR
87=AygpAAQoKQAFKCkABigpAAcoKABggMUICShVAAooKQALKCkADCgpAA0oKQAOSAF0I00mD0
88=gB0QkQSAF0Ak0mEUgB1XsSSAGYMm/sHwCNqTgUVQKHqQEVSAHBBBYoKQAXSAFwCVFAGMgB
89=UUAZyAFZSBpIAdkGG0gBbAlNBRxIAcFRHUgBwQQeSQH5ZD9rHx8AVWQ/buwfAHRPAQoIAC
90=FBBLpICEkMIsgBSQwjSAFgUUVVJEgBdE9VAiXIAVWcJkgBiAx1Tx8o9AknKQApKIEAKkgB
91=hBN2Tx8AxcMsVAKbHAQALUgBxSkuSAF0AkUpL0gB1QIwKCkAMSgpADIoKQAzKCkANCgpAD
92=UoKQA2KCkANygpADgoKQA5KCkAOigpADsoKwADACD5oAQoKQAFKCkABigpAAcoKABwLdUY
93=CShVAAooKQALKCkADCgpAA0oKQAOSAFoIohOJw0CENQCQSURSAHJehJIAZgya04gAJBAO0
94=lDFFUCiqkBFUkBgFxBAQEHABbIAQECBwAXSQEaIs8lBwAYyAFBBBnIAUEEGkkBgVgGAQAH
95=ABvIAUEEHEgB1Q0dSAGEjGO8IAD8bAVqTiAAhD92ICAAfExFSiFMBWkBBGCetQIFe+0gAD
96=uxFCRABGgBVZwlSAGIDCJZJyD9TCdVAsVrDAQAKMgBTQUpSAHNBSooKQArSQGxeF5hniCQ
97=uUUpLVQC2TIuSAF8K0UpL0gB1QIwKCkAMSgpADIoKQAzKCkANCgpADUoKQA2KCkANygpAD
98=goKQA5KCkAOigpAARIcs0QBSgpAAYoKQAHKCgAeHfNBQkoVQAKKCkACygpAAwoKQANKCkA
99=DkgBcB9JIg9IAdEJEEgBdAJJIhFIAcV2EkkBNaU0E8gBVYYUSAFkSkE7FckBBHJLIQB2Ag
100=UGUkshAJFLBlBLqAEBAQYAGUwFdAIBAgYAGkgBcksDBlJLIQBoAUUIHNQCSUMdSAHBDx7I
101=AUEPH0kBOLkRICgpACFJATe1AiLIAU0FI0gBZEpBGiRJAVEiTyAEACUoKQAmKCkAJ0gBcE
102=tNBSjIAUGeKUgB2QYqSAGUWn6ZIQDVvSxUAmwmRSktSQFYqU4uSAF0AlEJL0gB1QIwKCkA
103=MSgpADIoKQAzKCkANCgpADUoKQA2KCkANygpADgoKQA5KCsABQAi5ZcGKCkABygoAHxwxR
104=MJKFUACigpAAsoKQAMKCkADSgpAA5IAXgcUR8PSAHRCRBIAXQCUR8RSQGxqSISSAF0OVUC
105=E8gBXSsUSAFgRgEGBAAVygEHBE2UIppICAVZSCK5SAVYSKoBAQVYSKoBAgVZSCKORwYFWE
106=ioAUUIHFEJgUmFCCKONCIAwQ8eVAJoAUEPH0kBOEBGQYggKCkAIUgBeEhRFCLIAU0FI0kB
107=Ua1HJEkBw1wKRR4lSAHVAiZJAb5QCVUCJ8gBXQooSQHjVAJRCSnIAVEJKkgBIkgwTQUrSA
108=HFuCxIAWwmVQItSQFYrSYuSAF0AkUIL0gB1QIwKCkAMSgpADIoKQAzKCkANCgpADUoKQA2
109=KCkANygpADgoKwAGACPtRwcoKAB0tc0QCShVAAooKQALKCkADCgpAA0oKQAOSAFgGlkcD0
110=gB0QkQSAF0AlkcEUgBxWsSSAHdKxMoKQAUKCkAFUgBbUcKYUYjgkYLBEFGI6FGBEBGqAFN
111=MRlMBZ2OBEFGI4JGCQRARqgBRQgcQAQjXDhiRiMAyQEeVALNEB8oKQAgSAHFgSFJAb1MPE
112=EaIsgBVQ0jSAFkP0kBJMgBTRslSQG5rQUmyAFBBCdIAWxHSUMoSAF4BlFhKcgBSVkqSAFg
113=Rk0FK0gB1bIsSAFsJkEPLUgBxSkuSAF0AlUNL0gB1QIwKCkAMSgpADIoKQAzKCkANCgpAD
114=UoKQA2KCkANygrAAcAJPREIrA81Q0JKFUACigpAAsoKQAMKCkADSgpAA5IAWgXQRoPSAHR
115=CRBIAXQCQRoRSAHVZRJJASW1cBMoKQAUKCkAFSgpABZJAeutBRdJASupARjIAVEqGcgBSQ
116=waSAHZPRtIAWw1WREcSAHVAh0oKQAeKCkAHygpACAoKQAhSAFoQ10KIsgBTTwjSAFuPAUE
117=QQEkI5xAWT0lUAFoQ00FJsgBTQUnSQHCvRUoSAHNECkoKQAqKCkAK0kBsbWGLEgBbCZJFy
118=1IAcUpLkgBdAJJDC9IAdUCMCgpADEoKQAyKCkAMygpADQoKQA1KCkANigpAAhI690KCSgp
119=AAooKQALKCkADCgpAA0oKQAOSAFwFEkXD0gB0QkQSAF0AkkXEUgBxWASSAFwQEk4EygpAB
120=QoKQAVKCkAFkgBcEBNBRdIAXBAXSsYygEEBELKJQB0AlkyGlUCUbW9GygpABwoKQAdKCkA
121=HkgBItAgXRUfyAFJDCBIAcUIIUkBBEg4SRciyAFBDyNJAZF0S3NAJQCHqQElVAJkAVEJJk
122=gBxQgnKCkAKCgpAClIASNkOSKPSSUAi3wGIl0iJShdIiUo0Ssl+XQuWAbFKS9IAd0rMCgp
123=ADEoKQAyKCkAMygpADQoKQA1KCsACQAm6QwKKCkACygpAAwoKQANKCkADkgBeBFFHg9IAd
124=kREEgBdAJNJhFJAbG1WhJIAXg9VQITKCkAFCgpABUoKQAWSAF4PU0FF0gBYDtRbBjJAQd5
125=PSaZPQh5wSYmfTEbQQSyUDVZERxIAc3AHSgpAB5IAXg9XQofyAFVOSBIAXwvWQYhSAF4PU
126=VKIsgBRUojSAHBBCRIASN4NiIZKib9NiZVAlGpTicoKQAoKCkAKUkBkmgIeT0mYQEAVQ0r
127=VALFoixIAWwmVQItSAHFKS5IAXQCXRUvSAHVAjAoKQAxKCkAMigpADMoKQA0KCsACgAn7T
128=wLKCkADCgpAA0oKQAOSAFgD1kRD0gBwQ8QSAF0AlkREUgBJ50fJ+EwE1QC1S4USQFZpT8V
129=SAHFCBZIAcEEF0gBI0xifvwnAGgBSW8Z1AJJDBpIAdEqG0kBweA7J7UBHVQC2aseSAHNBR
130=8oKQAgSQHDuQYhSAFgO1lIIsgBWUgjSAHZBiQoKQAlKCkAJigpACcoKQAoKCkAKSgpACoo
131=KQArSAHVnCxIAWwmRSktSAHdIC5IAXQCWRwvSAHVAjAoKQAxKCkAMigpADMoKwALACj1OQ
132=woKQANKCkADkgBaAxBDw9IAckMEEgBdAJBDxFIAdVPEkgB3SATSQFbvTYUSQHOuScVyAFF
133=NBZJAVqhBBdJAS2hBBjIAUEEGcgBSQwaSAF8eE0QG0gBeH9JARwoKQAdKCkAHigpAB8oKQ
134=AgKCkAIUkBNlQNQXIiyAFVOSNIAckMJEgByQwlKCkAJigpACcoKQAoKCkAKSgpACpIAdEJ
135=K0kBsbkcLEgBbCZJFy1IAcUpLkgBdAJZHC9IAdUCMCgpADEoKQAyKCsADAAp/TYNKCkADk
136=gBcAlJDA9IAdEJEEgBdAJJDBFIAcVKEkkBUbGNE0gBzQUUSAFwNU0FFcgBSZsWSAHVcBdI
137=AXA1VQIYyAFVnBnIAVEqGkgBcB9JOBtIAWQpSQEcKCkAHSgpAB4oKQAfKCkAICgpACEoKQ
138=AiKCkAI0gByQwkSAHJDCUoKQAmKCkAJygpACgoKQApKCkAKkgB0QkrSAHVkSxIAWwmRSkt
139=SAHVIy5IAXQCVSMvSAHVAjAoKQAxKCsADQAq5TQOSAF4BlEJD0gB2QYQSAF0AlEJEUgBJw
140=0NKigZFComATIUQATVZRVIAcVrFkgBJxoUKgB4MklZGFQCaAFBkxnIAZ7bKgB4HFUNG1QC
141=bCZJARwoKQAdKCkAHigpAB9JATRVZQki1lMqAGkBCiKOSioAxQgiQATJASNIAckMJEgBcW
142=wOfNsnrQAmVALNBScoKQAoKCkAKSgpACpIAdEJK0gB1SMsSAFsJkUpLUgBxSkuSAF0AkEa
143=L0gB1QIwKCoADgBM5FQYWQYPyAFNUhDIAVkGEUgBJ10MKybxJBNUAsEPFEkBsb14FUgBzQ
144=UWSAHBRhdIAc0FGEgBzQUZSAHNBRpIAc0FG0gBzQUcSAHNBR1IAc0FHkgBzQUfSAHNBSBI
145=Ac0FIUgBzQUiSAHNBSNIAc0FJEgBzQUlSAHNBSZIAQmuAwAAAAQAJwArALARAAAMBQ4MCA
146=MAAAAEACgAKwCxqAECKQArAK+pASpJAa6pAStIAdUCLEoBJgGZBi3IAQEBBAAuyAEBAgQA
147=L0kBWLgGAg8ALAAnTAVBBBDIAUEEEUkBJVQCAQAEABIoKQATKCkAFCgpABUoKQAWKCkAFy
148=gpABgoKQAZKCkAGigpABsoKQAcKCkAHSgpAB4oKQAfKCkAICgpACEoKQAiKCkAIygpACQo
149=KQAlKCkAJigpACcoKQAoKCkAKSgpACooKQArKCkALEgBeCdBJS3IAUUpLsgBRykQAC2cKw
150=EFBAARSAFwKkEEEkgBwTATSgEWApE1FEgB1QIVKCkAFigpABcoKQAYKCkAGSgpABooKQAb
151=KCkAHCgpAB0oKQAeKCkAHygpACAoKQAhKCkAIigpACMoKQAkKCkAJSgpACYoKQAnKCkAKC
152=gpACkoKQAqKCkAK0gB1SMsSAFyKgMEQAG5JwR6Jy4AYARRKhJQWckBEygpABQoKQAVKCkA
153=FigpABcoKQAYKCkAGSgpABooKQAbKCkAHCgpAB0oKQAeKCkAHygpACAoKQAhKCkAIigpAC
154=MoKQAkKCkAJSgpACYoKQAnKCkAKCgpACkoKQAqKCkAKygpACxIAXknBnJ3LwDFShNUfskB
155=FCgpABUoKQAWKCkAFygpABgoKQAZKCkAGigpABsoKQAcKCkAHSgpAB4oKQAfKCkAICgpAC
156=EoKQAiKCkAIygpACQoKQAlKCkAJigpACcoKQAoKCkAKSgpACooKQArKCsAEwAw9SMUKCkA
157=FSgpABYoKQAXKCkAGCgpABkoKQAaSQE2SKZVexvIAUVVHEgB1S4dKCkAHigpAB8oKQAgKC
158=kAISgpACIoKQAjKCkAJCgpACUoKQAmKCkAJygpACgoKQApKCkAKigrABQAMf0gFSgpABYo
159=KQAXKCkAGCgpABlIAWQeTXMayAFVnBvIAVVPHMgBAQcEAB1IAd0gHigpAB9JATmtJiDIAU
160=0mIcgBWX8iSAHZBiMoKQAkKCkAJSgpACYoKQAnKCkAKCgpACkoKwAVADLlHhYoKQAXKCkA
161=GCgpABlIAXgcAQgEABrIAQEJBAAbyAEBCgQAHMkBC3gcJ10BHlQCbBtJIh/IAUkiIMgBSS
162=IhyAFdCiLIAV0KI0gBxR4kKCkAJSgpACYoKQAnKCkAKCgrABYAM+0bFygpABgoKQAZSAFh
163=GgxiGjMAaQENYBqpAQ5gGqkBD2AaJzEBHlgGYBpFHh/IAUUeIMgBUQkhyAFRCSLIAVEJI0
164=gBJ0ADJzEBJShVACYoKQAnKCsAFwA09RgYKCkAGSgpABpIAWkXEWkXNJUYEmgXJ9kAHUAE
165=wQ8eKCkAH0gBdBgBEAQAIMgBRQghyAFFCCJIAdkGIygpACQoKQAlKCkAJigrABgANf0VGS
166=gpABooKQAbKCkAHCgpAB0oKQAeKCkAHygpACAoKQAhKCkAIigpACMoKQAkKCkAJSgrABkA
167=NuUTGigpABsoKQAcKCkAHSgpAB4oKQAfKCkAICgpACEoKQAiKCkAIygpACQoKwAaADftEB
168=soKQAcKCkAHSgpAB4oKQAfKCkAICgpACEoKQAiKCkAIygoAAEbADgAyjgcACcpAB0oKQAe
169=KCkAHygpACAoKQAhKCkAIigoAAEcADkA3QodKCkAHigpAB8oKQAgKCkAISgrAB0AOuUIHi
170=gpAB8oKQAgKCsAHgA77AUIHwA7AFgDAAAABAARAAA=

[Lighting]
Red=0.900000
Blue=0.900000
Green=0.900000
Level=0.022000
Ground=0.000000
IonRed=0.600000
Ambient=0.900000
IonBlue=0.850000
IonGreen=0.700000
IonLevel=0.022000
IonGround=0.000000
IonAmbient=0.900000
DominatorRed=0.850000
DominatorBlue=0.300000
DominatorGreen=0.200000
DominatorLevel=0.022000
DominatorGround=0.000000
DominatorAmbient=0.900000
DominatorAmbientChangeRate=0.009000

[Map]
Size=0,0,30,30
Theater=NEWURBAN
LocalSize=1,4,28,23

[Neutral]
IQ=0
Edge=North
Color=Grey
Allies=Neutral
Country=Neutral
Credits=0
NodeCount=0
TechLevel=1
PercentBuilt=0
PlayerControl=no

[Nod]
IQ=0
Edge=North
Color=Gold
Allies=Nod
Country=Nod
Credits=0
NodeCount=0
TechLevel=1
PercentBuilt=0
PlayerControl=no

[OverlayDataPack]
1=BQAAIP4AIACABQAAIP4AIACABQAAIP4AIACABQAAIP4AIACABQAAIP4AIACABQAAIP4AIA
2=CABQAAIP4AIACABQAAIP4AIACABQAAIP4AIACABQAAIP4AIACABQAAIP4AIACABQAAIP4A
3=IACABQAAIP4AIACABQAAIP4AIACABQAAIP4AIACABQAAIP4AIACABQAAIP4AIACABQAAIP
4=4AIACABQAAIP4AIACABQAAIP4AIACABQAAIP4AIACABQAAIP4AIACABQAAIP4AIACABQAA
5=IP4AIACABQAAIP4AIACABQAAIP4AIACABQAAIP4AIACABQAAIP4AIACABQAAIP4AIACABQ
6=AAIP4AIACABQAAIP4AIACABQAAIP4AIACA

[OverlayPack]
1=BQAAIP4AIP+ACwAAIP4qEv+Brf7VDf+ABQAAIP4AIP+ABQAAIP4AIP+ABQAAIP4AIP+ABQ
2=AAIP4AIP+ABQAAIP4AIP+ABQAAIP4AIP+ABQAAIP4AIP+ABQAAIP4AIP+ABQAAIP4AIP+A
3=BQAAIP4AIP+ABQAAIP4AIP+ABQAAIP4AIP+ABQAAIP4AIP+ABQAAIP4AIP+ABQAAIP4AIP
4=+ABQAAIP4AIP+ABQAAIP4AIP+ABQAAIP4AIP+ABQAAIP4AIP+ABQAAIP4AIP+ABQAAIP4A
5=IP+ABQAAIP4AIP+ABQAAIP4AIP+ABQAAIP4AIP+ABQAAIP4AIP+ABQAAIP4AIP+ABQAAIP
6=4AIP+ABQAAIP4AIP+ABQAAIP4AIP+ABQAAIP4AIP+A

[Russians]
IQ=0
Edge=North
Color=DarkRed
Allies=Russians
Country=Russians
Credits=0
NodeCount=0
TechLevel=1
PercentBuilt=0
PlayerControl=no

[Special]
IQ=0
Edge=North
Color=Grey
Allies=Special
Country=Special
Credits=0
NodeCount=0
TechLevel=1
PercentBuilt=0
PlayerControl=no

[SpecialFlags]
Inert=no
FogOfWar=no
IonStorms=no
MCVDeploy=no
Meteorites=no
Visceroids=no
FixedAlliance=no
TiberiumGrows=yes
InitialVeteran=no
HarvesterImmune=no
TiberiumSpreads=yes
TiberiumExplosive=no
DestroyableBridges=yes

[Structures]
0=Neutral,CAWASH06,256,28,35,64,None,1,0,1,0,0,None,None,None,0,0
1=Neutral,CATEXS05,256,39,31,64,None,1,0,1,0,0,None,None,None,0,0
2=Neutral,CANWY23,256,38,37,64,None,1,0,1,0,0,None,None,None,0,0
3=Neutral,CANEWY01,256,18,26,64,None,1,0,1,0,0,None,None,None,0,0
4=Neutral,CATEXS04,256,27,27,64,None,1,0,1,0,0,None,None,None,0,0
5=Neutral,CATEXS03,256,32,20,64,None,1,0,1,0,0,None,None,None,0,0
6=Neutral,CACHIG02,256,27,20,64,None,1,0,1,0,0,None,None,None,0,0
7=Neutral,CASANF18,256,32,25,64,None,1,0,1,0,0,None,None,None,0,0
8=Neutral,CASANF17,256,39,19,64,None,1,0,1,0,0,None,None,None,0,0
9=Neutral,CANEWY18,256,40,26,64,None,1,0,1,0,0,None,None,None,0,0
10=Neutral,CANEWY16,256,20,40,64,None,1,0,1,0,0,None,None,None,0,0
11=Neutral,CANWY25,256,19,20,64,None,1,0,1,0,0,None,None,None,0,0
12=Neutral,CAURB01,256,31,39,64,None,0,0,1,0,0,None,None,None,1,0
13=Neutral,CAMISC04,256,21,30,64,None,0,0,1,0,0,None,None,None,1,0
14=Neutral,CAFRMB,256,20,30,64,None,0,0,1,0,0,None,None,None,1,0
15=Neutral,CAURB02,256,41,25,64,None,0,0,1,0,0,None,None,None,1,0
16=Neutral,CAPARK02,256,27,30,64,None,0,0,1,0,0,None,None,None,1,0
17=Neutral,CAPARK01,256,20,31,64,None,0,0,1,0,0,None,None,None,1,0
18=Neutral,CAPARK06,256,19,24,64,None,0,0,1,0,0,None,None,None,1,0
19=Neutral,CASTRT05,256,29,39,64,None,0,0,1,0,0,None,None,None,1,0
20=Neutral,CAMISC05,256,28,23,64,None,0,0,1,0,0,None,None,None,1,0

[TaskForces]

[Terrain]
19020=TREE10
19032=TREE13
19035=TREE03
20022=TREE10
21030=LT_GEN01
22026=LT_SGN01
22035=TREE01
22040=TREE06
22041=LT_GEN03
23020=TREE04
23026=TREE12
23029=TREE10
23039=TREE04
24020=TREE04
24033=TREE01
25029=LT_GEN02
26027=TREE01
26029=TREE14
26031=LT_GEN01
26034=LT_GEN03
27038=LT_GEN03
27042=TREE05
28031=LT_GEN01
28034=LT_GEN03
30026=LT_SGN01
31027=TREE11
31028=TREE15
31033=LT_GEN04
31042=TREE15
32019=TREE15
32020=TREE11
32031=TREE02
33042=TREE14
34041=LT_GEN04
35020=LT_SGN04
35026=TRFF02
35032=TREE11
36027=TREE08
36035=LT_GEN02
37036=TREE11
38026=TRFF03
38032=TREE02
38035=TREE11
38037=TREE07
38041=TREE07
38042=TREE15
39022=TRFF04
39026=TRFF02
39030=LT_SGN04
39037=LT_SGN04
40022=TRFF01
43022=TRFF04

[Waypoints]

[YuriCountry]
IQ=0
Edge=North
Color=DarkRed
Allies=YuriCountry
Country=YuriCountry
Credits=0
NodeCount=0
TechLevel=1
PercentBuilt=0
PlayerControl=no



[Digest]
1=sAbyEnePYA0ls7f1RlsbyPu4s5A=

