; Map created with FinalAlert 2(tm) Mission Editor
; Get it at http://www.westwood.com
; note that all comments were truncated

[Header]
Width=33
Height=29
StartX=239
StartY=26
Waypoint1=0,0
Waypoint2=0,0
Waypoint3=0,0
Waypoint4=0,0
Waypoint5=0,0
Waypoint6=0,0
Waypoint7=0,0
Waypoint8=0,0
NumberStartingPoints=0


[Preview]
Size=0,0,80,40

[PreviewPack]
1=rwsAIAmiqFCjp1CyqZWfl0tLAJyRR0gAQAFIAEABSABAAUgAQAFIAEABSABAAUgAQAFIAE
2=ABSABAAUgAQAFIAEABSABAAUgAQAFIAEABSwB9fnxIAAAJS09SQUNDU1VXVFdYUlVXUVRW
3=QkRETFBSfn99SABQBUgAUAVIAEABSABAAUgAQAFIAEABSABAAUgAQAFIAEABSABAAUgAQA
4=FIAEABSABAAUgAQAFIAEABSABAAScIAFgBSAC4AUABSAAgOSwASB4PWlxbU1daQUZMRUlN
5=VFhdXV9eIEKkA1AaSABcGrw7QAFYAUgAQAFIAEABSABAAUgAQAFIAEABSABAAUgAQAFIAE
6=ABSABAAUgAQAFIAEABSABAAUgAQAFIAEABSABAAUgAQwGCg4BAOkgAhB0EWldZW0NITUw9
7=SwCDhICsBFgEQAFIAEABSABAAUgAQAFIAEABSABAAUgAQAFIAEABSABAAUgAQAFIAEABSA
8=BAAUgAQAFIAEABSABAAUgAoAFUAEgAWAFIAEABqAAnLABAAUgAJ1AAIBUsACenA7asmSf0
9=Ckw9SABHXLKplUgeSAAgQtQDXDtMGTMUAzZcAFAFSABUA0gAQAFIAEABSABAAUgAQAFIAE
10=ABSACgAUA6SwBtcTgnpANMAQZBQ1lCRFlscDtIHkgAVB5MAUgeSAAgPNQDtBJAE0gAJywA
11=QAFIAEQCqAAnLABAAUgAJ1AAPCwAJ0wHVBsqpANbHEJFWUsAQUNYIFHUAy18B0wZPBQDoA
12=Q8jAA2pAO0G34dRFnNAUVAAVQeaABcO0A9SAAgPKwHJ+QCoBlUAKgAJ1wAQAFIACdQADws
13=ADelA0RgOipMB3wdVDy8ApQAmT1YID/UAzl8B0wcPHQDoASsBDekA5x0MKQDfB1YHIgAKC
14=wAeD0gPVwPtBVEF0gAIAwsAFAFSABUBiAFpANkVnwaRBpMHEQ7QAFcdyosAFgBaABkQWQF
15=IDU0E187o6dQpBdQF0ABSABAAUgAQAFIAEABqAAwLAAgBKQDpBqUALQYKqwHzAGUA3x6cC
16=B8O7wCpAIgLYQLJxQDQAFIACdoAzwsADykA3waRDi0GGkYWKQXvAK8dCpEA6wBvAIrjABE
17=CEgAhAggJ9QDOXwHTB8w1AM3pAPAEyg0CmwcUAJIAKwfQAFIAKwBaBicOEQCJ6wWTAFcAp
18=QAbAdEBVgB+H9MIkgAICHUAzBEA7gcJ1wAuAFUAC2kA6jqTOspbgJYQZQV7DQpRAOcAmQF
19=9BusBGQC3BrMB1AaoD1AAXQDoAdMBEABbAd8gCAb1AM5fAdIHkgAMKUDfiMsMyikA8QRlB
20=tkMtRXQBZkF1QDVBUIRVlOVlpwgmNRWVy8AlsBSlFapBpsH5gEfgVDWEAEfAKUBmgDjAqk
21=KbwCcAIgFzcTUVRWRBpIAEgbSABAAUgAQAFIAEABSAC4OlQboDpQHUwBvA50AOwuUBR0FZ
22=gWXAIFS1JZcIFkT1Z0GwAGUFde07d+4754v6ltcX1kgYVjhopncn9jWB9bAVdiXcwHJ6QD
23=sAjcHUA6KCQFtB58HVQDmAQgD6wHvzuDhIBIG0gAWBxIAEABuBxUIVQbKqQDKKwBZB2EEZ
24=wOAANMUlp2f2VMVFlMU1rUuYPkv3zLsHRKG9a5ZB0M4sGB5b9zxbNl17Voz7eDUAJYAQbm
25=vXDPs3pZZF4rFAN0ObCALKQD4Hl0KqwBXA7sECAG1ANQGl81Q0VCSwBBQ0O0HlACWBxIAC
26=2kA1c2QENZvB2kFN0yRGwcDHF6Y9e9ieLCg+HChuO9eFgZtBsD5MF/5b5ztCpA3ydcAFAd
27=Cee+c76vfXGDaVZgXVALVAloAFQYaB5QHUgAgB/EAmwBJ5gAdB4pXAB0EjuEC1AaA0JERE
28=VGQqcRS09SSx5ARkwhGz5SVVdIAytMB4QLbA1AAUgqVAAoSAIEWElPWbulbEw6TBlUGFQA
29=A+C8cLepWFQbSB4nLABADUgAUAJIAFwCSABMPVwFSB4niAd8HUBVSACIDFgBXBq0AKABrB
30=C0G7wCZAJwEXQhtDAqrAdTOFRXWCG7PUdKTVAdUBpMOlgQWB9AOgxTV1o7QEVBR05DSE1d
31=X15cO0gAsAhYDXQMpBGIHngBlBKgAQOFhWfbv4lQHUgAVBhYHKABA8+3aMa0Y7cbybFiTA
32=1IAEgeSACgBAvUt3/Ntnt1fGBGS1g/QkgtjGRADUgAnAtcGmgATAFcDqRZYBxUP2gAfB0s
33=XABMFkgeSwBaXFtEHQZBR01ER0lUWF0kpDm0D1AdJ0wHIthBBUVCtqyZsqmVVCFYB0gAWA
34=dQDlQeSFpIAGwcUA5ADVgQQAEAAkNYU1hdTlVbd3ldwaltv6xx1Ll/QJRUHkgAJ6wHA8m1
35=ZbyvXlgBA76uYNy4a0gARCMJ4713eYFgUFhcSU5aXAuIANRmRA5oAIgMQAHQDiTMKVACSA
36=BoD3wjqAO8FEgVWDe8F086VFhaJMw1TD1IHkRZJ6QDTHlElUgASJZcAlgHSABMBCvUA1QM
37=+BzMK/gBSxVTXF1IAAxZZV5bZ17bwIvgxI3lwn9IHks8w65eTDq4K6RZCeW9dN27edm8hF
38=1qX1gZaABQC2gYgDcwfAdIA8AElFcprAdcFFgcSABEHScsAFRXrBlYGUgeSABQGqAQKqQD
39=VANYBEgAQAFABFgHSB5IACvUA0oPQ1jAPawQ9h5ITXiXWHlItERWJ7ASSB6sDVg6QAGoPF
40=w7BuC8eaqeaEtRWnBZeAoovAZkIFQecAKEIKAN/DswTAdIFUgeSAAqpANAGUgATBlIAEge
41=VABYAUgAQAFIAEABSABAAUgAQAFIAEABN9QDohBEWcEfRUABB1hKUFpxe2DauXlQHUNb3r
42=x5XDtAHFA7RB1QAkgAWBxIAAnivHXBqXLKrnFPVltoRcgbKewGXAtIAJwCTB9cR2wcQCtG
43=O0VZJ3QDNkwHUBdIAFwXSABAAUgAQAGkEUABWAFIAEABSABAAUgAQAFIAEABWCJIADrUA0
44=wQSABYEJgTQHlUWgN3hmdpd2FAeWwfC7105L10j49pi49r4cCBKqQDlBhYN7gcQAEieCZ8
45=Gng6bD1oIVgKSACkAiAXpAOsGbQAUBpAAUgAQAFIAEABSABAAUgAQAFIAEABSB5IADPUAy
46=d8B1C5SACsMUgevAJYHwbcu3t2fV5PVlxIOQN7h2PRsnJMAVgEyACMGcwBcBqUHpg6VCF8
47=HUwBTQREIBZMB7wXSBhAASADfAdEBUgAUAVUAEgeSAAw1ANYHLQbWBZMAUgAYAFMbVwU9B
48=VEAqgAVBhIAC4sAKQFUAVoHpg9pAJUACAjpAO8F7QAQBlAAUgAQAFIAEABSABAAUgAQAFI
49=AEABqACsAUgeSAAz1ANoUUQUTBYrXA9ozGgDmBk5pANIA0ghZAWyCENYIBWcDrwUTBZAAU
50=gAQAFIAEABIAZ8B0QFSABIBqgArAFIHkgAM9QDK6wH/HpMGagAhBorHDRcAmwclCRMAUgA
51=TAQgLaQDrBa0AFQYQAFIAEABSABAAUgAQAFIAEABSABAAUgAQAFIAEABqACsAUgeSAC0Hk
52=zBWNZIAEgVSFpIAKQXQAFIAMwBMBw0SDmoAJQ/IDakA0wWQBYgEnwHVAZIAFgHqACsAUge
53=SAA91AOkHVA4XHpoAJiveAGAAYgeQCVQJkgAIAyUGawQXBFAAUgAQAFIAEABSABAAUgAQA
54=FIAKABVABIAFgBSABAAUgAQAFIAEABSABAAUgAQAFIAEABSABAAUgAQAFIAEABqACsAVQA
55=SB5IAFgWSABYFiesB5A7KBQSIEX0CkwTSBJIAEABSABAASAefAdECEgASAmoACcsAEABMN
56=QDpCDEHfB6IDz0ClgQJ2ACrAG0AFACQAFIAEABSABAAUgAQAFIAEABSABAAUgAQAFIAEAB
57=SABAAUgAQAFIAEABSABAAUgAQAFIAEABSABAATzUA6QgWEAgNvQKrBBYEEABSABAAT58Bx
58=EAAIMCgAUJR5+XS5+XS5yRR5yRIBksAANLT1JtcThIAANscDuDhIBAAUgATAFKAIKDeAFA
59=AUsATFBSWA1ADUgAQAFIAEABSABAAUgAQAFIAEABSABAAUgAQAFIAEABSABAAUgAQAFIAE
60=ABSABAAUgAQAFIAEABSACgAVQASABYAUgAQAFIAEABSABAAUgAQAFIAEABSABAAUgAQAFI
61=AEABSABAAUgAQAFIAEABSABAAUgAQAFIAEABSABAAUgAQAG0HgNDRUJBQ0NUHkQdA0JERE
62=VGQiBFpAOsEAOiqFCjp1BQEVgBSABAAUgAQAFIAEABSABAAUgAQAFIAEABSABAAUgAQAFI
63=AEABSABAAUgAQAFIAEABSABAAUgAQAFIAEABSABAAUgAQAFUHglARkw7QEVER0lHSk0gQk
64=wHvA5ID6ABVABIAFgBSABAAUgAQAFIAEABSABAAUgAQAFIAEABSABAAUgAQAFIAEABSABA
65=AUgAQAFIAEABSABAAUgAQAFIAEABSABAAUgAJ0wHA0FHTUFHTiesB0AESABABEgAQAFIAE
66=ABSABAAUgAQAFIAEABSABAAUgAQAFIAEABSABAAUgAQAFIAEABSABAAUgAQAFIAEABSABA
67=AUgAQAEgSHwHJ6QDQFhMOrwOTD1IHkgApFxIEkgAVBJIAEABSABAAUgAQAFIAEABSABAAU
68=gAQAFIAEABSABAAUgAQAFIAEABSABAAUgAQAFIAEABSABAAUgAQwH///9UAEgAWAFIAEAB
69=SABAAUgAQAFIAEABSABAAUgAQAFIAEABSABAAUgAQAFIAEABSABAAUgAQAFIAEABSABAAU
70=gAM6QDUGhIHkgAQAEgS9QDEQAA

[Africans]
IQ=0
Edge=North
Color=DarkRed
Allies=Africans
Country=Africans
Credits=0
NodeCount=0
TechLevel=1
PercentBuilt=0
PlayerControl=no

[Alliance]
IQ=0
Edge=North
Color=Gold
Allies=Alliance
Country=Alliance
Credits=0
NodeCount=0
TechLevel=1
PercentBuilt=0
PlayerControl=no

[Americans]
IQ=0
Edge=North
Color=Gold
Allies=Americans
Country=Americans
Credits=0
NodeCount=0
TechLevel=1
PercentBuilt=0
PlayerControl=no

[Arabs]
IQ=0
Edge=North
Color=DarkRed
Allies=Arabs
Country=Arabs
Credits=0
NodeCount=0
TechLevel=1
PercentBuilt=0
PlayerControl=no

[Basic]
Name=No name
Percent=0
GameMode=standard
HomeCell=98
InitTime=10000
Official=no
EndOfGame=no
FreeRadar=no
MaxPlayer=2
MinPlayer=2
SkipScore=no
TrainCrate=no
TruckCrate=no
AltHomeCell=99
OneTimeOnly=no
CarryOverCap=0
NewINIFormat=4
NextScenario=
SkipMapSelect=no
CarryOverMoney=0.000000
AltNextScenario=
MultiplayerOnly=1
IceGrowthEnabled=yes
VeinGrowthEnabled=yes
TiberiumGrowthEnabled=yes
IgnoreGlobalAITriggers=no
TiberiumDeathToVisceroid=no

[British]
IQ=0
Edge=North
Color=Gold
Allies=British
Country=British
Credits=0
NodeCount=0
TechLevel=1
PercentBuilt=0
PlayerControl=no

[CellTags]

[Confederation]
IQ=0
Edge=North
Color=DarkRed
Allies=Confederation
Country=Confederation
Credits=0
NodeCount=0
TechLevel=1
PercentBuilt=0
PlayerControl=no

[French]
IQ=0
Edge=North
Color=Gold
Allies=French
Country=French
Credits=0
NodeCount=0
TechLevel=1
PercentBuilt=0
PlayerControl=no

[GDI]
IQ=0
Edge=North
Color=Gold
Allies=GDI
Country=GDI
Credits=0
NodeCount=0
TechLevel=1
PercentBuilt=0
PlayerControl=no

[Germans]
IQ=0
Edge=North
Color=Gold
Allies=Germans
Country=Germans
Credits=0
NodeCount=0
TechLevel=1
PercentBuilt=0
PlayerControl=no

[Houses]
0=Americans
1=Alliance
2=French
3=Germans
4=British
5=Africans
6=Arabs
7=Confederation
8=Russians
9=YuriCountry
10=GDI
11=Nod
12=Neutral
13=Special

[IsoMapPack5]
1=DQ0AIAUoAAEAogEAAEAAAycAAgCiAUMBAAAoKCkAKSgrACYAA+EEJygpACgoKQApKCkAKi
2=grACUABPkGJigpACcoKQAoKCkAKSgpACooKQArKCsAJAAF8QklKCkAJigpACcoKQAoKCkA
3=KSgpACooKQArKCkALCgrACMABukMJCgpACUoKQAmKCkAJygpACgoKQApKCkAKigpACsoKQ
4=AsKCkALSgrACIAB+EPIygpACQoKQAlKCkAJigpACcoKQAoKCkAKSgpACooKQArKCkALCgp
5=AC0oKQAuKCsAIQAI+REiKCkAIygpACQoKQAlKCkAJigpACcoKQAoKCkAKSgpACooKQArKC
6=kALCgpAC0oKQAuKCkALygrACAACfEUISgpACIoKQAjKCkAJCgpACUoKQAmKCkAJygpACgo
7=KQApKCkAKigpACsoKQAsKCkALSgpAC4oKQAvKCkAMCgrAB8ACukXICgpACEoKQAiKCkAIy
8=gpACQoKQAlKCkAJigpACcoKQAoKCkAKSgpACooKQArKCkALCgpAC0oKQAuKCkALygpADAo
9=KQAxKCsAHgAL4RofKCkAICgpACEoKQAiKCkAIygpACQoKQAlKCkAJigpACcoKQAoKCkAKS
10=gpACooKQArKCkALCgpAC0oKQAuKCkALygpADAoKQAxKCkAMigrAB0ADPkcHigpAB8oKQAg
11=KCkAISgpACIoKQAjKCkAJCgpACUoKQAmKCkAJygpACgoKQApKCkAKigpACsoKQAsKCkALS
12=gpAC4oKQAvKCkAMCgpADEoKQAyKCkAMygrABwADfEfHSgpAB4oKQAfKCkAICgpACEoKQAi
13=KCkAIygpACQoKQAlKCkAJigpACcoKQAoKCkAKSgpACooKQArKCkALCgpAC0oKQAuKCkALy
14=gpADAoKQAxKCkAMigpADMoKQA0KCsAGwAO6SIcKCkAHSgpAB4oKQAfKCkAICgpACEoKQAi
15=KCkAIygpACQoKQAlKCkAJigpACcoKQAoKCkAKSgpACooKQArKCkALCgpAC0oKQAuKCkALy
16=gpADAoKQAxKCkAMigpADMoKQA0KCkANSgrABoAD+ElGygpABwoKQAdKCkAHigpAB8oKQAg
17=KCkAISgpACIoKQAjKCkAJCgpACUoKQAmKCkAJygpACgoKQApKCkAKigpACsoKQAsKCkALS
18=gpAC4oKQAvKCkAMCgpADEoKQAyKCkAMygpADQoKQA1KCkANigrABkAEPknGigpABsoKQAc
19=KCkAHSgpAB4oKQAfKCkAICgpACEoKQAiKCkAIygpACQoKQAlKCkAJigpACcoKQAoKCkAKS
20=gpACooKQArKCkALCgpAC0oKQAuKCkALygpADAoKQAxKCkAMigpADMoKQA0KCkANSgpADYo
21=KQA3KCsAGAAR8SoZKCkAGigpABsoKQAcKCkAHSgpAB4oKQAfKCkAICgpACEoKQAiKCkAIy
22=gpACQoKQAlKCkAJigpACcoKQAoKCkAKSgpACooKQArKCkALCgpAC0oKQAuKCkALygpADAo
23=KQAxKCkAMigpADMoKQA0KCkANSgpADYoKQA3KCkAOEkBJiRQMQEXABIAaAEBAgAAGEgBJa
24=kxGSgpABooKQAbKCkAHCgpAB0oKQAeKCkAHygpACAoKQAhKCkAIigpACMoKQAkKCkAJSgp
25=ACYoKQAnKCkAKCgpACkoKQAqKCkAKygpACwoKQAtKCkALigpAC8oKQAwKCkAMSgpADIoKQ
26=AzKCkANCgpADUoKQA2KCkANygpADhIAWgtAQAAADnIAU8wFgATgDBJARfIAY0xEygEDCcp
27=ABpABMU0GygpABwoKQAdKCkAHigpAB8oKQAgKCkAISgpACIoKQAjKCkAJCgpACUoKQAmKC
28=kAJygpACgoKQApKCkAKigpACsoKQAsKCkALSgpAC4oKQAvKCkAMCgpADEoKQAyKCkAMygp
29=ADQoKQA1KCkANigpADcoKQA4SAEnLAYnAQY61AJDMBUAFJgyUTUWyAGENLQCQQQYVALNMR
30=koKQAaKCkAGygpABwoKQAdKCkAHigpAB8oKQAgKCkAISgpACIoKQAjKCkAJCgpACUoKQAm
31=KCkAJygpACgoKQApKCkAKigpACsoKQAsKCkALSgpAC4oKQAvKCkAMCgpADEoKQAyKCkAMy
32=gpADQoKQA1KCkANigpADcoKQA4SAEnhAa0LkEwOtQCQTA7SgH//10zAEMBFQAlVANQAQIV
33=ABUAJ6kBFsgBVQEXyAFZBhhIAc0FGSgpABooKQAbKCkAHCgpAB0oKQAeKCkAHygpACAoKQ
34=AhKCkAIigpACMoKQAkKCkAJSgpACYoKQAnKCkAKCgpACkoKQAqKCkAKygpACwoKQAtKCkA
35=LigpAC8oKQAwKCkAMSgpADIoKQAzKCkANCgpADUoKQA2KCkANygpADhIAcEwOcgBQTA6yA
36=FBMDtIAcEwPCgrABMAFog4TQUUKCkAFUgBcgkDAEEBFoA7AQQAABdQAXUCBWzWJ9kAGVUC
37=w1gHUUAaSQE2SA0BDgAAGygpABwoKQAdKCkAHigpAB8oKQAgKCkAISgpACIoKQAjKCkAJC
38=gpACUoKQAmKCkAJygpACgoKQApKCkAKigpACsoKQAsKCkALSgpAC4oKQAvKCkAMCgpADEo
39=KQAyKCkAMygpADQoKQA1KCkANigpADdJASVEKUkAOEgBaC1BMDnIAUEwOsgBAQUAADtJAS
40=VABUkAPCgpAD0oKQASWDVgBFkxEygpABQoKQAVSAFpDAZtPBeNPAdsPKkBCG08F4hDRQgZ
41=TAXRCRooKQAbKCkAHCgpAB0oKQAeKCkAHygpACAoKQAhKCkAIigpACMoKQAkKCkAJSgpAC
42=YoKQAnKCkAKCgpACkoKQAqKCkAKygpACwoKQAtKCkALigpAC8oKQAwKCkAMSgpADIoKQAz
43=KCkANCgpADUoKQA2KCkANygpADhJASdcN0EwOcgBAQcAADrIAUEwO0gB1S48KCkAPSgpAD
44=4oKwARABgm4SISKCkAEygpABQoKQAVSQEmQA9FdhbIAVUBF8gBWT0YSAHdeBkoKQAaKCkA
45=GygpABwoKQAdKCkAHigpAB8oKQAgKCkAISgpACIoKQAjKCkAJCgpACUoKQAmKCkAJygpAC
46=goKQApKCkAKigpACsoKQAsKCkALSgpAC4oKQAvKCkAMCgpADEoKQAyKCkAMygpADQoKQA1
47=KCkANigpADcoKQA4SAHBMDnIAUEwOsgBQTA7SAElkSM8KCkAPSgpAD4oKQA/KCsAEAAZ8U
48=ARKCkAEigpABMoKQAUKCkAFUgB2REWSAHRuRdIAXQCWREYSAEnPwgZADtQFU1HGlQCaAFV
49=ARvIAVUCHMgBVQIdSQE6XABVAh7IAVUBH8gBVQIgyAFVAiFJAT1cAFUCIsgBVQEjSAFoDF
50=UCJMgBVQIlSQE+XABVAibIAVUBJ0gB1Q0oyAFVAilIAc0FKsgBVQIrSAHNBSzIAVUCLUgB
51=zRAuyAFVAi9IAcUIMMgBVQIxSAHNBTLIAVUCM8gBRRM0yAFVAjVJATxcAFUCNsgBVQE3SA
52=HRKjhIAWgtQQQ5SAHBMDpIAXQCQTA7SAEnPAgnjQc9KFUAPigpAD8oKQBAKCsADwAa6UMQ
53=KCkAESgpABIoKQATKCkAFCgpABVIAXgRURQWSAHJFxdIAXQCURQYSAHVAhlIAXw2VQIayA
54=FF2RvIAVUCHMgBVQIdSAFsMVUCHsgBVQIfyAFVAiDIAVUCIUgBdC5VAiLIAVUCI0gB1Q0k
55=yAFVAiVIAXw2TQUmyAFVAidIAdUNKMgBVQIpSAHNBSrIAVUCK0gBzQUsyAFVAi1IAc0QLs
56=gBVQIvSAHFCDDIAVUCMUgBzQUyyAFVAjPIAUUTNMgBVQI1SAF0RFUCNsgBVQI3SAHRKjhI
57=AWgtQTA5SAHVAjpIAXQCWQY7SAEnlAgnuQc9KFUAPigpAD8oKQBAKCkAQSgrAA4AG+FGDy
58=gpABAoKQARKCkAEigpABMoKQAUKCkAFUgBcBRJFxZIAckXF0gBdAJJFxhIAdUCGUgBZClN
59=BRrIAVVlG0gBZClVAhzIAVUCHUgBzQUeyAFVAh9IAXxBTQUgyAFVAiFIAXQ5VQIiyAFVAi
60=NIAd0KJMgBVQIlSAHNBSbIAVUCJ0gB1Q0oyAFVAilIAdUNKsgBVQIrSAF0OVUNLMgBVQIt
61=yAFVAi7IAVUCL0gBxQgwyAFVAjFIAcUIMsgBVQIzSAHNEDTIAVUCNUgB1Rg2yAFVAjdIAd
62=EqOEgBaC1BDzlIAdUCOkgBdAJBMDtIASfsCCflBz0oVQA+KCkAPygpAEAoKQBBKCkAQigr
63=AA0AHPlIDigpAA8oKQAQKCkAESgpABIoKQATKCkAFCgpABVIAWgXQRoWSAHBGhdIAXQCQR
64=oYSAHVAhlIAWwmVQIayAFFaxtIAWwmCAIAABwAHAA9AQAAEQAAgw4AIA8DAAAdABwAPgEA
65=AAIAAB4AHABoAVUCH0kBO7UCIMgBVQIhSQE6tQIiyAFVAiNJAT21AiTIAVUCJUgBzQUmyA
66=FVAidIAWgMVQ0oyAFVAilIAdUNKsgBVQIrSQE8vQosyAFVAi3IAUUILsgBVQIvSAHFCDDI
67=AVUCMUgBxQgyyAFVAjNIAc0QNMgBVQI1SAHVGDbIAVUCN0kBNkgNAQ4AADhJASZYEQEAAA
68=A5SAHVAjpIAXQCTQQ7SQGioQQ8KCkAPSgpAD4oKQA/KCkAQCgpAEEoKQBCKCkAQygpAAxY
69=NckMDSgpAA4oKQAPKCkAECgpABEoKQASKCkAEygpABQoKQAVSAFgGlkcFkgB2RwXSAF0Al
70=kcGEgB1QIZSAF0Lk0FGsgBXR8bSAFkKVUCHMgBVQIdSAHNBR7IAVUCH0gBZDRNBSDIAVUC
71=IcgBVQIiyAFVAiNIAWRKVQIkyAFVAiVIAcUIJsgBVQInSAHNBSjIAVUCKUgBzQUqyAFVAi
72=tIAcUTLMgBVQItSAHVGC7IAVUCL0gBbEdNEDDIAVUCMUgBxQgyyAFVAjNIAc0QNMgBVQI1
73=SAHNBTbIAVUCN0gB0So4SAFoLUkMOUgB1QI6SAF0AkEwO0gB0UA8KCkAPSgpAD4oKQA/KC
74=kAQCgpAEEoKQBCKCkAQygpAEQoKAABCwAeANUNDCgpAA0oKQAOKCkADygpABAoKQARKCkA
75=EigpABMoKQAUKCkAFUgBeBxRHxZIAdEfF0gBdAJRHxhIAdUCGUgBZClVAhrIAUV2G0gBfD
76=ZVAhzIAVUCHUgBzQUeyAFVAh9IAXxBTQUgyAFVAiHIAVUCIsgBVQIjSAF0OVUCJMgBVQIl
77=SAHFCCbIAVUCJ0gBzQUoyAFVAilIAc0FKsgBVQIrSAHFEyzIAVUCLUgB1RguyAFVAi9IAX
78=RPTRAwyAFVAjFIAcUIMsgBVQIzSAHNEDTIAVUCNUgBzQU2yAFVAjdIAdEqOEgBaC1BMDlI
79=AdUCOkgBdAJBDztIAd1BPCgpAD0oKQA+KCkAPygpAEAoKQBBKCkAQigpAEMoKQBEKCkARS
80=grAAoAH+FRCygpAAwoKQANKCkADigpAA8oKQAQKCkAESgpABIoKQATKCkAFCgpABVIAXAf
81=SSIWSAHJIhdIAXQCSSIYSAHVAhlIAWw8TQUayAFVextIAXQ5VQIcyAFVAh1IAc0FHsgBVQ
82=IfSAFkNE0FIMgBVQIhSAFkP1UCIsgBVQIjSAHNBSTIAVUCJUgB3QomyAFVAidIAcUIKMgB
83=VQIpSAHFCCrIAVUCK0gB3RUsyAFVAi1IAd0KLsgBVQIvSAHdCjDIAVUCMUgB3QoyyAFVAj
84=NIAd0KNMgBVQI1yAFNGzbIAVUCN0gB0So4SAFoLUEEOUgB1QI6SAF0AkEwO0gBJ0wKJ5UI
85=PShVAD4oKQA/KCkAQCgpAEEoKQBCKCkAQygpAEQoKQBFKCkARigrAAkAIPlTCigpAAsoKQ
86=AMKCkADSgpAA4oKQAPKCkAECgpABEoKQASKCkAEygpABQoKQAVSAFoIkElFkgBwSUXSAF0
87=AkElGEgB1QIZSAF0OVUCGsgBRYEbSAFkNFUCHMgBVQIdSAHNBR7IAVUCH0gBbDxNBSDIAV
88=UCIUgBfEFVAiLIAVUCI0gBzQUkyAFVAiVIAd0KJsgBVQInSAHFCCjIAVUCKUgBxQgqyAFV
89=AitIAd0VLMgBVQItSAHdCi7IAVUCL0gB3QowyAFVAjFIAd0KMsgBVQIzSAHdCjTIAVUCNc
90=gBTRs2yAFVAjdIAdEqOEgBaC1BMDlIAdUCOkgBdAJZBjtIASekCifBCD0oVQA+KCkAPygp
91=AEAoKQBBKCkAQigpAEMoKQBEKCkARSgpAEYoKQBHKCsACAAh8VYJKCkACigpAAsoKQAMKC
92=kADSgpAA4oKQAPKCkAECgpABEoKQASKCkAEygpABQoKQAVSAFgJVknFkgB2ScXSAF0Alkn
93=GEgB1QIZSAF8Nk0FGsgBVYYbSAF03lUCHMgBVQIdSAF0OVUCHsgBVQIfSAHNBSDIAVUCIU
94=gBzQUiyAFVAiNIAWxHRQgkyAFVAiVIAc0QJsgBVQInSAHFCCjIAVUCKUgB1Q0qyAFVAivI
95=AV0KLMgBVQItyAFVAi7IAVUCL8gBVQIwyAFVAjHIAVUCMsgBVQIzSAFkYFUCNMgBVQI1SA
96=HFEzbIAVUCN0gB0So4SAFoLVkGOUgB1QI6SAF0AkEwO0gBJ/wKJ+0IPShVAD4oKQA/KCkA
97=QCgpAEEoKQBCKCkAQygpAEQoKQBFKCkARigpAEcoKQBIKCsABwAi6VkIKCkACSgpAAooKQ
98=ALKCkADCgpAA0oKQAOKCkADygpABAoKQARKCkAEigpABMoKQAUKCkAFUgBeCdRKhZIAdEq
99=F0gBdAJRKhhIAdUCGUgBZEpVAhrIAUWMG0gBbEdVAhzIAVUCHUgBdDlVAh7IAVUCH0gBzQ
100=UgyAFVAiFIAc0FIsgBVQIjSAF0WkUIJMgBVQIlSAHNECbIAVUCJ0gBxQgoyAFVAilIAdUN
101=KsgBVQIryAFdCizIAVUCLcgBVQIuyAFVAi/IAVUCMMgBVQIxyAFVAjLIAVUCM0gBdFpVAj
102=TIAVUCNUgBxRM2yAFVAjdIAdEqOEgBaC1BMDlIAdUCOkgBdAJRCTtIASdUCycZCT0oVQA+
103=KCkAPygpAEAoKQBBKCkAQigpAEMoKQBEKCkARSgpAEYoKQBHKCkASCgpAEkoKwAGACPhXA
104=coKQAIKCkACSgpAAooKQALKCkADCgpAA0oKQAOKCkADygpABAoKQARKCkAEigpABMoKQAU
105=KCkAFUgBcCpJLRZIAcktF0gBdAJJLRhIAdUCGUgBfExNBRrIAVWRG0gBbDxVAhzIAVUCHU
106=gBZFVVAh7IAVUCH8gBVQIgyAFVAiFIAd0KIsgBVQIjSQFwQAVJACTIAVUCJUkBbEgCSQAm
107=SQFuXABJACfIAUEEKEgBYA9JASlIAXxMQQQqyAFVAitIAWAEVQIsyAFVAi1IAc0FLsgBVQ
108=IvSAF0ZU0FMMgBVQIxSAHFHjLIAVUCM0gB1Rg0yAFVAjVIAd0KNsgBVQI3SAHRKjhIAWgt
109=SQw5SAHVAjpIAXQCQTA7SAEnrAsnRQk9KFUAPigpAD8oKQBAKCkAQSgpAEIoKQBDKCkARC
110=gpAEUoKQBGKCkARygpAEgoKQBJKCkASigrAAUAJPleBigpAAcoKQAIKCkACSgpAAooKQAL
111=KCkADCgpAA0oKQAOKCkADygpABAoKQARKCkAEigpABMoKQAUKCkAFUgBaC1BMBZIAcEwF0
112=gBdAJBMBhIAdUCGUgBbDxVAhrIAUWXG0gBfEFVAhzIAVUCHUgBfExVAh7IAVUCH8gBVQIg
113=yAFVAiFIAd0KIsgBVQIjSAFkYE0FJMgBVQIlSAFkYFlIJkgBZGBBBCfIAUEEKMgBQRopyA
114=FNBSpIAWBRQQQrSAHFEyzIAVUCLUgBYARRCS7IAVUCL0gBZGBVAjDIAVUCMUgBxR4yyAFV
115=AjNIAdUYNMgBVQI1SAHdCjbIAVUCN0gB0So4SAFoLV0VOUgB1QI6SAF0AkEPO0gBJwQMJ3
116=EJPShVAD4oKQA/KCkAQCgpAEEoKQBCKCkAQygpAEQoKQBFKCkARigpAEcoKQBIKCkASSgp
117=AEooKQBLKCsABAAl8WEFKCkABigpAAcoKQAIKCkACSgpAAooKQALKCkADCgpAA0oKQAOKC
118=kADygpABAoKQARKCkAEigpABMoKQAUKCkAFUgBYDBZMhZIAdkyF0gBdAJZMhhIAdUCGUgB
119=bDxNBRrIAUlOG0gBfExVAhzIAVUCHcgBVQIeyAFVAh9IAWRKVQIgSAF4XkkBIcgBQQQiSA
120=F4XlUCI0kBflwASQAkyAFBBCVJAe1cAFUCJkgBfGIBBAAAJ8gBAQUAACjIAUkXKcgBQVEq
121=SQFnTAZJACvIAVEILEgBaFlJAS1IAcUTLsgBVQIvSAHFHjDIAVUCMUgBxR4yyAFVAjPIAU
122=kMNMgBVQI1yAFVAjbIAVUCN0gB0So4SAFoLUEEOUgB1QI6SAF0AlUYO0gBJ1wMJ50JPShV
123=AD4oKQA/KCkAQCgpAEEoKQBCKCkAQygpAEQoKQBFKCkARigpAEcoKQBIKCkASSgpAEooKQ
124=BLKCkATCgrAAMAJulkBCgpAAUoKQAGKCkABygpAAgoKQAJKCkACigpAAsoKQAMKCkADSgp
125=AA4oKQAPKCkAECgpABEoKQASKCkAEygpABQoKQAVSAF4MlE1FkgB0TUXSAF0AlE1GEgB1Q
126=IZSAFsR1UCGsgBQVEbSAFsR1UCHMgBVQIdyAFVAh7IAVUCH0gBbFJVAiBIAXRlSQEhyAFB
127=BCJIAXRlRUojSAF0ZUEEJMgBQQQlSAEntgwmAMkBJyhVAChIAc1oKcgBTWgqSAF0ZVEJK8
128=gBUQksSAF0ZUkBLUgBxRMuyAFVAi9IAcUeMMgBVQIxSAHFHjLIAVUCM8gBSQw0yAFVAjXI
129=AVUCNsgBVQI3SAHRKjhIAWgtQTA5SAHVAjpIAXQCWQY7SAEntAwnyQk9KFUAPigpAD8oKQ
130=BAKCkAQSgpAEIoKQBDKCkARCgpAEUoKQBGKCkARygpAEgoKQBJKCkASigpAEsoKQBMKCkA
131=TSgpAAJQm8EaAygpAAQoKQAFKCkABigpAAcoKQAIKCkACSgpAAooKQALKCkADCgpAA0oKQ
132=AOKCkADygpABAoKQARKCkAEigpABMoKQAUKCkAFUgBcDVJOBZIAck4F0gBdAJJOBhIAdUC
133=GUgBZEpNBRrIAU1dG8gBVQIcyAFVAh1IAXhTVQIeyAFVAh9IAWRVVQIgSQFyXABJACHIAU
134=EEIkgB3WIjSQHySAJBBCRIAdUCJUgB1QImKCkAJygpAChIAc0FKSgpACpJAWRECUkAK8gB
135=SQssSAFgGkkBLcgBQQQuyAEFAQAALwAnAD0RAACkDgAgCAEAAAAAADAAJwA9SAFKADEAqA
136=EBAAAAMsgBVQIzSQE7XABVAjTIAVUBNUkBPlwAVQI2yAFVATdIAQU2AgAADgAAOEkBJkgC
137=QQQ5SAHVAjpIAXQCTQQ7SQGioQQ8KCkAPSgpAD4oKQA/KCkAQCgpAEEoKQBCKCkAQygpAE
138=QoKQBFKCkARigpAEcoKQBIKCkASSgpAEooKQBLKCkATCgpAE0oKQBOKCgAAgEAKADDrRsC
139=SAHZHAMoKQAEKCkABSgpAAYoKQAHKCkACCgpAAkoKQAKKCkACygpAAwoKQANKCkADigpAA
140=8oKQAQKCkAESgpABIoKQATKCkAFCgpABVIAWg4QTsWSAHBOxdIAXQCQTsYSAHVAhlIAXBL
141=VQIayAEBAwAAG8gBVQIcyAFVAh1IAXxMVQIeyAFVAh9JATxEKVUCIEkBclQOSQEhyAFBBC
142=JJAfBABEEDI0gBWABpACRJAfy1AiVIAWgCTQAmKCkAJygpAChJAfatBSlJAe2pASpJAXxM
143=BkkAK8gBQQMsSQFoSAJJAC3IAVUCLkgBeBxZES/IAVEUMMgBVQIxyAFVAjLIAVUCM0gBxR
144=40yAFVAjVIAWRrTQU2yAFVAjdIAdEqOEgBaC1NEDlIAdUCOkgBdAJZBjtIAclOPCgpAD0o
145=KQA+KCkAPygpAEAoKQBBKCkAQigpAEMoKQBEKCkARSgpAEYoKQBHKCkASCgpAEkoKQBKKC
146=kASygpAEwoKQBNKCkATigpAE8oKAABAgApANkcAygpAAQoKQAFKCkABigpAAcoKQAIKCkA
147=CSgpAAooKQALKCkADCgpAA0oKQAOKCkADygpABAoKQARKCkAEigpABMoKQAUKCkAFUgBaD
148=hBOxZIAcE7F0gBdAJBOxhIAdUCGUgBfGJNBRrIAUFRG8gBVQIcyAFVAh1IAWRKVQIeSQFv
149=XABJAB/IAUEEIEkBfkgCSQAhyAFVAiJIASdlDSlMA4kAJFQCgwEAACUoKQAmKCkAJygpAC
150=hIASdmDSkAJ2YNKQBka0EaK0AEaAFBXCxIAWRrVQItyAFVAi5IAWgXWREvSAF0ZVEPMMgB
151=VQIxyAFVAjLIAVUCM0gBYHJVAjTIAVUCNUgBzSY2yAFVAjdIAdEqOEgBaC1ZBjlIAdUCOk
152=gBdAJFEztIAclOPCgpAD0oKQA+KCkAPygpAEAoKQBBKCkAQigpAEMoKQBEKCkARSgpAEYo
153=KQBHKCkASCgpAEkoKQBKKCkASygpAEwoKQBNKCkATigpAE8oKwADACrlawQoKQAFKCkABi
154=gpAAcoKQAIKCkACSgpAAooKQALKCkADCgpAA0oKQAOKCkADygpABAoKQARKCkAEigpABMo
155=KQAUKCkAFUgBfDZVORZIAdU5F0gBdAJVORhIAdUCGUgBaENVAhrIAVVPG8gBVQIcyAFVAh
156=1IAWxSVQIeSAF4aUkBH8gBQQQgSAF4aVUCIcgBVQIiSAEnOQ0qUBKJACRUAoABe2kqAPdA
157=UlkBJlUC76kBJygpAChJAfK1AilIASc6DSoA1QIrKFUALEkBYkQJSQAtyAFFBy5IAWgXWR
158=EvSAF4aVEUMMgBVQIxyAFVAjLIAVUCM0gBeGlVAjTIAVUCNUgBzSY2yAFVAjdIAdEqOEgB
159=aC1NEDlIAdUCOkgBdAJRCTtIASc4DSfJCT0oVQA+KCkAPygpAEAoKQBBKCkAQigpAEMoKQ
160=BEKCkARSgpAEYoKQBHKCkASCgpAEkoKQBKKCkASygpAEwoKQBNKCkATigrAAQAK+1oBSgp
161=AAYoKQAHKCkACCgpAAkoKQAKKCkACygpAAwoKQANKCkADigpAA8oKQAQKCkAESgpABIoKQ
162=ATKCkAFCgpABVIAWQ0XTYWSAHdNhdIAXQCXTYYSAHVAhlIAWRKTQUayAFdTBtIAXBLVQIc
163=yAFVAh1IAWBGVQIeSQF0XABJAB/IAUEEIEgB1VohSAHVWiIoKQAjSAHdYiRJAfNMBkUIJU
164=gBzQUmKCkAJ0kB9KEEKEgBXARpAClJAfi1AipIAWgCTQArSAHB1SxIAWBnWRwtyAFVWi5I
165=AWAaRQcvSQE6XABZBjDIAVUBMcgBVQIyyAFVAjNIAcUeNMgBVQI1SAFwCU0FNsgBVQI3SA
166=HRKjhIAWgtQQQ5SAHVAjpIAXQCRRM7SAEn4AwnnQk9KFUAPigpAD8oKQBAKCkAQSgpAEIo
167=KQBDKCkARCgpAEUoKQBGKCkARygpAEgoKQBJKCkASigpAEsoKQBMKCkATSgrAAUALPVlBi
168=gpAAcoKQAIKCkACSgpAAooKQALKCkADCgpAA0oKQAOKCkADygpABAoKQARKCkAEigpABMo
169=KQAUKCkAFUgBbDFFNBZIAcU0F0gBdAJFNBhIAdUCGUgBaGRVAhrIAUVKG0gBcEBVAhzIAV
170=UCHUkBdlAKSQAeyAFJQx/IAU0FIEgB1cghSAFcBGkAIigpACNIAcFcJEgBdANNACUoKQAm
171=KCkAJygpACgoKQApSAHRYSpIAd1tK0gBzXMsSAFoZF0KLcgBURQuSAFgGlUYL0gBaGRdFT
172=DIAVUCMcgBVQIyyAFVAjNIAWhkVQI0yAFVAjVIAXAJVQI2yAFVAjdJATZIAiN6QSwAaC1N
173=EDkoVQA6SAF0Ak0EO0gBJ4gMJ3EJPShVAD4oKQA/KCkAQCgpAEEoKQBCKCkAQygpAEQoKQ
174=BFKCkARigpAEcoKQBIKCkASSgpAEooKQBLKCkATCgrAAYALf1iBygpAAgoKQAJKCkACigp
175=AAsoKQAMKCkADSgpAA4oKQAPKCkAECgpABEoKQASKCkAEygpABQoKQAVSAF0Lk0xFkgBxT
176=QXSAF0Ak0xGEgB1QIZSAFwYU0FGsgBTUcbSAFgRlUCHMgBVQIdSQF2SAJFPx7IAQEEAAAf
177=yAEBBQAAIEgBzVIhSAHFVSIoKQAjSAHBBCRIAcEEJSgpACYoKQAnSAHByigoKQApSAHFCC
178=ooKQArKCkALEgBcGFZHC3IAV0VLkgBIsQkVRgvSAFoWUEZMMgBVQIxSAHFHjLIAVUCM0gB
179=eAZNBTTIAVUCNUgBaGRVAjbIAVUCN0kBNlQOkWEtKDIMLQDVAjpABMEwO0gBJzAMJ0UJPS
180=hVAD4oKQA/KCkAQCgpAEEoKQBCKCkAQygpAEQoKQBFKCkARigpAEcoKQBIKCkASSgpAEoo
181=KQBLKCsABwAu5WAIKCkACSgpAAooKQALKCkADCgpAA0oKQAOKCkADygpABAoKQARKCkAEi
182=gpABMoKQAUKCkAFUgBfCtZMhZIAdUuF0gBdAJFMxhIAdUCGUgBeF5VAhrIAVVEG0gBcEBV
183=AhzIAVUCHUgBJW0kHsgBWT0fSAHBUSAoKQAhKCkAIkkBXkwRSQAjyAFZBiRJAYBIAkkAJc
184=gBVQImSAHVyCdIAVADaQAoKCkAKUgBJw8YLgB6eQMAWPWoAUUILEEEYLUCLcgBVQIuSAF8
185=V1UYL0gBeF5NGzDIAVUCMUgBxR4yyAFVAjNIAXgGTQU0yAFVAjVIAXheVQI2yAFVAjdIAd
186=EqOEgBaC1ZEDlIAdUCOkgBdAJZBjtIASfYCycZCT0oVQA+KCkAPygpAEAoKQBBKCkAQigp
187=AEMoKQBEKCkARSgpAEYoKQBHKCkASCgpAEkoKQBKKCsACAAv7V0JKCkACigpAAsoKQAMKC
188=kADSgpAA4oKQAPKCkAECgpABEoKQASKCkAEygpABQoKQAVSAFkKV0rFkgB3SsXSAF0Al0r
189=GEgB1QIZSAFgXE0FGsgBXUEbSAFwQFUCHMgBVQIdSQF3SAJJAB7IAVUCH0kBWkgCSQAgyA
190=FVAiFJAVxIAkkAIkgBYFxBDyPIAV1BJEgBYFxVAiXIAVUCJkgB1WUnSAHBvygoKQApSAHB
191=BCpIAWBcRQgryAFFCCxIAWBcVQItyAFVAi5IAWAaRRMvSAF4U0UTMMgBVQIxSAFgXFUCMs
192=gBVQIzSAHVIzTIAVUCNcgBTQU2yAFVAjdIAdEqOEgBaC1BBDlIAdUCOkgBdAJFEztIASeA
193=CyftCD0oVQA+KCkAPygpAEAoKQBBKCkAQigpAEMoKQBEKCkARSgpAEYoKQBHKCkASCgpAE
194=koKwAJADD1WgooKQALKCkADCgpAA0oKQAOKCkADygpABAoKQARKCkAEigpABMoKQAUKCkA
195=FUgBbCZFKRZIAcUpF0gBdAJFKRhIAdUCGUgBcDVVAhrIAUU/G0gBZD9VAhzIAVUCHUgBaF
196=lVAh7IAVUCH0gBaFlVAiDIAVUCIUgBaFlNPCJIAWhZAQQAACPIAQEFAAAkSAHBvyXIAU0F
197=JkgBxVUnSAF4BlUYKMgBQQQpSAF8ClUCKkkBX1wASQAryAFBBCxIAXirTRAtSAHVGC7IAV
198=UCL0gBaFldFTDIAVUCMUgBaFlVAjLIAVUCM0gB1SM0yAFVAjXIAU0FNsgBVQI3SAHRKjhI
199=AWgtRRM5SAHVAjpIAXQCWQY7SAEnKAsnwQg9KFUAPigpAD8oKQBAKCkAQSgpAEIoKQBDKC
200=kARCgpAEUoKQBGKCkARygpAEgoKwAKADH9VwsoKQAMKCkADSgpAA4oKQAPKCkAECgpABEo
201=KQASKCkAEygpABQoKQAVSAF0I00mFkgBzSYXSAF0Ak0mGEgB1QIZSAFsPE0FGsgBRT8bSA
202=FgO1UCHMgBVQIdSAFgO1UCHsgBVQIfSAFoQ1UCIMgBVQIhSAHFCCLIAVUCI8gBTQUkSQF4
203=XABJACXIAUEEJkgBzVInSAFwVl0VKMgBSUMpSAFgBE0FKkgBcFZBBCvIAUEELEgBfExBBC
204=1IAc0bLsgBVQIvSAHFEzDIAVUCMUgBeAZZETLIAVUCM0gBxR40yAFVAjVIAcUeNsgBVQI3
205=SAHRKjhIAWgtUQk5SAHVAjpIAXQCXRU7SAEn0AonlQg9KFUAPigpAD8oKQBAKCkAQSgpAE
206=IoKQBDKCkARCgpAEUoKQBGKCkARygrAAsAMuVVDCgpAA0oKAAKDgAyAKIBAAAAAAAPABEA
207=AG0NACADMgCiAQAAQgAQACcpABEoKQASKCkAEygpABQoKQAVSgEmAV8HAAAWSAEFNgIAAA
208=4AABdIAXQCVQEYSAHVAhlJAT1MBVUCGsgBAQMAABtJATy1AhzIAVUCHUkBOrUCHsgBVQIf
209=SQE7tQIgyAFVAiFIAcUIIsgBVQIjyAFVDSRJAXhMFEkBJcgBQQQmSQFcVAJdCSdJAV5IAQ
210=EEAAAoyAEBBQAAKUgB3RUqyAFZBitJAT5MBlEJLMgBVQItSAHNBS7IAVUCL0gBxRMwyAFV
211=AjFIAcUIMsgBVQIzSAHFHjTIAVUCNUgBxR42yAFVAjdIAdEqOEgBaC1VFzlIAdUCOkgBdA
212=JRFDtIAc08PCgpAD0oKQA+KCkAPygpAEAoKQBBKCkAQigpAEMoKQBEKCkARSgpAEYoKwAM
213=ADP9TA0oKQAOKCkADygpABAoKQARKCkAEigpABMoKQAUKCkAFUgBZB5dIBZIAd0gF0gBdA
214=JdIBhIAdUCGUgBYDBNBRrIAUE6G8gBVQIcyAFVAh1IAWA7VQIeyAFVAh9IAcUIIMgBVQIh
215=SAFoOE0FIsgBVQIjSAHFCCTIAVUCJUgBzQUmyAFVAidIAXg9RQgoyAFVAinIAVUCKsgBVQ
216=IrSAHdCizIAVUCLUgB3QouyAFVAi9IAWBRRQgwyAFVAjHIAVUCMsgBVQIzSAHdCjTIAVUC
217=NUgBxQg2yAFVAjdIAdEqOEgBaC1RCTlIAdUCOkgBdAJBMDtIAScgCic9CD0oVQA+KCkAPy
218=gpAEAoKQBBKCkAQigpAEMoKQBEKCkARSgrAA0ANPVPDigpAA8oKQAQKCkAESgpABIoKQAT
219=KCkAFCgpABVIAWwbRR4WSAHFHhdIAXQCRR4YSAHVAhlIAWBGVQIayAFdeBvIAVUCHMgBVQ
220=IdSAFgMFUCHsgBVQIfSAHFCCDIAVUCIUgBeD1NBSLIAVUCI0gBxQgkyAFVAiVIAc0FJsgB
221=VQInSAFoTkUIKMgBVQIpyAFVAirIAVUCK0gB3QosyAFVAi1IAd0KLsgBVQIvSAFgRkUIMM
222=gBVQIxyAFVAjLIAVUCM0gB3Qo0yAFVAjVIAcUINsgBVQI3SAHRKjhIAWgtQTA5SAHVAjpI
223=AXQCSQw7SAEnyAknEQg9KFUAPigpAD8oKQBAKCkAQSgpAEIoKQBDKCkARCgrAA4ANf1MDy
224=gpABAoKQARKCkAEigpABMoKQAUKCkAFUgBdBhNGxZIAc0bF0gBdAJNGxhIAdUCGUgBYCVN
225=BRrIAU1zG0gBYDtVAhzIAVUCHUgBeEhVAh7IAVUCH0gBxQggyAFVAiFIAWA7TQUiyAFVAi
226=NIAcUIJMgBVQIlSAFoOE0FJsgBVQInyAFVAijIAVUCKUgB3QoqyAFVAitIAcUILMgBVQIt
227=SAHFEy7IAVUCL0gBzRswyAFVAjFIAcUIMsgBVQIzyAFNEDTIAVUCNcgBVQI2yAFVAjdIAd
228=EqOEgBaC1BBDlIAdUCOkgBdAJBMDtIASdwCSflBz0oVQA+KCkAPygpAEAoKQBBKCkAQigp
229=AEMoKwAPADblShAoKQARKCkAEigpABMoKQAUKCkAFUgBfBVVGBZIAdUYF0gBdAJVGBhIAd
230=UCGUgBaC1VAhrIAV1tG0gBaC1VAhzIAVUCHUgBcEBVAh7IAVUCH0gBxQggyAFVAiFIAXg9
231=TQUiyAFVAiNIAcUIJMgBVQIlSAFoOE0FJsgBVQInyAFVAijIAVUCKUgB3QoqyAFVAitIAc
232=UILMgBVQItSAHFEy7IAVUCL0gBzRswyAFVAjFIAcUIMsgBVQIzyAFNEDTIAVUCNcgBVQI2
233=yAFVAjdIAdEqOEgBaC1BMDlIAdUCOkgBdAJZBjtIAScYCSe5Bz0oVQA+KCkAPygpAEAoKQ
234=BBKCkAQigrABAAN+1HESgpABIoKQATKCkAFCgpABVIAWQTXRUWyAFdYhfIAV0VGEgB1RgZ
235=KCkAGigpABsoKQAcKCkAHSgpAB4oKQAfKCkAICgpACEoKQAiKCkAIygpACQoKQAlKCkAJi
236=gpACcoKQAoKCkAKSgpACooKQArKCkALCgpAC0oKQAuKCkALygpADAoKQAxKCkAMigpADMo
237=KQA0KCkANSgpADYoKQA3KCkAOEgBwTA5yAFBMDrIAUEwO0gBJ8AIJ40HPShVAD4oKQA/KC
238=kAQCgpAEEoKAACEQA4ACVcC1k9EigpABMoKQAUKCkAFUkBJ60FFsgBVQEXyAFFExhIAdEJ
239=GSgpABooKQAbKCkAHCgpAB0oKQAeKCkAHygpACAoKQAhKCkAIigpACMoKQAkKCkAJSgpAC
240=YoKQAnKCkAKCgpACkoKQAqKCkAKygpACwoKQAtKCkALigpAC8oKQAwKCkAMSgpADIoKQAz
241=KCkANCgpADUoKQA2KCkANygpADhIAcEwOcgBQTA6yAFBMDtIAcEwPCgpAD0oKQA+KCkAPy
242=gpAEAoKwASADmcQV0KEygpABQoKQAVSAFsEFWcFskBBCLCPzkAdAIBBQAAGFUCJVgHSQAZ
243=SQHDXABRSxpIAdWGGygpABwoKQAdKCkAHigpAB8oKQAgKCkAISgpACIoKQAjKCkAJCgpAC
244=UoKQAmKCkAJygpACgoKQApKCkAKigpACsoKQAsKCkALSgpAC4oKQAvKCkAMCgpADEoKQAy
245=KCkAMygpADQoKQA1KCkANigpADdIAdEqOEgBaC1BMDnIAUEwOsgBAQUAADtJASVULkkAPC
246=gpAD0oKQA+KCkAPygrABMAOoQ/WUgUKCkAFUgBdQ0GIn1HOo08B3g9qQEIeD0n2QAZTAVg
247=D0UIGigpABsoKQAcKCkAHSgpAB4oKQAfKCkAICgpACEoKQAiKCkAIygpACQoKQAlKCkAJi
248=gpACcoKQAoKCkAKSgpACooKQArKCkALCgpAC0oKQAuKCkALygpADAoKQAxKCkAMigpADMo
249=KQA0KCkANSgpADYoKQA3KCkAOEkBJ0g5QTA5ygEHAEABJwEGO1AB1S48KCkAPSgpAD4oKQ
250=AUUkP//1txAAAVSQEmXApRARbIAVUBF8gBSTgYSAHZzBkoKQAaKCkAGygpABwoKQAdKCkA
251=HigpAB8oKQAgKCkAISgpACIoKQAjKCkAJCgpACUoKQAmKCkAJygpACgoKQApKCkAKigpAC
252=soKQAsKCkALSgpAC4oKQAvKCkAMCgpADEoKQAyKCkAMygpADQoKQA1KCkANigpADcoKQA4
253=SAHBMDnIAUEwOsgBQTA7SAHRNTwoKQA9KCgAARUAPADFCBbIAUUIF8gBRQgYSAEnCQc8Jj
254=UoGihVABsoKQAcKCkAHSgpAB4oKQAfKCkAICgpACEoKQAiKCkAIygpACQoKQAlKCkAJigp
255=ACcoKQAoKCkAKSgpACooKQArKCkALCgpAC0oKQAuKCkALygpADAoKQAxKCkAMigpADMoKQ
256=A0KCkANSgpADYoKQA3KCkAOEgBwTA5yAFBMDrIAUEwO0gBJwoHPADLARYAPZw2TQUXyAFN
257=BRhIASexBj0osAYnKQAbKIEAHCgpAB0oKQAeKCkAHygpACAoKQAhKCkAIigpACMoKQAkKC
258=kAJSgpACYoKQAnKCkAKCgpACkoKQAqKCkAKygpACwoKQAtKCkALigpAC8oKQAwKCkAMSgp
259=ADIoKQAzKCkANCgpADUoKQA2KCkANygpADhIASewBicBBjrUAkEwO0gBxzQXAD6ENFUCGE
260=gBJ1kGPihYBicpABsogQAcKCkAHSgpAB4oKQAfKCkAICgpACEoKQAiKCkAIygpACQoKQAl
261=KCkAJigpACcoKQAoKCkAKSgpACooKQArKCkALCgpAC0oKQAuKCkALygpADAoKQAxKCkAMi
262=gpADMoKQA0KCkANSgpADYoKQA3KCkAOEgBJ1gGtC5dYjrUAoEwP/YuGQAnKQAaKCkAGygp
263=ABwoKQAdKCkAHigpAB8oKQAgKCkAISgpACIoKQAjKCkAJCgpACUoKQAmKCkAJygpACgoKQ
264=ApKCkAKigpACsoKQAsKCkALSgpAC4oKQAvKCkAMCgpADEoKQAyKCkAMygpADQoKQA1KCkA
265=NigpADcoKQA4SAEnAQY/mF5DMBkAQPUuGigpABsoKQAcKCkAHSgpAB4oKQAfKCkAICgpAC
266=EoKQAiKCkAIygpACQoKQAlKCkAJigpACcoKQAoKCkAKSgpACooKQArKCkALCgpAC0oKQAu
267=KCkALygpADAoKQAxKCkAMigpADMoKQA0KCkANSgpADYoKQA3KCkAOEgByy0aAEH9KxsoKQ
268=AcKCkAHSgpAB4oKQAfKCkAICgpACEoKQAiKCkAIygpACQoKQAlKCkAJigpACcoKQAoKCkA
269=KSgpACooKQArKCkALCgpAC0oKQAuKCkALygpADAoKQAxKCkAMigpADMoKQA0KCkANSgpAD
270=YoKQA3KCsAGwBC5SkcKCkAHSgpAB4oKQAfKCkAICgpACEoKQAiKCkAIygpACQoKQAlKCkA
271=JigpACcoKQAoKCkAKSgpACooKQArKCkALCgpAC0oKQAuKCkALygpADAoKQAxKCkAMigpAD
272=MoKQA0KCkANSgpADYoKAAHHABDAKIBAAAAABEAAPkCyAcGAB0AQwCiAQAAQQAeKCkAHygp
273=ACAoKQAhKCkAIigpACMoKQAkKCkAJSgpACYoKQAnKCkAKCgpACkoKQAqKCkAKygpACwoKQ
274=AtKCkALigpAC8oKQAwKCkAMSgpADIoKQAzKCkANCgpADUoKAADHQBEAKIBQyIAAB4oKQAf
275=KCkAICgpACEoKQAiKCkAIygpACQoKQAlKCkAJigpACcoKQAoKCkAKSgpACooKQArKCkALC
276=gpAC0oKQAuKCkALygpADAoKQAxKCkAMigpADMoKQA0KCsAHgBF/SAfKCkAICgpACEoKQAi
277=KCkAIygpACQoKQAlKCkAJigpACcoKQAoKCkAKSgpACooKQArKCkALCgpAC0oKQAuKCkALy
278=gpADAoKQAxKCkAMigpADMoKwAfAEblHiAoKQAhKCkAIigpACMoKQAkKCkAJSgpACYoKQAn
279=KCkAKCgpACkoKQAqKCkAKygpACwoKQAtKCkALigpAC8oKQAwKCkAMSgpADIoKwAgAEftGy
280=EoKQAiKCkAIygpACQoKQAlKCkAJigpACcoKQAoKCkAKSgpACooKQArKCkALCgpAC0oKQAu
281=KCkALygpADAoKQAxKCsAIQBI9RgiKCkAIygpACQoKQAlKCkAJigpACcoKQAoKCkAKSgpAC
282=ooKQArKCkALCgpAC0oKQAuKCkALygpADAoKwAiAEn9FSMoKQAkKCkAJSgpACYoKQAnKCkA
283=KCgpACkoKQAqKCkAKygpACwoKQAtKCkALigpAC8oKwAjAErlEyQoKQAlKCkAJigpACcoKQ
284=AoKCkAKSgpACooKQArKCkALCgpAC0oKQAuKCsAJABL7RAlKCkAJigpACcoKQAoKCkAKSgp
285=ACooKQArKCkALCgpAC0oKwAlAEz1DSYoKQAnKCkAKCgpACkoKQAqKCkAKygpACwoKwAmAE
286=39CicoKQAoKCkAKSgpACooKQArKCsAJwBO5QgoKCkAKSgpACooKwAoAE/sBQgpAE8AogEA
287=AAAAABEAAA==

[Lighting]
Red=1.000000
Blue=1.000000
Green=1.000000
Level=0.032000
Ground=0.000000
IonRed=0.695000
Ambient=1.000000
IonBlue=0.775000
IonGreen=0.445000
IonLevel=0.032000
IonGround=0.000000
IonAmbient=0.650000
DominatorRed=0.850000
DominatorBlue=0.300000
DominatorGreen=0.200000
DominatorLevel=0.000000
DominatorGround=0.000000
DominatorAmbient=1.500000
DominatorAmbientChangeRate=0.009000

[Map]
Size=0,0,40,40
Theater=TEMPERATE
LocalSize=3,5,34,29

[Neutral]
IQ=0
Edge=North
Color=Grey
Allies=Neutral
Country=Neutral
Credits=0
NodeCount=0
TechLevel=1
PercentBuilt=0
PlayerControl=no

[Nod]
IQ=0
Edge=North
Color=Gold
Allies=Nod
Country=Nod
Credits=0
NodeCount=0
TechLevel=1
PercentBuilt=0
PlayerControl=no

[OverlayDataPack]
1=BQAAIP4AIACABQAAIP4AIACABQAAIP4AIACABQAAIP4AIACABQAAIP4AIACABQAAIP4AIA
2=CABQAAIP4AIACABQAAIP4AIACABQAAIP4AIACABQAAIP4AIACABQAAIP4AIACABQAAIP4A
3=IACABQAAIP4AIACABQAAIP4AIACABQAAIP4AIACABQAAIP4AIACABQAAIP4AIACABQAAIP
4=4AIACABQAAIP4AIACABQAAIP4AIACABQAAIP4AIACABQAAIP4AIACABQAAIP4AIACABQAA
5=IP4AIACABQAAIP4AIACABQAAIP4AIACABQAAIP4AIACABQAAIP4AIACABQAAIP4AIACABQ
6=AAIP4AIACABQAAIP4AIACABQAAIP4AIACA

[OverlayPack]
1=BQAAIP4AIP+ABQAAIP4AIP+ABQAAIP4AIP+ABQAAIP4AIP+ABQAAIP4AIP+ABQAAIP4AIP
2=+ABQAAIP4AIP+ABQAAIP4AIP+ABQAAIP4AIP+ABQAAIP4AIP+ABQAAIP4AIP+ABQAAIP4A
3=IP+ABQAAIP4AIP+ABQAAIP4AIP+ABQAAIP4AIP+ABQAAIP4AIP+ABQAAIP4AIP+ABQAAIP
4=4AIP+ABQAAIP4AIP+ABQAAIP4AIP+ABQAAIP4AIP+ABQAAIP4AIP+ABQAAIP4AIP+ABQAA
5=IP4AIP+ABQAAIP4AIP+ABQAAIP4AIP+ABQAAIP4AIP+ABQAAIP4AIP+ABQAAIP4AIP+ABQ
6=AAIP4AIP+ABQAAIP4AIP+ABQAAIP4AIP+A

[Russians]
IQ=0
Edge=North
Color=DarkRed
Allies=Russians
Country=Russians
Credits=0
NodeCount=0
TechLevel=1
PercentBuilt=0
PlayerControl=no

[Special]
IQ=0
Edge=North
Color=Grey
Allies=Special
Country=Special
Credits=0
NodeCount=0
TechLevel=1
PercentBuilt=0
PlayerControl=no

[SpecialFlags]
Inert=no
FogOfWar=no
IonStorms=no
MCVDeploy=no
Meteorites=no
Visceroids=yes
FixedAlliance=no
TiberiumGrows=yes
InitialVeteran=no
HarvesterImmune=no
TiberiumSpreads=yes
TiberiumExplosive=no
DestroyableBridges=yes

[Tags]

[TeamTypes]

[Triggers]

[Waypoints]

[YuriCountry]
IQ=0
Edge=North
Color=DarkRed
Allies=YuriCountry
Country=YuriCountry
Credits=0
NodeCount=0
TechLevel=1
PercentBuilt=0
PlayerControl=no



[Digest]
1=YFliB0H32GbgUy5tdET3h9pIzi0=

