; Map created with FinalAlert 2(tm) Mission Editor
; Get it at http://www.westwood.com
; note that all comments were truncated

[Header]
Width=33
Height=29
StartX=239
StartY=26
Waypoint1=0,0
Waypoint2=0,0
Waypoint3=0,0
Waypoint4=0,0
Waypoint5=0,0
Waypoint6=0,0
Waypoint7=0,0
Waypoint8=0,0
NumberStartingPoints=0


[Preview]
Size=0,0,80,40

[PreviewPack]
1=fw0AIA+iqFCjp1CyqZW2rJmfl0uckUdIAEABSABAAUgAQAFIAEABSABAAUgAQAFIAEABSA
2=BAAUgAQAFIAEABSABAAUgAQAFIAEABSABAAUsAfX58SAAACUtPUkFDQ1NVV1RXWFJVV1FU
3=VkJERExQUn5/fUgAUAVIAFAFSABAAUgAQAFIAEABSABAAUgAQAFIAEABSABAAUgAQAFIAE
4=ABSABAAUgAQAFIAEABSABAAUgAQAEnCABYAUgAuAFAAUgAIDksAEgeD1pcW1NXWkFGTEVJ
5=TVRYXV1fXiBCpANQGkgAXBq8O0ABWAFIAEABSABAAUgAQAFIAEABSABAAUgAQAFIAEABSA
6=BAAUgAQAFIAEABSABAAUgAQAFIAEABSABAAUgAQAFIAEMBgoOAQDpIAIQdBFpXWVtDSE1M
7=PUsAg4SArARYBEABSABAAUgAQAFIAEABSABAAUgAQAFIAEABSABAAUgAQAFIAEABSABAAU
8=gAQAFIAEABSABAAUgAQAFIAKABVABIAFgBSABAAUgAQAFIAEABSABAAUgAQAFIAEABSABA
9=AUgAQAFIAEABSABAAUgAQAFIAEABSABAAUgAQAFIAEABJ6cDbXE4J/QKTD1IAEdcsqmVSB
10=5IACBC1AMgP3wHM6QDVB4GQUNZQkRZbHA7SB5IAFQeTAFIHkgAIDzUA7wvSDBAAUgAQAFI
11=AEABSABAAUgAQAFIAEABSABAAUgAQAFIAEABSABAAUgAQAFIAEABSABAAUgAQAE2pANbHE
12=JFWUsAQUNYIFHUAyAzfAc2pAO0G3wdAURZQURoHvQeQR9YXDtAPUgAIDysB6wxWDFAAUgA
13=QAFIAEABSABAAUgAQAFIAEABSABAAUgAQAFIAEABSABAAUgAQAFIAEABOKQDZBpUGwADUV
14=pc0rR0y7B0T1ZcVV5fa3hjTVVcZiBFWZg9IEDUAyAnfAc3pAO8OAAURFlMU1rWuoTiwYHj
15=vnjhvXjhv37ewIa/qW1xfWR7iGiDjmZTXV5AIqxAIDmsB7wySDNAAUgAQAFIAEABSABAAU
16=gAQAFIAEABSABAAUgAQAFIAEABSABAATakAwZ4fTx5fTtxaztANwAGaU0siW075L985b5z
17=jIpAkHM7vK9exbNlSAAM17Vo0rd9wKlwvq99cYNpvFwDTlZaSlFaIDPUAyAbfAc2pAOvCq
18=OnUEABSABAAQOFcDh2azWsAQx9Wy+GjD+Lk0WNkkSLlj1IHkgAVB4P1Ld/d4ZnfoNhe4Jh
19=cn9jcIJjSz9XYl0gLdQDrDRYNEABSABAAUgAQAFIAEABSABAAUgAQAFIAEABSABAASAJpA
20=NQHVgcSABAAUgAAAaeoE6Fiz58hDqIeD2HkjyLlEGIk0CZok5IHgnlv3PmvXDbwInZun2s
21=AQnPs3p1fGBGS1g/QlcgJ9QDpBG0GEAZQAFIAEABSABAAUgAQAFIAEABSABAASAYpANADU
22=gASB5IAAmSmjyorFWyr1OqrVRQAgazq1nnu27Pt2gn1ANAHwnhvHh3hGZSWl1JTlpceqya
23=ICHUA7QYQBlAAUgAQAFIAEABSABAAUgAQAFIAEABNqQDBkdMS4FkNnJ1N0QXSABYGUgAQA
24=FIAEABSABAAQN2ezpyeThMAQAJdWU2mXpEhmlAv4pEiGo3s4hNnXVCgFkrxrRjrDoB3Lhr
25=FOAAA2t6ZUFEV1h/SAB8HVTYaPYgHAwXUBFYEKQaUBpAAUgAQAFIAEABSABAATakA20QRS
26=KYJAZ6Vi59cjmBeDlICUAKSABAAUgAAA92ZTZGS0djUDmXcj1vXzPPtnTEkkuqcjrJsWXg
27=vHC3qVhMBEwBA+K/fuC+fSqkA+QefAByO0VZQ9luemFQvFgBIBsPF1FUVkQaSABIG0gAQA
28=FIAEABSABAAT+kA0QvBVRROmFTN3lqK3wHCXJzOkhNMVZMNXxbN1gTWARIAAx8fVvauXnB
29=qW2vpnTevHlAOgAD47130rN41bmCwrF/anhkTlZcoZ1xcBwvDwBtcV5A9yoMF7QtIA+EC6
30=8xg4SAVBtIAFgcSABAATakA1AXYA2IS0gtqAAABkFEVkNHVoxtPXFuNmtfM0VITYVfMkk2
31=JUwcoARUAEAHWAFIAFCwDGl3YU9WW3uHY9GycnmBYFACSwBRWV5UAEQFqAAvxANjAoODg1
32=sHWWReWNZwBXgQYEwgBtQDUBoDfn99Q0VCSwBBQ0O0HlACUD5JAG0pLDNMAXgcIhQkIhwo
33=WA20EicUA1gBJy8AQ0ZYQARcEUgAnQJYVACoACpcAFDsQARIAEgDJ+wArAEGTFJadn9lTF
34=RZcBzsAF9B575zWNZa9ENHeBxSBUJFdJlYB1gTOdQDUBoDQkRERUZCvztLT1JLHkBGTCEb
35=PlJVV0gDJ9Q2RB1QFGULRIgMVABMdmAfIogoJ7QCYAScAlwOaACMAXgQgAFUA6QFQAFIAN
36=wCiAlQC0gDSABcAkAHXD4AA4OHam51Yte9ieLCg+HChuO9eOW+c7wUePQFtnXfvHi+qHNM
37=eXQGsQhDKBQGKtQDUzhUV1ghuz1HSk1QHVAaTDpICVgfQDoMU1daO0BFQUdOQ0hNXV9eRB
38=1IAFgHRBFEC3AUUAuIACgsAGAfnCBcGogDkAUiMCxAAcgA9E5YAXwIWARQBQFFWUBDaACo
39=CUA6QBwG2r2Fd4Bl2L6LSDlI0kgAJ6QDD8OuXr6uYOW9dMatc8iudGhvX1QJyAAsfAGsFl
40=sWWlxbRB0GQUdNREdJVFhdJKQ5UB1QpFAdJ0wHIthBBUVCtqyZsqmVVCFYB0gAWAdQC1QV
41=SDCAAXwprAGYAWBYgAErpANMGVg3vAJ0AOQdUAJIAEQCSABDAX1sPCHbKeS/fEA6A5OWRJ
42=SYRVw4J6QDWBNQFEgAQAFcAgnVtXPgvHmqnmhLUVp8C4TUQAFICbwUSBVYN6wBTzpUWFok
43=zDVMPUgeRFknpANMeUSVSABIllwCSAZIAFgHK9QDTBZcKVQATDRUAEwBhA5YDVQhUBdAAU
44=gAQBB5AUNkd4ABzEBMAQaGbDCHfDx+ZDNQBQAMknpAgG41fG41gHY4l4NCpn9Bho5JjJhC
45=k5k/lJhCTDpYHEgARB1IAFw7COK8da+hccKrcWp41JyNDVi8FEgVJ6QDUDVUV6wZWBlIHk
46=gAUBq0CSqkA1QDWARIAEABQARICUgASAkr1AN4WPx3VB54AShEA0AZWBBIAFQeVACoAEQd
47=BnhkMnx4PId6OVAOSABLGHl9O0ABSABPAZSYRiFcLaQdUx2zq1khuCVAOlj0Rx3JtWUhiD
48=FT13J+YqAKtACsE1gTJ6QDTAEqpANAGUgATBlIAEgeVABYAUgAQAFIAEABSABAAUgAQAFI
49=AEABN9QDhB20WqgbUBpIAEQRVACoAEwBQAQGcVIud2Q0iHo8SBtIAFQbSABAAUgAQAFIAE
50=ABSABAAUQdAouYP7m3IqspiJNAWxyCYzJAQAl2VyxtWTB9dTx2XjNuCkVZIAykA0AZSABM
51=GbQMQAFYAUgAQAFIAEABSABAAUgAQAFIAEABOtQDdFqcO4QgbB9AAUgA/z6odT1ADUgARB
52=pIAEABJ4QpLSwAWAFABAOyr1N8fj4kRDlAXlACSABcAksAaVYuIBWkA0gYoBlUAEgAWAFI
53=AEABSABAAUgAQAFIAEABSABAAUgAQAE21ANsHPQbXC+QO2QgXAIJRElSREhTf2I3aV44WB
54=YJeHU7aVYvYVIyoHg8SD9QBQmcdTuBbjxrUziFczVEGkwESABAAUgAQAFIAEABSABAASAb
55=pAO8F1AISAlAGVgBSABAAUgAQAFIAEABSABAAUgAQAFIAEABSABAAT7UA2h7QBkn1ANfGk
56=NGUkwfQAEDfmU+TVFHVANIAEQCSABAAUgAA2taNmVYMrwRSBJAAUgAQAFIAEABICGkA1gW
57=sBdUAEgAWAFIAEABSABAAUgAQAFIAEABSABAAUgAQAFIAEABSABAATbUA1AaXBdgGbxcfD
58=5kIGQCTAGcXGAEdAN8AqwBBkRIV01PM2tWMCdGKnJ5fEEgJ6QDrBZIJ0AoUBdYAUgAQAFI
59=AEABSABAAUgAQAFIAEABSABAAUgAQAFIAEABSABAATbUAyt0A4wcKd0WWKwiZB0jaCRAAU
60=gASAaIQgRYQ0ZYdV42IC2kA0gVoBZUAEgAWAFIAEABSABAAUgAQAFIAEABSABAAUgAQAFI
61=AEABSABAAUgAQAFIAEABNtQDlBhQOGx5zAGMH3wdKnwHhPVABEgASB4gM6QDvBQgIXwHUB
62=1ICUgAQAEgCtQDWDpAH0gARFysASMAIyA5pANYE7AUVABIAFgBSABAAUgAQAFIAEABSABA
63=AUgAQAFIAEABSABAAUgAQAFIAEABSABAAUgAQAFIAEABNtQDWFWYN2w9zAGcHZACMY8kbH
64=A7NuQgQA1IAEwNSABAAUgAQAFIAEABSABAAUgAQAFIAEABSABAAUgAQAEgLXwHQApYCkgA
65=QAEgA9QDIEukA0gSoBNUAEgAWAFIAEABSABAAUgAQAFIAEABSABAAUgAQAFIAEABSABAAU
66=gAQAFIAEABSABAAUgAQAFIAEABSABAATzUAyA/9AqsEFgQQAFIAEABPnwHEQAAgwKABQlH
67=n5dLn5dLnJFHnJEgGSwAA0tPUm1xOEgAA2xwO4OEgEABSABMAUoAgoN4AUABSwBMUFJYDU
68=ANSABAAUgAQAFIAEABSABAAUgAQAFIAEABSABAAUgAQAFIAEABSABAAUgAQAFIAEABSABA
69=AUgAQAFIAKABVABIAFgBSABAAUgAQAFIAEABSABAAUgAQAFIAEABSABAAUgAQAFIAEABSA
70=BAAUgAQAFIAEABSABAAUgAQAFIAEABSABAAbQeA0NFQkFDQ1QeRB0DQkRERUZCIEWkA6wQ
71=A6KoUKOnUFARWAFIAEABSABAAUgAQAFIAEABSABAAUgAQAFIAEABSABAAUgAQAFIAEABSA
72=BAAUgAQAFIAEABSABAAUgAQAFIAEABSABAAVQeCUBGTDtARURHSUdKTSBCTAe8DkgPoAFU
73=AEgAWAFIAEABSABAAUgAQAFIAEABSABAAUgAQAFIAEABSABAAUgAQAFIAEABSABAAUgAQA
74=FIAEABSABAAUgAQAFIAEABSAAnTAcDQUdNQUdOJ6wHQARIAEAESABAAUgAQAFIAEABSABA
75=AUgAQAFIAEABSABAAUgAQAFIAEABSABAAUgAQAFIAEABSABAAUgAQAFIAEABSABAASBIfA
76=cnpANAWEw6vA5MPUgeSACkXEgSSABUEkgAQAFIAEABSABAAUgAQAFIAEABSABAAUgAQAFI
77=AEABSABAAUgAQAFIAEABSABAAUgAQAFIAEABSABDAf///1QASABYAUgAQAFIAEABSABAAU
78=gAQAFIAEABSABAAUgAQAFIAEABSABAAUgAQAFIAEABSABAAUgAQAFIAEABSAAzpANQaEge
79=SABAASBL1AMRAAA=

[Africans]
IQ=0
Edge=North
Color=DarkRed
Allies=Africans
Country=Africans
Credits=0
NodeCount=0
TechLevel=1
PercentBuilt=0
PlayerControl=no

[Alliance]
IQ=0
Edge=North
Color=Gold
Allies=Alliance
Country=Alliance
Credits=0
NodeCount=0
TechLevel=1
PercentBuilt=0
PlayerControl=no

[Americans]
IQ=0
Edge=North
Color=Gold
Allies=Americans
Country=Americans
Credits=0
NodeCount=0
TechLevel=1
PercentBuilt=0
PlayerControl=no

[Arabs]
IQ=0
Edge=North
Color=DarkRed
Allies=Arabs
Country=Arabs
Credits=0
NodeCount=0
TechLevel=1
PercentBuilt=0
PlayerControl=no

[Basic]
Name=No name
Percent=0
GameMode=standard
HomeCell=98
InitTime=10000
Official=no
EndOfGame=no
FreeRadar=no
MaxPlayer=2
MinPlayer=2
SkipScore=no
TrainCrate=no
TruckCrate=no
AltHomeCell=99
OneTimeOnly=no
CarryOverCap=0
NewINIFormat=4
NextScenario=
SkipMapSelect=no
CarryOverMoney=0.000000
AltNextScenario=
MultiplayerOnly=1
IceGrowthEnabled=yes
VeinGrowthEnabled=yes
TiberiumGrowthEnabled=yes
IgnoreGlobalAITriggers=no
TiberiumDeathToVisceroid=no

[British]
IQ=0
Edge=North
Color=Gold
Allies=British
Country=British
Credits=0
NodeCount=0
TechLevel=1
PercentBuilt=0
PlayerControl=no

[Confederation]
IQ=0
Edge=North
Color=DarkRed
Allies=Confederation
Country=Confederation
Credits=0
NodeCount=0
TechLevel=1
PercentBuilt=0
PlayerControl=no

[French]
IQ=0
Edge=North
Color=Gold
Allies=French
Country=French
Credits=0
NodeCount=0
TechLevel=1
PercentBuilt=0
PlayerControl=no

[GDI]
IQ=0
Edge=North
Color=Gold
Allies=GDI
Country=GDI
Credits=0
NodeCount=0
TechLevel=1
PercentBuilt=0
PlayerControl=no

[Germans]
IQ=0
Edge=North
Color=Gold
Allies=Germans
Country=Germans
Credits=0
NodeCount=0
TechLevel=1
PercentBuilt=0
PlayerControl=no

[Houses]
0=Americans
1=Alliance
2=French
3=Germans
4=British
5=Africans
6=Arabs
7=Confederation
8=Russians
9=YuriCountry
10=GDI
11=Nod
12=Neutral
13=Special

[IsoMapPack5]
1=Pw0AIAUoAAEAogEAAEAAAycAAgCiAUMBAAAoKCkAKSgrACYAA+EEJygpACgoKQApKCkAKi
2=grACUABPkGJigpACcoKQAoKCkAKSgpACooKQArKCsAJAAF8QklKCkAJigpACcoKQAoKCkA
3=KSgpACooKQArKCkALCgrACMABukMJCgpACUoKQAmKCkAJygpACgoKQApKCkAKigpACsoKQ
4=AsKCkALSgrACIAB+EPIygpACQoKQAlKCkAJigpACcoKQAoKCkAKSgpACooKQArKCkALCgp
5=AC0oKQAuKCsAIQAI+REiKCkAIygpACQoKQAlKCkAJigpACcoKQAoKCkAKSgpACooKQArKC
6=kALCgpAC0oKQAuKCkALygrACAACfEUISgpACIoKQAjKCkAJCgpACUoKQAmKCkAJygpACgo
7=KQApKCkAKigpACsoKQAsKCkALSgpAC4oKQAvKCkAMCgrAB8ACukXICgpACEoKQAiKCkAIy
8=gpACQoKQAlKCkAJigpACcoKQAoKCkAKSgpACooKQArKCkALCgpAC0oKQAuKCkALygpADAo
9=KQAxKCsAHgAL4RofKCkAICgpACEoKQAiKCkAIygpACQoKQAlKCkAJigpACcoKQAoKCkAKS
10=gpACooKQArKCkALCgpAC0oKQAuKCkALygpADAoKQAxKCkAMigrAB0ADPkcHigpAB8oKQAg
11=KCkAISgpACIoKQAjKCkAJCgpACUoKQAmKCkAJygpACgoKQApKCkAKigpACsoKQAsKCkALS
12=gpAC4oKQAvKCkAMCgpADEoKQAyKCkAMygrABwADfEfHSgpAB4oKQAfKCkAICgpACEoKQAi
13=KCkAIygpACQoKQAlKCkAJigpACcoKQAoKCkAKSgpACooKQArKCkALCgpAC0oKQAuKCkALy
14=gpADAoKQAxKCkAMigpADMoKQA0KCsAGwAO6SIcKCkAHSgpAB4oKQAfKCkAICgpACEoKQAi
15=KCkAIygpACQoKQAlKCkAJigpACcoKQAoKCkAKSgpACooKQArKCkALCgpAC0oKQAuKCkALy
16=gpADAoKQAxKCkAMigpADMoKQA0KCkANSgrABoAD+ElGygpABwoKQAdKCkAHigpAB8oKQAg
17=KCkAISgpACIoKQAjKCkAJCgpACUoKQAmKCkAJygpACgoKQApKCkAKigpACsoKQAsKCkALS
18=gpAC4oKQAvKCkAMCgpADEoKQAyKCkAMygpADQoKQA1KCkANigrABkAEPknGigpABsoKQAc
19=KCkAHSgpAB4oKQAfKCkAICgpACEoKQAiKCkAIygpACQoKQAlKCkAJigpACcoKQAoKCkAKS
20=gpACooKQArKCkALCgpAC0oKQAuKCkALygpADAoKQAxKCkAMigpADMoKQA0KCkANSgpADYo
21=KQA3KCsAGAAR8SoZKCkAGigpABsoKQAcKCkAHSgpAB4oKQAfKCkAICgpACEoKQAiKCkAIy
22=gpACQoKQAlKCkAJigpACcoKQAoKCkAKSgpACooKQArKCkALCgpAC0oKQAuKCkALygpADAo
23=KQAxKCkAMigpADMoKQA0KCkANSgpADYoKQA3KCkAOEkBJiRQMQEXABIAaAEBAgAAGEgBJa
24=kxGSgpABooKQAbKCkAHCgpAB0oKQAeKCkAHygpACAoKQAhKCkAIigpACMoKQAkKCkAJSgp
25=ACYoKQAnKCkAKCgpACkoKQAqKCkAKygpACwoKQAtKCkALigpAC8oKQAwKCkAMSgpADIoKQ
26=AzKCkANCgpADUoKQA2KCkANygpADhIAWgtAQAAADnIAU8wFgATgDBJARfIAY0xEygEDCcp
27=ABpABMU0GygpABwoKQAdKCkAHigpAB8oKQAgKCkAISgpACIoKQAjKCkAJCgpACUoKQAmKC
28=kAJygpACgoKQApKCkAKigpACsoKQAsKCkALSgpAC4oKQAvKCkAMCgpADEoKQAyKCkAMygp
29=ADQoKQA1KCkANigpADcoKQA4SAEnLAYnAQY61AJDMBUAFJgyUTUWyAGENLQCQQQYVALNMR
30=koKQAaKCkAGygpABwoKQAdKCkAHigpAB8oKQAgKCkAISgpACIoKQAjKCkAJCgpACUoKQAm
31=KCkAJygpACgoKQApKCkAKigpACsoKQAsKCkALSgpAC4oKQAvKCkAMCgpADEoKQAyKCkAMy
32=gpADQoKQA1KCkANigpADcoKQA4SAEnhAa0LkEwOtQCQTA7SgH//10zAEMBFQAlVANQAQIV
33=ABUAJ6kBFsgBVQEXyAFZBhhIAc0FGSgpABooKQAbKCkAHCgpAB0oKQAeKCkAHygpACAoKQ
34=AhKCkAIigpACMoKQAkKCkAJSgpACYoKQAnKCkAKCgpACkoKQAqKCkAKygpACwoKQAtKCkA
35=LigpAC8oKQAwKCkAMSgpADIoKQAzKCkANCgpADUoKQA2KCkANygpADhIAcEwOcgBQTA6yA
36=FBMDtIAcEwPCgrABMAFog4TQUUKCkAFUgBcgkDAEEBFoA7AQQAABdQAXUCBWzWJ9kAGVUC
37=w1gHUUAaSQE2SA0BDgAAGygpABwoKQAdKCkAHigpAB8oKQAgKCkAISgpACIoKQAjKCkAJC
38=gpACUoKQAmKCkAJygpACgoKQApKCkAKigpACsoKQAsKCkALSgpAC4oKQAvKCkAMCgpADEo
39=KQAyKCkAMygpADQoKQA1KCkANigpADdJASVEKUkAOEgBaC1BMDnIAUEwOsgBAQUAADtJAS
40=VABUkAPCgpAD0oKQASWDVgBFkxEygpABQoKQAVSAFpDAZtPBeNPAdsPKkBCG08F4hDRQgZ
41=TAXRCRooKQAbKCkAHCgpAB0oKQAeKCkAHygpACAoKQAhKCkAIigpACMoKQAkKCkAJSgpAC
42=YoKQAnKCkAKCgpACkoKQAqKCkAKygpACwoKQAtKCkALigpAC8oKQAwKCkAMSgpADIoKQAz
43=KCkANCgpADUoKQA2KCkANygpADhJASdcN0EwOcgBAQcAADrIAUEwO0gB1S48KCkAPSgpAD
44=4oKwARABgm4SISKCkAEygpABQoKQAVSQEmQA9FdhbIAVUBF8gBWT0YSAHdeBkoKQAaKCkA
45=GygpABwoKQAdKCkAHigpAB8oKQAgKCkAISgpACIoKQAjKCkAJCgpACUoKQAmKCkAJygpAC
46=goKQApKCkAKigpACsoKQAsKCkALSgpAC4oKQAvKCkAMCgpADEoKQAyKCkAMygpADQoKQA1
47=KCkANigpADcoKQA4SAHBMDnIAUEwOsgBQTA7SAElkSM8KCkAPSgpAD4oKQA/KCsAEAAZ8U
48=ARKCkAEigpABMoKQAUKCkAFUgB2REWSAHFPxdIAXQCWREYSAHVAhlJATtQFU1HGsgBVQEb
49=yAFVAhzIAVUCHUkBOlwAVQIeyAFVAR/IAVUCIMgBVQIhSQE9XABVAiLIAVUBI0kBcEgCSQ
50=AkyAFVAiVJAWxIAkkAJkkBZ1wASQAnyAFBBChIAWAPSQEpSQE+XABBBCrIAVUBK0gBYARV
51=AizIAVUCLUgBzRAuyAFVAi9IAcUIMMgBVQIxSAHNBTLIAVUCM8gBXQo0yAFVAjVJATxcAF
52=UCNsgBVQE3SAHRKjhIAWgtQQQ5SAHVAjpIAXQCQTA7SAEnPAgnjQc9KFUAPigpAD8oKQBA
53=KCsADwAa6UMQKCkAESgpABIoKQATKCkAFCgpABVIAXgRURQWSAHJ/hdIAXQCURQYSAHJFx
54=lIAXREVQIayAFF2RvIAVUCHMgBVQIdSAFsMVUCHsgBVQIfSQFtSA1JACDIAU0mIUkBbkgC
55=SQAiyAFVAiNIAXRERQgkyAFFCCVIAXREQQQmSAF0REEEJ8gBQQQoSAFgD0kBKUgBbDxBBC
56=rIAVUCK0kBb0gNSQAsyAFRCS1IAc0QLsgBVQIvSAFwCU0FMMgBVQIxSQFCXABVAjJIAWBG
57=XQozyAFVDTTIAVUCNUgBdERVAjbIAVUCN0gB0So4SAFoLVEJOUgBwTA6SAF0AlkGO0gBJ5
58=QIJ7kHPShVAD4oKQA/KCkAQCgpAEEoKwAOABvhRg8oKQAQKCkAESgpABIoKQATKCkAFCgp
59=ABVIAXAUSRcWSAHBGhdIAXQCSRcYSAHVAhlIAWwxTQUayAFFKBtIAXQjVQIcSAHJQx3IAU
60=EEHkgBeD1BBB9IAWAEXQogyAFFKSFIAXw2VQIiyAFVAiNJAX1MBkkAJMgBUQklSQHtXABV
61=AiZJAWZcAEkAJ8gBQQMoyAFRCSlIAcU/KsgBQQQrSAFsR0EELMgBVQ0tSAHNEC7IAVUCL8
62=gBSQwwyAFFCDFIAXwgSQEySAFwH0kBM0gBdAJNBTTIAVUCNUgBcEtVAjbIAVUCN0gB0So4
63=SAFoLUEEOUgB1QI6SAF0AlEUO0gBJ+wIJ+UHPShVAD4oKQA/KCkAQCgpAEEoKQBCKCsADQ
64=Ac+UgOKCkADygpABAoKQARKCkAEigpABMoKQAUKCkAFUgBaBdBGhZIAcEaF0gBdAJBGhhI
65=AdUCGUgBbCZVAhpIAXgyWQYbyAEIAQAAHAAcAG0AAAARAAAnDwAgAAECAAAdABwAbQAAAA
66=MAAB4AHABsSAEBAQAAH0gBdAIBBAAAIMgBAQUAACFJAW5ABFUCIsgBVQIjSQF9VAJRCSTI
67=AVEJJUkB7UQJQQMmSQFmXABVAifIAUUIKMgBRQgpSQE+rQUqyAFVAStJAXFYBkkALMgBVQ
68=ItSAHNEC7IAUUIL8gBTRAwyAFVDTFJAWdYB0kAMsgBRQgzSAHVDTTIAVUCNUkBPVwARQg2
69=yAFFCDdJATZIAgEOAAA4SQEmQARRCTlIAdUCOkgBdAJNBDtJAaKhBDwoKQA9KCkAPigpAD
70=8oKQBAKCkAQSgpAEIoKQBDKCkADFg1yQwNKCkADigpAA8oKQAQKCkAESgpABIoKQATKCkA
71=FCgpABVIAWAaWRwWSAHZHBdIAXQCWRwYSAHVAhlJATulHhpJAW9MBkEEG8gBWSccSAHZSB
72=3IAVE1HkkB8rkGHygpACAoKQAhKCkAIigpACNIAcVKJEgBxQglSAHVAiYoKQAnSQFjWBFJ
73=ACjIAUEOKUkBPFwAVQIqKCkAK0gBfExJFyzIAUkXLUgB3QouKCkAL0gB1U8wyAFBGjFIAX
74=xMRQgyyAFFCDNJATpUDUkANEgBwSU1yAFVAjYoKQA3SAHRKjhIAWgtURQ5SAHVAjpIAXQC
75=SQw7SAHRQDwoKQA9KCkAPigpAD8oKQBAKCkAQSgpAEIoKQBDKCkARCgpAAtYgtUNDCgpAA
76=0oKQAOKCkADygpABAoKQARKCkAEigpABMoKQAUKCkAFUgBeBxRHxZIAdEfF0gBdAJRHxhI
77=AdUCGUgBcCpVAhpJAXJMBkkAG8gBXSscSAHJOB1JAfRIAkEEHkkBhEgBSQAfyAFFCCBJAY
78=VIAkEEIcgBVQEiSAFEAmkAI0kB+EgCTQEkSAFYAGkAJUkB9rUCJkgB1Q0nSAF0T10KKMgB
79=XUEpSAF0T1UCKigpACtJAXVrCQAALMgBXQktyAFNBS5IAd0KL0gB2V4wSAHVAjFJAXulCD
80=LIAUUIM0kBaLUCNMgBVQI1SAFsJlkRNigpADdIAdEqOEgBaC1FBzlIAdUCOkgBdAJZETtI
81=Ad1BPCgpAD0oKQA+KCkAPygpAEAoKQBBKCkAQigpAEMoKQBEKCkARSgpAApQ0sEPCygpAA
82=woKQANKCkADigpAA8oKQAQKCkAESgpABIoKQATKCkAFCgpABVIAXAfSSIWSAHJIhdIAXQC
83=SSIYSAHVAhlIAWx+TQUaSAFsUkEEG8gBVS4cSQHwQDFBBB1IAWBRVQIeyAFZ4h/KAQUBRu
84=8fAG5SAwFE76gBQQQiQARUB2kAI0kB+rEJJEkB86kBJUgByUMmSQFlZwUAACfIAU0EKMgB
85=RRMpSAHdFSooKQArSAFsUkUTLMgBQQ8tyAFBni5IAdUYL0gBpgwAMEgB0WExSAFsUkkMMs
86=gBUQkzSAFsUlUCNMgBVQI1SAFsUkUTNkgBcPBJATdIAdEqOEgBaC1ZDDlIAdUCOkgBdAJR
87=CTtIAclDPCgpAD0oKQA+KCkAPygpAEAoKQBBKCkAQigpAEMoKQBEKCkARSgpAEYoKQAJWD
88=XNEAooKQALKCkADCgpAA0oKQAOKCkADygpABAoKQARKCkAEigpABMoKQAUKCkAFUgBaCJB
89=JRZIAcElF0gBdAJBJRhIAdUCGUgBZD9VAhpJAXRMBkkAG8gBQTAcSAHJph1IAWZVBgRacS
90=AAagEHA0gfqgEIAlkDIIZVBgJHVSAAhlgHAQADACJcAmgBAQEEACNJAUZcCwEABAAkyAFN
91=BCVIAcFGJkgBZFVdQSfIAUlOKMgBSU4pSAF8FUEEKsgBSRcrSQF2fAp2pyAAaAFdCi3UAk
92=EELkgB0WEvSAHJZDBIAcGpMSgpADJIAc0FM0kBYb0KNMgBXQo1SAFkVU0QNkgBZFVJATdJ
93=ATZIDSOOKCAAaC1FBzkoVQA6SAF0Ak0EO0gB1UQ8KCkAPSgpAD4oKQA/KCkAQCgpAEEoKQ
94=BCKCkAQygpAEQoKQBFKCkARigpAEcoKQAIWDXZEQkoKQAKKCkACygpAAwoKQANKCkADigp
95=AA8oKQAQKCkAESgpABIoKQATKCkAFCgpABVIAWAlWScWSAHRKhdIAXQCWScYSAHVAhlIAX
96=TpTQUayAFFNBtJAU9IAl1MHMgBVU8dSAFwAlUCHkgBfVcKfVchilkLA0EiIZ5XCQNZAyGd
97=VwJ/VyEAOHwGf1chAD5pAQBfVyEA90gNVQElVAVwVkkBJsgBQQMnyAFdFShIAXBWQQQpyA
98=FBBCpIAWxHVQIrSQF2XABZSCzIAVleLcgBWV4uSAEnpRUhRAWJADBUAoMBAAAxKCkAMkgB
99=2WkzSAF8V00QNMgBSQw1SAFgD00QNigpADdJATZABZ1XISj+CiEA1QI6QATBMDtIAcFGPC
100=gpAD0oKQA+KCkAPygpAEAoKQBBKCkAQigpAEMoKQBEKCkARSgpAEYoKQBHKCkASCgpAAdY
101=jcUTCCgpAAkoKQAKKCkACygpAAwoKQANKCkADigpAA8oKQAQKCkAESgpABIoKQATKCkAFC
102=gpABVIAXgnQTYWSAHRKhdIAXQCQS8YSAHVAhlJAU1ABUVVGkkBSqkBG0gBdFoBAgQAHEgB
103=cAJBBB0oKQAeKCkAHygpACBJAVJxBQRbJCIAPGkBAE0CIpRaUUAjUAGwAlZaIgDNRyVUAn
104=RaQUYmyAFNUifIAU1SKEgBdFpJFynIAU0FKkgBcEtVAitJAXOhCyzIAVUNLUgB2asuSAEn
105=VQsipwUAADBUAs0BMSgpADJIAcUTM0kBZKUENMgBXQo1SAFgD00QNigpADdIAdEqOEgBaC
106=1FBzlIAdUCOkgBdAJdFTtJAaJECUEEPCgpAD0oKQA+KCkAPygpAEAoKQBBKCkAQigpAEMo
107=KQBEKCkARSgpAEYoKQBHKCkASCgpAEkoKQAGUOjRFAcoKQAIKCkACSgpAAooKQALKCkADC
108=gpAA0oKQAOKCkADygpABAoKQARKCkAEigpABMoKQAUKCkAFUgBcCpFKRZIAcktF0gBdAJJ
109=LRhIAdUCGUkBUUAFSVkaSAFkAUkBGygpABwoKQAdKCkAHigpAB8oKQAgSQE/aAhuXSMAaA
110=FBOiJUAs21I0kB70gCTQQkSAHBUSVIAcVKJsgBTQQnSAF8/EkBKMgBWQYpyAFVAipIASUJ
111=SStIAWxdTRssyAFBUS1IAckMLkgBJ60LI1wIiQAwVAKAAWS4J1UAMlQCJ64LIwAl+SU0VQ
112=JMUAVF2TVJAUlIAUElNsgBVQI3SAHRKjhIAWgtTQQ5SAHVAjpIAXQCURQ7SAHZSDwoKQA9
113=KCkAPigpAD8oKQBAKCkAQSgpAEIoKQBDKCkARCgpAEUoKQBGKCkARygpAEgoKQBJKCkASi
114=gpAAVIk90VBigpAAcoKQAIKCkACSgpAAooKQALKCkADCgpAA0oKQAOKCkADygpABAoKQAR
115=KCkAEigpABMoKQAUKCkAFUgBaC1BMBZIAcEwF0gBdAJBMBhIAdUCGUgBXQQAVTkaKCkAGy
116=gpABwoKQAdKCkAHigpAB8oKQAgSAF5XgJlYCSEYEFRIlQCxUojSQFemA1CASQAaAFJWSVR
117=AWC1AibIAVUCJ0gBZGBFCCjIAUkXKcgBVQIqSQF2uQYryAFZBizIAU0FLUgBJYktLigpAC
118=9IAScOLiQAwXIxVALJATJIAdVlM0gBeF5BGjTIAQEDBAA1SAGfDgQANigpADdJATZUDiMN
119=IyQoDSMkKAwjtAJNBDtNBaJQFVUIPCgpAD0oKQA+KCkAPygpAEAoKQBBKCkAQigpAEMoKQ
120=BEKCkARSgpAEYoKQBHKCkASCgpAEkoKQBKKCkASygoAAEEACUAyRcFKCkABigpAAcoKQAI
121=KCkACSgpAAooKQALKCkADCgpAA0oKQAOKCkADygpABAoKQARKCkAEigpABMoKQAUKCkAFU
122=gBZGBVLhZIAdE1F0gBdAJZMhhIAdUCGUgBXAS9YiWEAUlkGyhVABwoKQAdKCkAHigpAB9I
123=ASXpIyBJAa1sCH5iJQBoAVE/IlUCXHUCAEmNJZBhTRAkVAJ8YkFcJUgBfGJVAibIAVUCJ0
124=gBItQxRQgoyAFRCCnIAVUCKkkBdkgCTQUryQEEIm46JQB0AgEFAAAtVAIiADJNBS7IAUkM
125=L0kBHlgGSQAwSAElUUcxSAHNaDJIAdnBM0kBU0AFSSI0SAFkAUkBNSgpADYoKQA3SQE2XA
126=udYiUoXgwlANUCOkAEwTA7SAHRSzwoKQA9KCkAPigpAD8oKQBAKCkAQSgpAEIoKQBDKCkA
127=RCgpAEUoKQBGKCkARygpAEgoKQBJKCkASigpAEsoKQBMKCsAAwAm6WQEKCkABSgpAAYoKQ
128=AHKCkACCgpAAkoKQAKKCkACygpAAwoKQANKCkADigpAA8oKQAQKCkAESgpABIoKQATKCkA
129=FCgpABVIAXgyUTsWSAHRNRdIAXQCQToYSAHVAhlIAVwEtWUmhAFdQRsoVQAcKCkAHSgpAB
130=5IAclkH0kBn6EHIEgBaGRJDCHIAUlZIkgBdGVRViNIAWhkVFpEqoBnVFpJSwB8Yk0FJkAE
131=aAFFCCdJAT5MBkkLKMgBVQEpSAEivC5VAipIASXlSSvIAUEELEgBzV0tSAF0ZVUNLsgBAQ
132=UBAC9JAR5YBwEAAQAwSAEljVQxyAFNBTLIAUUTM0gBdGUBAQQANEgBdAZVIzUoKQA2KCkA
133=N0gB0So4SAFoLV0FOUgB1QI6SAF0Ak0bO0gBJ7QMJ8kJPShVAD4oKQA/KCkAQCgpAEEoKQ
134=BCKCkAQygpAEQoKQBFKCkARigpAEcoKQBIKCkASSgpAEooKQBLKCkATCgpAE0oKAACAgAn
135=AMNUL0UeA0gBzRsEKCkABSgpAAYoKQAHKCkACCgpAAkoKQAKKCkACygpAAwoKQANKCkADi
136=gpAA8oKQAQKCkAESgpABIoKQATKCkAFCgpABVIAXA1QRoWSAHJOBdIAXQCSTgYSAHVAhlI
137=AVwErWgnhAFVRBsoVQAcKCkAHSgpAB5JAaJ3BQQAH8gBRSggSAEi8CRBAyHIAVUCIsgBVQ
138=IjyAFVAiRIAXRlVQIlyAFVAiZIAcUIJ0kBPkgCXRUoyAFRbClIAWxoVQIqyAFVAitIASX1
139=QCxIAWJnBgRFzicjnEsBBwMALtQCBQgCAC8AJwAeEQAApQ4AIAAEAAAAAAIAMAAnAIUBAA
140=AGAgAxACcAhkgBAQADADLIAQEBBAAzSQFRSAUBAAQANEgBZAFJATUoKQA2KCkAN0gBBTYC
141=AAAOAAA4SQEmcwkAADlIAdUCOkgBdAJNBDtJAaKhBDwoKQA9KCkAPigpAD8oKQBAKCkAQS
142=gpAEIoKQBDKCkARCgpAEUoKQBGKCkARygpAEgoKQBJKCkASigpAEsoKQBMKCkATSgpAE4o
143=KAACAQAoAMOtGwJIAdkcAygpAAQoKQAFKCkABigpAAcoKQAIKCkACSgpAAooKQALKCkADC
144=gpAA0oKQAOKCkADygpABAoKQARKCkAEigpABMoKQAUKCkAFUgBaDhBQRZIAcE7F0gBdAJB
145=OxhIAdUCGUgBXQQAQUYaKCkAGygpABwoKQAdKCkAHkkBolwGAQIEAB/IAQEDAAAgSQE7UC
146=pJDCHIAVUCIsgBVQIjyAFVAiRJATytBSXIAVUCJkgBxQgnSAFgBFUMKMgBWQUpyAFVAirI
147=AVUCK0kBU0gCVRgsSAFkAUkBLUkBhFQDAQoDAC7IAQELAwAvSQEeZwQDADBIAWZrCQNFay
148=iFawJlayh4A2kiM0AEjAFkaydVADUoVQA2KCkAN0gB0So4SAFoLUkHOUgB1QI6SAF0Al0g
149=O0kBokQTQQQ8KCkAPSgpAD4oKQA/KCkAQCgpAEEoKQBCKCkAQygpAEQoKQBFKCkARigpAE
150=coKQBIKCkASSgpAEooKQBLKCkATCgpAE0oKQBOKCkATygoAAECACkA2RwDKCkABCgpAAUo
151=KQAGKCkABygpAAgoKQAJKCkACigpAAsoKQAMKCkADSgpAA4oKQAPKCkAECgpABEoKQASKC
152=kAEygpABQoKQAVSAFoOF02FkgBwTsXSAF0AkE7GEgB1QIZSAFcBHlIGigpABsoKQAcKCkA
153=HSgpAB5JAad8BmZrKQBoAUFFIFUCOlwAQQMhyAFVASLIAVUCI8gBVQIkyAFVAiXIAVUCJs
154=gBVQInSAFka10VKMgBSW8pyAFVAirIAVUCK0gBZGtZzCxIAVQHYRotKCkALigpAC8oKQAw
155=KCkAMSgpADIoKQAzKCkANCgpADUoKQA2KCkAN0gB0So4SAFoLV0QOUgB1QI6SAF0AkkXO0
156=gByU48KCkAPSgpAD4oKQA/KCkAQCgpAEEoKQBCKCkAQygpAEQoKQBFKCkARigpAEcoKQBI
157=KCkASSgpAEooKQBLKCkATCgpAE0oKQBOKCkATygrAAMAKuVrBCgpAAUoKQAGKCkABygpAA
158=goKQAJKCkACigpAAsoKQAMKCkADSgpAA4oKQAPKCkAECgpABEoKQASKCkAEygpABQoKQAV
159=SAF8NlU5FkgB1TkXSAF0AlU5GEgB1QIZSQGWQAVduhpIAWQBSQEbKCkAHCgpAB0oKQAeKC
160=kAH0gBemkEBEHVKoRrAQUAACFUAmRrTV0iyAFBDyPIAVUCJMgBVQIlyAFVAibIAVUCJ8gB
161=VQIoSAHFaylJAU50FH8zKgBKqQErVAIlqSYsSAFwAlUYLSgpAC4oKQAvKCkAMCgpADEoKQ
162=AyKCkAMygpADQoKQA1SQFSbwwEADZJAZupATdIAdEqOEgBaC1BAzlIAdUCOkgBdAJNGztI
163=ASc4DSfJCT0oVQA+KCkAPygpAEAoKQBBKCkAQigpAEMoKQBEKCkARSgpAEYoKQBHKCkASC
164=gpAEkoKQBKKCkASygpAEwoKQBNKCkATigrAAQAK+1oBSgpAAYoKQAHKCkACCgpAAkoKQAK
165=KCkACygpAAwoKQANKCkADigpAA8oKQAQKCkAESgpABIoKQATKCkAFCgpABVIAWQ0XTYWSA
166=HdNhdIAXQCXTYYSAHVAhlIAWBnVQIayAEBAwQAG0kBV1gHVU8cSAFkAUkBHSgpAB5JAZ14
167=An7QKwBoAVXIIFQCYFxBAyHIAVUCIkkBPVwAVQIjyAFVASRJAT5cAFUCJUgBwQQmyAFBAy
168=dIAdEJKMgBVQIpSQFUTAZZESpIAWQBSQErKCkALCgpAC0oKQAuKCkAL0gB2V4wSQGZawgE
169=ADHIAUXZMkkBl7UCM0gBZAFJDDRIAXgcSQE1yAFZETZIAWBnSQE3SAHRKjhIAWgtSQc5SA
170=HVAjpIAXQCSS07SAEn4AwnnQk9KFUAPigpAD8oKQBAKCkAQSgpAEIoKQBDKCkARCgpAEUo
171=KQBGKCkARygpAEgoKQBJKCkASigpAEsoKQBMKCkATSgrAAUALPVlBigpAAcoKQAIKCkACS
172=gpAAooKQALKCkADCgpAA0oKQAOKCkADygpABAoKQARKCkAEigpABMoKQAUKCkAFUgBbDFF
173=NBZIAcU0F0gBdAJFNBhIAdUCGUgBZFVVAhpIAXRlRcMbSQGVWAddQRxJAZipAR3IAVlIHk
174=gBYEZZBh/IAU3AIEgBdFpVAiHIAVUCIkgBZGBVAiPIAVUCJEgBwQ8lSAHBBCbIAUEEJ0gB
175=0QkoyAFVAilIAWhkTRAqSAFgE1EUKygpACwoKQAtKCkALkkBnnMFBAAvyAFVWjBIAWhkRR
176=MxyAFJDDJIAWhkVQIzyAFVhjRIAcUeNcgBTQU2SAEi0DZJATdIAdEqOEgBaC1BDjlIAdUC
177=OkgBdAJdCjtIASeIDCdxCT0oVQA+KCkAPygpAEAoKQBBKCkAQigpAEMoKQBEKCkARSgpAE
178=YoKQBHKCkASCgpAEkoKQBKKCkASygpAEwoKwAGAC39YgcoKQAIKCkACSgpAAooKQALKCkA
179=DCgpAA0oKQAOKCkADygpABAoKQARKCkAEigpABMoKQAUKCkAFUgBdC5NMRZIAc0xF0gBdA
180=JNMRhIAdUCGUgBbFJNBRpIASJsJEkBG0gBcGFBRhxIAXBhWQYdyAFFPx5IAXBATQUfyAFN
181=BSBIAdEJIcgBVQIiSAHdCiPIAVUCJEgBZGBFCCVIAXheSQEmyAFBBCdIAckMKMgBVQIpSQ
182=FVQAVFYCpIAWQBSQErKCkALCgpAC1JAVJnBAQALkgBcGFVGC9IAXAUUQkwSAHNEDHIAVUC
183=MkgB2REzSAF8Yl2DNEgB2RE1yAFNBTZIAWwFSQE3SAHRKjhIAWgtTQ85SAHVAjpIAXQCTR
184=A7SAEnMAwnRQk9KFUAPigpAD8oKQBAKCkAQSgpAEIoKQBDKCkARCgpAEUoKQBGKCkARygp
185=AEgoKQBJKCkASigpAEsoKQAHTCnJFwgoKQAJKCkACigpAAsoKQAMKCkADSgpAA4oKQAPKC
186=kAECgpABEoKQASKCkAEygpABQoKQAVSAF8K1UuFkgB1S4XSAF0AlUuGEgB1QIZSAFwQFUC
187=GkgBeFNJARvIAUFcHEgBeD1VAh3IAVUCHsgBVQIfyAFVAiBIAdEJIcgBVQIiSAHdCiPIAV
188=UCJEgBaE5FCCVIAWxHSQEmyAFBBCdIAcEPKMgBVQIpSAF4Xo3ALkQcSAAiRCsnKQAsQARM
189=AiS6Pi4AIrROXWIuVAJoAVlTL0gBcBRRCTBIAc0QMcgBVQIySAHZETPIAVUCNEgB2RE1yA
190=FVAjZIAWwFSQE3SAHRKjhIAWgtXRA5SAHVAjpIAXQCWRw7SAHNRzwoKQA9KCkAPigpAD8o
191=KQBAKCkAQSgpAEIoKQBDKCkARCgpAEUoKQBGKCkARygpAEgoKQBJKCkASigpAAhE590VCS
192=gpAAooKQALKCkADCgpAA0oKQAOKCkADygpABAoKQARKCkAEigpABMoKQAUKCkAFUgBZCld
193=KxZIAd0rF0gBdAJdKxhIAdUCGUgBeD1NBRpIAWBRSQEbyAFdQRxIAWA7VQIdyAFVAh5IAW
194=hDVQIfyAFVAiBIAdEJIcgBVQIiSAHdCiPIAVUCJEgB3QolyAFVAiZIAd0KJ8gBVQIoSAHd
195=CilJAZRUDlFWKkgBZAFJASsoKQAsKCkALUgBdVoCfbovjF1BUS9UAmgMXQowSAF4U1UIMc
196=gBVQIySAFgBFUCM8gBVQI0SAHVGDXIAVUCNkgBZBNJATdIAdEqOEgBaC1FCDlIAdUCOkgB
197=dAJBMDtJAaJMBkEEPCgpAD0oKQA+KCkAPygpAEAoKQBBKCkAQigpAEMoKQBEKCkARSgpAE
198=YoKQBHKCkASCgpAEkoKwAJADAmDSMKKCkACygpAAwoKQANKCkADigpAA8oKQAQKCkAESgp
199=ABIoKQATKCkAFCgpABVIAWwmQSUWSAHFKRdIAXQCRSkYSAHVAhlIAWwxVQIaSAFwNUkBG8
200=gBRT8cSAFoTlUCHcgBVQIeSAF4PVUCH8gBVQIgSAHRCSHIAVUCIkgB3QojyAFVAiRIAd0K
201=JcgBVQImSAHdCifIAVUCKEgB3QopSAFoWUEPKskBA2+1MACaWB1VWixUAmgBUbktSQGhdQ
202=IAVo4wAN0KL1QCaAFdCjBIAWhZUQkxyAFVAjJIAWAEVQIzyAFVAjRIAdUYNcgBVQI2SAFk
203=E0kBN0gB0So4SAFoLU0POUgB1QI6SAF0Al0KO0gBJygLJ8EIPShVAD4oKQA/KCkAQCgpAE
204=EoKQBCKCkAQygpAEQoKQBFKCkARigpAEcoKQBIKCsACgAx/VcLKCkADCgpAA0oKQAOKCkA
205=DygpABAoKQARKCkAEigpABMoKQAUKCkAFUgBdCNNJhZIAc0mF0gBdAJNJhhIAdUCGUgBZD
206=RNBRrIAV2CG0gBdDlVAhzIAVUCHUgBfDZVAh7IAVUCH0gBdE9VAiDIAVUCIUgBxQgiyAFV
207=AiPIAU0FJMgBVQIlyAFVAibIAVUCJ0gB1Q0oyAFVAilIAd0VKkgBfFcBBQAAK0gBZFVNGy
208=zIAVlILUgBzQUuyAFFCC9IAcUTMMgBVQIxSAF0T00QMsgBVQIzSAHNEDTIAVUCNUgBxR42
209=yAFVAjdIAdEqOEgBaC1RCTlIAdUCOkgBdAJRFDtIASfQCieVCD0oVQA+KCkAPygpAEAoKQ
210=BBKCkAQigpAEMoKQBEKCkARSgpAEYoKQBHKCsACwAy5VUMKCkADSgoAAoOADIAogEAAAAA
211=AA8AEQAAXg0AIAMyAKIBAABCABAAJykAESgpABIoKQATKCkAFCgpABVKASYBXwcAABZIAQ
212=U2AgAADgAAF0gBdAJVARhIAdUCGUkBPUwFVQIayAEBAwAAG0kBPLUCHMgBVQIdSQE6tQIe
213=yAFVAh9JATu1AiDIAVUCIUgBxQgiyAFVAiPIAVUNJMgBVQIlyAFVAibIAVUCJ0gB1Q0oyA
214=FVAilIAd0VKsgBVQIrSQE+rRAsyAFVAi1IAc0FLsgBVQIvSAHFEzDIAVUCMUgBxQgyyAFV
215=AjNIAc0QNMgBVQI1SAHFHjbIAVUCN0gB0So4SAFoLUkwOUgB1QI6SAF0AlkcO0gBzTw8KC
216=kAPSgpAD4oKQA/KCkAQCgpAEEoKQBCKCkAQygpAEQoKQBFKCkARigrAAwAM/1MDSgpAA4o
217=KQAPKCkAECgpABEoKQASKCkAEygpABQoKQAVSAFkHl0gFkgB3SAXSAF0Al0gGEgB1QIZSA
218=FgME0FGsgBQTobyAFVAhzIAVUCHUgBYDtVAh7IAVUCH0gBxQggyAFVAiFIAWg4TQUiyAFV
219=AiNIAcUIJMgBVQIlSAHNBSbIAVUCJ0gBeD1FCCjIAVUCKcgBVQIqyAFVAitIAd0KLMgBVQ
220=ItSAHdCi7IAVUCL0gBYFFFCDDIAVUCMcgBVQIyyAFVAjNIAd0KNMgBVQI1SAHFCDbIAVUC
221=N0gB0So4SAFoLVEJOUgB1QI6SAF0AkEwO0gBJyAKJz0IPShVAD4oKQA/KCkAQCgpAEEoKQ
222=BCKCkAQygpAEQoKQBFKCsADQA09U8OKCkADygpABAoKQARKCkAEigpABMoKQAUKCkAFUgB
223=bBtFHhZIAcUeF0gBdAJFHhhIAdUCGUgBYEZVAhrIAV14G8gBVQIcyAFVAh1IAWAwVQIeyA
224=FVAh9IAcUIIMgBVQIhSAF4PU0FIsgBVQIjSAHFCCTIAVUCJUgBzQUmyAFVAidIAWhORQgo
225=yAFVAinIAVUCKsgBVQIrSAHdCizIAVUCLUgB3QouyAFVAi9IAWBGRQgwyAFVAjHIAVUCMs
226=gBVQIzSAHdCjTIAVUCNUgBxQg2yAFVAjdIAdEqOEgBaC1BMDlIAdUCOkgBdAJJDDtIASfI
227=CScRCD0oVQA+KCkAPygpAEAoKQBBKCkAQigpAEMoKQBEKCsADgA1/UwPKCkAECgpABEoKQ
228=ASKCkAEygpABQoKQAVSAF0GE0bFkgBzRsXSAF0Ak0bGEgB1QIZSAFgJU0FGsgBTXMbSAFg
229=O1UCHMgBVQIdSAF4SFUCHsgBVQIfSAHFCCDIAVUCIUgBYDtNBSLIAVUCI0gBxQgkyAFVAi
230=VIAWg4TQUmyAFVAifIAVUCKMgBVQIpSAHdCirIAVUCK0gBxQgsyAFVAi1IAcUTLsgBVQIv
231=SAHNGzDIAVUCMUgBxQgyyAFVAjPIAU0QNMgBVQI1yAFVAjbIAVUCN0gB0So4SAFoLUEEOU
232=gB1QI6SAF0AkEwO0gBJ3AJJ+UHPShVAD4oKQA/KCkAQCgpAEEoKQBCKCkAQygrAA8ANuVK
233=ECgpABEoKQASKCkAEygpABQoKQAVSAF8FVUYFkgB1RgXSAF0AlUYGEgB1QIZSAFoLVUCGs
234=gBXW0bSAFoLVUCHMgBVQIdSAFwQFUCHsgBVQIfSAHFCCDIAVUCIUgBeD1NBSLIAVUCI0gB
235=xQgkyAFVAiVIAWg4TQUmyAFVAifIAVUCKMgBVQIpSAHdCirIAVUCK0gBxQgsyAFVAi1IAc
236=UTLsgBVQIvSAHNGzDIAVUCMUgBxQgyyAFVAjPIAU0QNMgBVQI1yAFVAjbIAVUCN0gB0So4
237=SAFoLUEwOUgB1QI6SAF0AlkGO0gBJxgJJ7kHPShVAD4oKQA/KCkAQCgpAEEoKQBCKCsAEA
238=A37UcRKCkAEigpABMoKQAUKCkAFUgBZBNdFRbIAV1iF8gBXRUYSAHVGBkoKQAaKCkAGygp
239=ABwoKQAdKCkAHigpAB8oKQAgKCkAISgpACIoKQAjKCkAJCgpACUoKQAmKCkAJygpACgoKQ
240=ApKCkAKigpACsoKQAsKCkALSgpAC4oKQAvKCkAMCgpADEoKQAyKCkAMygpADQoKQA1KCkA
241=NigpADcoKQA4SAHBMDnIAUEwOsgBQTA7SAEnwAgnjQc9KFUAPigpAD8oKQBAKCkAQSgoAA
242=IRADgAJVwLWT0SKCkAEygpABQoKQAVSQEnrQUWyAFVARfIAUUTGEgB0QkZKCkAGigpABso
243=KQAcKCkAHSgpAB4oKQAfKCkAICgpACEoKQAiKCkAIygpACQoKQAlKCkAJigpACcoKQAoKC
244=kAKSgpACooKQArKCkALCgpAC0oKQAuKCkALygpADAoKQAxKCkAMigpADMoKQA0KCkANSgp
245=ADYoKQA3KCkAOEgBwTA5yAFBMDrIAUEwO0gBwTA8KCkAPSgpAD4oKQA/KCkAQCgrABIAOZ
246=xBXQoTKCkAFCgpABVIAWwQVZwWyQEEIsI/OQB0AgEFAAAYVQIlWAdJABlJAcNcAFFLGkgB
247=1YYbKCkAHCgpAB0oKQAeKCkAHygpACAoKQAhKCkAIigpACMoKQAkKCkAJSgpACYoKQAnKC
248=kAKCgpACkoKQAqKCkAKygpACwoKQAtKCkALigpAC8oKQAwKCkAMSgpADIoKQAzKCkANCgp
249=ADUoKQA2KCkAN0gB0So4SAFoLUEwOcgBQTA6yAEBBQAAO0kBJVQuSQA8KCkAPSgpAD4oKQ
250=A/KCsAEwA6hD9ZSBQoKQAVSAF1DQYifUc6jTwHeD2pAQh4PSfZABlMBWAPRQgaKCkAGygp
251=ABwoKQAdKCkAHigpAB8oKQAgKCkAISgpACIoKQAjKCkAJCgpACUoKQAmKCkAJygpACgoKQ
252=ApKCkAKigpACsoKQAsKCkALSgpAC4oKQAvKCkAMCgpADEoKQAyKCkAMygpADQoKQA1KCkA
253=NigpADcoKQA4SQEnSDlBMDnKAQcAQAEnAQY7UAHVLjwoKQA9KCkAPigpABRSQ///W3EAAB
254=VJASZcClEBFsgBVQEXyAFJOBhIAdnMGSgpABooKQAbKCkAHCgpAB0oKQAeKCkAHygpACAo
255=KQAhKCkAIigpACMoKQAkKCkAJSgpACYoKQAnKCkAKCgpACkoKQAqKCkAKygpACwoKQAtKC
256=kALigpAC8oKQAwKCkAMSgpADIoKQAzKCkANCgpADUoKQA2KCkANygpADhIAcEwOcgBQTA6
257=yAFBMDtIAdE1PCgpAD0oKAABFQA8AMUIFsgBRQgXyAFFCBhIAScJBzwmNSgaKFUAGygpAB
258=woKQAdKCkAHigpAB8oKQAgKCkAISgpACIoKQAjKCkAJCgpACUoKQAmKCkAJygpACgoKQAp
259=KCkAKigpACsoKQAsKCkALSgpAC4oKQAvKCkAMCgpADEoKQAyKCkAMygpADQoKQA1KCkANi
260=gpADcoKQA4SAHBMDnIAUEwOsgBQTA7SAEnCgc8AMsBFgA9nDZNBRfIAU0FGEgBJ7EGPSiw
261=BicpABsogQAcKCkAHSgpAB4oKQAfKCkAICgpACEoKQAiKCkAIygpACQoKQAlKCkAJigpAC
262=coKQAoKCkAKSgpACooKQArKCkALCgpAC0oKQAuKCkALygpADAoKQAxKCkAMigpADMoKQA0
263=KCkANSgpADYoKQA3KCkAOEgBJ7AGJwEGOtQCQTA7SAHHNBcAPoQ0VQIYSAEnWQY+KFgGJy
264=kAGyiBABwoKQAdKCkAHigpAB8oKQAgKCkAISgpACIoKQAjKCkAJCgpACUoKQAmKCkAJygp
265=ACgoKQApKCkAKigpACsoKQAsKCkALSgpAC4oKQAvKCkAMCgpADEoKQAyKCkAMygpADQoKQ
266=A1KCkANigpADcoKQA4SAEnWAa0Ll1iOtQCgTA/9i4ZACcpABooKQAbKCkAHCgpAB0oKQAe
267=KCkAHygpACAoKQAhKCkAIigpACMoKQAkKCkAJSgpACYoKQAnKCkAKCgpACkoKQAqKCkAKy
268=gpACwoKQAtKCkALigpAC8oKQAwKCkAMSgpADIoKQAzKCkANCgpADUoKQA2KCkANygpADhI
269=AScBBj+YXkMwGQBA9S4aKCkAGygpABwoKQAdKCkAHigpAB8oKQAgKCkAISgpACIoKQAjKC
270=kAJCgpACUoKQAmKCkAJygpACgoKQApKCkAKigpACsoKQAsKCkALSgpAC4oKQAvKCkAMCgp
271=ADEoKQAyKCkAMygpADQoKQA1KCkANigpADcoKQA4SAHLLRoAQf0rGygpABwoKQAdKCkAHi
272=gpAB8oKQAgKCkAISgpACIoKQAjKCkAJCgpACUoKQAmKCkAJygpACgoKQApKCkAKigpACso
273=KQAsKCkALSgpAC4oKQAvKCkAMCgpADEoKQAyKCkAMygpADQoKQA1KCkANigpADcoKwAbAE
274=LlKRwoKQAdKCkAHigpAB8oKQAgKCkAISgpACIoKQAjKCkAJCgpACUoKQAmKCkAJygpACgo
275=KQApKCkAKigpACsoKQAsKCkALSgpAC4oKQAvKCkAMCgpADEoKQAyKCkAMygpADQoKQA1KC
276=kANigoAAccAEMAogEAAAAAEQAA+QLIBwYAHQBDAKIBAABBAB4oKQAfKCkAICgpACEoKQAi
277=KCkAIygpACQoKQAlKCkAJigpACcoKQAoKCkAKSgpACooKQArKCkALCgpAC0oKQAuKCkALy
278=gpADAoKQAxKCkAMigpADMoKQA0KCkANSgoAAMdAEQAogFDIgAAHigpAB8oKQAgKCkAISgp
279=ACIoKQAjKCkAJCgpACUoKQAmKCkAJygpACgoKQApKCkAKigpACsoKQAsKCkALSgpAC4oKQ
280=AvKCkAMCgpADEoKQAyKCkAMygpADQoKwAeAEX9IB8oKQAgKCkAISgpACIoKQAjKCkAJCgp
281=ACUoKQAmKCkAJygpACgoKQApKCkAKigpACsoKQAsKCkALSgpAC4oKQAvKCkAMCgpADEoKQ
282=AyKCkAMygrAB8ARuUeICgpACEoKQAiKCkAIygpACQoKQAlKCkAJigpACcoKQAoKCkAKSgp
283=ACooKQArKCkALCgpAC0oKQAuKCkALygpADAoKQAxKCkAMigrACAAR+0bISgpACIoKQAjKC
284=kAJCgpACUoKQAmKCkAJygpACgoKQApKCkAKigpACsoKQAsKCkALSgpAC4oKQAvKCkAMCgp
285=ADEoKwAhAEj1GCIoKQAjKCkAJCgpACUoKQAmKCkAJygpACgoKQApKCkAKigpACsoKQAsKC
286=kALSgpAC4oKQAvKCkAMCgrACIASf0VIygpACQoKQAlKCkAJigpACcoKQAoKCkAKSgpACoo
287=KQArKCkALCgpAC0oKQAuKCkALygrACMASuUTJCgpACUoKQAmKCkAJygpACgoKQApKCkAKi
288=gpACsoKQAsKCkALSgpAC4oKwAkAEvtECUoKQAmKCkAJygpACgoKQApKCkAKigpACsoKQAs
289=KCkALSgrACUATPUNJigpACcoKQAoKCkAKSgpACooKQArKCkALCgrACYATf0KJygpACgoKQ
290=ApKCkAKigpACsoKwAnAE7lCCgoKQApKCkAKigrACgAT+wFCCkATwCiAQAAAAAAEQAA

[Lighting]
Red=1.000000
Blue=1.000000
Green=1.000000
Level=0.032000
Ground=0.000000
IonRed=0.695000
Ambient=1.000000
IonBlue=0.775000
IonGreen=0.445000
IonLevel=0.032000
IonGround=0.000000
IonAmbient=0.650000
DominatorRed=0.850000
DominatorBlue=0.300000
DominatorGreen=0.200000
DominatorLevel=0.000000
DominatorGround=0.000000
DominatorAmbient=1.500000
DominatorAmbientChangeRate=0.009000

[Map]
Size=0,0,40,40
Theater=TEMPERATE
LocalSize=3,5,34,29

[Neutral]
IQ=0
Edge=North
Color=Grey
Allies=Neutral
Country=Neutral
Credits=0
NodeCount=0
TechLevel=1
PercentBuilt=0
PlayerControl=no

[Nod]
IQ=0
Edge=North
Color=Gold
Allies=Nod
Country=Nod
Credits=0
NodeCount=0
TechLevel=1
PercentBuilt=0
PlayerControl=no

[OverlayDataPack]
1=BQAAIP4AIACAGgAAIP4mHAD+CAAB/vgBAIICAP4EAAIAB/7RAQCABQAAIP4AIACABQAAIP
2=4AIACABQAAIP4AIACABQAAIP4AIACABQAAIP4AIACABQAAIP4AIACABQAAIP4AIACABQAA
3=IP4AIACABQAAIP4AIACABQAAIP4AIACABQAAIP4AIACABQAAIP4AIACABQAAIP4AIACABQ
4=AAIP4AIACABQAAIP4AIACABQAAIP4AIACABQAAIP4AIACABQAAIP4AIACABQAAIP4AIACA
5=BQAAIP4AIACABQAAIP4AIACABQAAIP4AIACABQAAIP4AIACABQAAIP4AIACABQAAIP4AIA
6=CABQAAIP4AIACABQAAIP4AIACABQAAIP4AIACABQAAIP4AIACABQAAIP4AIACA

[OverlayPack]
1=BQAAIP4AIP+AFQAAIP4mGv+DXk9S/gMAZIJRXP/SBS4YgAUAACD+ACD/gAUAACD+ACD/gA
2=UAACD+ACD/gAUAACD+ACD/gAUAACD+ACD/gAUAACD+ACD/gAUAACD+ACD/gAUAACD+ACD/
3=gAUAACD+ACD/gAUAACD+ACD/gAUAACD+ACD/gAUAACD+ACD/gAUAACD+ACD/gAUAACD+AC
4=D/gAUAACD+ACD/gAUAACD+ACD/gAUAACD+ACD/gAUAACD+ACD/gAUAACD+ACD/gAUAACD+
5=ACD/gAUAACD+ACD/gAUAACD+ACD/gAUAACD+ACD/gAUAACD+ACD/gAUAACD+ACD/gAUAAC
6=D+ACD/gAUAACD+ACD/gAUAACD+ACD/gAUAACD+ACD/gAUAACD+ACD/gA==

[Russians]
IQ=0
Edge=North
Color=DarkRed
Allies=Russians
Country=Russians
Credits=0
NodeCount=0
TechLevel=1
PercentBuilt=0
PlayerControl=no

[Special]
IQ=0
Edge=North
Color=Grey
Allies=Special
Country=Special
Credits=0
NodeCount=0
TechLevel=1
PercentBuilt=0
PlayerControl=no

[SpecialFlags]
Inert=no
FogOfWar=no
IonStorms=no
MCVDeploy=no
Meteorites=no
Visceroids=yes
FixedAlliance=no
TiberiumGrows=yes
InitialVeteran=no
HarvesterImmune=no
TiberiumSpreads=yes
TiberiumExplosive=no
DestroyableBridges=yes

[Structures]
0=Neutral,CABHUT,256,38,32,64,None,0,0,1,0,0,None,None,None,1,0
1=Neutral,CABHUT,256,45,28,64,None,0,0,1,0,0,None,None,None,1,0

[TeamTypes]

[Units]

[YuriCountry]
IQ=0
Edge=North
Color=DarkRed
Allies=YuriCountry
Country=YuriCountry
Credits=0
NodeCount=0
TechLevel=1
PercentBuilt=0
PlayerControl=no



[Digest]
1=YFliB0H32GbgUy5tdET3h9pIzi0=

