; Map created with FinalAlert 2(tm) Mission Editor
; Get it at http://www.westwood.com
; note that all comments were truncated

[Header]
Width=33
Height=29
StartX=239
StartY=26
Waypoint1=0,0
Waypoint2=0,0
Waypoint3=0,0
Waypoint4=0,0
Waypoint5=0,0
Waypoint6=0,0
Waypoint7=0,0
Waypoint8=0,0
NumberStartingPoints=0


[Preview]
Size=0,0,80,40

[PreviewPack]
1=Kg0AIAmiqFCjp1CyqZWfl0tLAJyRR0gAQAFIAEABSABAAUgAQAFIAEABSABAAUgAQAFIAE
2=ABSABAAUgAQAFIAEABSABAAUgAQAFIAEABSwB9fnxIAAAJS09SQUNDU1VXVFdYUlVXUVRW
3=QkRETFBSfn99SABQBUgAUAVIAEABSABAAUgAQAFIAEABSABAAUgAQAFIAEABSABAAUgAQA
4=FIAEABSABAAUgAQAFIAEABSABAAScIAFgBSAC4AUABSAAgOSwASB4PWlxbU1daQUZMRUlN
5=VFhdXV9eIEKkA1AaSABcGrw7QAFYAUgAQAFIAEABSABAAUgAQAFIAEABSABAAUgAQAFIAE
6=ABSABAAUgAQAFIAEABSABAAUgAQAFIAEABSABAAUgAQwGCg4BAOkgAhB0EWldZW0NITUw9
7=SwCDhICsBFgEQAFIAEABSABAAUgAQAFIAEABSABAAUgAQAFIAEABSABAAUgAQAFIAEABSA
8=BAAUgAQAFIAEABSABAAUgAoAFUAEgAWAFIAEABSABAAUgAQAFIAEABSABAAUgAQAFIAEAB
9=SABAAUgAQAFIAEABSABAAUgAQAFIAEABSABAAUgAQAEnpwO2rJkn9ApMPUgAR1xscDtIHk
10=gAIELUAyA/fAcnpwNtcTgnpANMAQNBQ1lCRFlEHUgeSAAgSNQDvC9IMEABSABAAUgAQAFI
11=AEABSABAAUgAQAFIAEABSABAAUgAQAFIAEABSABAAUgAQAFIAEABSABAATakA1scQkVZSw
12=BBQ1ggUdQDIDN8BzakA7QbXB1gAYge9B5BH1ggRawHrDFYMUABSABAAUgAQAFIAEABSABA
13=AUgAQAFIAEABSABAAUgAQAFIAEABSABAAUgAQAE3pQNEYDqUG8ABrQFB/AKYASBD1AMgJ3
14=wHN6QDnHSYGSinA0BDWSekA8w94B8DcVIud2Q0IDmsB7wySDNAAUgAQAFIAEABSABAAUgA
15=QAFIAEABSABAAUgAQAFIAEABSABAAS2kA7CSJ0QSRB1AWGgAgFhYHEgAUAKwd6wBVANEIF
16=ACQAEJqHU9raNQr59JqpxMIDPUA1w7TBakF6ABIAksAC2lA34jjCREHUgAoBlwGoA3UDhE
17=AkgAUBpQApQAfLNAHFACSABEAkgADERJUnJkNHZ2PYF4ObyhS08To6dQPNQDVBWoAFAXSA
18=A/LABABFgEqACsAVQAqAAnUABYAS0sACqkA1wRSABQHXgclFdUG1AXVBhIAGIBQ1hcGkAB
19=SABEAlwdiAB4W1gBUAK0AwADVFE6YVM3eWo3o6BQpJlMno9JqaZPSB4DybFlybFiSAxY1k
20=gAIB7kGkAKTBkwRANQAkgAMFwAN6QD/DhcF3wdWAEnCABEWYwBmBzMH8YdRVlwAlQDoAEL
21=Q1ZTPSxENCc7KBuxnExME1w7A9e1aOa+c6wBMNQDJIsinJFHtBVAAUgATAFIAEABSABAAU
22=gAQAFIAKABVACoAKQCNiwAKqQDsHSsOrQzmRxYtBh8HXwXxFZgBIQaYAEnXABgAdwFXAJU
23=HlQAUAgNMjNAWEEuUD4uVUAvTDYlg4MAaVguQB8nyAO0HqA9TAEnYCYn/AJAAUgAJyADKi
24=wAsAgqRAAzLACwHURWSACwHUABpBR1AERYNJQb9BjgHyhEA1gEsAJQGlQbQJR4IkAHiABQ
25=AkAESACsBAAPLiopIiAhPDAgd2UvcFQ2R0xSgGI3cnk4gFwyRUhNhV8yWBxIACd4C0wBVB
26=5IALg9M6QDvxpRVFY5dAC4HEwEVBu4HCtMB1Q2VBUimSRYQBZUGLQVWBZIALgZ3AKcekwB
27=BoBUKWpjNXpjM7AFrASsAVQDVAZUALMIP0JWbAHwCycuAENG7Q1DIogiRB1UHkgAuD1IHk
28=gAOdQDvDtABC3UAzakA6QUYBNkHYw6VB6kdFQAvDv0G2AZ7wGCYzKsDURTDH1wN1g8KDon
29=Gkc2KRQUFKAcRBpwPrQJiAlEAqgAnAi4HHScsAJsEHgNbBAgBtQDUBpfNUNFQksAQUNDtB
30=5QAkA6SAAzTAd8HVQM9BKEEWQOdA/kIMwE5B0DeGE2fXI5SMxEHUgeSABAAUgACVY8J0cx
31=IEsyIV1HM0geSABgGVAIkAtEC1gBVABIAEABSABAAUgAgAF0HrwFKqwBOdQDUBoDQkRERU
32=ZCtA9QQUseQEZMIRs+UlVXSAMq9AqkC6QadACQL0gPqACAECIoKJgBB1mPbjWBeDt/YTak
33=EQaCbzeHejmHfDxADUgAWBxIAAO+rmDFs2VArwm8sFxiTyt9dTx2XjN8COQdrAdEAmgAUA
34=JIANAOhB3kKUQOvBG8BbwUKtQDUzhUV1ghuz1HSk1QHVAaTDpYEFgfQDoMU1daO0BFQUdO
35=Q0hNXV9eXDtIAFgHUA5EC2wKXA6IACgsAEw9tA8ACERZdF08e1ozf14xlpxGfHM2j5dEh5
36=E8dGs1XAsDrKp7rKuARB2YrXAATAEDybZmnKRRUAVMAQZpVi5/eDp5WC18F0gMlBusAXBc
37=6AzcDnAOxCysBCpcAKwWWxZaXFtEHQZBR01ER0lUWF28elARWA1QHSdMByLYQQVFQrasmb
38=KplVQhWAdIAFgHtB58C3gNfCxEAqgAdCGQFAAGSk4qZVgynaVPgYs3gogwfYgvubSeuLGk
39=SABwHC8MAAOxrIGNmD+sEFsQalAlKuQCeArkHUANWAG0AMwEhA6sAXYARVm8FEgVWDe8F0
40=86VFhatJlMPUgeRFknpANMeSfUElwCWAdIAFgHK9QDVAxIACn8BVgQSACkEQlESFdNTzNr
41=VjCPl0FAGQybpEqxrJ63sJ+yqpu3sJYvuAPAAkQdCXN6N310O4RiNVdOPFQJSABACkgAQA
42=GIAIiEXCyID7QbdADZAVi8FEgVRB0nLABUV1gZWNBIAEgeSABQGqwrKqQDVANYBEgAQAFA
43=BFgHSABICbQeQAFgDUgPhMVQESjEB5QPCEhNVEVKT2taNoVzZFlPGauphlQAtB5AH9Ac+A
44=BIXQOyqp6fpF9MBANxZTJvWDBYHEgARAtIAEABSABAAUgA4A1EWXgfuBCsE1QSNqQDQBlI
45=AEwZSABIHlQAWAFIAEABSABAAUgAQAFIAEABSABAAbQeTApIHkgASAxIAFgBoBC0ALQPVB
46=JIAEQUJFg3TLJAWwOKkDqepktAPVAdA7eunbSukKwdQHwDg4w0kJY+QCK4LkgeBm1eNExP
47=PnxaMlAIZAuMKGwBxCwgFqQDQBlIAEwZoA1AAVgBSABAAUgAQAFIAEABSACgAUgeSABYHE
48=gARB0u1ANQyCmgDVsTqHU9QJdYkQOPmUaNljxcd6QdUB0PkJdAjpY/dns6cnk4e4QxgIgx
49=WwGPlT1MIgZ7bzdJNiVWTDW0J1wIYAFIHkgAhGh4ASycDrwRSBIq9ApMFkgAUBdIAEABSA
50=BAAUgAoAFUAEgAWAFIAEABSABAAUgAJyAArAG4ATbUA6QRRBSoAAZHTEuBZDZydTdLNqKh
51=eUQ4RB1MHwASYlgzR0tNdlo5fmU+iGo3fns3cFQ2aVgueHU7aVYvYVIyY1A5RERIALwIQA
52=GIAHg6WD0ndAMgA/QKQBZIAFAXSABAAUgAQAEgA3wHpAVQBUABSGBIALQeWJ1IAKw9RCxE
53=FCrUAwZRUDGBbjxwZTlIHkgARJIFeHg6glkqfVkjMCkCQ1iabTSIBlxxAViAYjdYGVgBqA
54=AqHAF9AkQr7BUn1AMgBkwHWBZQF0gAoAFUAEgAWAFIAEABSABAAUgAQAFIAEABSABAAUgA
55=QAFIAEABSABAASfUA0geSAC4EGAW+0+EZDVAlwmecjhCRVhDRliFXzIobA7ccSKUKGQamF
56=VsBypcAIwBuApcKSAYTAdIFUAWSABAASAPfAe0BkAHQAFIAEABNtQDrDQkzCM3RAOEI6wE
57=vAWoHlQAWFggLaQDSBWgFlQASABYAUgAQAFIAEABSABAAUgAQAFIAEABSABAAUgAQAFIAE
58=ABSABAAUgAQAEn1AMnhAu0FaQXUBdAAUgAQAFIAEABZCBUnJwdrAFwApQ8QASsByAnTAdY
59=E1AUSABAASAhfAdQCEgJSABAATDUA0wWoBlUGEgAJywAKJYoRVkoLAAgKZwOvBFIEkABSA
60=BAAUgAoAFUAEgAWAFIAEABSABAAUgAQAFIAEABSABAAUgAQAFIAEABSABAAUgAQAFIAEAB
61=SABAAUgAQAEn1ANQekgAUDUqxAp8VkQ7XNdYc7w7QQFDIAGMJFALSABcC0gAQAFIAEABSA
62=BAAUgAQAFIAEABSABAAUgAQAFIAEABSABAAUgAQAEgLXwHQApYCkgAQAG0HlAdSDy0HqwB
63=fB1gHIjMYAEgRqQDSBKgE1QASABYAUgAQAFIAEABSABAAUgAQAFIAEABSABAAUgAQAFIAE
64=ABSABAAUgAQAFIAEABSABAAUgAQAFIAEABPNQDpCBAIiAk7BVYDVAOSABAAUgAQAFIAEAB
65=SABAAUgAQAE+fAcRAACDAoAFCUefl0ufl0uckUeckSAZLAADS09SbXE4SAADbHA7g4SAQA
66=FIAEwBSgCCg3gBQAFLAExQUlgNQA1IAEABSABAAUgAQAFIAEABSABAAUgAQAFIAEABSABA
67=AUgAQAFIAEABSABAAUgAQAFIAEABSABAAUgAoAFUAEgAWAFIAEABSABAAUgAQAFIAEABSA
68=BAAUgAQAFIAEABSABAAUgAQAFIAEABSABAAUgAQAFIAEABSABAAUgAQAFIAEABtB4DQ0VC
69=QUNDVB5EHQNCRERFRkIgRaQDrBADoqhQo6dQUBFYAUgAQAFIAEABSABAAUgAQAFIAEABSA
70=BAAUgAQAFIAEABSABAAUgAQAFIAEABSABAAUgAQAFIAEABSABAAUgAQAFIAEABVB4JQEZM
71=O0BFREdJR0pNIEJMB7wOSA+gAVQASABYAUgAQAFIAEABSABAAUgAQAFIAEABSABAAUgAQA
72=FIAEABSABAAUgAQAFIAEABSABAAUgAQAFIAEABSABAAUgAQAFIACdMBwNBR01BR04nrAdA
73=BEgAQARIAEABSABAAUgAQAFIAEABSABAAUgAQAFIAEABSABAAUgAQAFIAEABSABAAUgAQA
74=FIAEABSABAAUgAQAFIAEABIEh8ByekA0BYTDq8Dkw9SB5IAKRcSBJIAFQSSABAAUgAQAFI
75=AEABSABAAUgAQAFIAEABSABAAUgAQAFIAEABSABAAUgAQAFIAEABSABAAUgAQAFIAEMB//
76=//VABIAFgBSABAAUgAQAFIAEABSABAAUgAQAFIAEABSABAAUgAQAFIAEABSABAAUgAQAFI
77=AEABSABAAUgAQAFIADOkA1BoSB5IAEABIEvUAxEAAA==

[Africans]
IQ=0
Edge=North
Color=DarkRed
Allies=Africans
Country=Africans
Credits=0
NodeCount=0
TechLevel=1
PercentBuilt=0
PlayerControl=no

[Alliance]
IQ=0
Edge=North
Color=Gold
Allies=Alliance
Country=Alliance
Credits=0
NodeCount=0
TechLevel=1
PercentBuilt=0
PlayerControl=no

[Americans]
IQ=0
Edge=North
Color=Gold
Allies=Americans
Country=Americans
Credits=0
NodeCount=0
TechLevel=1
PercentBuilt=0
PlayerControl=no

[Arabs]
IQ=0
Edge=North
Color=DarkRed
Allies=Arabs
Country=Arabs
Credits=0
NodeCount=0
TechLevel=1
PercentBuilt=0
PlayerControl=no

[Basic]
Name=No name
Percent=0
GameMode=standard
HomeCell=98
InitTime=10000
Official=no
EndOfGame=no
FreeRadar=no
MaxPlayer=2
MinPlayer=2
SkipScore=no
TrainCrate=no
TruckCrate=no
AltHomeCell=99
OneTimeOnly=no
CarryOverCap=0
NewINIFormat=4
NextScenario=
SkipMapSelect=no
CarryOverMoney=0.000000
AltNextScenario=
MultiplayerOnly=1
IceGrowthEnabled=yes
VeinGrowthEnabled=yes
TiberiumGrowthEnabled=yes
IgnoreGlobalAITriggers=no
TiberiumDeathToVisceroid=no

[British]
IQ=0
Edge=North
Color=Gold
Allies=British
Country=British
Credits=0
NodeCount=0
TechLevel=1
PercentBuilt=0
PlayerControl=no

[CellTags]

[Confederation]
IQ=0
Edge=North
Color=DarkRed
Allies=Confederation
Country=Confederation
Credits=0
NodeCount=0
TechLevel=1
PercentBuilt=0
PlayerControl=no

[French]
IQ=0
Edge=North
Color=Gold
Allies=French
Country=French
Credits=0
NodeCount=0
TechLevel=1
PercentBuilt=0
PlayerControl=no

[GDI]
IQ=0
Edge=North
Color=Gold
Allies=GDI
Country=GDI
Credits=0
NodeCount=0
TechLevel=1
PercentBuilt=0
PlayerControl=no

[Germans]
IQ=0
Edge=North
Color=Gold
Allies=Germans
Country=Germans
Credits=0
NodeCount=0
TechLevel=1
PercentBuilt=0
PlayerControl=no

[Houses]
0=Americans
1=Alliance
2=French
3=Germans
4=British
5=Africans
6=Arabs
7=Confederation
8=Russians
9=YuriCountry
10=GDI
11=Nod
12=Neutral
13=Special

[IsoMapPack5]
1=PA0AIAUoAAEAogEAAEAAAycAAgCiAUMBAAAoKCkAKSgrACYAA+EEJygpACgoKQApKCkAKi
2=grACUABPkGJigpACcoKQAoKCkAKSgpACooKQArKCsAJAAF8QklKCkAJigpACcoKQAoKCkA
3=KSgpACooKQArKCkALCgrACMABukMJCgpACUoKQAmKCkAJygpACgoKQApKCkAKigpACsoKQ
4=AsKCkALSgrACIAB+EPIygpACQoKQAlKCkAJigpACcoKQAoKCkAKSgpACooKQArKCkALCgp
5=AC0oKQAuKCsAIQAI+REiKCkAIygpACQoKQAlKCkAJigpACcoKQAoKCkAKSgpACooKQArKC
6=kALCgpAC0oKQAuKCkALygrACAACfEUISgpACIoKQAjKCkAJCgpACUoKQAmKCkAJygpACgo
7=KQApKCkAKigpACsoKQAsKCkALSgpAC4oKQAvKCkAMCgrAB8ACukXICgpACEoKQAiKCkAIy
8=gpACQoKQAlKCkAJigpACcoKQAoKCkAKSgpACooKQArKCkALCgpAC0oKQAuKCkALygpADAo
9=KQAxKCsAHgAL4RofKCkAICgpACEoKQAiKCkAIygpACQoKQAlKCkAJigpACcoKQAoKCkAKS
10=gpACooKQArKCkALCgpAC0oKQAuKCkALygpADAoKQAxKCkAMigrAB0ADPkcHigpAB8oKQAg
11=KCkAISgpACIoKQAjKCkAJCgpACUoKQAmKCkAJygpACgoKQApKCkAKigpACsoKQAsKCkALS
12=gpAC4oKQAvKCkAMCgpADEoKQAyKCkAMygrABwADfEfHSgpAB4oKQAfKCkAICgpACEoKQAi
13=KCkAIygpACQoKQAlKCkAJigpACcoKQAoKCkAKSgpACooKQArKCkALCgpAC0oKQAuKCkALy
14=gpADAoKQAxKCkAMigpADMoKQA0KCsAGwAO6SIcKCkAHSgpAB4oKQAfKCkAICgpACEoKQAi
15=KCkAIygpACQoKQAlKCkAJigpACcoKQAoKCkAKSgpACooKQArKCkALCgpAC0oKQAuKCkALy
16=gpADAoKQAxKCkAMigpADMoKQA0KCkANSgrABoAD+ElGygpABwoKQAdKCkAHigpAB8oKQAg
17=KCkAISgpACIoKQAjKCkAJCgpACUoKQAmKCkAJygpACgoKQApKCkAKigpACsoKQAsKCkALS
18=gpAC4oKQAvKCkAMCgpADEoKQAyKCkAMygpADQoKQA1KCkANigrABkAEPknGigpABsoKQAc
19=KCkAHSgpAB4oKQAfKCkAICgpACEoKQAiKCkAIygpACQoKQAlKCkAJigpACcoKQAoKCkAKS
20=gpACooKQArKCkALCgpAC0oKQAuKCkALygpADAoKQAxKCkAMigpADMoKQA0KCkANSgpADYo
21=KQA3KCsAGAAR8SoZKCkAGigpABsoKQAcKCkAHSgpAB4oKQAfKCkAICgpACEoKQAiKCkAIy
22=gpACQoKQAlKCkAJigpACcoKQAoKCkAKSgpACooKQArKCkALCgpAC0oKQAuKCkALygpADAo
23=KQAxKCkAMigpADMoKQA0KCkANSgpADYoKQA3KCkAOEkBJiRQMQEXABIAaAEBAgAAGEgBJa
24=kxGSgpABooKQAbKCkAHCgpAB0oKQAeKCkAHygpACAoKQAhKCkAIigpACMoKQAkKCkAJSgp
25=ACYoKQAnKCkAKCgpACkoKQAqKCkAKygpACwoKQAtKCkALigpAC8oKQAwKCkAMSgpADIoKQ
26=AzKCkANCgpADUoKQA2KCkANygpADhIAWgtAQAAADnIAU8wFgATgDBJARfIAY0xEygEDCcp
27=ABpABMU0GygpABwoKQAdKCkAHigpAB8oKQAgKCkAISgpACIoKQAjKCkAJCgpACUoKQAmKC
28=kAJygpACgoKQApKCkAKigpACsoKQAsKCkALSgpAC4oKQAvKCkAMCgpADEoKQAyKCkAMygp
29=ADQoKQA1KCkANigpADcoKQA4SAEnLAYnAQY61AJDMBUAFJgyUTUWyAGENLQCQQQYVALNMR
30=koKQAaKCkAGygpABwoKQAdKCkAHigpAB8oKQAgKCkAISgpACIoKQAjKCkAJCgpACUoKQAm
31=KCkAJygpACgoKQApKCkAKigpACsoKQAsKCkALSgpAC4oKQAvKCkAMCgpADEoKQAyKCkAMy
32=gpADQoKQA1KCkANigpADcoKQA4SAEnhAa0LkEwOtQCQTA7SgH//10zAEMBFQAlVANQAQIV
33=ABUAJ6kBFsgBVQEXyAFZBhhIAc0FGSgpABooKQAbKCkAHCgpAB0oKQAeKCkAHygpACAoKQ
34=AhKCkAIigpACMoKQAkKCkAJSgpACYoKQAnKCkAKCgpACkoKQAqKCkAKygpACwoKQAtKCkA
35=LigpAC8oKQAwKCkAMSgpADIoKQAzKCkANCgpADUoKQA2KCkANygpADhIAcEwOcgBQTA6yA
36=FBMDtIAcEwPCgrABMAFog4TQUUKCkAFUgBcgkDAEEBFoA7AQQAABdQAXUCBWzWJ9kAGVUC
37=NlwLAQ4AABpJAcNECV1BG0gB1QIcKCkAHSgpAB4oKQAfKCkAICgpACEoKQAiKCkAIygpAC
38=QoKQAlKCkAJigpACcoKQAoKCkAKSgpACooKQArKCkALCgpAC0oKQAuKCkALygpADAoKQAx
39=KCkAMigpADMoKQA0KCkANSgpADYoKQA3SQElWCdJADhIAWgtQTA5yAFBMDrIAQEFAAA7SQ
40=ElQAVJADwoKQA9KCkAElg1YARFMxMoKQAUKCkAFUgBaQwGbTwXjTwHbDypAQhtPBeIQ0UI
41=GUwF0QkaKCkAGygpABwoKQAdKCkAHigpAB8oKQAgKCkAISgpACIoKQAjKCkAJCgpACUoKQ
42=AmKCkAJygpACgoKQApKCkAKigpACsoKQAsKCkALSgpAC4oKQAvKCkAMCgpADEoKQAyKCkA
43=MygpADQoKQA1KCkANigpADcoKQA4SQEnXDdBMDnIAQEHAAA6yAFBMDtIAdUuPCgpAD0oKQ
44=A+KCsAEQAYJuEiEigpABMoKQAUKCkAFUkBJkAPWXQWyAFVARfIAVk9GEgB0XcZKCkAGigp
45=ABsoKQAcKCkAHSgpAB4oKQAfKCkAICgpACEoKQAiKCkAIygpACQoKQAlKCkAJigpACcoKQ
46=AoKCkAKSgpACooKQArKCkALCgpAC0oKQAuKCkALygpADAoKQAxKCkAMigpADMoKQA0KCkA
47=NSgpADYoKQA3KCkAOEgBwTA5yAFBMDrIAUEwO0gBJZEjPCgpAD0oKQA+KCkAPygrABAAGf
48=FAESgpABIoKQATKCkAFCgpABVIAdkRFkgBxbgXSAF0AlkRGEgBJz8IGQA7UBVNRxpUAmgB
49=VQEbyAFVAhzIAVUCHUkBOlwAVQIeyAFVAR/IAVUCIMgBVQIhSQGUSAIBAAQAIkkBsEgCSQ
50=EjSQGoqQEkSQGmqQElSAFoBUEEJigpACdJAfehBChJAfGpASlIAc0FKigpACtJAZ17AgQA
51=LMgBWQUtSQE8XABBAy7IAVUBL0gB1RgwyAFVAjFJAT1cAE0FMsgBVQEzyAFVAjTIAVUCNU
52=gB3Qo2yAFVAjdIAdEqOEgBaC1ZBjlIAcEwOkgBdAJBMDtIASc8CCeNBz0oVQA+KCkAPygp
53=AEAoKQAPUPPFCBAoKQARKCkAEigpABMoKQAUKCkAFUgBeBFRFBZIAckXF0gBdAJRFBhIAd
54=UCGUgBaENVAhrIAUXZG8gBVQIcSAHRKh3IAUkiHsgBSQwfSQE+SAJJASDIAVUBIUgBdERF
55=CCLIAQEDBAAjSQFXQAVdQSRJAatABUkBJUgBwUYmSQH7tQInSQHyqQEoSQH0qQEpSAFgCF
56=kGKkkBUm8BBAArSAF0RFUNLMgBVRgtSAF0OVUCLsgBVQIvSAFgGlUCMMgBVQIxSAF0RFUC
57=MsgBVQIzyAFVAjTIAVUCNUgB3Qo2yAFVAjdIAdEqOEgBaC1REzlIAdUCOkgBdAJRCTtIAc
58=08PCgpAD0oKQA+KCkAPygpAEAoKQBBKCsADgAb7YkPKCkAECgpABEoKQASKCkAEygpABQo
59=KQAVSAFwFEkXFkgByRcXSAF0AkkXGEgB1QIZSAHFPxpIAXgnWQYbyAFdNRxIAcktHcgBQS
60=UeyAFRCR9IAWQISQEgyAFBBCHIAVUCIkgBekgFAE9HGwBWXAtFPyRVAq9cC0kBJUkBp6kB
61=JkkBqqkBJ0gBaAVBBCgoKQApSQGcewIEACrIAVkFK0gBZGBBAyzIAVUCLUgBwRouyAFVAi
62=/IAU0FMMgBVQIxSAF8QVUCMsgBVQIzSAFsG1UCNMgBVQI1SAHdCjbIAVUCN0gB0So4SAFo
63=LVkGOUgB1QI6SAF0AkkiO0gBJ+wIJ+UHPShVAD4oKQA/KCkAQCgpAEEoKQBCKCsADQAc+U
64=gOKCkADygpABAoKQARKCkAEigpABMoKQAUKCkAFUgBaBdBGhZIAcEaF0gBdAJBGhhIAdUC
65=GUgBbCZVAhpIAWAlSQEbyAEIAwAAHAAcAD0BAAARAADmDgAgCAAAAB0AHAA9AQAASAACHg
66=AcADpcAFUCH0kBO6kBIMgBVQEhSQE8XABBBCJJAT6pASNJAZVIAgEABAAkSgE5A08BBAAl
67=yAEBAQQAJsgBAQIEACfIAQEDBAAoyAEBBAQAKUkBnFQGAQIAACpIAWgMUQgrSAFsEFUCLM
68=gBVQItSAF8FVUCLsgBVQIvyAFVAjDIAVUCMUgBcAlVAjLIAVUCM0gBaBdVAjTIAVUCNUgB
69=3Qo2yAFVAjdJATZABQEOAAA4SQEmpR45SAHVAjpIAXQCTQQ7SQGioQQ8KCkAPSgpAD4oKQ
70=A/KCkAQCgpAEEoKQBCKCkAQygpAAxYNckMDSgpAA4oKQAPKCkAECgpABEoKQASKCkAEygp
71=ABQoKQAVSAFgGlkxFkgB2RwXSAF0AlkcGEgB1QIZSAFkNE0FGkgBeCdJARvIAUkhHMgBWQ
72=YdyAFRKh5IAXxMVQIfSAFkCEkBIMgBQQQhSAHdNiJIAdE1I0gBfExdCiRIAX5MBQBeTB0A
73=aQEGfEypAQd8TKkBCHxMqgEJAF5MHQB8ClEUKkQIaAFRCStIAWwQVQIsyAFVAi3IAVUCLs
74=gBVQIvSAHZHDDIAVUCMUgBxQgyyAFVAjNIAXgcRQg0yAFVAjVIAc0FNsgBVQI3SAHRKjhI
75=AWgtWQY5SAHVAjpIAXQCQSU7SAHRQDwoKQA9KCkAPigpAD8oKQBAKCkAQSgpAEIoKQBDKC
76=kARCgoAAELAB4A1Q0MKCkADSgpAA4oKQAPKCkAECgpABEoKQASKCkAEygpABQoKQAVSAF4
77=HFEfFkgB0R8XSAF0AlEfGEgB1QIZSAFkKVUCGkgBeDJJARvIAVlIHEgBbDxRCR3IAUktHk
78=gBZEpVAh9IAXgGSQEgyAFBBCHIAVUCIkgBxQgjyAFBBCRIAWlOCnVPHpZPCwBUnKoBDABU
79=nKoBDQBUnKgBQYgpWAZwCVEUKsgBURQrSAHVGCzIAVUCLcgBTQUuyAFVAi9IAXwVVQIwyA
80=FVAjFIAcUIMsgBVQIzSAF0T00FNMgBVQI1SAHNBTbIAVUCN0gB0So4SAFoLVEfOUgB1QI6
81=SAF0AlEJO0gB3UE8KCkAPSgpAD4oKQA/KCkAQCgpAEEoKQBCKCkAQygpAEQoKQBFKCsACg
82=Af4VELKCkADCgpAA0oKQAOKCkADygpABAoKQARKCkAEigpABMoKQAUKCkAFUgBcB9JIhZI
83=AckiF0gBdAJJIhhIAdUCGUgBbDxNBRpIAXA1SQEbyAFNRxxIAWAEWQYdyAFBMB5IAWxSVQ
84=IfSAHZBiDIAVkGIUgBeAZRCSLIAVUCI8gBVQIkyAFVAiVIAXAJVQImyAFVAidIAXwKVQ0o
85=SAHRQClIAXRETQUqyAFNBStIAWAEVQIsyAFVAi1IAd0KLsgBVQIvyAFNBTDIAVUCMUgBxQ
86=gyyAFVAjNIAWwQTQU0yAFVAjXIAVUCNsgBVQI3SAHRKjhIAWgtQQQ5SAHVAjpIAXQCTSY7
87=SAEnTAonlQg9KFUAPigpAD8oKQBAKCkAQSgpAEIoKQBDKCkARCgpAEUoKQBGKCsACQAg+V
88=MKKCkACygpAAwoKQANKCkADigpAA8oKQAQKCkAESgpABIoKQATKCkAFCgpABVIAWgiQSUW
89=SAHBJRdIAXQCQSUYSAHVAhlIAWRKVQIaSAF4MkkBG8gBVUQcSAHJOB3IAVkyHsgBSQwfSA
90=HZBiDIAVkGIUgB3QoiyAFVAiNIAdEJJMgBUQklyAFRCSbIAVUCJ0gB3UwoyAFVAilIAXwK
91=TQUqyAFVAitIAXwKSRcsyAFVDS1IAWQIVQIuyAFVAi/IAVUCMMgBVQIxSAHFCDLIAVUCM0
92=gBzRs0yAFVAjXIAUUINsgBVQI3SAHRKjhIAWgtURQ5SAHVAjpIAXQCWQY7SAEnpAonwQg9
93=KFUAPigpAD8oKQBAKCkAQSgpAEIoKQBDKCkARCgpAEUoKQBGKCkARygrAAgAIfFWCSgpAA
94=ooKQALKCkADCgpAA0oKQAOKCkADygpABAoKQARKCkAEigpABMoKQAUKCkAFUgBYCVZJxZI
95=AdknF0gBdAJZJxhIAdUCGUgBfDZNBRpIAXg9SQEbyAFJQxxIAWAEWQYdyAFRNR7IAVUCH0
96=gBzZ8gyAFZBiFIAd1MIsgBVQIjSAHRCSTIAVEJJcgBUQkmyAFVAidIAXgRVQIoyAFVAilI
97=AXwKVQIqyAFVAitIAXxMSRcsyAFVDS1IAWQIVQIuyAFVAi/IAVUCMMgBVQIxSAHVGDLIAV
98=UCM0gBdA1NBTTIAVUCNUgB1Q02yAFVAjdIAdEqOEgBaC1ZBjlIAdUCOkgBdAJJFztIASf8
99=CiftCD0oVQA+KCkAPygpAEAoKQBBKCkAQigpAEMoKQBEKCkARSgpAEYoKQBHKCkASCgrAA
100=cAIulZCCgpAAkoKQAKKCkACygpAAwoKQANKCkADigpAA8oKQAQKCkAESgpABIoKQATKCkA
101=FCgpABVIAXgnUSoWSAHRKhdIAXQCUSoYSAHVAhlIAd1MGkgBcEBBBBvIAUFGHEgBYDtVAh
102=3IAVUCHkgBzQUfSAF8QUEEIMgBQQQhSAHZBiLIAVUCI0gB3UEkyAFdQSVIAWQIXRUmyAFV
103=AidIAWQIVQIoyAFVAilIAXwVVQIqyAFVAitIAXwKTRAsyAFVDS1IAdEULsgBVQIvyAFNBT
104=DIAVUCMUgBbBBVAjLIAVUCM0gBbBBVAjTIAVUCNUgB1Q02yAFVAjdIAdEqOEgBaC1RFDlI
105=AdUCOkgBdAJRCTtIASdUCycZCT0oVQA+KCkAPygpAEAoKQBBKCkAQigpAEMoKQBEKCkARS
106=gpAEYoKQBHKCkASCgpAEkoKwAGACPhXAcoKQAIKCkACSgpAAooKQALKCkADCgpAA0oKQAO
107=KCkADygpABAoKQARKCkAEigpABMoKQAUKCkAFUgBcCpJLRZIAcktF0gBdAJJLRhIAdUCGU
108=gBzUcayAFNRxtIAWw8RQgcyAFVAh1IAWxHVQIeyAFVAh9IAXREVQIgyAFVAiFIAd0KIsgB
109=VQIjSAHVRCTIAVVEJUgBZAhFEybIAVUCJ0gBbBBVAijIAVUCKUgBfApVAirIAVUCK0gBxR
110=MsyAFVDS1IAWwFRRMuyAFVAi/IAVUCMMgBVQIxSAF0DVUCMsgBVQIzSAHFCDTIAVUCNUgB
111=dBhNBTbIAVUCN0gB0So4SAFoLUEEOUgB1QI6SAF0AkkXO0gBJ6wLJ0UJPShVAD4oKQA/KC
112=kAQCgpAEEoKQBCKCkAQygpAEQoKQBFKCkARigpAEcoKQBIKCkASSgpAEooKwAFACT5XgYo
113=KQAHKCkACCgpAAkoKQAKKCkACygpAAwoKQANKCkADigpAA8oKQAQKCkAESgpABIoKQATKC
114=kAFCgpABVIAWgtQTAWSAHBMBdIAXQCQTAYSAHVAhlIAWw8VQIayAFFShtIAXxBVQIcyAFV
115=Ah1IAXxMVQIeyAFVAh9IAd1XIMgBVQIhSAHdCiLIAVUCI0gBbAVFEyRoAUgCSQElyAEjn1
116=YkADpVAgIi/EyoASOcVqkBBCL9TCQo/EyoAVVPK0QIxRMsyAFRCC1IAc0QLsgBVQIvyAFV
117=GDDIAVUCMUgBxR4yyAFVAjNIAcUINMgBVQI1SAFkYEUINsgBVQI3SAHRKjhIAWgtTRs5SA
118=HVAjpIAXQCWQY7SQGiXBZBBDwoKQA9KCkAPigpAD8oKQBAKCkAQSgpAEIoKQBDKCkARCgp
119=AEUoKQBGKCkARygpAEgoKQBJKCkASigpAEsoKAAiWF3LFwUAJShcDCcpAAcoVQAIKCkACS
120=gpAAooKQALKCkADCgpAA0oKQAOKCkADygpABAoKQARKCkAEigpABMoKQAUKCkAFUgBYDBV
121=LhZIAdkyF0gBdAJZMhhIAdUCGUgBbDxNBRrIAV01G0gBfExVAhzIAVUCHcgBVQIeyAFVAh
122=/IAVUCIMgBVQIhSAF8TFUCIkkBS14AAARKjSUAaAFFYCRUAmVgBWEtJZBhI1xZqAEjXFmo
123=ASNcWakBCSL/YiUASbEJKkQIaAFRCStJAai1AizIAU0QLUgBdFpBAy7IAVUCL8gBVQIwyA
124=FVAjFIAcUeMsgBVQIzyAFNBTTIAVUCNcgBVQI2yAFVAjdIAdEqOEgBaC1BBDlIAdUCOkgB
125=dAJBMDtIAdFLPCgpAD0oKQA+KCkAPygpAEAoKQBBKCkAQigpAEMoKQBEKCkARSgpAEYoKQ
126=BHKCkASCgpAEkoKQBKKCkASygpAEwoKwADACb8YiJEYMEaBShVAAYoKQAHKCkACCgpAAko
127=KQAKKCkACygpAAwoKQANKCkADigpAA8oKQAQKCkAESgpABIoKQATKCkAFCgpABVIAXgyUT
128=UWSAHRNRdIAXQCUTUYSAHVAhlIAXRlVQIayAFFohtIAWxHVQIcyAFVAh3IAVUCHsgBVQIf
129=yAFVAiDIAVUCIUgBdGVVAiJIAWlkAnVlJlASSAAitG8nKQAlQARNAgBZaSZJAfdIT0kBJ0
130=kB8akBKEgBwQQpKCkAKigpACsoKQAsSAFgZwEEBAAtyAEBBQAALkgBYGdFEy/IAUUTMMgB
131=VQIxSAHFHjLIAVUCM8gBTQU0yAFVAjXIAVUCNsgBVQI3SAHRKjhIAWgtTRY5SAHVAjpIAX
132=QCWQY7SQGibxsAADwoKQA9KCkAPigpAD8oKQBAKCkAQSgpAEIoKQBDKCkARCgpAEUoKQBG
133=KCkARygpAEgoKQBJKCkASigpAEsoKQBMKCkATSgrAAIAJ+FnAygoACIoINkcBShVAAYoKQ
134=AHKCkACCgpAAkoKQAKKCkACygpAAwoKQANKCkADigpAA8oKQAQKCkAESgpABIoKQATKCkA
135=FCgpABVIAXA1STgWSAHJOBdIAXQCSTgYSAHVAhlIAWxoTQUayAFNOxvIAVUCHMgBVQIdSA
136=FgUVUCHsgBVQIfSAF0ZVUCIMgBVQIhSAHNBSJJAVNUA11iI0gBZAFJASQoKQAlKCkAJkkB
137=9lgHQQQnSQHyqQEoSQH1qQEpSQGRawgEACpJAYupAStIAWQBWQYsSQFYbAFvaCcASKkBLl
138=QCCUgAAAABBAAvACcAqREAAMkOACAIAAAAAAQAMAAnAKlEAQUBAAAxACcAPVwAVQEyyAFV
139=ATNJATtcAFUCNMgBVQE1SQE+XABVAjbIAVUBN0gBBTYCAAAOAAA4SQEmSAJBBDlIAdUCOk
140=gBdAJNBDtJAaKhBDwoKQA9KCkAPigpAD8oKQBAKCkAQSgpAEIoKQBDKCkARCgpAEUoKQBG
141=KCkARygpAEgoKQBJKCkASigpAEsoKQBMKCkATSgpAE4oKAACAQAoAMOtGwJIAdkcAygpAA
142=QoKQAFKCkABigpAAcoKQAIKCkACSgpAAooKQALKCkADCgpAA0oKQAOKCkADygpABAoKQAR
143=KCkAEigpABMoKQAUKCkAFUgBaDhBOxZIAcE7F0gBdAJBOxhIAdUCGUgBZEpVAhrIAQEDAA
144=AbyAFVAhzIAVUCHUgBfExVAh7IAVUCH0kBPEQpVQIgyAFVAiFIAc0FIkkBU0wRAQEEACNI
145=AUQBdVokKCkAJSgpACZJAfxSCQAESTUoiAVJAShUAo8BBAApSQHaoQQqSAHVAisoKQAsKC
146=kALSgpAC4oKQAvSQGnfwYEADDIAV0JMUgB3SAyyAFVGDNIAdUYNMgBVQI1SAFka0UeNsgB
147=VQI3SAHRKjhIAWgtVQw5SAHVAjpIAXQCWQY7SAHJTjwoKQA9KCkAPigpAD8oKQBAKCkAQS
148=gpAEIoKQBDKCkARCgpAEUoKQBGKCkARygpAEgoKQBJKCkASigpAEsoKQBMKCkATSgpAE4o
149=KQBPKCkAAlg12RwDKCgAcDjVAgUoVQAGKCkABygpAAgoKQAJKCkACigpAAsoKQAMKCkADS
150=gpAA4oKQAPKCkAECgpABEoKQASKCkAEygpABQoKQAVSAFoOEE7FkgBwTsXSAF0AkE7GEgB
151=1QIZSAF8Yk0FGsgBXUwbyAFVAhzIAVUCHUgBZEpVAh7IAVUCH0gBdE9VAiDIAVUCIcgBVQ
152=IiSQGVXABJZCNJAVepASRIAWQBVQIlKCkAJkkB2FgHVQInSQHQqQEoKCkAKUkB1bUCKkgB
153=xQgrKCkALEgBxQgtSQHSrQUuSAHNBS8oKQAwSAFybAQETtYpAGgBAQUAADJUAmAaRQczSA
154=F8bUkHNMgBVQI1SAHNJjbIAVUCN0gB0So4SAFoLVkGOUgB1QI6SAF0AkEwO0gB0Us8KCkA
155=PSgpAD4oKQA/KCkAQCgpAEEoKQBCKCkAQygpAEQoKQBFKCkARigpAEcoKQBIKCkASSgpAE
156=ooKQBLKCkATCgpAE0oKQBOKCkATygoAAEDACoA2RwEKCkABSgpAAYoKQAHKCkACCgpAAko
157=KQAKKCkACygpAAwoKQANKCkADigpAA8oKQAQKCkAESgpABIoKQATKCkAFCgpABVIAXw2VT
158=kWSAHVORdIAXQCVTkYSAHVAhlIAWhDVQIayAFRrhvIAVUCHMgBVQIdSAF4aVUCHsgBVQIf
159=SAF0T1UCIMgBVQIhyAFVAiJIAXhpSU4jSQFUWBJVZSRIAWQBSQElKCkAJkkB10AFVQInSQ
160=EWWAdJAShJAdG1AilIAdkGKkgBwWcrSAHJbyxJAdOtBS1IAclvLkkBjX8GBAAvSQGHqQEw
161=SQGiqQExyAFFBzJIAWAaVRgzSAF4aVkQNMgBVQI1SAHNJjbIAVUCN0gB0So4SAFoLUkLOU
162=gB1QI6SAF0AlEJO0gB3Uw8KCkAPSgpAD4oKQA/KCkAQCgpAEEoKQBCKCkAQygpAEQoKQBF
163=KCkARigpAEcoKQBIKCkASSgpAEooKQBLKCkATCgpAE0oKQBOKCsABAAr7WgFKCkABigpAA
164=coKQAIKCkACSgpAAooKQALKCkADCgpAA0oKQAOKCkADygpABAoKQARKCkAEigpABMoKQAU
165=KCkAFUgBZDRdNhZIAd02F0gBdAJdNhhIAdUCGUgBcGFNBRrIAU1HG0gBbEdVAhzIAVUCHU
166=gBYEZVAh7IAVUCH0gBcEtVAiDIAVUCIcgBVQIiyAFVAiNIAWBnAQEEACRIAVADIrEnJUgB
167=xWAmSAHVZSdIAcVgKEgB1QIpSAHJZCpIAdUCK0gBxWssSAHJZC1JAYVvDAQALkkBg6kBL0
168=kBiqkBMEgBYWcCfNBYPVQCRWAyVQI6UBVJADNIAcUeNMgBVQI1SAHVIzbIAVUCN0gB0So4
169=SAFoLV0JOUgB1QI6SAF0AkEwO0kBokwGQQQ8KCkAPSgpAD4oKQA/KCkAQCgpAEEoKQBCKC
170=kAQygpAEQoKQBFKCkARigpAEcoKQBIKCkASSgpAEooKQBLKCkATCgpAE0oKwAFACz1ZQYo
171=KQAHKCkACCgpAAkoKQAKKCkACygpAAwoKQANKCkADigpAA8oKQAQKCkAESgpABIoKQATKC
172=kAFCgpABVIAWwxQTAWSAHFNBdIAXQCRTQYSAHVAhlIAWhkVQIayAFVRBtIAXBAVQIcyAFV
173=Ah1IAWBGVQIeyAFVAh9IAWhkVQIgyAFVAiHIAVUCIkkBT0wRUcQjyAGLZCwAj7UCJVQCwc
174=omSAHNXSdIAXwDWQYoSAHBBClIAd1iKigpACtIAdXILEkBjH8GBAAtSQGIqQEuSAHdYi9J
175=AZy1AjDIAVFVMUgBfGJdFTLIAVUYM0gBxR40yAFVAjVIAdUjNsgBVQI3SAHRKjhIAWgtVQ
176=w5SAHVAjpIAXQCSQw7SAEniAwncQk9KFUAPigpAD8oKQBAKCkAQSgpAEIoKQBDKCkARCgp
177=AEUoKQBGKCkARygpAEgoKQBJKCkASigpAEsoKQBMKCkABkQs1RgHKCkACCgpAAkoKQAKKC
178=kACygpAAwoKQANKCkADigpAA8oKQAQKCkAESgpABIoKQATKCkAFCgpABVIAXQuTTEWSAHN
179=MRdIAXQCTTEYSAHVAhlIAXBhTQUayAFJQxtIAWhDVQIcyAFVAh1IAc0FHsgBVQIfSAFwYU
180=0FIEkBTlwAXVchSQFKqQEiSAFxYQIiRkAtANG5JFUChqEEJUgBzV0mSAHNXSdJAdRcC1EJ
181=KEgB1QIpKCkAKkgBwWcrSAHdCixIAdleLUkBUqkMLkkBm6kBL0gBcGFdIDBIAXRaVQwxSA
182=HFHjLIAVUCM0gBzRs0yAFVAjVIAWhkXQk2yAFVAjdIAdEqOEgBaC1BBDlIAdUCOkgBdAJB
183=DztJAaJMBkEEPCgpAD0oKQA+KCkAPygpAEAoKQBBKCkAQigpAEMoKQBEKCkARSgpAEYoKQ
184=BHKCkASCgpAEkoKQBKKCkASygpAAdM78kXCCgpAAkoKQAKKCkACygpAAwoKQANKCkADigp
185=AA8oKQAQKCkAESgpABIoKQATKCkAFCgpABVIAXwrUSoWSAHVLhdIAXQCVS4YSAHVAhlIAW
186=hZVQIayAFdmRtIAXBAVQIcyAFVAh1IAc0FHsgBVQIfSAFoQ00FIEkBlFQORVUhSQGRqQEi
187=SQGJqQEjSAEltSIkSAEn2wsuANtzQAQAJlQC0bknSAF0BlEJKEgBwQQpSAHFYCpIASfbCy
188=4AjnEFBEaULgDNXS1BBKF1AgBCAS4AeF5VDC9QAWxdXRUwyAFVGDFIAcUeMsgBVQIzSAHN
189=GzTIAVUCNUgBeF5FCDbIAVUCN0gB0So4SAFoLU0POUgB1QI6SAF0AlkGO0gBzUc8KCkAPS
190=gpAD4oKQA/KCkAQCgpAEEoKQBCKCkAQygpAEQoKQBFKCkARigpAEcoKQBIKCkASSgpAEoo
191=KwAIAC8mFSQJKCkACigpAAsoKQAMKCkADSgpAA4oKQAPKCkAECgpABEoKQASKCkAEygpAB
192=QoKQAVSAFkKV0rFkgB3SsXSAF0Al0rGEgB1QIZSAFwVk0FGsgBUUAbSAFwQFUCHMgBVQId
193=yAFVAh7IAVUCH0gBaENVAiBIAWBcSQwhyAEBAwQAIkkBl1QDRVUjSQGQqQEkSAElBSIlSQ
194=GLtQImSAFkAU0FJ0gBzbUoSAElzTspSAHNwCpIASeBCy8ogwsvAKNoCCKQI6gBURQuTAVg
195=GkkBL0gBeFNNBDDIAVUCMUgB1RgyyAFVAjNIAdUjNMgBVQI1yAFFCDbIAVUCN0gB0So4SA
196=FoLUEEOUgB1QI6SAF0AlUjO0gBJ4ALJ+0IPShVAD4oKQA/KCkAQCgpAEEoKQBCKCkAQygp
197=AEQoKQBFKCkARigpAEcoKQBIKCkASSgrAAkAMPVaCigpAAsoKQAMKCkADSgpAA4oKQAPKC
198=kAECgpABEoKQASKCkAEygpABQoKQAVSAFsJkUpFkgBxSkXSAF0AkUpGEgB1QIZSAFwNVUC
199=GsgBXY4bSAFkP1UCHMgBVQIdyAFVAh7IAVUCH0gBcEBVAiDIAVUCIUgBdloFAEpZMABoWU
200=EEI1QCaAFBXCRJAZlEFFFWJckBAW61MAAl7VUnVALZXihIAd26KUgBJyoLMAAnKwswAJKx
201=CSxABGlZAmlZMJRaWREuVAJgGkkBL0gBaFlZETDIAVUCMUgB1RgyyAFVAjNIAdUjNMgBVQ
202=I1yAFFCDbIAVUCN0gB0So4SAFoLUUSOUgB1QI6SAF0AlkGO0kBolhfQQQ8KCkAPSgpAD4o
203=KQA/KCkAQCgpAEEoKQBCKCkAQygpAEQoKQBFKCkARigpAEcoKQBIKCsACgAx/VcLKCkADC
204=gpAA0oKQAOKCkADygpABAoKQARKCkAEigpABMoKQAUKCkAFUgBdCNJIhZIAc0mF0gBdAJN
205=JhhIAdUCGUgBaOhNBRrIAVEpG0gBYDtVAhzIAVUCHUgBYDtVAh7IAVUCH0gBfEFVAiDIAV
206=UCIUgBxQgiyAFVAiNIAXBWSVkkSAFwVlkRJcgBRT8mSAFsXUlZJ0gBTAoioUYoSAHNUilI
207=ASWtISpIASUxIitIAc0FLEkBWGwBcVYxI4h6UQkuVAIltXovSAHFEzDIAUUTMUgBeFNFBz
208=LIAVUCM0gBxR40yAFVAjVIAcUeNsgBVQI3SAHRKjhIAWgtUQk5SAHVAjpIAXQCRR47SAEn
209=0AonlQg9KFUAPigpAD8oKQBAKCkAQSgpAEIoKQBDKCkARCgpAEUoKQBGKCkARygrAAsAMu
210=VVDCgpAA0oKAAKDgAyAKIBAAAAAAAPABEAAIMNACADMgCiAQAAQgAQACcpABEoKQASKCkA
211=EygpABQoKQAVSgEmAV8HAAAWSAEFNgIAAA4AABdIAXQCVQEYSAHVAhlJAT1MBVUCGsgBAQ
212=MAABtJATy1AhzIAVUCHUkBOrUCHsgBVQIfSQE7tQIgyAFVAiFIAcUIIsgBVQIjyAFVDSTI
213=AVUCJcgBVQImSQGURBdJASfIAQEDBAAoSQGWVAIBAAQAKUgBZAFJASooKQArKCkALEkBnW
214=cEBAAtyAFREy5IAXgcVQ0vSAHFEzDIAVUCMUkBPkAFQQ8yyAFVAjNIAcUeNMgBVQI1SAHF
215=HjbIAVUCN0gB0So4SAFoLVkQOUgB1QI6SAF0AkkMO0gBzTw8KCkAPSgpAD4oKQA/KCkAQC
216=gpAEEoKQBCKCkAQygpAEQoKQBFKCkARigrAAwAM/1MDSgpAA4oKQAPKCkAECgpABEoKQAS
217=KCkAEygpABQoKQAVSAFkHl0gFkgB3SAXSAF0Al0gGEgB1QIZSAFgME0FGsgBWTEbyAFVAh
218=zIAVUCHUgBdDlVAh7IAVUCH0gBxQggyAFVAiFIAWg4TQUiyAFVAiNIAcUIJMgBVQIlSAHN
219=BSbIAVUCJ0gBblIFAEJRMwBgUUkXKVQCaAFZUypJAZlcC01SK8gBAQEEACxIAWBRTQUtyA
220=FVRC5IAWgMXQovSAFgUUUHMMgBVQIxyAFVAjLIAVUCM0gB3RU0yAFVAjVIAcUINsgBVQI3
221=SAHRKjhIAWgtUQk5SAHVAjpIAXQCRRM7SAEnIAonPQg9KFUAPigpAD8oKQBAKCkAQSgpAE
222=IoKQBDKCkARCgpAEUoKwANADT1Tw4oKQAPKCkAECgpABEoKQASKCkAEygpABQoKQAVSAFs
223=G0UeFkgBxR4XSAF0AkUeGEgB1QIZSAFgRlUCGsgBRTQbyAFVAhzIAVUCHUgBYDBVAh7IAV
224=UCH0gBxQggyAFVAiFIAWw8TQUiyAFVAiNIAcUIJMgBVQIlSAHNBSbIAVUCJ0gBxYwoyAFV
225=AilIAWhOQVEqSAFoTkkMK8gBQQQsSAFoDEkBLUgB3QouyAFVAi9IAWBGWQYwyAFVAjHIAV
226=UCMsgBVQIzSAFwCVUCNMgBVQI1SAHFCDbIAVUCN0gB0So4SAFoLUEwOUgB1QI6SAF0AlEJ
227=O0gBJ8gJJxEIPShVAD4oKQA/KCkAQCgpAEEoKQBCKCkAQygpAEQoKwAOADX9TA8oKQAQKC
228=kAESgpABIoKQATKCkAFCgpABVIAXQYTRsWSAHNGxdIAXQCTRsYSAHVAhlIAWAlTQUayAFN
229=cxtIAWA7VQIcyAFVAh1IAXhIVQIeyAFVAh9IAcUIIMgBVQIhSAFgO00FIsgBVQIjSAHFCC
230=TIAVUCJUgBaDhNBSbIAVUCJ8gBVQIoyAFVAilIAd0KKsgBVQIrSAHFCCzIAVUCLUgBxRMu
231=yAFVAi9IAc0bMMgBVQIxSAHFCDLIAVUCM8gBTRA0yAFVAjXIAVUCNsgBVQI3SAHRKjhIAW
232=gtQQQ5SAHVAjpIAXQCQTA7SAEncAkn5Qc9KFUAPigpAD8oKQBAKCkAQSgpAEIoKQBDKCsA
233=DwA25UoQKCkAESgpABIoKQATKCkAFCgpABVIAXwVVRgWSAHVGBdIAXQCVRgYSAHVAhlIAW
234=gtVQIayAFdbRtIAWgtVQIcyAFVAh1IAXBAVQIeyAFVAh9IAcUIIMgBVQIhSAF4PU0FIsgB
235=VQIjSAHFCCTIAVUCJUgBaDhNBSbIAVUCJ8gBVQIoyAFVAilIAd0KKsgBVQIrSAHFCCzIAV
236=UCLUgBxRMuyAFVAi9IAc0bMMgBVQIxSAHFCDLIAVUCM8gBTRA0yAFVAjXIAVUCNsgBVQI3
237=SAHRKjhIAWgtQTA5SAHVAjpIAXQCWQY7SAEnGAknuQc9KFUAPigpAD8oKQBAKCkAQSgpAE
238=IoKwAQADftRxEoKQASKCkAEygpABQoKQAVSAFkE10VFsgBXWIXyAFdFRhIAdUYGSgpABoo
239=KQAbKCkAHCgpAB0oKQAeKCkAHygpACAoKQAhKCkAIigpACMoKQAkKCkAJSgpACYoKQAnKC
240=kAKCgpACkoKQAqKCkAKygpACwoKQAtKCkALigpAC8oKQAwKCkAMSgpADIoKQAzKCkANCgp
241=ADUoKQA2KCkANygpADhIAcEwOcgBQTA6yAFBMDtIASfACCeNBz0oVQA+KCkAPygpAEAoKQ
242=BBKCgAAhEAOAAlXAtZPRIoKQATKCkAFCgpABVJASetBRbIAVUBF8gBRRMYSAHRCRkoKQAa
243=KCkAGygpABwoKQAdKCkAHigpAB8oKQAgKCkAISgpACIoKQAjKCkAJCgpACUoKQAmKCkAJy
244=gpACgoKQApKCkAKigpACsoKQAsKCkALSgpAC4oKQAvKCkAMCgpADEoKQAyKCkAMygpADQo
245=KQA1KCkANigpADcoKQA4SAHBMDnIAUEwOsgBQTA7SAHBMDwoKQA9KCkAPigpAD8oKQBAKC
246=sAEgA5nEFdChMoKQAUKCkAFUgBbBBVnBbJAQQiwj85AHQCAQUAABhVAiVYB0kAGUkBw1wA
247=UUsaSAHVhhsoKQAcKCkAHSgpAB4oKQAfKCkAICgpACEoKQAiKCkAIygpACQoKQAlKCkAJi
248=gpACcoKQAoKCkAKSgpACooKQArKCkALCgpAC0oKQAuKCkALygpADAoKQAxKCkAMigpADMo
249=KQA0KCkANSgpADYoKQA3SAHRKjhIAWgtQTA5yAFBMDrIAQEFAAA7SQElVC5JADwoKQA9KC
250=kAPigpAD8oKwATADqEP1lIFCgpABVIAXUNBiJ9RzqNPAd4PakBCHg9J9kAGUwFYA9FCBoo
251=KQAbKCkAHCgpAB0oKQAeKCkAHygpACAoKQAhKCkAIigpACMoKQAkKCkAJSgpACYoKQAnKC
252=kAKCgpACkoKQAqKCkAKygpACwoKQAtKCkALigpAC8oKQAwKCkAMSgpADIoKQAzKCkANCgp
253=ADUoKQA2KCkANygpADhJASdIOUEwOcoBBwBAAScBBjtQAdUuPCgpAD0oKQA+KCkAFFJD//
254=9bcQAAFUkBJlwKUQEWyAFVARfIAUk4GEgB2cwZKCkAGigpABsoKQAcKCkAHSgpAB4oKQAf
255=KCkAICgpACEoKQAiKCkAIygpACQoKQAlKCkAJigpACcoKQAoKCkAKSgpACooKQArKCkALC
256=gpAC0oKQAuKCkALygpADAoKQAxKCkAMigpADMoKQA0KCkANSgpADYoKQA3KCkAOEgBwTA5
257=yAFBMDrIAUEwO0gB0TU8KCkAPSgoAAEVADwAxQgWyAFFCBfIAUUIGEgBJwkHPCY1KBooVQ
258=AbKCkAHCgpAB0oKQAeKCkAHygpACAoKQAhKCkAIigpACMoKQAkKCkAJSgpACYoKQAnKCkA
259=KCgpACkoKQAqKCkAKygpACwoKQAtKCkALigpAC8oKQAwKCkAMSgpADIoKQAzKCkANCgpAD
260=UoKQA2KCkANygpADhIAcEwOcgBQTA6yAFBMDtIAScKBzwAywEWAD2cNk0FF8gBTQUYSAEn
261=sQY9KLAGJykAGyiBABwoKQAdKCkAHigpAB8oKQAgKCkAISgpACIoKQAjKCkAJCgpACUoKQ
262=AmKCkAJygpACgoKQApKCkAKigpACsoKQAsKCkALSgpAC4oKQAvKCkAMCgpADEoKQAyKCkA
263=MygpADQoKQA1KCkANigpADcoKQA4SAEnsAYnAQY61AJBMDtIAcc0FwA+hDRVAhhIASdZBj
264=4oWAYnKQAbKIEAHCgpAB0oKQAeKCkAHygpACAoKQAhKCkAIigpACMoKQAkKCkAJSgpACYo
265=KQAnKCkAKCgpACkoKQAqKCkAKygpACwoKQAtKCkALigpAC8oKQAwKCkAMSgpADIoKQAzKC
266=kANCgpADUoKQA2KCkANygpADhIASdYBrQuXWI61AKBMD/2LhkAJykAGigpABsoKQAcKCkA
267=HSgpAB4oKQAfKCkAICgpACEoKQAiKCkAIygpACQoKQAlKCkAJigpACcoKQAoKCkAKSgpAC
268=ooKQArKCkALCgpAC0oKQAuKCkALygpADAoKQAxKCkAMigpADMoKQA0KCkANSgpADYoKQA3
269=KCkAOEgBJwEGP5heQzAZAED1LhooKQAbKCkAHCgpAB0oKQAeKCkAHygpACAoKQAhKCkAIi
270=gpACMoKQAkKCkAJSgpACYoKQAnKCkAKCgpACkoKQAqKCkAKygpACwoKQAtKCkALigpAC8o
271=KQAwKCkAMSgpADIoKQAzKCkANCgpADUoKQA2KCkANygpADhIAcstGgBB/SsbKCkAHCgpAB
272=0oKQAeKCkAHygpACAoKQAhKCkAIigpACMoKQAkKCkAJSgpACYoKQAnKCkAKCgpACkoKQAq
273=KCkAKygpACwoKQAtKCkALigpAC8oKQAwKCkAMSgpADIoKQAzKCkANCgpADUoKQA2KCkANy
274=grABsAQuUpHCgpAB0oKQAeKCkAHygpACAoKQAhKCkAIigpACMoKQAkKCkAJSgpACYoKQAn
275=KCkAKCgpACkoKQAqKCkAKygpACwoKQAtKCkALigpAC8oKQAwKCkAMSgpADIoKQAzKCkANC
276=gpADUoKQA2KCgABxwAQwCiAQAAAAARAAD5AsgHBgAdAEMAogEAAEEAHigpAB8oKQAgKCkA
277=ISgpACIoKQAjKCkAJCgpACUoKQAmKCkAJygpACgoKQApKCkAKigpACsoKQAsKCkALSgpAC
278=4oKQAvKCkAMCgpADEoKQAyKCkAMygpADQoKQA1KCgAAx0ARACiAUMiAAAeKCkAHygpACAo
279=KQAhKCkAIigpACMoKQAkKCkAJSgpACYoKQAnKCkAKCgpACkoKQAqKCkAKygpACwoKQAtKC
280=kALigpAC8oKQAwKCkAMSgpADIoKQAzKCkANCgrAB4ARf0gHygpACAoKQAhKCkAIigpACMo
281=KQAkKCkAJSgpACYoKQAnKCkAKCgpACkoKQAqKCkAKygpACwoKQAtKCkALigpAC8oKQAwKC
282=kAMSgpADIoKQAzKCsAHwBG5R4gKCkAISgpACIoKQAjKCkAJCgpACUoKQAmKCkAJygpACgo
283=KQApKCkAKigpACsoKQAsKCkALSgpAC4oKQAvKCkAMCgpADEoKQAyKCsAIABH7RshKCkAIi
284=gpACMoKQAkKCkAJSgpACYoKQAnKCkAKCgpACkoKQAqKCkAKygpACwoKQAtKCkALigpAC8o
285=KQAwKCkAMSgrACEASPUYIigpACMoKQAkKCkAJSgpACYoKQAnKCkAKCgpACkoKQAqKCkAKy
286=gpACwoKQAtKCkALigpAC8oKQAwKCsAIgBJ/RUjKCkAJCgpACUoKQAmKCkAJygpACgoKQAp
287=KCkAKigpACsoKQAsKCkALSgpAC4oKQAvKCsAIwBK5RMkKCkAJSgpACYoKQAnKCkAKCgpAC
288=koKQAqKCkAKygpACwoKQAtKCkALigrACQAS+0QJSgpACYoKQAnKCkAKCgpACkoKQAqKCkA
289=KygpACwoKQAtKCsAJQBM9Q0mKCkAJygpACgoKQApKCkAKigpACsoKQAsKCsAJgBN/QonKC
290=kAKCgpACkoKQAqKCkAKygrACcATuUIKCgpACkoKQAqKCsAKABP7AUIKQBPAKIBAAAAAAAR
291=AAA=

[Lighting]
Red=1.000000
Blue=1.000000
Green=1.000000
Level=0.032000
Ground=0.000000
IonRed=0.695000
Ambient=1.000000
IonBlue=0.775000
IonGreen=0.445000
IonLevel=0.032000
IonGround=0.000000
IonAmbient=0.650000
DominatorRed=0.850000
DominatorBlue=0.300000
DominatorGreen=0.200000
DominatorLevel=0.000000
DominatorGround=0.000000
DominatorAmbient=1.500000
DominatorAmbientChangeRate=0.009000

[Map]
Size=0,0,40,40
Theater=TEMPERATE
LocalSize=3,5,34,29

[Neutral]
IQ=0
Edge=North
Color=Grey
Allies=Neutral
Country=Neutral
Credits=0
NodeCount=0
TechLevel=1
PercentBuilt=0
PlayerControl=no

[Nod]
IQ=0
Edge=North
Color=Gold
Allies=Nod
Country=Nod
Credits=0
NodeCount=0
TechLevel=1
PercentBuilt=0
PlayerControl=no

[OverlayDataPack]
1=BQAAIP4AIACACwAAIP4mHACBEP7ZAwCAEQAAIP4mBACBEf7/AQCBDv7ZGQCABQAAIP4AIA
2=CABQAAIP4AIACABQAAIP4AIACABQAAIP4AIACABQAAIP4AIACABQAAIP4AIACABQAAIP4A
3=IACABQAAIP4AIACABQAAIP4AIACABQAAIP4AIACABQAAIP4AIACABQAAIP4AIACABQAAIP
4=4AIACABQAAIP4AIACABQAAIP4AIACABQAAIP4AIACABQAAIP4AIACABQAAIP4AIACABQAA
5=IP4AIACABQAAIP4AIACABQAAIP4AIACABQAAIP4AIACABQAAIP4AIACABQAAIP4AIACABQ
6=AAIP4AIACABQAAIP4AIACABQAAIP4AIACABQAAIP4AIACABQAAIP4AIACA

[OverlayPack]
1=BQAAIP4AIP+ACwAAIP4mHP+B7v7ZA/+AEAAAIP4mBP+B7v//AycC/toX/4AFAAAg/gAg/4
2=AFAAAg/gAg/4AFAAAg/gAg/4AFAAAg/gAg/4AFAAAg/gAg/4AFAAAg/gAg/4AFAAAg/gAg
3=/4AFAAAg/gAg/4AFAAAg/gAg/4AFAAAg/gAg/4AFAAAg/gAg/4AFAAAg/gAg/4AFAAAg/g
4=Ag/4AFAAAg/gAg/4AFAAAg/gAg/4AFAAAg/gAg/4AFAAAg/gAg/4AFAAAg/gAg/4AFAAAg
5=/gAg/4AFAAAg/gAg/4AFAAAg/gAg/4AFAAAg/gAg/4AFAAAg/gAg/4AFAAAg/gAg/4AFAA
6=Ag/gAg/4AFAAAg/gAg/4AFAAAg/gAg/4AFAAAg/gAg/4AFAAAg/gAg/4A=

[Russians]
IQ=0
Edge=North
Color=DarkRed
Allies=Russians
Country=Russians
Credits=0
NodeCount=0
TechLevel=1
PercentBuilt=0
PlayerControl=no

[Special]
IQ=0
Edge=North
Color=Grey
Allies=Special
Country=Special
Credits=0
NodeCount=0
TechLevel=1
PercentBuilt=0
PlayerControl=no

[SpecialFlags]
Inert=no
FogOfWar=no
IonStorms=no
MCVDeploy=no
Meteorites=no
Visceroids=yes
FixedAlliance=no
TiberiumGrows=yes
InitialVeteran=no
HarvesterImmune=no
TiberiumSpreads=yes
TiberiumExplosive=no
DestroyableBridges=yes

[Structures]
0=Neutral,CABHUT,256,36,38,64,None,0,0,1,0,0,None,None,None,1,0
1=Neutral,CABHUT,256,40,27,64,None,0,0,1,0,0,None,None,None,1,0
2=Neutral,CATHOSP,256,38,41,64,None,0,0,1,0,0,None,None,None,1,0

[TaskForces]

[Terrain]
25041=TREE03
39035=TREE11
39042=TREE04
39043=TREE07
40046=TREE03
43045=TREE07
43046=TREE03
43047=TREE06
45044=TREE11
46034=TREE02
46036=TREE05
47037=TREE10
47043=TREE04
48040=TREE02
49040=TREE10
49043=TREE10

[Triggers]

[Waypoints]

[YuriCountry]
IQ=0
Edge=North
Color=DarkRed
Allies=YuriCountry
Country=YuriCountry
Credits=0
NodeCount=0
TechLevel=1
PercentBuilt=0
PlayerControl=no



[Digest]
1=YFliB0H32GbgUy5tdET3h9pIzi0=

