; Map created with FinalAlert 2(tm) Mission Editor
; Get it at http://www.westwood.com
; note that all comments were truncated

[Header]
Width=23
Height=19
StartX=244
StartY=23
Waypoint1=0,0
Waypoint2=0,0
Waypoint3=0,0
Waypoint4=0,0
Waypoint5=0,0
Waypoint6=0,0
Waypoint7=0,0
Waypoint8=0,0
NumberStartingPoints=0

[TerrainTypes]


[Preview]
Size=0,0,60,30

[PreviewPack]
1=gAcYFQmiqFCjp1DmvXDlv3NLAOa9cEgAQAFIAEABSABAAUgAQAFIAEABSABAAUgAQAFIAE
2=ABSABAAUgAQAFLAIKDgKwBA0FHTUFHTq4Bg4RwAqwBTARAAUgAQAFIAEABSABAAUgAQAFI
3=AEABSABAAUgAQAFIAEABSABAAScIAFgBSAC4AUABSAAgFSwAJ7QCWAcJTFBSTU49VVdCS0
4=9SQApIAFACICfkAiAknAUttAIDU1U/TE08SABYFkgAIDDkAlgfUCBIAEABSABAAUgAQAFI
5=AEABSABAAUgAQAFIAEABSABAAUgAQAFIADa3Araxnbcht7CWWBZIACAq5AKkC1QPWBBIAE
6=ABSABAAUgAQAFIAEABSABAAUgAQAFIAEABSAA2twKpqnavCqOnUEABSABDAbGtkFgWSAAg
7=JOQCVA9YEEgAQAFIAEABSABAAUgAQAFIAEABSABAAUgAQAFIADa0AlgTSABEFEgAQAFIAE
8=ABSABAAUgAQAFIAFgWSAAgHuQCtAlEEUgSSABAAUgAQAFIAEABSABAAUgAQAFIACAbtAJA
9=DUgAWBZIAFgWSAAgGOQCRBFIEkgAQAFIAEABSABAAUgAQAFIAEABSAAgJ7QCWBZIAFgWSA
10=BYFkgAIBLkAqQIVBJYE0gAQAFIAEABSABAAUgANrcCubGcrAdUD0ABSABAAUgAQAFIAEAB
11=SABAAUgAQAFIAEABSABAAVRyQAFIAE8BuLOVWBZIACAM5AJUElgTSABAAUgAQAFIAEABSA
12=A2tAIzlA1AEFgQSABAAUgAQAFIAEABSABAAUgAQAG3FaqqfEgVWAFQAkgAQAEgD4QOtAZE
13=FEgVSABAAUgANrQCUAVIAFQMSABAAUgAQAFIAEABSABAAUgAQAFIAEABSAADubSeq6WKSB
14=VMAVACSABAAUgAUAJIADBcAEAuSAA/zAVEFEgVSABAAUgAICe0AlgTSABYE0gAWBNIADCH
15=ArStoieMAEABSABQBUgAWBZIADnkAqQFICq0Aio0GVALSABYEEgAWBZIADDkAkAESABABE
16=gAQAFIAEABSABYFkgAM+cCQUZMNmwFIB6UDVAXA7KsmJ+kX1gQSABYEEgANmwFQARIAEAE
17=SABAAUgAQAFYXlgWSAAt5AK3A0dKTSdXI0xNPFgNvAJAB0ABSABAAUgAQAFIAEABSABAAU
18=gAQAFIAFhqMA4Ftax49yeMAEABSABQBUgAQAFIAEABSABAAUgAQAFIAEABSABAAUgAQAFI
19=AEABSDNYFiQMIwZLT1JARkx+f30qxChUA0gAXBpEBUgGSABUBkgAQAFIAEABSABAAUgAQA
20=FIACq0AlgWWChQgFwCQARIAEABIAYcAVAFSABcBUgAQAFIAEABSABUJ7QVRCknPAi0A1wX
21=WHBIAENbg4SAWBZIAEQXQBBABEgAWAdIAEABSABAAUgAQAFIAEABSAAgM7QCRKowtAJYE1
22=xBVABIFUgAQAE25AJUElgTSABAAUgATB8nLABAAUgAUAJIAEABSABAASAebAVQCDa0ArwU
23=QARUDEAWWAFIAEABIAPkArQSUBdXbLGsgVAISABcCLwCrAFYAUABSABAAUgAQAFIAEABSA
24=BAAUgAQAFIAEABSABAAUgAQAE8tAJYE7AUVABIAFgBSABAAUgAQAEgA+QCICeUDSAJtAKs
25=E0gbSAZQFFgBSABAAUgAQAFIAEABNuQCVJBAB0gATAdMK0AurAFYAUABSABAAUgAQAFIAE
26=ABSABAAUgAQAFIAEABSABAAUgARKogA2wFvBFIEqABVABIAFgBSABAAUgAQAFIAEABSABA
27=ATbkAiAGhA5YE0gAWBNIAEABSABAAUgAOZQNvA5ID0ABSABAAUgAQAFIAEABpAhAAVgBSA
28=BAAUgAQAFIAEABSABAAUgAQAE25AJUD1AISABAAUgAQAFIAEABSABAAUgAQAFIAEABSABA
29=AUgAQAEgD2wFrBBYEKABVABIAFgBSABAAUgAQAFIAEABSABAAUgAQAFIAEABICHkAiAbtA
30=KsEEgeQB9QEVgBSABAAUgAQAFIAEABSABAAUgAQAFIAEABSABAASAV5AIgIbQCSA+gEFQA
31=SABYAUgAQAFIAEABSABAAUgAQAFIAEABSABAAUgAQAFIAEABNuQCKoQOQCIgEpQNvAtIDE
32=ABSABAAUgAQAFIAEABIBWcBUAHWAdIAEABNuQCvIkgJ2wFrA1YDaABVABIAFgBSABAAUgA
33=QAFIAEABSABAAUgAQAFIAEABSABAAUgAQAFIAEABSABAATDkAiAztAKsDSAhnAVAFkgJSA
34=BAAS3kAidUI0oDTFAiEExAAUgAUAVIAEABSABAAUgAQAFIAEABSABAAUgAQAFIAEABSABA
35=AUgAQAFIAEMB////VABIAFgBSABAAUgAQAFIAEABSABAAUgAQAFIAEABSABAAUgAQAFIAE
36=ABSABAAUgAQAFIAEABRBcGQEZMO0BFREdJJJQrvAJIA0ABSABAAUgAQAFIAEABSABAAUgA
37=QAFIAEABSABAAUgAQAFIAEABCea9cOW/c+W/c+a9cBEAAA==

[Africans]
IQ=0
Edge=North
Color=DarkRed
Allies=Africans
Country=Africans
Credits=0
NodeCount=0
TechLevel=1
PercentBuilt=0
PlayerControl=no

[Alliance]
IQ=0
Edge=North
Color=Gold
Allies=Alliance
Country=Alliance
Credits=0
NodeCount=0
TechLevel=1
PercentBuilt=0
PlayerControl=no

[Americans]
IQ=0
Edge=North
Color=Gold
Allies=Americans
Country=Americans
Credits=0
NodeCount=0
TechLevel=1
PercentBuilt=0
PlayerControl=no

[Arabs]
IQ=0
Edge=North
Color=DarkRed
Allies=Arabs
Country=Arabs
Credits=0
NodeCount=0
TechLevel=1
PercentBuilt=0
PlayerControl=no

[Basic]
Name=No name
Percent=0
GameMode=standard
HomeCell=98
InitTime=10000
Official=no
EndOfGame=no
FreeRadar=no
MaxPlayer=2
MinPlayer=2
SkipScore=no
TrainCrate=no
TruckCrate=no
AltHomeCell=99
OneTimeOnly=no
CarryOverCap=0
NewINIFormat=4
NextScenario=
SkipMapSelect=no
CarryOverMoney=0.000000
AltNextScenario=
MultiplayerOnly=1
IceGrowthEnabled=yes
VeinGrowthEnabled=yes
TiberiumGrowthEnabled=yes
IgnoreGlobalAITriggers=no
TiberiumDeathToVisceroid=no

[British]
IQ=0
Edge=North
Color=Gold
Allies=British
Country=British
Credits=0
NodeCount=0
TechLevel=1
PercentBuilt=0
PlayerControl=no

[CellTags]

[Confederation]
IQ=0
Edge=North
Color=DarkRed
Allies=Confederation
Country=Confederation
Credits=0
NodeCount=0
TechLevel=1
PercentBuilt=0
PlayerControl=no

[French]
IQ=0
Edge=North
Color=Gold
Allies=French
Country=French
Credits=0
NodeCount=0
TechLevel=1
PercentBuilt=0
PlayerControl=no

[GDI]
IQ=0
Edge=North
Color=Gold
Allies=GDI
Country=GDI
Credits=0
NodeCount=0
TechLevel=1
PercentBuilt=0
PlayerControl=no

[Germans]
IQ=0
Edge=North
Color=Gold
Allies=Germans
Country=Germans
Credits=0
NodeCount=0
TechLevel=1
PercentBuilt=0
PlayerControl=no

[Houses]
0=Americans
1=Alliance
2=French
3=Germans
4=British
5=Africans
6=Arabs
7=Confederation
8=Russians
9=YuriCountry
10=GDI
11=Nod
12=Neutral
13=Special

[IsoMapPack5]
1=/gwAIA8eAAEA7QEAAAAEAB0AAgDtAQBpAR4oKQAfKCsAHAAD4QQdKCkAHigpAB8oKQAgKC
2=kAG0wL3QocKCkAHSgpAB4oKQAfKCkAICgpACEoKwAaAAXtEBsoKQAcKCkAHSgpAB4oKQAf
3=KCkAICgpACEoKQAiKCsAGQAG6QwaKCkAGygpABwoKQAdKCkAHigpAB8oKQAgKCkAISgpAC
4=IoKQAjKCsAGAAH4Q8ZKCkAGigpABsoKQAcKCkAHSgpAB4oKQAfKCkAICgpACEoKQAiKCkA
5=IygpACQoKwAXAAj5ERgoKQAZKCkAGigpABsoKQAcKCkAHSgpAB4oKQAfKCkAICgpACEoKQ
6=AiKCkAIygpACQoKQAlKCsAFgAJ8RQXKCkAGCgpABkoKQAaKCkAGygpABwoKQAdKCkAHigp
7=AB8oKQAgKCkAISgpACIoKQAjKCkAJCgpACUoKQAmKCsAFQAK6RcWKCkAFygpABgoKQAZKC
8=kAGigpABsoKQAcKCkAHSgpAB4oKQAfKCkAICgpACEoKQAiKCkAIygpACQoKQAlKCkAJigp
9=ACcoKwAUAAvhGhUoKQAWKCkAFygpABgoKQAZKCkAGigpABsoKQAcKCkAHSgpAB4oKQAfKC
10=kAICgpACEoKQAiKCkAIygpACQoKQAlKCkAJigpACcoKQAoKCsAEwAM+RwUKCkAFSgpABYo
11=KQAXKCkAGCgpABkoKQAaKCkAGygpABwoKQAdKCkAHigpAB8oKQAgKCkAISgpACIoKQAjKC
12=kAJCgpACUoKQAmKCkAJygpACgoKQApKCsAEgAN8R8TKCkAFCgpABUoKQAWKCkAFygpABgo
13=KQAZKCkAGigpABsoKQAcKCkAHSgpAB4oKQAfKCkAICgpACEoKQAiKCkAIygpACQoKQAlKC
14=kAJigpACcoKQAoKCkAKSgpACooKAACEQAOACW95hIoKQATKCkAFCgpABUoKQAWKCkAFygp
15=ABgoKQAZKCkAGigpABsoKQAcKCkAHSgpAB4oKQAfKCkAICgpACEoKQAiKCkAIygpACQoKQ
16=AlKCkAJigpACcoKQAoKCkAKSgpACooKQArKCgAAhAADwAnQCUBBQQAEUgBJU0gEigpABMo
17=KQAUKCkAFSgpABYoKQAXKCkAGCgpABkoKQAaKCkAGygpABwoKQAdKCkAHigpAB8oKQAgKC
18=kAISgpACIoKQAjKCkAJCgpACUoKQAmKCkAJygpACgoKQApKCkAKigpACsoKQAsSAFuJgME
19=QQEQmCcBBwQAEEQAdQIIZSkQlE8BAgQAElQCYFFJARMoKQAUKCkAFSgpABYoKQAXKCkAGC
20=gpABkoKQAaKCkAGygpABwoKQAdKCkAHigpAB8oKQAgKCkAISgpACIoKQAjKCkAJCgpACUo
21=KQAmKCkAJygpACgoKQApKCkAKigpACsoKQAsSAFsJgEGBAAtyAFFKQ5JUSZNUgB9KxHpmx
22=DUAkUpEUkB4KEEEigpABMoKQAUKCkAFSgpABYoKQAXKCkAGCgpABkoKQAaKCkAGygpABwo
23=KQAdKCkAHigpAB8oKQAgKCkAISgpACIoKQAjKCkAJCgpACUoKQAmKCkAJygpACgoKQApKC
24=kAKigpACtJAeO1IyxIAcUpLUgB1XsuSAF0AkUpDUBU1QIOSAF0ApUuEijWBRIAdAJNBRFA
25=BN0KEkkB2KkME0kB1KkBFCgpABVJAda1AhZKAf//IwkzFygpABgoKQAZKCkAGigpABsoKQ
26=AcKCkAHUkB3L0KHkgBwQ8fSAHVDSBIAdUNISgpACIoKQAjKCkAJCgpACUoKQAmKCkAJ0gB
27=1Q0oSAHVDSkoKQAqSQHSuRErSAHVIyxIAWwmRSktSAHdKy5IAXQCRSkvSAHXAgwAE+ktDS
28=gpAA5IAWwFRQgPSAHNBRBIAXQCRQgRSAHVDRJJAdmtEBNIAdEfFCgpABUoKQAWKCkAFygp
29=ABgoKQAZKCkAGigpABsoKQAcKCkAHSgpAB5IAUQ8Ipk6H0gBzRAgKCkAISgpACIoKQAjKC
30=kAJCgpACUoKQAmKCkAJygpACgoKQApKCkAKkgB3SArSAHVIyxIAWwmRSktSAHFKS5IAXQC
31=RSkvSAHVAjAoKwALABT5MgwoKQANKCkADkgBZAhdCg9IAcUIEEgBdAJdChFIAc0QEkgBxR
32=MTSAHVIxQoKQAVKCkAFigpABcoKQAYKCkAGSgpABpIAdlTG0gB2VMcSAHRYR1IAdUNHigp
33=AB8oKQAgKCkAISgpACIoKQAjKCkAJCgpACUoKQAmKCkAJygpACgoKQApKCkAKkgB3SArSA
34=HVIyxIAWwmRSktSAHFKS5IAXQCRSkvSAHVAjAoKQAxKCsACgAV8TULKCkADCgpAA0oKQAO
35=SAF8ClUND0gB3QoQSAF0AlUNEUgBxRMSSQHd5msVAMUpFFQCyQEVKCkAFigpABcoKQAYKC
36=kAGSgpABooKQAbSAHBZxwoKQAdSAHBOx5IAcE7HygpACBIAc08IUgB2REiKCkAIygpACQo
37=KQAlKCkAJigpACcoKQAoKCkAKSgpACpIAd0gK0gB1SMsSAFsJkUpLUgBxSkuSAF0AkUpL0
38=gB1QIwKCkAMSgpADIoKwAJABbpOAooKQALKCkADCgpAA0oKQAOSAF0DU0QD0gB1Q0QSAF0
39=Ak0QEUgB3RUSSAHBJRMoKQAUKCkAFSgpABYoKQAXKCkAGCgpABkoKQAaSAHRNRtIAdE1HE
40=gBxTQdSAHBDx5IAdk9H0gB1QIgSAHVAiFIAdUCIigpACMoKQAkKCkAJSgpACYoKQAnKCkA
41=KCgpACkoKQAqKCkAK0gB1SMsSAFsJkUpLUgBxSkuSAF0AkUpL0gB1QIwKCkAMSgpADIoKQ
42=AzKCsACAAX4TsJKCkACigpAAsoKQAMKCkADSgpAA5IAWwQRRMPSAHNEBBIAXQCRRMRSAHV
43=GBJIAdknEygpABQoKQAVKCkAFigpABcoKQAYKCkAGSgpABooKQAbKCkAHCgpAB0oKQAeKC
44=kAHygpACAoKQAhKCkAIigpACMoKQAkKCkAJSgpACYoKQAnKCkAKCgpACkoKQAqKCkAK0gB
45=1SMsSAFsJkUpLUgBxSkuSAF0AkUpL0gB1QIwKCkAMSgpADIoKQAzKCkANCgrAAcAGPk9CC
46=gpAAkoKQAKKCkACygpAAwoKQANKCkADkgBZBNdFQ9IAcUTEEgBdAJdFRFIAc0bEkgBJ+UH
47=GCisFicpABUogQAWKCkAFygpABgoKQAZKCkAGkkB2q3AG0gB2XQcSAHVDR0oKQAeSAHBBB
48=9IAcEEIEgB1QIhSAHVAiIoKQAjKCkAJCgpACUoKQAmKCkAJygpACgoKQApKCkAKigpACtI
49=AdUjLEgBbCZFKS1IAcUpLkgBdAJFKS9IAdUCMCgpADEoKQAyKCkAMygpADQoKQA1KCsABg
50=AZ8UAHKCkACCgpAAkoKQAKKCkACygpAAwoKQANKCkADkgBfBVVGA9IAd0VEEgBdAJVGBFI
51=AcUeEkgByS0TKCkAFCgpABUoKQAWKCkAFygpABgoKQAZKCkAGkkB1/5BGQAntBcnKQAdQA
52=TVAh4oKQAfKCkAIEgBxcMhSAHRFCIoKQAjKCkAJCgpACUoKQAmKCkAJygpACgoKQApKCkA
53=KigpACtIAdUjLEgBbCZFKS1IAcUpLkgBdAJFKS9IAdUCMCgpADEoKQAyKCkAMygpADQoKQ
54=A1KCkANigrAAUAGulDBigpAAcoKQAIKCkACSgpAAooKQALKCkADCgpAA0oKQAOSAF0GE0b
55=D0gB1RgQSAF0Ak0bEUgB3SASSAHBMBMoKQAUKCkAFSgpABYoKQAXKCkAGCgpABkoKQAaSA
56=ElxSQbSAHZfxxIAdUNHSgpAB4oKQAfKCkAICgpACEoKQAiKCkAIygpACQoKQAlKCkAJigp
57=ACcoKQAoKCkAKSgpACooKQArSAHVIyxIAWwmRSktSAHFKS5IAXQCRSkvSAHVAjAoKQAxKC
58=kAMigpADMoKQA0KCkANSgpADYoKQA3KCsABAAb4UYFKCkABigpAAcoKQAIKCkACSgpAAoo
59=KQALKCkADCgpAA0oKQAOSAFsG0UeD0gBzRsQSAF0AkUeEUgB1SMSSAHVORMoKQAUKCkAFS
60=gpABYoKQAXKCkAGCgpABkoKQAaKCkAGygpABwoKQAdKCkAHigpAB8oKQAgKCkAISgpACIo
61=KQAjKCkAJCgpACUoKQAmKCkAJygpACgoKQApKCkAKigpACtIAdUjLEgBbCZFKS1IAcUpLk
62=gBdAJFKS9IAdUCMCgpADEoKQAyKCkAMygpADQoKQA1KCkANigpADcoKQA4KCsAAwAc+UgE
63=KCkABSgpAAYoKQAHKCkACCgpAAkoKQAKKCkACygpAAwoKQANKCkADkgBZB5dIA9IAcUeEE
64=gBdAJdIBFIAcwmBRIAHAD//wAAEQAAOw0AIAgABAATABwA//8AAEgBARQAHADJARUoKQAW
65=KCkAFygpABgoKQAZKCkAGkoB2AGRCRtJAdSpARwoKQAdSQHStQIeSAHVDR8oKQAgKCkAIS
66=gpACIoKQAjKCkAJCgpACUoKQAmKCkAJygpACgoKQApKCkAKigpACtJAeOlEyxJASapAS1J
67=Ae2pAS5IAXQCAQIEAC9IAdUCMCgpADEoKQAyKCkAMygpADQoKQA1KCkANigpADcoKQA4KC
68=kAOSgoAAECAB0AwQ8DKCkABCgpAAUoKQAGKCkABygpAAgoKQAJKCkACigpAAsoKQAMKCkA
69=DSgpAA5IAXwgQUYPSAHZERBIAXQCVSMRSAHFKRJJAdq5JxNIAdk9FCgpABUoKQAWKCkAFy
70=gpABgoKQAZKCkAGkkB2b0KG0gBQE59VxwoKQAdSAHBBB5IAcEPH0gBzQUgSAHVAiEoKQAi
71=KCkAIygpACQoKQAlKCkAJigpACcoKQAoKCkAKSgpACpIAd0gK0gB1SMsSAFsJkUpLUgBxS
72=kuSAF0AkUpL0gB1QIwKCkAMSgpADIoKQAzKCkANCgpADUoKQA2KCkANygpADgoKQA5KCkA
73=OigrAAEAHulOAigpAAMoKQAEKCkABSgpAAYoKQAHKCkACCgpAAkoKQAKKCkACygpAAwoKQ
74=ANKCkADkgBdCNNJg9IAdUjEEgBdAJNJhFIAd0rEkgB0UATSAHZPRQoKQAVKCkAFigpABco
75=KQAYKCkAGSgpABpJAdv2Tx4AJ5QTJykAHUEE06EEHkgBwQQfKCkAIEkB1qEEIUgBxRMiKC
76=kAIygpACQoKQAlKCkAJigpACcoKQAoKCkAKSgpACpIAd0gK0gB1SMsSAFsJkUpLUgBxSku
77=SAF0AkUpL0gB1QIwKCkAMSgpADIoKQAzKCkANCgpADUoKQA2KCkANygpADgoKQA5KCkAOi
78=gpADsoKwACAB/hUQMoKQAEKCkABSgpAAYoKQAHKCkACCgpAAkoKQAKKCkACygpAAwoKQAN
79=KCkADkgBdCNNJg9IAdUjEEgBdAJNJhFIAd0rEkkB3a08E0gBzTwUKCkAFSgpABYoKQAXKC
80=kAGCgpABkoKQAaKCkAGygpABwoKQAdKCkAHigpAB8oKQAgKCkAISgpACIoKQAjKCkAJCgp
81=ACUoKQAmKCkAJygpACgoKQApKCkAKkgB3SArSAHVIyxIAWwmRSktSAHFKS5IAXQCRSkvSA
82=HVAjAoKQAxKCkAMigpADMoKQA0KCkANSgpADYoKQA3KCkAOCgpADkoKQA6KCkAOygrAAMA
83=IPVPBCgpAAUoKQAGKCkABygpAAgoKQAJKCkACigpAAsoKQAMKCkADSgpAA5IAWgiQSUPSA
84=HJIhBIAXQCQSURSAHRKhJIAd1MEygpABQoKQAVKCkAFigpABcoKQAYKCkAGSgpABooKQAb
85=KCkAHCgpAB0oKQAeSQHcuV4fSAHNnyBIASfBEyAmlSkiVALdFSMoKQAkKCkAJSgpACYoKQ
86=AnKCkAKCgpACkoKQAqKCkAK0gB1SMsSAFsJkUpLUgBxSkuSAF0AkUpL0gB1QIwKCkAMSgp
87=ADIoKQAzKCkANCgpADUoKQA2KCkANygpADgoKQA5KCkAOigrAAQAIf1MBSgpAAYoKQAHKC
88=kACCgpAAkoKQAKKCkACygpAAwoKQANKCkADkgBcB9JIg9IAdEfEEgBdAJJIhFIAdknEkgB
89=0TUTKCkAFCgpABUoKQAWKCkAFygpABgoKQAZKCkAGkgBwUYbSAHBRhwoKQAdSAHNRx5IAc
90=0QH0gBJy0nIeVKIVQCwQQiKCkAIygpACQoKQAlKCkAJigpACcoKQAoKCkAKSgpACooKQAr
91=SAHVIyxIAWwmRSktSAHFKS5IAXQCRSkvSAHVAjAoKQAxKCkAMigpADMoKQA0KCkANSgpAD
92=YoKQA3KCkAOCgpADkoKwAFACLlSgYoKQAHKCkACCgpAAkoKQAKKCkACygpAAwoKQANKCkA
93=DkgBeBxRHw9IAdkcEEgBdAJRHxFIAcElEkgBxTQTKCkAFCgpABUoKQAWKCkAFygpABgoKQ
94=AZKCkAGigpABtIAclDHCgpAB1IAcEPHkgByU4fSAHJTiBIAd1MIUgBzQUiKCkAIygpACQo
95=KQAlKCkAJigpACcoKQAoKCkAKSgpACooKQArSAHVIyxIAWwmRSktSAHFKS5IAXQCRSkvSA
96=HVAjAoKQAxKCkAMigpADMoKQA0KCkANSgpADYoKQA3KCkAOCgrAAYAI+1HBygpAAgoKQAJ
97=KCkACigpAAsoKQAMKCkADSgpAA5IAWAaWRwPSAHBGhBIAXQCWRwRSAHJIhJIAc0xEygpAB
98=QoKQAVKCkAFigpABcoKQAYKCkAGSgpABpIAdFAG0gB0UAcKCkAHUgB3UEeSAHNEB9IAdFL
99=IEgB1QIhKCkAIigpACMoKQAkKCkAJSgpACYoKQAnKCkAKCgpACkoKQAqKCkAK0gB1SMsSA
100=FsJkUpLUgBxSkuSAF0AkUpL0gB1QIwKCkAMSgpADIoKQAzKCkANCgpADUoKQA2KCkANygr
101=AAcAJPVECCgpAAkoKQAKKCkACygpAAwoKQANKCkADkgBaBdBGg9IAckXEEgBdAJBGhFIAd
102=EfEkgBwTATKCkAFCgpABUoKQAWKCkAFygpABgoKQAZKCkAGigpABsoKQAcKCkAHSgpAB5I
103=AdlIH0gB2UggSAHNRyFIAdEUIigpACMoKQAkKCkAJSgpACYoKQAnKCkAKCgpACkoKQAqKC
104=kAK0gB1SMsSAFsJkUpLUgBxSkuSAF0AkUpL0gB1QIwKCkAMSgpADIoKQAzKCkANCgpADUo
105=KQA2KCsACAAl/UEJKCkACigpAAsoKQAMKCkADSgpAA5IAXAUSRcPSAHRFBBIAXQCSRcRSA
106=HZHBJIAd0rEygpABQoKQAVKCkAFigpABcoKQAYKCkAGSgpABooKQAbKCkAHCgpAB1IAcWB
107=HkgBzRAfKCkAICgpACEoKQAiKCkAIygpACQoKQAlKCkAJigpACcoKQAoKCkAKSgpACooKQ
108=ArSAHVIyxIAWwmRSktSAHFKS5IAXQCRSkvSAHVAjAoKQAxKCkAMigpADMoKQA0KCkANSgr
109=AAkAJuU/CigpAAsoKQAMKCkADSgpAA5IAXgRURQPSAHZERBIAXQCURQRSAHBGhJIAcktEy
110=gpABQoKQAVKCkAFigpABcoKQAYKCkAGSgpABpIASWJThtIAckMHCgpAB1IAcEEHkgBwQQf
111=KCkAIEgBwQQhSAHBBCIoKQAjKCkAJCgpACUoKQAmKCkAJygpACgoKQApKCkAKigpACtIAd
112=UjLEgBbCZFKS1IAcUpLkgBdAJFKS9IAdUCMCgpADEoKQAyKCkAMygpADQoKwAKACftPAso
113=KQAMKCkADSgpAA5IAWAPWREPSAHBDxBIAXQCWRERSAHJFxJIAdknE0gB2ScUKCkAFSgpAB
114=YoKQAXKCkAGCgpABkoKQAaSAEl9UsbSAHFdhwoKQAdSAHBBB5IAcEPH0gBzQUgSAHBBCFI
115=AcEEIigpACMoKQAkKCkAJSgpACYoKQAnKCkAKCgpACkoKQAqSAHdICtIAdUjLEgBbCZFKS
116=1IAcUpLkgBdAJFKS9IAdUCMCgpADEoKQAyKCkAMygrAAsAKPU5DCgpAA0oKQAOSAFoDEEP
117=D0gByQwQSAF0AkEPEUgB0RQSSAHBJRNIAcElFCgpABUoKQAWKCkAFygpABgoKQAZKCkAGk
118=gBJ8FVKCjAVScpAB1ABCfAVSdVAB9UAic/HigA1SRVQiFUAsUTIigpACMoKQAkKCkAJSgp
119=ACYoKQAnKCkAKCgpACkoKQAqSAHdICtIAdUjLEgBbCZFKS1IAcUpLkgBdAJFKS9IAdUCMC
120=gpADEoKQAyKCsADAAp/TYNKCkADkgBcAlJDA9IAdEJEEgBdAJJDBFIAdkREkgB0RQTSAHJ
121=IhQoKQAVKCkAFigpABcoKQAYKCkAGSgpABooKQAbKCkAHCgpAB0oKQAeKCkAHygpACAoKQ
122=AhKCkAIigpACMoKQAkKCkAJSgpACYoKQAnKCkAKCgpACkoKQAqSAHdICtIAdUjLEgBbCZF
123=KS1IAcUpLkgBdAJFKS9IAdUCMCgpADEoKwANACrlNA5IAXgGUQkPSAHZBhBIAXQCUQkRSA
124=HBDxJIAc1dE0gB3VcUKCkAFUgBJWkpFkgB3TYXKCkAGCgpABkoKQAaKCkAGygpABwoKQAd
125=SAElISseSAHBDx9IAdUNIEgB1Q0hKCkAIigpACMoKQAkKCkAJSgpACYoKQAnSAHVDShIAd
126=UNKSgpACpIAcV2K0gB1SMsSAFsJkUpLUgBxSkuSAF0AkUpL0gB1QIwKCoADgBM5Ll/D0gB
127=wQQQSAHZBhFJAeChBBIoKQATKCkAFCgpABUoKQAWKCkAFygpABgoKQAZKCkAGigpABsoKQ
128=AcKCkAHSgpAB4oKQAfKCkAICgpACEoKQAiKCkAIygpACQoKQAlKCkAJigoAAInACsA4BEA
129=ALYEDgwIAQAAAAQAKAArAOCqASkAJykAKigpACtJAeOhBCxJASapAS1JAe2pAS5IAXQCAQ
130=IEAC9IAdQCAg8ALAAnQAQBAQQAEMgBQQQRSQElVAIBAAQAEigpABMoKQAUKCkAFSgpABYo
131=KQAXKCkAGCgpABkoKQAaKCkAGygpABwoKQAdKCkAHigpAB8oKQAgKCkAISgpACIoKQAjKC
132=kAJCgpACUoKQAmKCkAJygpACgoKQApKCkAKigpACsoKQAsSAF4J0ElLcgBRSkuyAFHKRAA
133=LZwrAQUEABFIAdUuEigpABMoKQAUKCkAFSgpABYoKQAXKCkAGCgpABkoKQAaKCkAGygpAB
134=woKQAdKCkAHigpAB8oKQAgKCkAISgpACIoKQAjKCkAJCgpACUoKQAmKCkAJygpACgoKQAp
135=KCkAKigpACsoKQAsSAFyKgMEQAG5JwR6Jy4AbFJSKhIAJykAEygpABQoKQAVKCkAFigpAB
136=coKQAYKCkAGSgpABooKQAbKCkAHCgpAB0oKQAeKCkAHygpACAoKQAhKCkAIigpACMoKQAk
137=KCkAJSgpACYoKQAnKCkAKCgpACkoKQAqKCkAKygpACxIAXknBnJ3LwDJThNUfskBFCgpAB
138=UoKQAWKCkAFygpABgoKQAZKCkAGigpABsoKQAcKCkAHSgpAB4oKQAfKCkAICgpACEoKQAi
139=KCkAIygpACQoKQAlKCkAJigpACcoKQAoKCkAKSgpACooKQArKCsAEwAw9SMUKCkAFSgpAB
140=YoKQAXKCkAGCgpABkoKQAaKCkAGygpABwoKQAdKCkAHigpAB8oKQAgKCkAISgpACIoKQAj
141=KCkAJCgpACUoKQAmKCkAJygpACgoKQApKCkAKigrABQAMf0gFSgpABYoKQAXKCkAGCgpAB
142=koKQAaKCkAGygpABwoKQAdKCkAHigpAB8oKQAgKCkAISgpACIoKQAjKCkAJCgpACUoKQAm
143=KCkAJygpACgoKQApKCsAFQAy5R4WKCkAFygpABgoKQAZKCkAGigpABsoKQAcKCkAHSgpAB
144=4oKQAfKCkAICgpACEoKQAiKCkAIygpACQoKQAlKCkAJigpACcoKQAoKCsAFgAz7RsXKCkA
145=GCgpABkoKQAaKCkAGygpABwoKQAdKCkAHigpAB8oKQAgKCkAISgpACIoKQAjKCkAJCgpAC
146=UoKQAmKCkAJygrABcANPUYGCgpABkoKQAaKCkAGygpABwoKQAdKCkAHigpAB8oKQAgKCkA
147=ISgpACIoKQAjKCkAJCgpACUoKQAmKCsAGAA1/RUZKCkAGigpABsoKQAcKCkAHSgpAB4oKQ
148=AfKCkAICgpACEoKQAiKCkAIygpACQoKQAlKCsAGQA25RMaKCkAGygpABwoKQAdKCkAHigp
149=AB8oKQAgKCkAISgpACIoKQAjKCkAJCgrABoAN+0QGygpABwoKQAdKCkAHigpAB8oKQAgKC
150=kAISgpACIoKQAjKCsAGwA49Q0cKCkAHSgpAB4oKQAfKCkAICgpACEoKQAiKCsAHAA5/Qod
151=KCkAHigpAB8oKQAgKCkAISgrAB0AOuUIHigpAB8oKQAgKCsAHgA77AUIHwA7AO0BAAAABA
152=ARAAA=

[Lighting]
Red=1.000000
Blue=1.000000
Green=1.000000
Level=0.032000
Ground=0.000000
IonRed=0.695000
Ambient=1.000000
IonBlue=0.775000
IonGreen=0.445000
IonLevel=0.032000
IonGround=0.000000
IonAmbient=0.650000
DominatorRed=0.850000
DominatorBlue=0.300000
DominatorGreen=0.200000
DominatorLevel=0.000000
DominatorGround=0.000000
DominatorAmbient=1.500000
DominatorAmbientChangeRate=0.009000

[Map]
Size=0,0,30,30
Theater=TEMPERATE
LocalSize=3,5,24,19

[Neutral]
IQ=0
Edge=North
Color=Grey
Allies=Neutral
Country=Neutral
Credits=0
NodeCount=0
TechLevel=1
PercentBuilt=0
PlayerControl=no

[Nod]
IQ=0
Edge=North
Color=Gold
Allies=Nod
Country=Nod
Credits=0
NodeCount=0
TechLevel=1
PercentBuilt=0
PlayerControl=no

[OverlayDataPack]
1=BQAAIP4AIACABQAAIP4AIACABQAAIP4AIACABQAAIP4AIACABQAAIP4AIACABQAAIP4AIA
2=CABQAAIP4AIACABQAAIP4AIACABQAAIP4AIACABQAAIP4AIACABQAAIP4AIACABQAAIP4A
3=IACABQAAIP4AIACABQAAIP4AIACABQAAIP4AIACABQAAIP4AIACABQAAIP4AIACABQAAIP
4=4AIACABQAAIP4AIACABQAAIP4AIACABQAAIP4AIACABQAAIP4AIACABQAAIP4AIACABQAA
5=IP4AIACABQAAIP4AIACABQAAIP4AIACABQAAIP4AIACABQAAIP4AIACABQAAIP4AIACABQ
6=AAIP4AIACABQAAIP4AIACABQAAIP4AIACA

[OverlayPack]
1=BQAAIP4AIP+ABQAAIP4AIP+ABQAAIP4AIP+ABQAAIP4AIP+ABQAAIP4AIP+ABQAAIP4AIP
2=+ABQAAIP4AIP+ABQAAIP4AIP+ABQAAIP4AIP+ABQAAIP4AIP+ABQAAIP4AIP+ABQAAIP4A
3=IP+ABQAAIP4AIP+ABQAAIP4AIP+ABQAAIP4AIP+ABQAAIP4AIP+ABQAAIP4AIP+ABQAAIP
4=4AIP+ABQAAIP4AIP+ABQAAIP4AIP+ABQAAIP4AIP+ABQAAIP4AIP+ABQAAIP4AIP+ABQAA
5=IP4AIP+ABQAAIP4AIP+ABQAAIP4AIP+ABQAAIP4AIP+ABQAAIP4AIP+ABQAAIP4AIP+ABQ
6=AAIP4AIP+ABQAAIP4AIP+ABQAAIP4AIP+A

[Russians]
IQ=0
Edge=North
Color=DarkRed
Allies=Russians
Country=Russians
Credits=0
NodeCount=0
TechLevel=1
PercentBuilt=0
PlayerControl=no

[Special]
IQ=0
Edge=North
Color=Grey
Allies=Special
Country=Special
Credits=0
NodeCount=0
TechLevel=1
PercentBuilt=0
PlayerControl=no

[SpecialFlags]
Inert=no
FogOfWar=no
IonStorms=no
MCVDeploy=no
Meteorites=no
Visceroids=yes
FixedAlliance=no
TiberiumGrows=yes
InitialVeteran=no
HarvesterImmune=no
TiberiumSpreads=yes
TiberiumExplosive=no
DestroyableBridges=yes

[Tags]

[Units]

[YuriCountry]
IQ=0
Edge=North
Color=DarkRed
Allies=YuriCountry
Country=YuriCountry
Credits=0
NodeCount=0
TechLevel=1
PercentBuilt=0
PlayerControl=no



[Digest]
1=zewwLp+8a9Ilo3x6RhhOUlxtpjY=

