; Map created with FinalAlert 2(tm) Mission Editor
; Get it at http://www.westwood.com
; note that all comments were truncated

[Header]
Width=27
Height=23
StartX=242
StartY=22
Waypoint1=0,0
Waypoint2=0,0
Waypoint3=0,0
Waypoint4=0,0
Waypoint5=0,0
Waypoint6=0,0
Waypoint7=0,0
Waypoint8=0,0
NumberStartingPoints=0

[TerrainTypes]


[Preview]
Size=0,0,60,30

[PreviewPack]
1=MggYFQ6fp0+hp0+WY0eaZkmmqG6ipGgAQAFIACAVLAAABnd3dTw/Pj9BPT1CRj1CRz1APT
2=w+Pnh4dkAKSAAgFUwBQAdIAKwHtAAgKrQCSwmWY0dYCglGSkuWemaVe2dFSUtYDUgAUAIg
3=J+QCvCxAClgKSABAAUgAQAFIAEABSABAAUgAQAFIAEABSABAAUgAQAFIAEABSABMKycsAF
4=QVCYltW4hsWZhkR5ZiRKwBpBekGiAh5AJEDlgNSABAAUgAQAFIAEABSABAAUgAQAFIAEAB
5=SABAAUgAQAFIAEABSAAttAJTFJCKgFsruLChSwC2rqBIAEMunZaLSBikF6wHIBvkAiAYnA
6=UttAK8KUMTYmFZJ7QCQAFIAFgWSABYGawEICHkAkwlQB9IAEABSABAAUgAQAFIAEABSABA
7=AUgAQAFIAEABSAAttAJQETBsBUgVSABIFUgAQAFLBkpOT0gAICTMBSAMnAVIDyfkAirfCq
8=ukmUATWBNIAEABSABAAUgAQAFIBkgVSABQiUsGc3RzSABYHCAbzAVcJlgQSABAAUgAQAFI
9=AEABSABAAUgAQAFIAEgPJywASA9QDq8rmpOGQBNYE0gAQAFIAEABSABAAUgGSBVIACq0Al
10=wCSABABEgAIBjMBT+cBUgPKrQCvCNcVkgPSABID0gAQAFIAEABSABAAUgGSBVIADa3Anx4
11=dFgEUAVIAFgfrAogCZwLTChIEkgAQAFIAEABSABAAUgASA8nLAAqbAU2lA1YEEgGSBVIAD
12=a3AoaCflgESBVIAEABSABAAUgAIAzMBTOcBUgPKrQCvCAgHmwFNrQCWBZIAFgWSAAgBswF
13=XClYE0gAQAFIAC20AlAIvFZYCkgAWApIAEABSABAAUgAQAFIBkArSAA2bwWDf3pYBFAFSA
14=BAAUgAQAFIAEABSABAAUgAQAFIAEABSAA/zAUnnAVIDyfkAkRBJ28FPUA9SAAkzCBYCkgA
15=WApIAEABSAZIFUgANrcCgX15WARQBUgAQAFIAEABSABAAUgAQAFIAEABSABAAUgAQAFIAE
16=ABSABYJawQMJ8LPEFFSA9TDj9BPVwsVBVQBS1sBVQGWBZIACfkAkgGSBVIAEAHSAZYl0gA
17=WA1IAFgNSAAgG7QCUAhIAFAISAAtzAWsEL8sQkVGSA8wtAJUBlgHSABAAcYXQkZbHEtPUC
18=A/tAJQDkgAXA5IAEATJ88FPUJGXCMqxChIA0sblXtnRAVIBkgAQAFIAEABrCsDTVFTNztA
19=SAYDP0NHVlhWXAJIAEAESAAGvbWnhoJ8iIN9TAFQAkgAQAFIAEABSABAAUgAQAFIAEABSA
20=BAAUgAQAFIAEABSABAAUgAQAFIAEABSABAAUAWvD5AEEAlXEG8LEwoUFkn3yWdloukBbQG
21=UAVYQEgASAZYMVscUFJTWDRIACe0CFALUAUDo5qEioV/SwCRioBYAVACSABAAUgAQAFIAE
22=ABSABAAUgAQAFIAEABSABAAUgAQAFIAEABSABAAUAoJHwoQBBYE0hXSABAEFQAWAFIAEAB
23=pBevAXh4dkgGrC4qtAJAFlQJSABYClwFWBZIAC3nApyOdVgWA4iEf5CLgVgEUAVIAEABSA
24=BAAUgAQAFIAEABSABAAUgAQAFIAEABSABAAaQmWD1UFaQpWBNUFawTvCxEAlgBSABAAUQR
25=QAFIAEwBRBcnzAUqtAKkC1ALQAFcBVgWSAAt5AIDmY52i4eCIA/lAokm7C1UFawQWBAntA
26=JMAbACVABIAFgBSABAAUgAQAFEEUABSABMAUQXSAmsLlAUSBVIAEABSABAAUgAQAFcBVgW
27=SAAgGOQCKmwFvA5IDy20ArwCMJwFRAVIA0gAQAFEEUABSABMAUQXJ8wFUBRIFUgAQAFIAE
28=ABSABAAVwFWBZIADPkAkBGM5wLQCIz3Aq8DkgPQAFIAEABSACgAVQASABYAUgAQAFIAEAB
29=SABAAUgAQAFEEUABSABMAUQXSAyvLqWfk0gVSABUFUgAQAFIAEABXAVYFkgALeQCMJwLIA
30=lsBUgPQBBIAEABPJwFQARYBEgAQAFEEUABSABMAUQXJ88Fm5WJSBVIAFQVSABAAUgAQAFc
31=BVgWSAAt5AK8XEAfIAxsBbwOSA+gAVQASABYAUgAQAFIAEABSABAAUgAQAFIAEABSABAAU
32=QRQAFIAEwBRBdID64uY2IiSDW0FUAWQAFIAEABXAVYFkgAJ+QCIBVsBVgNUA5IAEABIAmc
33=BVAFSAZIAEABRBFAAUgATAFEFyfMBVAUSBVIAEABSABAAUgAQAFcBVgWQBwgGGwFrA1YDa
34=ABVABIAFgBSABAAUgAQAFIAEABSABAAUgAQAFIAEABSABAAUgAQAFEEUABSABMAUQXSBKs
35=LlAUSBVIAEABSABAASAhbAVIDEANSABAASAVnAVAB1gHSABAAS3kAifPBZmTilQVQBkgJG
36=wFrA1YDaABVABIAFgBSABAAUgAQAFIAEABSABAAUgAQAFIAEABSABAAUgAQAFIAEABSABA
37=AS3kAkgVIC1sBUgMQA1IAEABICGcBVAISAlIAEABpBdIV6RuTdk8I+xOSAMzdBhcAkAHSA
38=BAAUgAQAFIAEABSABAAUgAQAFIAEABSABAAUgAQwH///9UAEgAWAFIAEABSABAAUgAQAFI
39=AEABSABAAUgAQAFIAEABSABAAUgAQAFIAEABSABAAUgAQAFHFz1CRiH7Jz9CRCSUK7wCSA
40=NAAUgAQAFIAEABSABAAUgAQAFIAEABSABAAUgAQAFIAEABSABAAQmipG6mqG6mqG6ipG4R
41=AAA=

[Africans]
IQ=0
Edge=North
Color=DarkRed
Allies=Africans
Country=Africans
Credits=0
NodeCount=0
TechLevel=1
PercentBuilt=0
PlayerControl=no

[Alliance]
IQ=0
Edge=North
Color=Gold
Allies=Alliance
Country=Alliance
Credits=0
NodeCount=0
TechLevel=1
PercentBuilt=0
PlayerControl=no

[Americans]
IQ=0
Edge=North
Color=Gold
Allies=Americans
Country=Americans
Credits=0
NodeCount=0
TechLevel=1
PercentBuilt=0
PlayerControl=no

[Arabs]
IQ=0
Edge=North
Color=DarkRed
Allies=Arabs
Country=Arabs
Credits=0
NodeCount=0
TechLevel=1
PercentBuilt=0
PlayerControl=no

[Basic]
Name=No name
Author=Author Not Set
Percent=0
GameMode=standard
HomeCell=98
InitTime=10000
Official=no
EndOfGame=no
FreeRadar=no
MaxPlayer=2
MinPlayer=2
SkipScore=no
TrainCrate=no
TruckCrate=no
AltHomeCell=99
OneTimeOnly=no
CarryOverCap=0
NewINIFormat=4
NextScenario=
SkipMapSelect=no
CarryOverMoney=0.000000
AltNextScenario=
MultiplayerOnly=1
IceGrowthEnabled=no
VeinGrowthEnabled=no
TiberiumGrowthEnabled=yes
IgnoreGlobalAITriggers=no
TiberiumDeathToVisceroid=no

[British]
IQ=0
Edge=North
Color=Gold
Allies=British
Country=British
Credits=0
NodeCount=0
TechLevel=1
PercentBuilt=0
PlayerControl=no

[CellTags]

[Confederation]
IQ=0
Edge=North
Color=DarkRed
Allies=Confederation
Country=Confederation
Credits=0
NodeCount=0
TechLevel=1
PercentBuilt=0
PlayerControl=no

[French]
IQ=0
Edge=North
Color=Gold
Allies=French
Country=French
Credits=0
NodeCount=0
TechLevel=1
PercentBuilt=0
PlayerControl=no

[GDI]
IQ=0
Edge=North
Color=Gold
Allies=GDI
Country=GDI
Credits=0
NodeCount=0
TechLevel=1
PercentBuilt=0
PlayerControl=no

[Germans]
IQ=0
Edge=North
Color=Gold
Allies=Germans
Country=Germans
Credits=0
NodeCount=0
TechLevel=1
PercentBuilt=0
PlayerControl=no

[Houses]
0=Americans
1=Alliance
2=French
3=Germans
4=British
5=Africans
6=Arabs
7=Confederation
8=Russians
9=YuriCountry
10=GDI
11=Nod
12=Neutral
13=Special

[IsoMapPack5]
1=Vg0AIA8eAAEAWAMAAAAEAB0AAgBYAwBpAR4oKQAfKCsAHAAD4QQdKCkAHigpAB8oKQAgKC
2=kAG0wL3QocKCkAHSgpAB4oKQAfKCkAICgpACEoKwAaAAXtEBsoKQAcKCkAHSgpAB4oKQAf
3=KCkAICgpACEoKQAiKCsAGQAG6QwaKCkAGygpABwoKQAdKCkAHigpAB8oKQAgKCkAISgpAC
4=IoKQAjKCsAGAAH4Q8ZKCkAGigpABsoKQAcKCkAHSgpAB4oKQAfKCkAICgpACEoKQAiKCkA
5=IygpACQoKwAXAAj5ERgoKQAZKCkAGigpABsoKQAcKCkAHSgpAB4oKQAfKCkAICgpACEoKQ
6=AiKCkAIygpACQoKQAlKCsAFgAJ8RQXKCkAGCgpABkoKQAaKCkAGygpABwoKQAdKCkAHigp
7=AB8oKQAgKCkAISgpACIoKQAjKCkAJCgpACUoKQAmKCsAFQAK6RcWKCkAFygpABgoKQAZKC
8=kAGigpABsoKQAcKCkAHSgpAB4oKQAfKCkAICgpACEoKQAiKCkAIygpACQoKQAlKCkAJigp
9=ACcoKwAUAAvhGhUoKQAWKCkAFygpABgoKQAZKCkAGigpABsoKQAcKCkAHSgpAB4oKQAfKC
10=kAICgpACEoKQAiKCkAIygpACQoKQAlKCkAJigpACcoKQAoKCsAEwAM+RwUKCkAFSgpABYo
11=KQAXKCkAGCgpABkoKQAaKCkAGygpABwoKQAdKCkAHigpAB8oKQAgKCkAISgpACIoKQAjKC
12=kAJCgpACUoKQAmKCkAJygpACgoKQApKCsAEgAN8R8TKCkAFCgpABUoKQAWKCkAFygpABgo
13=KQAZKCkAGigpABsoKQAcKCkAHSgpAB4oKQAfKCkAICgpACEoKQAiKCkAIygpACQoKQAlKC
14=kAJigpACcoKQAoKCkAKSgpACooKAADEQAOACUBneYSKCkAEygpABQoKQAVKCkAFigpABco
15=KQAYKCkAGSgpABooKQAbKCkAHCgpAB0oKQAeKCkAHygpACAoKQAhKCkAIigpACMoKQAkKC
16=kAJSgpACYoKQAnKCkAKCgpACkoKQAqKCkAKygoAAIQAA8AJ0AlAQUEABFIAWwmAQEEABJI
17=ASV5IBMoKQAUKCkAFUoBFgKdKxZIAc0FFygpABgoKQAZKCkAGigpABsoKQAcKCkAHSgpAB
18=4oKQAfKCkAICgpACEoKQAiKCkAIygpACQoKQAlKCkAJigpACcoKQAoKCkAKSgpACooKQAr
19=SAHVIyxIAW4mAwRBARCYJwEHBAAQRAB1AghlKRCVTwJkKScpABNABGQIVQIUKCkAFSgpAB
20=YoKQAXKCkAGCgpABkoKQAaKCkAGygpABwoKQAdKCkAHigpAB8oKQAgKCkAISgpACIoKQAj
21=KCkAJCgpACUoKQAmKCkAJygpACgoKQApKCkAKigpACsoKQAsSAFsJgEGBAAtyAFFKQ5JUS
22=ZNUgB+KxEAaAFNUhDUAlknEUkBsCRVLBJJAa+pARNJAa6pARRIAcEEFUkBsbUCFkgBzQUX
23=SAHNBRhIAc0FGUgBzQUaSAHNBRtIAc0FHEgBzQUdSAHNBR5IAc0FH0gBzQUgSAHNBSFIAc
24=0FIkgBzQUjSAHNBSRIAc0FJUgBzQUmSAHNBSdIAc0FKEgBzQUpSAHNBSpIAc0FK0gBzQUs
25=SAF4J0UpLcgBRSkuyAFFKQ1IfdF3DkgBzQUPSAHVAhBIAXQCTQURSAHVDRJKAVEEmX8TKC
26=kAFCgpABUoKQAWKCkAF0gBcAlZERjIAVkRGcgBSQwaSAHdChsoKQAcSQFWUA0BAAgAHUgB
27=gwQIAB4oKQAfKCkAICgpACEoKQAiKCkAIygpACQoKQAlKCkAJigpACcoKQAoKCkAKSgpAC
28=ooKQArSAHZMixIAdkcLUgBxSkuSAF0AlkcL0gB1wIMABPt9w0oKQAOSAFsBUElD0kBFqWt
29=EEgBdAJFCBFIAc08EkgBiSIEQgETAMkBFFAByQEVKCkAFigpABdIAXAJSQwYyAGNMROcbU
30=kMGlQCxQgbKCkAHEkBVOwx1A1sMScpAB9ABJsGCAAgKCkAISgpACIoKQAjKCkAJCgpACUo
31=KQAmKCkAJygpACgoKQApKCkAKigpACtIAdFhLEgB2RwtSAHVLi5IAXQCWRwvSAHVAjAoKw
32=ALABT5MgwoKQANKCkADkgBZAhZJw9IAcUIEEgBdAJdChFIAd1BEkgBiCJlNBQohAYnKQAV
33=KIEAFigpABdIAXAJSQwYyAGFNBQohAYnBQEbQATJDBxIAWU0AXRlwARkNCcpAB9ABIwFZD
34=QnVQAhKFUAIigpACMoKQAkKCkAJSgpACYoKQAnKCkAKCgpACkoKQAqKCkAK0kBsbWyLEgB
35=2RwtSAHFKS5IAXQCRSkvSAHVAjAoKQAxKCsACgAV8TULKCkADCgpAA0oKQAOSAF8ClEqD0
36=gB3QoQSAF0AlUNEUgBzUcSSQHpbF19NhUo3AYnKQAVQQRRuaAWKCkAF0gBcAlJDBjIAZ02
37=FSjcBicFARtABMUIHEkBVnQNfDbABHw2JykAH0AEjAV8NidVACEoVQAiKCkAIygpACQoKQ
38=AlKCkAJigpACcoKQAoKCkAKSgpACooKQArSAHdjixIAdkcLUkBFq2ULkgBdAJFKS9IAd0r
39=MCgpADEoKQAyKCsACQAW6TgKKCkACygpAAwoKQANKCkADkgBdA1JLQ9IAdUNEEgBdAJNEB
40=FJAbG9TBJIAXQ5TTETSQFRvTYUKCkAFSgpABYoKQAXSAFwCUkMGMgBRQgZyAFJDBpIAdEJ
41=GygpABxJAVb1ORasR3Q5JykAH0AEmAZ0OSdVACEoVQAiKCkAIygpACQoKQAlKCkAJigpAC
42=coKQAoKCkAKSgpACooKQArSAHNlCxIAdkcLUgBxSkuSAF0AlkcL0gB1QIwKCkAMSgpADIo
43=KQAzKCsACAAX4TsJKCkACigpAAsoKQAMKCkADSgpAA5IAWwQQTAPSAHNEBBIAXQCRRMRSA
44=HNUhJIAZAqZXYXtS4EQIUnKQAVKIEAFigpABdIAXAJSQwYyAGNPBcoxA4nBQEbQATJDBxI
45=ASeMB8AEbDwnKQAfQASMBWw8J1UAIShVACIoKQAjKCkAJCgpACUoKQAmKCkAJygpACgoKQ
46=ApKCkAKigpACtIAd2ZLEgB2RwtSAHFKS5IAXQCRSkvSAHVAjAoKQAxKCkAMigpADMoKQA0
47=KCsABwAY+T0IKCkACSgpAAooKQALKCkADCgpAA0oKQAOSAFkE1kyD0gBxRMQSAF0Al0VEU
48=gB3VcSSAGILWU/GCjkBycpABUogQAWKCkAF0gBcAlJDBjIAYU/GCjkBycFARtABMkMHEgB
49=bOwjRCrABGQ/JykAH0AEjAVkPydVACEoVQAiKCkAIygpACQoKQAlKCkAJigpACcoKQAoKC
50=kAKSgpACooKQArSQGxrZ8sSAHZHC1IAcUpLkgBdAJFKS9IAdUCMCgpADEoKQAyKCkAMygp
51=ADQoKQA1KCsABgAZ8UAHKCkACCgpAAkoKQAKKCkACygpAAwoKQANKCkADkgBfBVRNQ9IAd
52=0VEEgBdAJVGBFIAc1dEkkB1VyvVQITSQFR9b0Z6UMVKFUAFigpABdIAXAJSQwYyAGdQRko
53=PAgnBQEbQATdChxIAXxBI8wlwAR8QScpAB9ABIwFfEEnVQAhKFUAIigpACMoKQAkKCkAJS
54=gpACYoKQAnKCkAKCgpACkoKQAqKCkAK0gB3aQsSAHZHC1IAcUpLkgBdAJNJi9IAdUCMCgp
55=ADEoKQAyKCkAMygpADQoKQA1KCkANigrAAUAGulDBigpAAcoKQAIKCkACSgpAAooKQALKC
56=kADCgpAA0oKQAOSAF0GEk4D0gB1RgQSAF0Ak0bEUkBsb1iEkgBdUQGdYYa6UMUVQJRoUYV
57=KCkAFigpABdIAXAJSQwYyAGVRBoolAgnMQEbQATRCRxJAVVMUpSGwAR0RCcpAB9ABIwFdE
58=QnVQAhKFUAIigpACMoKQAkKCkAJSgpACYoKQAnKCkAKCgpACkoKQAqKCkAK0gBzaosSAHZ
59=HC1IAcUpLkgBdAJFKS9IAdUCMCgpADEoKQAyKCkAMygpADQoKQA1KCkANigpADcoKwAEAB
60=vhRgUoKQAGKCkABygpAAgoKQAJKCkACigpAAsoKQAMKCkADSgpAA5IAWwbQTsPSAHNGxBI
61=AXQCRR4RSAHNaBJIAW1HCm1HGyjsCCcpABVABJc5BAAWKCkAF0gBcAlJDBjIAY1HGyjsCC
62=cFARtABMUIHEgBbEeEjMAEbEcnKQAfQASMBWxHJ1UAIShVACIoKQAjKCkAJCgpACUoKQAm
63=KCkAJygpACgoKQApKCkAKigpACtIAd2vLEgB2RwtSAHFKS5IAXQCRSkvSAHVAjAoKQAxKC
64=kAMigpADMoKQA0KCkANSgpADYoKQA3KCkAOCgrAAMAHPlIBCgpAAUoKQAGKCkABygpAAgo
65=KQAJKCkACigpAAsoKQAMKCkADSgpAA5IAWQeWT0PSAHFHhBIAXQCXSARSAHcbQUSABwAUQ
66=QAABEAALcNACAIAAQAEwAcAFEEAABIAQEUABwAyQEVKCkAFigpABdKASYBjQUYyAEBAQQA
67=GcgBAQIEABpIAcUIGygpABxJAVVUBgEACAAdSAGDBAgAHigpAB8oKQAgKCkAISgpACIoKQ
68=AjKCkAJCgpACUoKQAmKCkAJygpACgoKQApKCkAKigpACtKAbEDVxQEACxIAdkcLUkBWLUC
69=LkgBdAJZHC9IAdUCMCgpADEoKQAyKCkAMygpADQoKQA1KCkANigpADcoKQA4KCkAOSgpAA
70=JCKBYCkRQDSAHNEAQoKQAFKCkABigpAAcoKABoMNkGCShVAAooKQALKCkADCgpAA0oKQAO
71=SAF8IEFGD0gB0QkQSAF0AlUjEUkBr60mEkkBUbFLEygpABQoKQAVKCkAFigpABdIAXAJSQ
72=wYyAGeTB0AdAJJDBpUAt0KGygpABxIAX1MAXEcHahZfEwnKQAfQASbBggAICgpACEoKQAi
73=KCkAIygpACQoKQAlKCkAJigpACcoKQAoKCkAKSgpACooKQArSQGutSMsSAFgGlkcLUgBxS
74=kuSAF0AlkcL0gB1QIwKCkAMSgpADIoKQAzKCkANCgpADUoKQA2KCkANygpADgoKQA5KCkA
75=OigpAAFAdclOAigpAANIAcUTBCgpAAUoKQAGKCkABygoAHQx2QYJKFUACigpAAsoKQAMKC
76=kADSgpAA5IAXQjTSYPSAHRCRBIAXQCTSYRSQGxvSsSSQFR9U8ev0EEABQoVQAVKCkAFigp
77=ABdIAXAJSQwYyAGVTx4o9AknMQEbQATJDBxIAXRPlJzABHwdJykAH0AEjAV0TydVACEoVQ
78=AiKCkAIygpACQoKQAlKCkAJigpACcoKQAoKCkAKSgpACooKQArSQGwtSMsSAHZHC1IAcUp
79=LkgBdAJFKS9IAdUCMCgpADEoKQAyKCkAMygpADQoKQA1KCkANigpADcoKQA4KCkAOSgpAD
80=ooKQA7KCgAAQIAHwDBUQNIAcUTBCgpAAUoKQAGKCkABygpAAgoKQAJKCkACigpAAsoKQAM
81=KCkADSgpAA5IAXQjSUMPSAHNEBBIAXQCTSYRSAHVexJJAelItU0FE0gBhD91Tx/hURUoVQ
82=AWKCkAF0gBcAlZBhjIAZVPHyj0CScFARtABN0KHEgBdE+Mn8AEdE8nKQAfQASMBXRPJ1UA
83=IShVACIoKQAjKCkAJCgpACUoKQAmKCkAJygpACgoKQApKCkAKigpACtIAcXDLEgB2RwtSA
84=HFKS5IAXQCRSkvSAHVAjAoKQAxKCkAMigpADMoKQA0KCkANSgpADYoKQA3KCkAOCgpADko
85=KQA6KCkAOygpAANExtkRBCgpAAUoKQAGKCkABygoAHAt2QYJKFUACigpAAsoKQAMKCkADS
86=gpAA5IAWgiXUEPSAHRCRBIAXQCQSURSAHJehJIAWhOQUYTSAGYPWlOICjICScpABYogQAX
87=SAFwCUkMGMgBRQgZyAFJDBpIAdEJGygpABxJATFgXHjt3ApoTicpAB9ABJgGdCAnVQAhKF
88=UAIigpACMoKQAkKCkAJSgpACYoKQAnKCkAKCgpACkoKQAqKCkAK0kBseGeIIxoWRwtVALF
89=KS5IAXAfWRwvSAHVAjAoKQAxKCkAMigpADMoKQA0KCkANSgpADYoKQA3KCkAOCgpADkoKQ
90=A6KCgAAQQAIQDNEAUoKQAGKCkABygpAAgoKQAJKCkACigpAAsoKQAMKCkADSgpAA5IAXAf
91=SSIPSAHBDxBIAXQCSSIRSAHFdhJJAVH16SHlShQoVQAVKCkAFigpABdIAXAJSQwYyAGRSy
92=GMMUkMGlQC3QobKCkAHEgBcEtBBB3JAQNzSyEAOKlOH1QCyQEgKCkAIUkBNaEEIsgBRaIj
93=yAFJ8yTIAVUCJcgBVQImyAFVAidIAd0KKCgpAClIAd0KKsgBTQUrSAHVvSxIAdkcLUkBWK
94=lOLkgBdAJVGC9IAdUCMCgpADEoKQAyKCkAMygpADQoKQA1KCkANigpADcoKQA4KCkAOSgo
95=AAEFACIAwQ8GKCkABygpAAgoKQAJKCkACigpAAsoKQAMKCkADSgpAA5IAXgcTTwPSAHVDR
96=BIAXQCUR8RSQGxqSISSQFR+UgiKBgJJykAFSiBABYoKQAXSAFwCUkMGMgBmUgiKBgJJwUB
97=G0AEyQwcKCkAHUgBZUoFIsMqIgA4VERFCB9UAskBICgpACFIAXg9SRciyAEBAwQAI8gBVQ
98=IkyAFVAiXIAVUCJsgBVQInSAHdCigoKQApSAHdCirIAU0FK0gBxbgsSAHZHC1JAVitJi5I
99=AXQCSQwvSAHVAjAoKQAxKCkAMigpADMoKQA0KCkANSgpADYoKQA3KCkAOCgpAAZMHtUNBy
100=gpAAgoKQAJKCkACigpAAsoKQAMKCkADSgpAA5IAWAaVTkPSAHJDBBIAXQCWRwRSAHFaxJI
101=AdU5EygpABQoKQAVKCkAFigpABdIAXAJSQwYyAFZPRnIAUkMGkgB3QobKCkAHCgpAB0oKQ
102=AeKCkAHygpACAoKQAhKCkAIigpACMoKQAkKCkAJSgpACYoKQAnKCkAKCgpACkoKQAqKCkA
103=K0gB1bIsSAHZHC1IAcUpLkgBdAJZHC9IAdUCMCgpADEoKQAyKCkAMygpADQoKQA1KCkANi
104=gpADcoKAABBwAkAMkMCCgpAAkoKQAKKCkACygpAAwoKQANKCkADkgBaBddNg9IAd0KEEgB
105=dAJBGhFIAdVlEkkBJSQ9ShMoKQAUKCkAFSgpABYoKQAXSQEnuQYYyAGKQyQAdAJJDBpUAt
106=0KGygpABwoKQAdKCkAHigpAB8oKQAgKCkAISgpACIoKQAjKCkAJCgpACUoKQAmKCkAJygp
107=ACgoKQApKCkAKigpACtJAbG1hixIAWwmRSktSAHFKS5IAXQCWRwvSAHVAjAoKQAxKCkAMi
108=gpADMoKQA0KCkANSgpADYoKwAIACX9QQkoKQAKKCkACygpAAwoKQANKCkADkgBcBRJFw9I
109=AdEUEEgBdAJJFxFIAcVgEkgBcDVJOBMoKQAUKCkAFSgpABYoKQAXSAF4PV2vGMkBBCItUy
110=WQQFHEGlQC3QobKCkAHCgpAB0oKQAeKCkAHygpACAoKQAhKCkAIigpACMoKQAkKCkAJSgp
111=ACYoKQAnKCkAKCgpACkoKQAqKCkAK0gB1acsSAFsJkUpLUgBxSkuSAF0AkUpL0gB1QIwKC
112=kAMSgpADIoKQAzKCkANCgpADUoKwAJACblPwooKQALKCkADCgpAA0oKQAOSAF4EVEUD0gB
113=2REQSAF0AlEUEUgB1VoSSAF4MlUCEygpABQoKQAVKCkAFigpABdIAXg9AQYEABjJAQd5PS
114=aZPQgi6FpQLVCCXQobQATJDBwoKQAdKCkAHigpAB8oKQAgKCkAISgpACIoKQAjKCkAJCgp
115=ACUoKQAmKCkAJygpACgoKQApKCkAKigpACtIAcWiLEgBbCZFKS1IAcUpLkgBdAJNGy9IAd
116=UCMCgpADEoKQAyKCkAMygpADQoKwAKACftPAsoKQAMKCkADSgpAA5IAWAPWREPSAHBDxBI
117=AXQCWRERSAHFVRJJAVEmYSgnKGAoJykAFSiBABYoKQAXSAFwCUkMGMgBRYEZyAFJDBpIAd
118=0KGygpABwoKQAdKCkAHigpAB8oKQAgKCkAISgpACIoKQAjKCgATMjoF0SJ6AFUTOkBJyit
119=ACgoKQApKCkAKigpACtIAdWcLEgB2RwtSAHFKS5IAXQCWRwvSAHVAjAoKQAxKCkAMigpAD
120=MoKwALACj1OQwoKQANKCkADkgBaAxdKw9IAckMEEgBdAJBDxFIAdVPEkgByS0TKCkAFCgp
121=ABUoKQAWKCkAF0gBcAlJDBjIAYg4QF+hchpUAt0KGygpABwoKQAdKCkAHigpAB8oKQAgKC
122=kAISgpACIoKQAjKCkAJCgpACUoKQAmKCkAJygpACgoKQApKCkAKigpACtJAbH88aAaWRwt
123=VALFKS5IAXAfRSkvSAHVAjAoKQAxKCkAMigrAAwAKf02DSgpAA5IAXAJSQwPSAHRCRBIAX
124=QCSQwRSAHFShJJAVH9bSn5UxQoVQAVKCkAFigpABdIAXAJSQwYyAGQNUiT8DUnMQEbQATJ
125=DBwoKQAdKCkAHigpAB8oKQAgKCkAISgpACIoKQAjKCkAJCgpACUoKQAmKCkAJygpACgoKQ
126=ApKCkAKigpACtIAdWRLEgB2RwtSAHFKS5IAXQCRSkvSAHVAjAoKQAxKCsADQAq5TQOSAF4
127=Bk0mD0gB2QYQSAF0AlEJEUgBJw0NKu0xE1QC2ScUKCkAFSgpABYoKQAXSAFwCUkMGMgBmD
128=JYxPgyJ10BG0AE3QocKCkAHSgpAB4oKQAfSAEC1QAAAAUi1lMqAGgBSegh1AJJ6CJIAdEJ
129=I0kBClQNTRAkyAFNECVIAcEEJigpACcoKQAoSAHZBinIAVkGKkgB2QYrSAHVIyxIAdkcLU
130=gBxSkuSAF0AkUpL0gB1QIwKCoADgBM5KUTD8gBSQwQyAFZBhFIASdeDCsA0UATVALBDxRJ
131=AbG9eBVIAc0FFkgBzQUXSAHNBRhIAc0FGUgBzQUaSAHNBRtIAc0FHEgBzQUdSAHNBR5IAc
132=0FH0gBzQUgSAHNBSFIAc0FIkgBzQUjSAHNBSRIAc0FJUgBzQUmSAEJrgMAAAAEACcAKwCw
133=EQAAxgQODAgDAAAABAAoACsAsagBAikAKwCvqQEqSQGuqQErSAHVAixKASYBmQYtyAEBAQ
134=QALsgBAQIEAC9JAVi4BgIPACwAJ0wFQQQQyAFBBBFJASVUAgEABAASKCkAEygpABQoKQAV
135=KCkAFigpABcoKQAYKCkAGSgpABooKQAbKCkAHCgpAB0oKQAeKCkAHygpACAoKQAhKCkAIi
136=gpACMoKQAkKCkAJSgpACYoKQAnKCkAKCgpACkoKQAqKCkAKygpACxIAXgnQSUtyAFFKS7I
137=AUcpEAAtnCsBBQQAEUgBcCpBBBJIAcEwE0oBFgKRNRRIAdUCFSgpABYoKQAXKCkAGCgpAB
138=koKQAaKCkAGygpABwoKQAdKCkAHigpAB8oKQAgKCkAISgpACIoKQAjKCkAJCgpACUoKQAm
139=KCkAJygpACgoKQApKCkAKigpACtIAdUjLEgBcioDBEABuScEeicuAGAEUSoSUFnJARMoKQ
140=AUKCkAFSgpABYoKQAXKCkAGCgpABkoKQAaKCkAGygpABwoKQAdKCkAHigpAB8oKQAgKCkA
141=ISgpACIoKQAjKCkAJCgpACUoKQAmKCkAJygpACgoKQApKCkAKigpACsoKQAsSAF5JwZydy
142=8AxUoTVH7JARQoKQAVKCkAFigpABcoKQAYKCkAGSgpABooKQAbKCkAHCgpAB0oKQAeKCkA
143=HygpACAoKQAhKCkAIigpACMoKQAkKCkAJSgpACYoKQAnKCkAKCgpACkoKQAqKCkAKygrAB
144=MAMPUjFCgpABUoKQAWKCkAFygpABgoKQAZKCkAGigpABsoKQAcKCkAHSgpAB4oKQAfKCkA
145=ICgpACEoKQAiKCkAIygpACQoKQAlKCkAJigpACcoKQAoKCkAKSgpACooKwAUADH9IBUoKQ
146=AWKCkAFygpABgoKQAZKCkAGigpABsoKQAcKCkAHSgpAB4oKQAfKCkAICgpACEoKQAiKCkA
147=IygpACQoKQAlKCkAJigpACcoKQAoKCkAKSgrABUAMuUeFigpABcoKQAYKCkAGSgpABooKQ
148=AbKCkAHCgpAB0oKQAeKCkAHygpACAoKQAhKCkAIigpACMoKQAkKCkAJSgpACYoKQAnKCkA
149=KCgrABYAM+0bFygpABgoKQAZKCkAGigpABsoKQAcKCkAHSgpAB4oKQAfKCkAICgpACEoKQ
150=AiKCkAIygpACQoKQAlKCkAJigpACcoKwAXADT1GBgoKQAZKCkAGigpABsoKQAcKCkAHSgp
151=AB4oKQAfKCkAICgpACEoKQAiKCkAIygpACQoKQAlKCkAJigrABgANf0VGSgpABooKQAbKC
152=kAHCgpAB0oKQAeKCkAHygpACAoKQAhKCkAIigpACMoKQAkKCkAJSgrABkANuUTGigpABso
153=KQAcKCkAHSgpAB4oKQAfKCkAICgpACEoKQAiKCkAIygpACQoKwAaADftEBsoKQAcKCkAHS
154=gpAB4oKQAfKCkAICgpACEoKQAiKCkAIygoAAEbADgAyt0cACcpAB0oKQAeKCkAHygpACAo
155=KQAhKCkAIigoAAEcADkA3QodKCkAHigpAB8oKQAgKCkAISgrAB0AOuUIHigpAB8oKQAgKC
156=sAHgA77AUIHwA7AFgDAAAABAARAAA=

[Lighting]
Red=0.900000
Blue=0.900000
Green=0.900000
Level=0.022000
Ground=0.000000
IonRed=0.600000
Ambient=0.900000
IonBlue=0.850000
IonGreen=0.700000
IonLevel=0.022000
IonGround=0.000000
IonAmbient=0.900000
DominatorRed=0.850000
DominatorBlue=0.300000
DominatorGreen=0.200000
DominatorLevel=0.022000
DominatorGround=0.000000
DominatorAmbient=0.900000
DominatorAmbientChangeRate=0.009000

[Map]
Size=0,0,30,30
Theater=NEWURBAN
LocalSize=1,4,28,23

[Neutral]
IQ=0
Edge=North
Color=Grey
Allies=Neutral
Country=Neutral
Credits=0
NodeCount=0
TechLevel=1
PercentBuilt=0
PlayerControl=no

[Nod]
IQ=0
Edge=North
Color=Gold
Allies=Nod
Country=Nod
Credits=0
NodeCount=0
TechLevel=1
PercentBuilt=0
PlayerControl=no

[OverlayDataPack]
1=BQAAIP4AIACABQAAIP4AIACABQAAIP4AIACABQAAIP4AIACABQAAIP4AIACABQAAIP4AIA
2=CABQAAIP4AIACABQAAIP4AIACABQAAIP4AIACABQAAIP4AIACABQAAIP4AIACABQAAIP4A
3=IACABQAAIP4AIACABQAAIP4AIACABQAAIP4AIACABQAAIP4AIACABQAAIP4AIACABQAAIP
4=4AIACABQAAIP4AIACABQAAIP4AIACABQAAIP4AIACABQAAIP4AIACABQAAIP4AIACABQAA
5=IP4AIACABQAAIP4AIACABQAAIP4AIACABQAAIP4AIACABQAAIP4AIACABQAAIP4AIACABQ
6=AAIP4AIACABQAAIP4AIACABQAAIP4AIACA

[OverlayPack]
1=BQAAIP4AIP+ABQAAIP4AIP+ABQAAIP4AIP+ABQAAIP4AIP+ABQAAIP4AIP+ABQAAIP4AIP
2=+ABQAAIP4AIP+ABQAAIP4AIP+ABQAAIP4AIP+ABQAAIP4AIP+ABQAAIP4AIP+ABQAAIP4A
3=IP+ABQAAIP4AIP+ABQAAIP4AIP+ABQAAIP4AIP+ABQAAIP4AIP+ABQAAIP4AIP+ABQAAIP
4=4AIP+ABQAAIP4AIP+ABQAAIP4AIP+ABQAAIP4AIP+ABQAAIP4AIP+ABQAAIP4AIP+ABQAA
5=IP4AIP+ABQAAIP4AIP+ABQAAIP4AIP+ABQAAIP4AIP+ABQAAIP4AIP+ABQAAIP4AIP+ABQ
6=AAIP4AIP+ABQAAIP4AIP+ABQAAIP4AIP+A

[Russians]
IQ=0
Edge=North
Color=DarkRed
Allies=Russians
Country=Russians
Credits=0
NodeCount=0
TechLevel=1
PercentBuilt=0
PlayerControl=no

[Special]
IQ=0
Edge=North
Color=Grey
Allies=Special
Country=Special
Credits=0
NodeCount=0
TechLevel=1
PercentBuilt=0
PlayerControl=no

[SpecialFlags]
Inert=no
FogOfWar=no
IonStorms=no
MCVDeploy=no
Meteorites=no
Visceroids=no
FixedAlliance=no
TiberiumGrows=yes
InitialVeteran=no
HarvesterImmune=no
TiberiumSpreads=yes
TiberiumExplosive=no
DestroyableBridges=yes

[TaskForces]

[Waypoints]

[YuriCountry]
IQ=0
Edge=North
Color=DarkRed
Allies=YuriCountry
Country=YuriCountry
Credits=0
NodeCount=0
TechLevel=1
PercentBuilt=0
PlayerControl=no



[Digest]
1=sAbyEnePYA0ls7f1RlsbyPu4s5A=

