; Map created with FinalAlert 2(tm) Mission Editor
; Get it at http://www.westwood.com
; note that all comments were truncated

; This FA2 uses FA2sp created by secsome
; Get the lastest dll at https://github.com/secsome/FA2sp
; Current version : 1.4.0.1

[Actions]
01000000=0

[Africans]
IQ=0
Edge=North
Color=DarkRed
Allies=Africans
Country=Africans
Credits=0
NodeCount=0
TechLevel=1
PercentBuilt=0
PlayerControl=no

[Alliance]
IQ=0
Edge=North
Color=Gold
Allies=Alliance
Country=Alliance
Credits=0
NodeCount=0
TechLevel=1
PercentBuilt=0
PlayerControl=no

[Americans]
IQ=0
Edge=North
Color=Gold
Allies=Americans
Country=Americans
Credits=0
NodeCount=0
TechLevel=1
PercentBuilt=0
PlayerControl=no

[Arabs]
IQ=0
Edge=North
Color=DarkRed
Allies=Arabs
Country=Arabs
Credits=0
NodeCount=0
TechLevel=1
PercentBuilt=0
PlayerControl=no

[Basic]
Name=No name
Percent=0
GameMode=standard
HomeCell=98
InitTime=10000
Official=no
EndOfGame=no
FreeRadar=no
MaxPlayer=2
MinPlayer=2
SkipScore=no
TrainCrate=no
TruckCrate=no
AltHomeCell=99
OneTimeOnly=no
CarryOverCap=0
NewINIFormat=4
NextScenario=
SkipMapSelect=no
CarryOverMoney=0.000000
AltNextScenario=
MultiplayerOnly=1
IceGrowthEnabled=yes
VeinGrowthEnabled=yes
TiberiumGrowthEnabled=yes
IgnoreGlobalAITriggers=no
TiberiumDeathToVisceroid=no

[British]
IQ=0
Edge=North
Color=Gold
Allies=British
Country=British
Credits=0
NodeCount=0
TechLevel=1
PercentBuilt=0
PlayerControl=no

[CellTags]
12012=01000001
12013=01000001
12014=01000001
12015=01000001
12016=01000001
12017=01000001
12018=01000001
12019=01000001
12020=01000001
12021=01000001
12022=01000001
12023=01000001
12024=01000001
12025=01000001
12026=01000001
12027=01000001
12028=01000001
13012=01000001
13028=01000001
14012=01000001
14028=01000001
15012=01000001
15028=01000001
16012=01000001
16028=01000001
17012=01000001
17028=01000001
18012=01000001
18028=01000001
19012=01000001
19028=01000001
20012=01000001
20028=01000001
21012=01000001
21028=01000001
22012=01000001
22028=01000001
23012=01000001
23028=01000001
24012=01000001
24028=01000001
25012=01000001
25028=01000001
26012=01000001
26028=01000001
27012=01000001
27028=01000001
28012=01000001
28013=01000001
28014=01000001
28015=01000001
28016=01000001
28017=01000001
28018=01000001
28019=01000001
28020=01000001
28021=01000001
28022=01000001
28023=01000001
28024=01000001
28025=01000001
28026=01000001
28027=01000001
28028=01000001

[Confederation]
IQ=0
Edge=North
Color=DarkRed
Allies=Confederation
Country=Confederation
Credits=0
NodeCount=0
TechLevel=1
PercentBuilt=0
PlayerControl=no

[Digest]
1=uELznzGaGHlT6SmQ+9nkUuIwFlk=

[Events]
01000000=0

[FA2spVersionControl]
Version=30

[French]
IQ=0
Edge=North
Color=Gold
Allies=French
Country=French
Credits=0
NodeCount=0
TechLevel=1
PercentBuilt=0
PlayerControl=no

[GDI]
IQ=0
Edge=North
Color=Gold
Allies=GDI
Country=GDI
Credits=0
NodeCount=0
TechLevel=1
PercentBuilt=0
PlayerControl=no

[Germans]
IQ=0
Edge=North
Color=Gold
Allies=Germans
Country=Germans
Credits=0
NodeCount=0
TechLevel=1
PercentBuilt=0
PlayerControl=no

[Header]
Width=13
Height=9
StartX=249
StartY=16
Waypoint1=0,0
Waypoint2=0,0
Waypoint3=0,0
Waypoint4=0,0
Waypoint5=0,0
Waypoint6=0,0
Waypoint7=0,0
Waypoint8=0,0
NumberStartingPoints=0

[Houses]
0=Americans
1=Alliance
2=French
3=Germans
4=British
5=Africans
6=Arabs
7=Confederation
8=Russians
9=YuriCountry
10=GDI
11=Nod
12=Neutral
13=Special

[IsoMapPack5]
1=9Q4AIA4UAAEA//8AAAAAABMAAgD//0MBAAAUKCkAFSgrABIAA+EEEygpABQoKQAVKCkAFi
2=grABEABPkGEigpABMoKQAUKCkAFSgpABYoKQAXKCsAEAAF8QkRKCkAEigpABMoKQAUKCkA
3=FSgpABYoKQAXKCkAGCgrAA8ABukMECgpABEoKQASKCkAEygpABQoKQAVKCkAFigpABcoKQ
4=AYKCkAGSgrAA4AB5QvUQAPKCkAECgpABEoKQASKCkAE0gBJ90GB+kXFShVABYoKQAXKCkA
5=GCgpABkoKQAaKCsADQAIRBGJAA4oKQAPKCkAECgpABEoKQASKCkAE0gBJ2UCCChkAicpAB
6=YogQAXKCkAGCgpABkoKQAaKCkAGygoAAMMAAkAvwGRFA1JASWpAQ4oKQAPKCkAECgpABEo
7=KQASKCkAEygpABQoKQAVKCkAFigpABcoKQAYKCkAGSgpABooKQAbKCkAHEkBvbMUCwAK6S
8=IMSAF0GEEDDUkBR1wASRoOSAFYAGkADygpABAoKQARKCkAEigpABMoKQAUKCkAFSgpABYo
9=KQAXKCkAGCgpABkoKQAaKCkAGygpABxIAXQYXRQdSAHPPAoAC+EaCygpAAxIAWwbAQIAAA
10=1IAWQ0SQEOKCkADygpABAoKQARKCkAEigpABMoKQAUKCkAFSgpABYoKQAXKCkAGCgpABko
11=KQAaKCkAGygpABxIAWwbURQdSAHNGx4oKAACCQAMAL5EH10yCsgBVQELyAFZBgxJASZIAk
12=kADUgBZB5JAQ4oKQAPKCkAECgpABEoKQASKCkAEygpABQoKQAVKCkAFigpABcoKQAYKCkA
13=GSgpABooKQAbKCkAHEgB3RUdSAHNGx7IAUkXH8gBTRsIUTi8SgIKAEJZDQB4Bp0gDVQAiQ
14=ALQAR0Ak0FDMgBWQUNSAGbAwAADigpAA8oKQAQKCkAESgpABIoKQATSQGPqQgUSAGmAQAV
15=KCkAFigpABcoKQAYKCkAGSgpABooKQAbKCkAHEgBaBddFR3IAVkMHkgBwXIfSAFgBE0bIE
16=gBUANpAAdIGnwATQAISAF1Iw51Iw4odgQOAMUIC0AExQgMyAFVDQ1IAVQHaQAOKCkADygp
17=ABAoKQARKCkAEigpABNJAYx8B2/3DgCHqQEVVAKmAQAWKCkAFygpABhJAa5AEFEEGUgB3S
18=saSAFEAmkAGygpABxIAWgXWQUdyAFFBB5IAVgAaQAfSAFgBJQjRCBvAgAAIVQCpAEBAAYA
19=D/2DB0gB1QIISAFtJhJuJg8AZAhFAwpUAlgAaQALSAF0Al0KDMgBTRANSAF0A00ADigpAA
20=9IAdUYEEgBUANpABFJAY1jAQAAEkkBhakBE0kBg6kBFEkBhqkBFUkBsFwLVQEWSQGkqQEX
21=SQGoqQEYSQGlqQEZSQGQQAVJABpIAdUuG0gBRAJpABxIAWgXWQUdyAFZAh5IAVgAaQAfSA
22=FgBE0bIEgBaAJNACEoKQAiSAHLkAUAEEwDiQAGSAHVAgdIAY0CAFLiEABlKRZlKRAoJAUn
23=2QALTAXVDQzIAUUTDUkBsFwAVQgOSQGqqQEPSQGQSAJJABBJAYlcAEkAEUgBzSYSKCkAEy
24=gpABQoKQAVSAHJIhZJAa29ChdIAUAJaQAYSQGrtQIZSQGmqQEaSAHJWRtIAcUIHEgBaBdN
25=BB3IAUkIHkgBWABpAB9IAWAEhCknxQMhVALBJSIoKQAjKCsABAARdAdtAAUoKQAGKCkABy
26=gpAAhIAXwrTVsJSAF0DV0GCkgBWABpAAtIAXQCTRAMyAFdFQ1IAXQDTQAOSAHZUw9JAbBU
27=A1UCEEgB0R8RSQGQSAJJABJIAcktEygpABQoKQAVSQGKQAVJABZIAcUpF0gB0VYYSQGiqQ
28=wZSQGpqQEaSAEnfwURAIZYB0kAHFQCaBdNBB3IAVUCHkgBWABpAB9IAWAETRsgSAFoAk0A
29=IUgBJ30FEfV7IyhVACQoKQADUG9IBmkABCgpAAUoKQAGKCkABygpAAhIAXQunYMSKFQLXA
30=FpCQBA87QCRRMMTAVwFFUYDUgBvANDkBIAjq0BDyhVABBJAa9ABUEDEUkBqqkBEkgBwTAT
31=SQGIVANJABRIAcElFUkBsK0FFkgB3SsXKCkAGEgBJ38QEgCNWAdJABpUAtU5G0gB0QkcSA
32=HdFR3IAU0FHkgBWABpAB9IAWAETRsgSAFoAk0AIUgBJ9UFEijUBScpACQogQAlKCsAAgAT
33=UAeJAAMoKQAEKCkABSgpAAYoKQAHSAHVDQhIAWwxhYwTKCwGJ10BC0AE3RUMyAFNJQ1IAd
34=0gDkgB3SAPSQGLlBFYcScFARFUArACQhcTAMktE1QCxTQUSQGSpQQVSAGkAV7bEwDVORdU
35=AtkyGEgBJy4GEwDZXhpUAs0QG0kBiqkIHEgBaBddFR3IAUEDHkgBWABpAB9IAWAEjTET9S
36=4hVALVIyIoKQAjKCkAJCgpACUoKQAmSAFwCk8AAQAUJnkgAkgBRAJpAAMoKQAEKCkABSgp
37=AAYoKQAHSAHNEAhIAWQ0jZQUKIUGFGwKbQALQATVGAzIAUUeDUgB1SMOSAHZUw9IAWwGTQ
38=AQKCkAESgpABIoKQATKCkAFCgpABUoKQAWKCkAF0kBq1QOXQoYSAEnhwYUAJBIAkkAGlQC
39=zRAbSAFEAmkAHEgBaBdFBx3IAVkCHkgBWABpAB9IAWAEhTQUKIQGJykAIkAEwSUjKCkAJC
40=gpACUoKQAmSAFwCk0AJygrAAIAFUACiQADKCkABCgpAAUoKQAGKCkAB0gBwQ8ISAFkNF2X
41=CUgBfBVZCQpIAVgAaQALSAF0AlUYDMgBRR4NSAEnhQYV+bYPVAJsBk0AECgpABEoKQASKC
42=kAEygpABQoKQAVKCkAFigpABdIAdlpGEgB2WkZSQGmTBFVDRpIAc2qG0gBRAJpABxIAWgX
43=TQQdyAFZAh5IAVgAaQAfSAFgBE0bIEgBySIhKCkAIigpACMoKQAkKCkAJSgpACZIAXAKTQ
44=AnKCkAA0yBRAJpAAQoKQAFKCkABkgBwQ8HKCkACEgBeDKJmxYo4AxcAWgJeMy0AkkXDEwF
45=dBhZHA1IASdZBhYoWAYn2QAQQASgCEfhFgBMTQEBe98WAEdJAQB0r6gBVQIUTQVFtQIVyA
46=FJDBZIAXACTQAXKCkAGEgBzWgZSAHNaBpIASdYBicNAhxUAt0VHcgBUQkeSAFYAGkAH0gB
47=YARNGyBIAdUjISgpACIoKQAjKCkAJCgpACUoKQAmSAFwCk8ABAAXVACJAAUoKQAGSAHJDA
48=coKQAISAFgMIWXFygABicFAQtABNEUDMgBVSMNSAHVhg5IAdG5D0gBmQ4ATcsXlS4CIqgn
49=qQEDYDDcCmAwJykAFPgGYnoXAG0xBHBIqgEFAFgDzwUAABhQAclkGUgBJwEGF/nMG1QCJ/
50=QqoBpdFR1UAnQYVRMeSAFYAGkAH0gBdAKBMBco5BInKQAiQATNJiMoKQAkKCkAJSgpAAVM
51=E3AKTQAGSAHZBgcoKQAISAFoLYmQGCipBRhEBokAC0AE2REMyAFJFw1IAZgDIhA/J60ADy
52=hVABBJAVZkBGgtwARoLScpABNBBPlECVleFEgBaAVJARVJAUNsAWotGABoAU0EF1QCcAJN
53=ABgoKQAZSQGxVANVAhpIAclvG0kBhkgCSQAcSAFoF00EHcgBVQIeSAFYAGkAH0gBYASJLR
54=goqAUnKQAiQATNJiMoKQAkKCsABgAZ+QYHKCkACEgBcCpVbglIAWgMWQ0KSAFYAGkAC0gB
55=dAJBDwzIAVEUDUgBdANNAA4oKQAPKCkAEEkBVVQDQSURSAFkAUkBEkkB91gHSQETSQHtqQ
56=EUSQHxqQEVSAHNBRZIAXAqSVkXyAFJWRhJAZGEBEMBGQCFqQEaUQGDqQEbSAEnUQUZlERJ
57=Cx1UAnQYTQQeSAFYAGkAH0gBdAJNGyBIAdknISgpACIoKQAjKCsABwAa5SkISAF4J5l/Gp
58=QNQQsKVAJYAGkAC0gByQwMyAFZEQ1IAXQDTQAOKCkADygpABBIAXgnWasRSAFdBABNJhJJ
59=AfZYB0kBE0gBJ/sEGgD0tQIVVALNBRZJAT9sAXaZGgBoAU0EGFQCcAJNABlIAcmQGkgBJc
60=0wG0gB1ZEcSAFoF1kGHcgBWQYeSAFYAGkAH0gBYASYJydJBCFUAsUpIigrAAgAGyOUP5F3
61=GyihBBtgCW0AC0AE0QkMyAFBDw1IAXQDTQAOKCkADygpABBIASfwDtAJc3cbAPpYB4ElG/
62=UjFEwFQAllKRUoKQAWSAF0I0WtF8kBA3yk0QkAXD4nKQAaQASFCABAASdVABxQAWgXQQ4d
63=yAFRBB5IAVgAaQAfSAFgBIElG+1HIVQCwCUCCQAcAMBYB1EFCsgBVQELyAFZBgxJASVIAk
64=kADSgpAA4oKQAPKCkAECgpABEoKQASKCkAEygpABQoKQAVKCkAFigpABcoKQAYKCkAGSgp
65=ABooKQAbKCkAHCgpAB1IAc0bHsgBVRgfyAFNGyBIAd8gCgAdSCCJAAsoKQAMSAEiLF5dAg
66=1IAXwgSQEOKCkADygpABAoKQARKCkAEigpABMoKQAUKCkAFSgpABYoKQAXKCkAGCgpABko
67=KQAaKCkAGygpABxIASIsXlEUHUgBzRseKCkAHygrAAsAHlgEiQAMSAF4HFUjDUgBjAJt1h
68=4mnTUPKFUAECgpABEoKQASKCkAEygpABQoKQAVKCkAFigpABcoKQAYKCkAGSgpABooKQAb
69=KCkAHEgBeBxdFR1IASeZAx7jXAwAHyOUa008DUgBfDZJAQ4oKQAPKCkAECgpABEoKQASKC
70=kAEygpABQoKQAVKCkAFigpABcoKQAYKCkAGSgpABooKQAbKCkAHEgBYBpRFB1IAcMaDQAg
71=yjEADigpAA8oKQAQKCkAESgpABIoKQATSAHRCRQoKQAVKCkAFigpABcoKQAYKCkAGSgpAB
72=ooKQAbKCkAHCgrAA4AIeEwDygpABAoKQARKCkAEigpABMoKQAUKCkAFSgpABYoKQAXKCkA
73=GCgpABkoKQAaKCkAGygrAA8AIuUTECgpABEoKQASKCkAEygpABQoKAAFFQAiAP//AAARAA
74=CuAIQBBgAAABYAIgD//0ABBAAAFwAiAP+pARgoKQAZKCkAGigrABAAI+0FESgpABIoKQAT
75=KCkAFCgpABUoKQAWKCkAFygpABgoKQAZKCsAEQAk9Q0SKCkAEygpABQoKQAVKCkAFigpAB
76=coKQAYKCsAEgAl/QoTKCkAFCgpABUoKQAWKCkAFygrABMAJownUQAUKCkAFSgpABYoKwAU
77=ACdYBIgACBUAJwAAAAAAAAAAEQAA

[Lighting]
Red=1.000000
Blue=1.000000
Green=1.000000
Level=0.032000
Ground=0.000000
IonRed=0.695000
Ambient=1.000000
IonBlue=0.775000
IonGreen=0.445000
IonLevel=0.032000
IonGround=0.000000
IonAmbient=0.650000
DominatorRed=0.850000
DominatorBlue=0.300000
DominatorGreen=0.200000
DominatorLevel=0.000000
DominatorGround=0.000000
DominatorAmbient=1.500000
DominatorAmbientChangeRate=0.009000

[Map]
Size=0,0,20,20
Theater=TEMPERATE
LocalSize=3,5,14,9

[Neutral]
IQ=0
Edge=North
Color=Grey
Allies=Neutral
Country=Neutral
Credits=0
NodeCount=0
TechLevel=1
PercentBuilt=0
PlayerControl=no

[Nod]
IQ=0
Edge=North
Color=Gold
Allies=Nod
Country=Nod
Credits=0
NodeCount=0
TechLevel=1
PercentBuilt=0
PlayerControl=no

[OverlayDataPack]
1=JgAAIP4UGgCFBAQABAb++wEAhwYHAAcICAT++gEAhgcIAAoLB/7lAQCAWgAAIP4VAACGCA
2=oKCAoH/vkBAIEGAgCECgAIBv74AQCDBwoABAGCBwT++AEAhgQHCAoLCP78AQCDBwoL//oB
3=GgAqAv//ARgIgQb/+wEZADQB//8BGQyCBAT+5g8AgAUAACD+ACAAgAUAACD+ACAAgAUAAC
4=D+ACAAgAUAACD+ACAAgAUAACD+ACAAgAUAACD+ACAAgAUAACD+ACAAgAUAACD+ACAAgAUA
5=ACD+ACAAgAUAACD+ACAAgAUAACD+ACAAgAUAACD+ACAAgAUAACD+ACAAgAUAACD+ACAAgA
6=UAACD+ACAAgAUAACD+ACAAgAUAACD+ACAAgAUAACD+ACAAgAUAACD+ACAAgAUAACD+ACAA
7=gAUAACD+ACAAgAUAACD+ACAAgAUAACD+ACAAgAUAACD+ACAAgAUAACD+ACAAgAUAACD+AC
8=AAgAUAACD+ACAAgAUAACD+ACAAgAUAACD+ACAAgAUAACD+ACAAgA==

[OverlayPack]
1=GgAAIP4UGv+CcHAQA///ARoY//wBFxoyAf7lAf+AOQAAIP4VAP/+BgBw/vkB/zH+//oBGQ
2=Ah/f/7ARgA//8BFQBCAv79Af//AAQXCP/7ARkC/wYCEg7+6A3/gAUAACD+ACD/gAUAACD+
3=ACD/gAUAACD+ACD/gAUAACD+ACD/gAUAACD+ACD/gAUAACD+ACD/gAUAACD+ACD/gAUAAC
4=D+ACD/gAUAACD+ACD/gAUAACD+ACD/gAUAACD+ACD/gAUAACD+ACD/gAUAACD+ACD/gAUA
5=ACD+ACD/gAUAACD+ACD/gAUAACD+ACD/gAUAACD+ACD/gAUAACD+ACD/gAUAACD+ACD/gA
6=UAACD+ACD/gAUAACD+ACD/gAUAACD+ACD/gAUAACD+ACD/gAUAACD+ACD/gAUAACD+ACD/
7=gAUAACD+ACD/gAUAACD+ACD/gAUAACD+ACD/gAUAACD+ACD/gAUAACD+ACD/gA==

[Preview]
Size=0,0,40,20

[PreviewPack]
1=VARgCQaiqFCjp1BQTFZAAUoAo6d4AUABSAAwLAAJqYQ9goOAUVRWbWtMQARIAKwEBn11TF
2=NVV4OEgFgBUAJIAEABSABAAUgAQAFIAEABSABAAScIAFgBSAC4AUABSAAwLwCdfjqkDlAO
3=QAQAA0xQUn5/fXx4UZ6SYH1+fEtPUlBMVkgPSAAgBvQBUAgwlAFQAkgAvwKlgDkwxAFTDk
4=JERK8EQUNDSA9IAFQPSAZID0gAP/QBRAVYB0gAQAFIAEABSABAAUsAonw4PMQBbgSoULwF
5=IA/0AbQGKgQBTAEzVAUqjwOkmUdBB4OAAFwFTAFIAEABIAn0AVAFSAZIAEABSAA5VAUDj5
6=dEh5E8TwSMlz6ADisQAFwCUAhLA5qjSSAD9AFQBUgGSAA5VAUDlJtGhI45SAAGgIgxjZg/
7=m6RKXAUr1gGDg0sDgogwTwT6+gCoADz3AYyIYDlUBQOdpU+BizdXCX2ILyiEAu86pZtNVA
8=+kDlAOTASkDlQAUAVUAEgANvQBQARTF15cUkABtGMqHAdLA46WP0gDQAFIAEABSABAAUgA
9=A62jULGcTEsPe4QxXAsqCAADr59JqpxMpAK8BS33AVxZTUQISANIAEMBdHJbJ3QMWAFQAk
10=gAQAFIAAl9ZTRmWS90bTOBZzVQAkgAUAJIALALPBQAUAVIAFAFVw9vcFusAbQAUAInzBFU
11=A1ACSABQAksAeGQyJywAQAFIAFMChmk2QAFIAEwBSAAt3AEDkI1GrZpJsAInjABEGrRyrJ
12=1UBifMEUwBSH5IAFR+Vw9yZDQn1AAIybFl5b9z5r1wralkqgZ2czV4USmjbTdABLwLNhcA
13=nqZLJ8QBT51ZUVa0OUAHWA1IAECOSAAtzBFUDwazq1nJtWW8r15TDua+c7wFA3JmNI96Pq
14=wBLcQBWExLQo+VPVwCKsQBUAWkDlxHTAFEDlQASABAAUgASA9IACf3AUNFQkgAVA9ABEgA
15=QARIAAZ/dD21l0yykEtMAVALJwoAjJUoBAo5xAG8CLQARAhAAUgAQAFIAEgPSAAn9AFEL7
16=QPAAN3dTuvkUqqcjqGaUCcpFGDjDSQlj5cDkN8ipA6SCpMBz/EAUwEoA1UAEgAWAFIAEAB
17=SABAAUgASA9IACf0AagPKuwDSHtUKlt2jZY8SAAgBsQBvAu0AFQMQAFIAEABSABAAUgAQA
18=FIAEgPSAAn9AFMH7ROQARIAEAESDkgDMQBSAagB1QASABYAUgAQAFIAEABSABAAUgAQAFI
19=AEgPSAAw9AEgEsQBrAq0AEQLQAFIAEABSABAAUgAQAFIAEABSABAAUgASA9IALQPTI68Ai
20=2sE1ACSABQBUgAQAFIAEABSABAAUgAQAFIAEMB////VABIAFgBSABAAUgAQAFIAEABSABA
21=AUgAQAFIAEABSAAnzBFMAVACSABAAUydQAFIAEwBSABAAUgAQAFIAEABSABAAQmjp1CiqF
22=CiqFCjp1ARAAA=

[Russians]
IQ=0
Edge=North
Color=DarkRed
Allies=Russians
Country=Russians
Credits=0
NodeCount=0
TechLevel=1
PercentBuilt=0
PlayerControl=no

[Special]
IQ=0
Edge=North
Color=Grey
Allies=Special
Country=Special
Credits=0
NodeCount=0
TechLevel=1
PercentBuilt=0
PlayerControl=no

[SpecialFlags]
Inert=no
FogOfWar=no
IonStorms=no
MCVDeploy=no
Meteorites=no
Visceroids=yes
FixedAlliance=no
TiberiumGrows=yes
InitialVeteran=no
HarvesterImmune=no
TiberiumSpreads=yes
TiberiumExplosive=no
DestroyableBridges=yes

[Structures]
0=Neutral,CAOUTP,256,15,15,64,None,0,0,1,0,0,None,None,None,1,0

[Tags]
01000001=0,cell 1,01000000

[Terrain]
14014=TREE04
14018=TREE04
16019=TREE04
17023=TIBTRE01
18014=TREE04
20013=TREE06
23019=TREE02
24027=TREE02
25017=TREE05
26013=TREE04
26026=TREE07
27014=TREE05

[Triggers]
01000000=Americans,<none>,cell,0,1,1,1,0

[YuriCountry]
IQ=0
Edge=North
Color=DarkRed
Allies=YuriCountry
Country=YuriCountry
Credits=0
NodeCount=0
TechLevel=1
PercentBuilt=0
PlayerControl=no

