; Map created with FinalAlert 2(tm) Mission Editor
; Get it at http://www.westwood.com
; note that all comments were truncated

[Header]
Width=23
Height=19
StartX=244
StartY=23
Waypoint1=0,0
Waypoint2=0,0
Waypoint3=0,0
Waypoint4=0,0
Waypoint5=0,0
Waypoint6=0,0
Waypoint7=0,0
Waypoint8=0,0
NumberStartingPoints=0


[Preview]
Size=0,0,60,30

[PreviewPack]
1=6QkYFQ/Vs23Vs2yyqZXDomi+nGDCoWFIAEABSABAAUgAQAFIAEABSABAAUgAQAFIAEABSA
2=BAAUgAQAFIAEABSAAABoKDgEJEREVGQkFHTUFHTkNFQkFDQ4OEgEAESABABEgAQAFIAEAB
3=SABAAUgAQAFIAEABSABAAUgAQAFIAEABSABAAUgAQAEJwZ9kyadl0K1qxqVnpAJQAkABSA
4=BAAUgAQAFIAEABSABAAUgAQAFIAEABSABAAUgAQAFIAEABSABXFbycY0wKAAayqZVMUFKx
5=j0ixjkdLT1K2rJnGpWi7mmAgJ+QCvCxEDkgPSABAAUgAQAFIAEABSABAAUgAQAFIAEABSA
6=BAAUgAQAFIAEABSABUFUcguZdgSAAntAJAFngW5xe/nGFLAMOhZSAe5wLDomZcLEgPSABI
7=D0gAQAFIAEABSABAAUgAQAFIAEABSABAAUgAQAFIAEABSAA2tAKIIXdO1bNsIDDkApELbF
8=QPWBBIAEABSABAAUgAQAFIAEABSABAAUgAQAFIAEABSAA/twLWsWtQCwXWsm7ctW3WsSAo
9=5AIgFZwFNrQCCc2mXMWYTcWZTdeybU0B1lR7ArFryJ9VZhexbIgYLuQCSEVIACAPtAhACl
10=g3XCZAKEgAQAFIAEABSABAAUgAQAFIAEABSABUFUgAqFcq3AoG2bdv6sZ+6cZ+SAlIFQbX
11=sWzftWvZs2xQCwnQrGbJn1bTr2nmv3JIAAPnvnDXsGsgG7QIXCxEEUgSSABAAUgAQAFIAE
12=ABSABAAUgAQAFIACeoAi2UDVQSiQBsTyvgv3JYK0ArAt61a+W8zwHXsW1wL5wvvAK9Bdog
13=GpwLRAigE7QAWBNIAEwBSABAAUgAMbQCiIFAB4gAUCkBbMyjWEgtA+DAcs6mWUQUA8qhV9
14=++cKwBWAFURVwvYAGEF1QVoDFAAVwCIBLMBVQSWBNIAEABSAAnIABMATm0AgPYtG7dtm9X
15=P9mzbbcV17VtWEMG48J7475w5r1vTC4Jwqhno5FVxadlyZ5Vp3HYsmxMAUAcWBl6MbdwVD
16=BYFkgAIAzkAqwlRBRUFUgAQAFIADG2Ao5HXK1cI69S3LZuWMRIS0ilXA5UFVAUWBZIJ1QY
17=A+C8b+LBeVhbcBeMAVQSQFtqLZlNWDFASUgDSABcXEuK27ZuQAdMBCAG5AJEFCeoAkwBN7
18=YCsm20FVBoA+G6cOW8cVMmwJ5kVA+8JkgnRRreiCdQblQYA9++ccuiWEATTAGkGlQbuBZY
19=GVgxUDVUA0gAQBxbFt22bkBeSBg/5AInnAU2tAKABHfD47ltJ2cN2LNsVIdcC0SYXCZIP0
20=gPSABUD1QAtEVUGEQUJ2wLqBtIQlhbXAJqAJlNVBtcC7wFWDRUIUgAQIs8zwVBRkxUFSRX
21=I7ybYioEE0gSrCtcVkwipAukEacOvppeQCushVwmVA9YLkgbXAVMKydsC0wBQCtIG1QARB
22=qkR1QSTFtYAUgARERMBEgAQARILVgWJ9wBKs8FwZ5kJMclQUdNWwdHSk3UFSxMEEAQWAdI
23=AEhCWB9YCkgARAtYT1ywUBpbE9Wxa2gYjIJICVAFpEdMAU9eu5pgTDFcBUAHJxQDQAFYW1
24=AsQBZAJVg0rOVoSIy7WA0qHAEq5AIDQEZMfn99KsQoVANYJYgAUZhtSFRUw0QIVEIncAdU
25=D3ILtW1MIlwCvCZMVVwmWDFciUR0UBFIAEhFQBxcI0wBSABYAUAxvAVAGUQdSAZQLFwacj
26=i/clhDtCSsW1wORBFIElh/SAAnPAhcbkAiLcQoWARQBbgfWAdQNVAsUDtEDkgPSABYr0wB
27=QGdAKFglXCZYAVgNQBxAB0AKUAJQEUwBpBRER1yJWAFIA0wBVB5IBkABSAlcYrQhVE5IHq
28=wEWARUIVgQSBVIAFQVKpQrTBZchkgAQAFFF78pxChIBkQIpBdcVkwBSAlADUhCtD9MKFgW
29=pBpHa923bifEB1AFJywARBS8MlgHSBtIBkQdTAFMBCe0AkA6rAq8AkgPSBVIAFQVUBpQ70
30=gAVFe8FEAHWARAFlgBSABAATPkAkwNSACQBWyIXIZYDUQCrCtYDUQmSABMK0Q+aQCZeGRA
31=AVheQF5MKEwHSAZAAUiHJwQEzje/clhAREpMBDy0AlgTsBRUAEgAWAFIAEABSABAATPkAk
32=wKQBxUALQPWE9ER0AQclmfVkgYrAFMBFQVagCZTUgDUAVIM7R1QAFAHEy7XDJ8AiOkKkhg
33=QAcgBrQCTBNAEEgMQAFIFUgAQAFIAEABSABAATPkAn5lwHJEFEArSABEa1QAWFVcEUgJQF
34=hQQVhGVBVQs6wBWDFcgFApQF5UAJAOfDVcBUwBIAm0AkgSoBNUAEgAWAFIAEABSABAAUgA
35=QAFIAEABMOQCtAxMW0QOiQBsVBJAWM4rsm1Q4CcsALBZWElEFEQXvF9MAURuvAg23ApID6
36=AQQAFIAEwBSABAAaQOQAFYAUgAQAFIAEABSABAAUgAQAFIAEABNuQCVA9QCFguWBZQPmFY
37=s2woVJluAbFrTFhYK1QVSABQLEgALU8Qz61qVLQqlA1YDbAOQAFIAEwBSABAAUgAoAFUAE
38=gAWAFIAEABSABAAUgAQAFIAEABSABAAUgAQAGnF1NVV0sAg4SAYCXZ0GxMUlAXSBhUFUwo
39=VFREpEy4SBVQFEhsSABMi2gGI8QlLUwQRMVIAEgMoA1AAUgATAFIAEABSABAAUgAQAG0DE
40=ABWAFIAEABSABAAUgAQAFIAEABSABAAUgAQAFIAEABOeQCoC5QKUAWhZhySBVYAUANIAO0
41=ArwLSAxAAUgAQAFIAEABSABAAUgAoAFUAEgAWAFIAEABSABAAUgAQAFIAEABSABAAUgAQA
42=FIAEABSABAATHmAo5HXCyJAG2wF0AWICq0ArwOQApIDEAQWAFIAEABSABAAUgAQAFIAEAB
43=SABAAUgAQAFIAEABSABAAUgAQAEx5AIptAggJ2wFrA1YDaABVABIAFgBSABAAUgAQAFIAE
44=ABSABAAUgAQAFIAEABSABAAUgAQAFIAEABSABAATbkAjBMEFBWSABIBkAHSABAAUgAQAFI
45=AEABSABAAUgAQAFIAEABSABAAUgAQAFIAEABICGcBVAISAlIAEABRxfBnmRYc0gARHRUbC
46=qUK0gVSABYBFAFSABAAUgAQAFIAEABSABAAUgAQAFIAEABSABAAUgAQAFIAEABSABDAf//
47=/1QASABYAUgAQAFIAEABSABAAUgAQAFIAEABSABAAUgAQAFIAEABSABAAUgAQAFIAEABpC
48=BEFwZARkw7QEVER0kklCtIFUgArARYBEABSABAAUgAQAFIAEABSABAAUgAQAFIAEABSABA
49=AUgAQAEJwqFhvpxgvpxgwqFhEQAA

[Africans]
IQ=0
Edge=North
Color=DarkRed
Allies=Africans
Country=Africans
Credits=0
NodeCount=0
TechLevel=1
PercentBuilt=0
PlayerControl=no

[Alliance]
IQ=0
Edge=North
Color=Gold
Allies=Alliance
Country=Alliance
Credits=0
NodeCount=0
TechLevel=1
PercentBuilt=0
PlayerControl=no

[Americans]
IQ=0
Edge=North
Color=Gold
Allies=Americans
Country=Americans
Credits=0
NodeCount=0
TechLevel=1
PercentBuilt=0
PlayerControl=no

[Arabs]
IQ=0
Edge=North
Color=DarkRed
Allies=Arabs
Country=Arabs
Credits=0
NodeCount=0
TechLevel=1
PercentBuilt=0
PlayerControl=no

[Basic]
Name=No name
Percent=0
GameMode=standard
HomeCell=98
InitTime=10000
Official=no
EndOfGame=no
FreeRadar=no
MaxPlayer=2
MinPlayer=2
SkipScore=no
TrainCrate=no
TruckCrate=no
AltHomeCell=99
OneTimeOnly=no
CarryOverCap=0
NewINIFormat=4
NextScenario=
SkipMapSelect=no
CarryOverMoney=0.000000
AltNextScenario=
MultiplayerOnly=1
IceGrowthEnabled=yes
VeinGrowthEnabled=yes
TiberiumGrowthEnabled=yes
IgnoreGlobalAITriggers=no
TiberiumDeathToVisceroid=no

[British]
IQ=0
Edge=North
Color=Gold
Allies=British
Country=British
Credits=0
NodeCount=0
TechLevel=1
PercentBuilt=0
PlayerControl=no

[Confederation]
IQ=0
Edge=North
Color=DarkRed
Allies=Confederation
Country=Confederation
Credits=0
NodeCount=0
TechLevel=1
PercentBuilt=0
PlayerControl=no

[French]
IQ=0
Edge=North
Color=Gold
Allies=French
Country=French
Credits=0
NodeCount=0
TechLevel=1
PercentBuilt=0
PlayerControl=no

[GDI]
IQ=0
Edge=North
Color=Gold
Allies=GDI
Country=GDI
Credits=0
NodeCount=0
TechLevel=1
PercentBuilt=0
PlayerControl=no

[Germans]
IQ=0
Edge=North
Color=Gold
Allies=Germans
Country=Germans
Credits=0
NodeCount=0
TechLevel=1
PercentBuilt=0
PlayerControl=no

[Houses]
0=Americans
1=Alliance
2=French
3=Germans
4=British
5=Africans
6=Arabs
7=Confederation
8=Russians
9=YuriCountry
10=GDI
11=Nod
12=Neutral
13=Special

[IsoMapPack5]
1=Xg4AIA8eAAEAjgEAAAAEAB0AAgCMAQBpAR5JAYKpAR9JAYaoAQEcAAMA1QIdKCkAHigpAB
2=8oKQAgSAHZBhtMC9kGHCgpAB0oKQAeKCkAHygpACAoKQAhSAHTCRoABe0QGygpABwoKQAd
3=KCkAHigpAB8oKQAgKCkAISgpACJIAcsMGQAG6QwaKCkAGygpABwoKQAdKCkAHigpAB8oKQ
4=AgKCkAISgpACIoKQAjSAHDDxgAB+EPGSgpABooKQAbKCkAHCgpAB0oKQAeKCkAHygpACAo
5=KQAhKCkAIigpACMoKQAkSAHbERcACPkRGCgpABkoKQAaKCkAGygpABwoKQAdKCkAHigpAB
6=8oKQAgKCkAISgpACIoKQAjKCkAJCgpACVIAdMUFgAJ8RQXKCkAGCgpABkoKQAaKCkAGygp
7=ABwoKQAdKCkAHigpAB8oKQAgKCkAISgpACIoKQAjKCkAJCgpACUoKQAmKCsAFQAK6RcWKC
8=kAFygpABgoKQAZKCkAGigpABsoKQAcKCkAHSgpAB4oKQAfKCkAICgpACEoKQAiKCkAIygp
9=ACQoKQAlKCkAJigpACcoKwAUAAvhGhUoKQAWKCkAFygpABgoKQAZKCkAGigpABsoKQAcKC
10=kAHSgpAB4oKQAfKCkAICgpACEoKQAiKCkAIygpACQoKQAlKCkAJigpACcoKQAoKCsAEwAM
11=+RwUKCkAFSgpABYoKQAXKCkAGCgpABkoKQAaKCkAGygpABwoKQAdKCkAHigpAB8oKQAgKC
12=kAISgpACIoKQAjKCkAJCgpACUoKQAmKCkAJygpACgoKQApKCsAEgAN8R8TKCkAFCgpABUo
13=KQAWKCkAFygpABgoKQAZKCkAGigpABsoKQAcKCkAHSgpAB4oKQAfKCkAICgpACEoKQAiKC
14=kAIygpACQoKQAlKCkAJigpACcoKQAoKCkAKSgpACooKAACEQAOAAml5BIoKQATKCkAFCgp
15=ABUoKQAWKCkAFygpABgoKQAZKCkAGigpABsoKQAcKCkAHSgpAB4oKQAfKCkAICgpACEoKQ
16=AiKCkAIygpACQoKQAlKCkAJigpACcoKQAoKCkAKSgpACooKQArKCgAAhAADwALQCUBBQQA
17=EUgBbCYBAQQAEkkBo1QCTfwTSQGQqQEUSQGIqQEVKCkAFigpABcoKQAYKCkAGSgpABooKQ
18=AbKCkAHCgpAB0oKQAeKCkAHygpACAoKQAhKCkAIigpACMoKQAkKCkAJSgpACYoKQAnKCkA
19=KCgpACkoKQAqSQGKpR4rSAHVIyxIAW4mAwRBARCYJwEHBAAQRAB1AghlKRCVTwJkKScpAB
20=NABGQIVQIUKCkAFSgpABYoKQAXKCkAGCgpABkoKQAaKCkAGygpABwoKQAdKCkAHigpAB8o
21=KQAgKCkAISgpACIoKQAjKCkAJCgpACUoKQAmKCkAJygpACgoKQApKCkAKigpACsoKQAsSA
22=FsJgEGBAAtyAFFKQ5JUQq1Lg/IAU1SEMgBWScRSAECrwIAAA5+KxEAyQETKFUAFCgpABUo
23=KQAWKCkAFygpABgoKQAZKCkAGigpABsoKQAcKCkAHSgpAB4oKQAfKCkAICgpACEoKQAiKC
24=kAIygpACQoKQAlKCkAJigpACcoKQAoKCkAKSgpACooKQArKCkALEgBxSktyAFFKS7IAUUp
25=DUh9JR0wDkgBzQUPSQGjoTAQSAF0Ak0FEUgByS0SSQEAYwAEABMoKQAUKCkAFUkB2aUIFk
26=gBaAVNiRcoKQAYSQHXoQQZSQHPqQEaKCkAG0kB07UCHEkB0akBHUgB0QkeKCkAHygpACAo
27=KQAhKCkAIigpACNIAcUTJEgB0QklKCkAJigpACdIAdEUKEgBzRApSAHZBiooKQArSQGvrV
28=IsSAFsJkUeLUgBxSkuSAF0AkUpL0gB1S4MQCjJAQ0oKQAOSAFsBUUID0kBjrEfEEgBdAJF
29=CBFIAdUNEkgB2RETKCkAFCgpABVJAdylCBZIAc0FF0kB27UCGEkBzakBGSgpABpJAdC1Ah
30=tIAdkGHEkB1rUCHUgBxTQeSQHVtQIfSAHNBSBIAdknIUgBzQUiKCkAI0kB0rkGJEkBz6kB
31=JSgpACYoKQAnSAHRFCgoKQApSAHZMipIAcEPK0kBr+4xEwBsJkUpLVQCxSkuSAF0AkUpL0
32=gBwTAwKCsACwAUJkklDCgpAA0oKQAOSAFkCF0KD0kBjakXEEgBdAJdChFIAc0QEkgBxRMT
33=SAHVLhRIAc0mFUkBIWcEBAAWSQEeqQEXSQEiqQEYSQHaqQwZSAHNJhooKQAbSAHdKxxJAd
34=StBR1IAd0KHkgB3QofSAHdCiBJAditBSFJASd3DQMAIkkBIKkBI0kBKKkBJEgBzRAlSAHN
35=ECYoKQAnSAEnhgYUAMkBKShVACpIAdE1K0gB1SMsSAFsJkUpLUgBxSkuSAF0AkUpL0gBJ4
36=QGJ1kGMShXAAoAFfE1CygpAAwoKQANKCkADkgBfApVDQ9IAdUNEEgBdAJVDRFIAcUTEkgB
37=bB9NBRMoKQAUSAHRKhVJASVkBH02FWABAgAABQAXVQImcwEEABhIAdUuGSgpABooKQAbKC
38=kAHEgB2TIdSQEdpQgeSQHdZzQFAB9JAR+1AiBIASfdBhVEA1gCfDbPEAMAI0EEJFACAQAD
39=ACRIAdU5JSgpACZIAcE7J0gByXooSAEn3gYVAM08KlQCxYErSAHVIyxIAWwmVSMtSAHFKS
40=5IAXQCRSkvSAEn3AYnhQYxKFUAMigpAAlAX80FCigpAAsoKQAMKCkADSgpAA5IAXQNTRAP
41=SAHNEBBIAXQCTRARSAHdFRJIAWQiTQUTSAGRKgRSSBYAyS0VVAKZlQVDARYAz7UuF1ABmX
42=QFVTkWgAhNPBlUAo8BBQAaSAGLegUAG0gBg1wFABxIAdE1HUgBjzEEAB5IAY0xBE02FlQ0
43=TwgEACBUAsG0IUgBjEd1ORZcBUAEdTkWUHKJASRABEEBAEE7JUgBh9kDACZIAZcYAwAnSA
44=HZdChIAd02KUgBmwYEACpIAdUNK0kBr/6kFgBsJlUjLVQCxSkuSAF0AkUpL0gBxTQwKCkA
45=MSgpADIoKQAzKCkACFhh2QYJKCkACigpAAsoKQAMKCkADSgpAA5IAWwQRRMPSAHFExBIAX
46=QCRRMRSAHVGBJIAc1zE0gByW8USAHZdBVIAYxdbjwXAJQjZnYXAJgGbTwXty4FABlMBYQI
47=bTwXoDBvPBcA3KlDHEAEkDUinFbYBmw8JykAH0AEhAhsPCdVACEoVQAiSAHNfiNIAYBGZ3
48=YXAJJrDAMAJVQClA1tPBdMeVA4bjwXANF3KEAExYEpSAFYAyKtWCooKQArSAHVIyxIAWwm
49=RSktSAHFKS5IAXQCRSkvSAHRNTAoKQAxKCkAMigpADMoKQA0KCkAB1BkxQgIKCkACSgpAA
50=ooKQALKCkADCgpAA0oKQAOSAFkE10VD0gB3RUQSAF0Al0VEUgBzRsSSAGEYCJFKhiYIFl0
51=FFQCzXMVSAGcmWY/GACE5GU/GLh/Zz8YAJFhBwZHPxgAh6kBGlgGmDJkPyddARxUAt0KHU
52=gB3YMeSAHZSB9IAYU/BVV7GO1HIVQCeApFEyJIAZ0KBFWAGFSBXAJmPxgAgJNmPxgAI9w9
53=Zj8YACNoVWQ/3RUDQkAYACfkB8QTdHsnKQArSAzVIyxIAWwmRSktSAHFKS5IAXQCRSkvSA
54=HdNjAoKQAxKCkAMigpADMoKQA0KCkANSgoAGAo0QkHTCnJAQgoKQAJKCkACigpAAsoKQAM
55=KCkADSgpAA5IAXwVVRgPSAHVGBBIAXQCVRgRSAHFHhJIAdGuE0gB0a4USAGBZwRJzxntfh
56=ZUAtE1F0kBLUgxRTQYSAGMBWeBGQCSdQIGVb0ZsDV9QRlUrVkCBFW9GVw8iQEd+AZlgRnx
57=Sx9UAoE7BlwEJwUBIVQCI80lBEVEGUBBhQgjVAKYin1BGbSRfUEZUARABH5BGQCQH3xByA
58=x+QRkAi5sEAClECJzQfUEZTAZLAAQAK1QC1SMsSAFsJkUpLUgBkwkEAC5IAXQCRSkvSAHd
59=NjAoKQAxKCkAMigpADMoKQA0KCkANSgpADYoKABoqdwKbCnJAQdYKskBCCgpAAkoKQAKKC
60=kACygpAAwoKQANKCkADkgBdBhNGw9IAc0bEEgBdAJNGxFIAd0gEkgBTCNpphNIAYQ0Ik0g
61=Grw2dETIAXWGGq1zBlmdGvFAGFgGnEx1RBpQO1gJcRwatDl0RMwFdETECHzF3Ap1RBq8ui
62=KEJycFASBdCiNMCUFRIUgByYUiSAFwAk0bI0gBiZAEVgcaAImQBFzF1A13RBoAkbXIJ0wF
63=kKN1RBoolQgaoOB1RBqYCl0KK0wF1SMsSAFsJlUCLUgBxSkuSAF0AkUpL0gB3TYwKCkAMS
64=gpADIoKQAzKCkANCgpADUoKQA2KCkANygoAAEEABsAyAxsKckBBihVAAcoKQAIKCkACSgp
65=AAooKQALKCkADCgpAA0oKQAOSAFsG0UeD0gBxR4QSAF0AkUeEUgB1SMSSAGQJmXOG4QBWQ
66=YUVAKILW1HG0gzQANtRxvpQxdABME7GEgBIwAnbUcb7YkaVALZlRtJAS5ACF0KHEgBjJRu
67=RxsAjJRsR9wKIjwpJykAIEwFxQghSAGUDWWMG7xXZM7UDWSM2AZljBuwVmxHwBpljBuwYW
68=5HGwAlaSkpXAoloTAqSAHVTytIAdUjLEgBbCZJFy1IAcUpLkgBdAJFKS9IAdU5MCgpADEo
69=KQAyKCkAMygpADQoKQA1KCkANigpADcoKQA4KCkAA0i01A18cMgBIpguyQEGKIEABygpAA
70=goKQAJKCkACigpAAsoKQAMKCkADSgpAA5IAWQeXSAPSAHdIBBIAXQCXSARSAHMJgUSABwA
71=AAAAABEAAO4OACAFAAQAEwAcAABgAAQEABQAHAAkqQEVSQEoqQEWSgHbAU8BBQAXSQHTqQ
72=EYSQHQqQEZSQEmXANRCRpJASKpARtJAR2pARxIAWQBAQAFAB1JAR9vAQQAHkgBnwoEAB9I
73=AZ8KBAAgSQHVfwoEACFJASdvBQMAIkkBIKkBI0kBI6kBJEkB2W8FAwAlSAFwAgEAAwAmKC
74=kAJ0gBgxoDAChIAYMaAwApSQHYewYEACpIAZsGBAArSAEFrwIAAA4EACxJAQqhBC1JAY2p
75=AS5IAXQCAQIEAC9JAYK1AjAoKQAxKCkAMigpADMoKQA0KCkANSgpADYoKQA3KCkAOCgpAD
76=koKQACQSiMoQ8DSAHNEAQoKABkLNUCBihVAAcoKQAIKCkACSgpAAooKQALKCkADCgpAA0o
77=KQAOSAF8IFk9D0gB1SMQSAF0AlUjEUgBxSkSSAHdKxMoKQAUSAGfNgQAFUgBhzQEABZIAY
78=08BF1MHUA2QwcEABhVAtZnHgUAGUgBi0MFABpIAdlIG0gBxQgcSAHFCB1IAZREf0wdAJBk
79=CH9MHQCIqQEgQQSKqQEhSAGQCX5MHQCHEwMAI1QCRRAARUokSQHabAV+TB0AhFV+TB0Amx
80=EDACdABM0FKEgBmF5/TB0A3HgGfEyNAgBNJitABNUjLEgBbCZVAi1IAcUpLkgBdAJFKS9I
81=AdU5MCgpADEoKQAyKCkAMygpADQoKQA1KCkANigpADcoKQA4KCkAOSgpADooKQABQXWjtR
82=gCSQGLqQEDSAHEE2QsyQEFKFUABigpAAcoKQAIKCkACSgpAAooKQALKCkADCgpAA0oKQAO
83=SAF0I00mD0gBzSYQSAF0Ak0mEUgB3SsSSAGYMnecHgDXqRcUVQLSqQEVSAGIOHVPHogFXQ
84=oXVAKYNXZPHgCIhXVPHlw8TQQEVU8eWEOJARtMBd0KHEkB0b0KHUgBWAN5PR5IAdGYH0gB
85=mVMDVZweTABJBANUnNAJdU8eoEZ0T9kRA0SyJykAJUUIIVQGTVImSAGcAnRPcAxYAnWcHk
86=ihiQEpQARAAW0QKkgBlFp2nB4A1SMsVAJsJkUeLUgBxSkuSAF0AkUpL0gBwTswKCkAMSgp
87=ADIoKQAzKCkANCgpADUoKQA2KCkANygpADgoKQA5KCkAOigpADsoKQACWcSPvSsDSAHEE3
88=B6yQEFKFUABigpAAcoKQAIKCkACSgpAAooKQALKCkADCgpAA0oKQAOSAF0I00mD0gBzSYQ
89=SAF0Ak0mEUgB3SsSSAHBMBNIAZhIbewf9ZEVVQKGoRoWSQHdqQEXSAEn9QkfvEF1Tx9cAl
90=gJdE+QlWE7G0wCgZMES8QfAM2lCB1UAsFRHkgBlAVkJoABfZkgVAJICWkBIUgBmVMCTewf
91=rVICUVsfva8CVE8n2QAlTAWEE22fH/lpJ1QC1Q0oSAGdCgRM7NgGbZ8frGh1Tx8o9gkfAG
92=wmRSktWQaRqRcuSAF0AkUpL0gBwTswKCkAMSgpADIoKQAzKCkANCgpADUoKQA2KCkANygp
93=ADgoKQA5KCkAOigpADsoKABsdtgRIpAiyQEFRCbJAQYoKQAHKCkACCgpAAkoKQAKKCkACy
94=gpAAwoKQANKCkADkgBaCJBJQ9IASfJCSCYJ0ElEVQCJ8kJIPkyE1QCI3wmaE6UjmFGFVQC
95=zWgWSAHVTxdIAcnoGEgBlQUEWe0gQEFcOWhOjAJlCBtABEwCaQEcSAHVTx1IAdQNYJsjNC
96=hpTiBUSlQFcCfECGCe3E9qTiAAmF5oTmTyTAVpTiBUokgBee0g/ZkmSAwjISAEWbAg7V0o
97=VALVTylIAVAGZRMqSAHdbStIAdUjLEgBxSktSAHFKS5IAXQCRSkvSAHVOTAoKQAxKCkAMi
98=gpADMoKQA0KCkANSgpADYoKQA3KCkAOCgpADkoKQA6KCgAItgrzRAFVCDJAQYoKQAHKCkA
99=CCgpAAkoKQAKKCkACygpAAwoKQANKCkADkgBcB+SSyEAySIQ1AJJIhFIAdknEkgBwTATSA
100=HRjRRJAc+xdxVIAc0xFkgB0QkXSAElmS8YSAHZ7RlIAYTZcUshULxHNwQAG1QCkNp9mSGs
101=RyJxKyHhiB5ABEQFbTwfSAGMjHBLiAm+mSEAlE9wS9wKcUshuEhwSyK4J0wIcUsh9WUmUA
102=nBGidIASV5IChIAdUCKUgB2RwqSAHNXStJAa8mzTAhgHJFKS1UAtEfLkgBfCtFKS9IAdU5
103=MCgpADEoKQAyKCkAMygpADQoKQA1KCkANigpADcoKQA4KCkAOSgpAAVcKMEPBigpAAcoKQ
104=AIKCkACSgpAAooKQALKCkADCgpAA0oKQAOSAF4HFEfD0gB0R8QSAF0AlEfEUgBwSUSSAEn
105=GQki/XgUVALJLRVJAdSlShZIAdmVF0gBJb0uGEgBgD5tlCKgO3lIIrU5BVlIIiRlLgVZ4i
106=JMuFg9ekgiAMEPHkQIxVUfSAEnGAkj6Dq4SCcpACJABJxXIlAm3AoiUiYiAM3hJUAE2aAm
107=SAHJFydIAVgOZVUoSAHBDylIAdkcKkgBJxkJIihZHCIoGQki4XIuTAXFKS9IAdU5MCgpAD
108=EoKQAyKCkAMygpADQoKQA1KCkANigpADcoKQA4KCkABkTA1Q0HKCkACCgpAAkoKQAKKCkA
109=CygpAAwoKQANKCkADkgBYBqBRiP5HBDUAoFGI+kiElQC3SsTSAHZJxRIAdknFUgB3UEWSA
110=HBiBcoKQAYSQElcDFhRiP1RBpUAoQIYUYjUMpEBH2OI1wCiQEdQAHADyKILsE7H1QChIx9
111=jiOkl3DaJykAIkAEjBBgRidVACRVAi1ZCgB9jiNcvUwBIh0lIySgJSIUL8UTBEUCI/1iKV
112=gGxR4qSAHNECtIAdlpLEgBxSktSAHJby5IAXQCRSkvSAHJODAoKQAxKCkAMigpADMoKQA0
113=KCkANSgpADYoKQA3KCgAAQcAJADJDAgoKQAJKCkACigpAAsoKQAMKCkADSgpAA5IAWgXiU
114=MkKGkIJJxiQRoRQATRHxJIAVwocWwTSAHRNRRIAYA7InhBIuw+SAQigjckAJx4IhlLJCQT
115=PwUAGEwFIzw/IootJACAvyJ6QSQAhAhpQySgymlDJLg9bIknKQAeRAiYPSIlMiRIZ5UNIF
116=QCJck1IUgBTAJxFCJIAY0QBFEnJK2UBE0CJKyUaUMkJEAkaEPIF2lDJOWXKFQF3UEpSAGQ
117=FCKILSP4JmkMK1QC1SMsSAHFKS1IASdoCCclBS9UAt02MCgpADEoKQAyKCkAMygpADQoKQ
118=A1KCkANigpAAhMst0KCSgpAAooKQALKCkADCgpAA0oKQAOSAHJFw9IAckXEEgBdAKRQCUo
119=fBCMe3EfE0AEyS0USAElCSgVSAGcI3FAJahvIoxJJykAGEAEI3gqfYMlWG9MCGLKJQCESn
120=FAJeFGHEwFwUYdSQHPYNUi2kMlAIDKIgw6Ipw0hAgi7CqECCJRJyX4PWTWI8g1fIPMEGPK
121=JQAuVAacgyKcP0wBcUAlUAyJASdAAdXIKEgBJxEIJaRVcEAnHQQrQQSvJl0iJYBnWWktVA
122=LFKS5IAcUpL0gB0TUwKCkAMSgpADIoKQAzKCkANCgpADUoKQAJTGXRCQooKQALKCkADCgp
123=AA0oKQAOSAF4EVEUD0gB0RQQSAF0Apk9Jii4B5SvuT0msLkijTMm6aYVWQbPeDJ5PSa4Mn
124=g9IownRCkiUEci8ESJARlMBZSyeD0ihDGVAhtUAt1BHEgBI9hYbX4mtHB5PSa0Lnk9JkgE
125=mQYgQAEj2CB4PSeRAiJUAiWBISNIASO4M3k9Jij9ICahkwRaAyYAyRcnUAGUkXjBJ20DKV
126=QCxT8qSAElMS0rSQGv+T0mKLkHJvWnLkAExSkvSAHFNDAoKQAxKCkAMigpADMoKQA0KCkA
127=CkjlxQgLKCkADCgpAA0oKQAOSAFgD4E7J/kRENQCgjsnAMkXElQC0aMTSAHZHBQoKQAVKC
128=kAFkgBzZ8XSAEjJCZhOye0p3C5IlxCmTIaQAQliU4bSAGYdHC5JdBWYTsn4H0iiE+ULmE7
129=J6R2Iow/JzEBIUQI3boiSAGUPH14J6TDYDtgdUAPcLmYfGVVJkwF1ZEnSQGSuVMoSAHJei
130=lIAcEaKkgBXAd5BitIAdUjLEgBxSktSAHJZC5IAXQCRSkvSAHZMjAoKQAxKCkAMigpADMo
131=KQALWJ3ZBgwoKQANKCkADkgBaAyJOCgoCQconExBDxFABNEUEkgByRcTSAHNnxRIAZAqff
132=Eo+XQWVALFHhdIAcG0GEgByW8ZSAElCV8aSAHRCRtIASUVJBxIAdgGIrhg2XQeVAKMEGg4
133=ZCxQASLFRihI7okBIUAE0QkiSAGQuX3xKOmFJFQCRAVgMHDBzVImVALNUidJAc/qOCgAzR
134=spVALBGipIAcUIK0kBr+xzrCZFKS1UAicIB7QCRSkvVALNMTAoKQAxKCkAMigrAAwAKSbN
135=JQ0oKQAOSAEnsQYpKLEGKSixBikovQ0pjBRZERNYBowBYKknVQAVVALZUxZIAdkcF0kBz7
136=EfGEgByZAZSAHFCBooKQAbKCkAHCgpAB1IAcV2HkgBhKJxNSkkFCRwNScNAiFABN0KIigp
137=ACNIAck4JEgBzRAlSAHNBSZIAcEEJ0gBwUYoSAHBBClIAcEEKkgBxQgrSQGv8DWsJlUjLV
138=QCJ7AGtAKQNScBBjBABN02MSgrAA0AKuU0DkgBJ1oGKgAlsVMQ1AJRCRFIAcEPEkgB0RQT
139=KCkAFCgpABVIASVZaRZIAc0FF0gB1QIYSAHVAhlIAZwrfdsqkAJBGhtUAowBeKAnVQAdVA
140=LZaR5IAdVwH0gB1XAgSAHZBiEoKQAiKCkAIygpACQoKQAlKCkAJigpACcoKQAoSAHRFClI
141=AckMKigpACtIAdUjLEkBCrVPLUgBxSkuSAF0AkUpL0gBzTEwKCgAAQ4AKwBgBFEfD8gBAQ
142=EEABDIAVkGEUgByQwSKCkAEygpABQoKQAVKCkAFigpABcoKQAYKCkAGSgpABooKQAbKCkA
143=HCgpAB0oKQAeKCkAHygpACAoKQAhKCkAIigpACMoKQAkKCkAJSgpACYoKAACJwArAK8RAA
144=DGBA4MCAIAAA4EACgAKwCvqgEpACcpACooKQArKCkALEgBBQoBAAAABAAtyAEBAQQALsgB
145=AQIEAC9IAVgDYAQCDwAsAAtMBUEEEMgBQQQRSQEJVAJFCBIoKQATKCkAFCgpABUoKQAWKC
146=kAFygpABgoKQAZKCkAGigpABsoKQAcKCkAHSgpAB4oKQAfKCkAICgpACEoKQAiKCkAIygp
147=ACQoKQAlKCkAJigpACcoKQAoKCkAKSgpACooKQArKCkALEgBeCdBJS3IAUUpLsgBRSkQSD
148=BgBAEFBAARSAFwKkEEEkkBo70rE0kBkKkBFEkBiKkBFSgpABYoKQAXKCkAGCgpABkoKQAa
149=KCkAGygpABwoKQAdKCkAHigpAB8oKQAgKCkAISgpACIoKQAjKCkAJCgpACUoKQAmKCkAJy
150=gpACgoKQApKCkAKkkBiqUeK0gB1SMsSAFtJgN9Vy2ZUwR6Jy4AYARRKhJQWckBEygpABQo
151=KQAVKCkAFigpABcoKQAYKCkAGSgpABooKQAbKCkAHCgpAB0oKQAeKCkAHygpACAoKQAhKC
152=kAIigpACMoKQAkKCkAJSgpACYoKQAnKCkAKCgpACkoKQAqKCkAKygpACxIAXgnAQYEABJJ
153=fYK9KxMoKQAUKCkAFSgpABYoKQAXKCkAGCgpABkoKQAaKCkAGygpABwoKQAdKCkAHigpAB
154=8oKQAgKCkAISgpACIoKQAjKCkAJCgpACUoKQAmKCkAJygpACgoKQApKCkAKigpACtIAcyf
155=ARMAMADVIxQoKQAVKCkAFigpABcoKQAYKCkAGSgpABooKQAbKCkAHCgpAB0oKQAeKCkAHy
156=gpACAoKQAhKCkAIigpACMoKQAkKCkAJSgpACYoKQAnKCkAKCgpACkoKQAqKCsAFAAx/SAV
157=KCkAFigpABcoKQAYKCkAGSgpABooKQAbKCkAHCgpAB0oKQAeKCkAHygpACAoKQAhKCkAIi
158=gpACMoKQAkKCkAJSgpACYoKQAnKCkAKCgpACkoKwAVADLlHhYoKQAXKCkAGCgpABkoKQAa
159=KCkAGygpABwoKQAdKCkAHigpAB8oKQAgKCkAISgpACIoKQAjKCkAJCgpACUoKQAmKCkAJy
160=gpACgoKwAWADPtGxcoKQAYKCkAGSgpABooKQAbKCkAHCgpAB0oKQAeKCkAHygpACAoKQAh
161=KCkAIigpACMoKQAkKCkAJSgpACYoKQAnKCsAFwA09RgYKCkAGSgpABooKQAbKCkAHCgpAB
162=0oKQAeKCkAHygpACAoKQAhKCkAIigpACMoKQAkKCkAJSgpACYoKwAYADX9FRkoKQAaKCkA
163=GygpABwoKQAdKCkAHigpAB8oKQAgKCkAISgpACIoKQAjKCkAJCgpACUoKwAZADblExooKQ
164=AbKCkAHCgpAB0oKQAeKCkAHygpACAoKQAhKCkAIigpACMoKQAkKCsAGgA37RAbKCkAHCgp
165=AB0oKQAeKCkAHygpACAoKQAhKCkAIigpACMoKwAbADj1DRwoKQAdKCkAHigpAB8oKQAgKC
166=kAISgpACIoKwAcADn9Ch0oKQAeKCkAHygpACAoKQAhKCsAHQA65QgeKCkAHygpACAoKwAe
167=ADvsBQgfADsAggEAAAAEABEAAA==

[Lighting]
Red=1.000000
Blue=1.000000
Green=1.000000
Level=0.032000
Ground=0.000000
IonRed=0.695000
Ambient=1.000000
IonBlue=0.775000
IonGreen=0.445000
IonLevel=0.032000
IonGround=0.000000
IonAmbient=0.650000
DominatorRed=0.850000
DominatorBlue=0.300000
DominatorGreen=0.200000
DominatorLevel=0.000000
DominatorGround=0.000000
DominatorAmbient=1.500000
DominatorAmbientChangeRate=0.009000

[Map]
Size=0,0,30,30
Theater=DESERT
LocalSize=3,5,24,19

[Neutral]
IQ=0
Edge=North
Color=Grey
Allies=Neutral
Country=Neutral
Credits=0
NodeCount=0
TechLevel=1
PercentBuilt=0
PlayerControl=no

[Nod]
IQ=0
Edge=North
Color=Gold
Allies=Nod
Country=Nod
Credits=0
NodeCount=0
TechLevel=1
PercentBuilt=0
PlayerControl=no

[OverlayDataPack]
1=BQAAIP4AIACABQAAIP4AIACABQAAIP4AIACABQAAIP4AIACABQAAIP4AIACABQAAIP4AIA
2=CABQAAIP4AIACABQAAIP4AIACABQAAIP4AIACABQAAIP4AIACABQAAIP4AIACABQAAIP4A
3=IACABQAAIP4AIACABQAAIP4AIACABQAAIP4AIACABQAAIP4AIACABQAAIP4AIACABQAAIP
4=4AIACABQAAIP4AIACABQAAIP4AIACABQAAIP4AIACABQAAIP4AIACABQAAIP4AIACABQAA
5=IP4AIACABQAAIP4AIACABQAAIP4AIACABQAAIP4AIACABQAAIP4AIACABQAAIP4AIACABQ
6=AAIP4AIACABQAAIP4AIACABQAAIP4AIACA

[OverlayPack]
1=BQAAIP4AIP+ABQAAIP4AIP+ABQAAIP4AIP+ABQAAIP4AIP+ABQAAIP4AIP+ABQAAIP4AIP
2=+ABQAAIP4AIP+ABQAAIP4AIP+ABQAAIP4AIP+ABQAAIP4AIP+ABQAAIP4AIP+ABQAAIP4A
3=IP+ABQAAIP4AIP+ABQAAIP4AIP+ABQAAIP4AIP+ABQAAIP4AIP+ABQAAIP4AIP+ABQAAIP
4=4AIP+ABQAAIP4AIP+ABQAAIP4AIP+ABQAAIP4AIP+ABQAAIP4AIP+ABQAAIP4AIP+ABQAA
5=IP4AIP+ABQAAIP4AIP+ABQAAIP4AIP+ABQAAIP4AIP+ABQAAIP4AIP+ABQAAIP4AIP+ABQ
6=AAIP4AIP+ABQAAIP4AIP+ABQAAIP4AIP+A

[Russians]
IQ=0
Edge=North
Color=DarkRed
Allies=Russians
Country=Russians
Credits=0
NodeCount=0
TechLevel=1
PercentBuilt=0
PlayerControl=no

[Special]
IQ=0
Edge=North
Color=Grey
Allies=Special
Country=Special
Credits=0
NodeCount=0
TechLevel=1
PercentBuilt=0
PlayerControl=no

[SpecialFlags]
Inert=no
FogOfWar=no
IonStorms=no
MCVDeploy=no
Meteorites=no
Visceroids=yes
FixedAlliance=no
TiberiumGrows=yes
InitialVeteran=no
HarvesterImmune=no
TiberiumSpreads=yes
TiberiumExplosive=no
DestroyableBridges=yes

[TeamTypes]

[Terrain]
22039=TREE30
24024=TREE28
40027=TREE34

[Waypoints]

[YuriCountry]
IQ=0
Edge=North
Color=DarkRed
Allies=YuriCountry
Country=YuriCountry
Credits=0
NodeCount=0
TechLevel=1
PercentBuilt=0
PlayerControl=no



[Digest]
1=vD1XgyfFPYFOHHphtkEaOYQU5h8=

