; Map created with FinalAlert 2(tm) Mission Editor
; Get it at http://www.westwood.com
; note that all comments were truncated

[Header]
Width=23
Height=20
StartX=244
StartY=22
Waypoint1=0,0
Waypoint2=0,0
Waypoint3=0,0
Waypoint4=0,0
Waypoint5=0,0
Waypoint6=0,0
Waypoint7=0,0
Waypoint8=0,0
NumberStartingPoints=0


[Preview]
Size=0,0,60,30

[PreviewPack]
1=5wkYFQ/Vs23Vs2yyqZXDomi+nGDCoWFIAEABSABAAUgAQAFIAEABSABAAUgAQAFIAEABSA
2=BAAUgAQAFIAEABSAAABoKDgEJEREVGQkFHTUFHTkNFQkFDQ4OEgEAESABABEgAQAFIAEAB
3=SABAAUgAQAFIAEABSABAAUgAQAFIAEABSABAAUgAQAEnCwDGpWcnRABAAUgAqANAAUgAIA
4=ksAFQVA7+cYcOhZUgADExQUrGPSLGOR0tPUrasmbwCICfkArwsQBNYE0gAQAFIAEABSABA
5=AUgAQAFIAEABSABAAUgAQAFIAEABSABAAUgAM7QCQBZ4FuQXWBZIAFgZICHkAkQOSA9IAE
6=ABSABAAUgAQAFIAEABSABAAUgAQAFIAEABSABAAUgAQAFIAFQVWyiyqZVQESdsBVQVCc6v
7=bJqPUrOgYtWzbCAw5AIgGJwFVBUDwZ9kuZdgSAAqtAJACg/WsWzZs2yZkU+gkVXgvG/iwX
8=kgLeQCTCVQJkgAQAFIAEABSABAAUgAQAFIAEABSABAAUgAQAFIADa0AgbXsWzmv3LnvnBI
9=AAPlvHHmvW+rAOrGfksA6cZ+ICfkAlgiSAlEEUgSSABAAUgAQAFIAEABSABAAUgAQAFIAD
10=a0AgADk3A/mXtJn4FN3rVr5bxy0KxmyZ9WQBZUGFMX2LJsSwzgv3KsDUwBIB60CEQRSBJI
11=AEABSABAAUgAQAFIAEABSABAAUgANrQCD7ybYriQVsSHS4ZqP9eybd22blgWUBQGyZ5V1r
12=Ju3LVtTy7Zt29AFgPXtW3WsWtYRqwxUEcgGOQCrB9UElgTSABAAUgAQAFIAEABSAA2tAJA
13=BwO2omXMq2hcJgaBYDmOdEWCbENMAUArSANAAQTFmU3NplzWXL8CsWvOpllkGgK3btizbF
14=QYWBZbMdy2blQbIBLkAlQSWBNIAEABSABAAUgAQAFIADm0ArcSn5VUQAEJxqVou5pgs3xH
15=b1k9rCsGe2E7oIVNmX9KqANIdQOQekqKbUFEAlwCA5J1RYdsPlAXckeybUwZSF0gDOQCUA
16=5MIkQUSBVIAEABSAA2tAJM5QPDoWS6l11IBoAHbOgDsJ5gwZ5kmAEBbKyKVYABfAIEzZdV
17=g2I5FIAAA4hnOYt0T6gYvAIDcF07kXtKTzHMo1haFuO5REcgB1QURBRIFUgAQAFIADa0Ag
18=mcgEqYekOPbj7AnGFEFAOUcT2EZzlYKyeEArQYA8OviMayjU8BvbKeiAN0b0ABWwHBr4xc
19=Ak4H2bN7E6R2RFwCWFtQXF8C4bpwrGEgA5wLQAdIBjm0AkAEW1LIn1VEFAADmXxGoIFEfG
20=c+f2U+lHtGhWs9fF84WAdMBArIsYW5qo+4saW3sJ+D4ABIGAa3rp2/sJa4rZtMBLwpWFgD
21=zq5od1czWHZLjd23blBESABYuFgWSABXeNewazm3CEFGTEwrJFQjUIAqdBhUNkANaBICsW
22=vFmE20aVAXBsalZ72dY8SkZlBEBpqASpNhOa92P3oEs220cugW3ABQArwIREdEdAO8nGPJ
23=p2VIjVACJ1QUSM+si0xbBd22btu2btqzbDQq5AJMNCTEJUAHWw1HSk0qtAJQAmKUwHJAlI
24=2sclAjTHxALlAXUFBIAAm9nGCUe0eRfkWAVy5cBQnCqGejkVWnlFe8sqBYAUwKRxa8pWVL
25=4cWnZVgBQCK8AgnAnmTOqWWKbTOcf0pcLAbJn1XKoVffvnBMi0hFUBpADUQXWBZARkAuTA
26=cq5AIDQEZMfn99KsQoJ3QARAVQ16wfTHxMLrxQXwLJnlW/I9OvaSecC1wCiBJ3b7uulkhF
27=txijklZcAgaIZzqZe0R2WDNMAQJ1YTyXflWKRlxBWAFAB0DQTA1IAEgVrA28AkBzSKJoEg
28=KOR7GORyc8CLQDLcQoeAQjPybgwHJALrQJRAhqFZ5VSBVAZ0AuUBdMAVAOBpuCT7eGS6hx
29=PUxeTIsk/CZcAlALBpJ0T4NmSH5oQlwstx6Ve0xMiUgDQARcNUwKSAlAAVgBSCRYDVAOXD
30=tABHgQ9BVDprmXYCEwJlxBVG9QhkgAQAFEF1gNSwDDoWUhxChoBoQXWB9YFgPjwnvjvnBQ
31=I1RFA963cNexbVwjRAsGjnRCTToomHVGTAGIAHxQTE8nLAAGwJ1cf1s0jGg7WOJ4B+yyTA
32=FQQUCFVBVYH0g5WENUFUQXaA8stAJAFlQVvBSkC0AWWAFIAEABOeQCRGWkF0x8J8QBS1rL
33=q1q8CFQPgAFkRCovALCETCFAIkgqWByJM21DH9+1a0gAQFhYZEt71bFrWBY8tAJYE7AUVA
34=BIAFgBSABAAUgAQAE25AJEEVAjWExXct22b0RlSABMfAl4YTxvUzGUeEiXekhIt0cXRj0r
35=SKIDinVIi2o4pBRAB1hASCpYFlxWVJxQFEwrSABQkiADtAKsE1ALWBBQFFgBSABAAUgAQA
36=FIAEABNuQCVDxYDawHSFFYFieMD1ACXLBIAFi4VACsKExhXClIM6gAXDVAQHlAwCKwJyAJ
37=tAJIEqATVABIAFgBSABAAUgAQAFIAEABSABAATbkAlxcTBBAE0gSlTxyQBlQJkA9QAFUKm
38=xVjLtYK0gbQENYQ0gqWEBYBEwEIA+0ArwRWCI5nAVAFlgESABAATbkAlsH5r9yvCxIfkyC
39=UD5IP7QYSCpQX1BHWBa0QlAXLbcCz61qVIoqlA1YDVAOSABAAUgAQAFIAEABSACgAVQASA
40=BYAUgAQAFIAEABSABAAUgAQAFIAEABSABAATbkAkDuVD9QEUAoUD5IQlAUWBNMKyrMEUgk
41=IBVsBUgPQBBIAEABUAhAJUABWAFIAEABSABAAUgAQAFIAEABSABAAUgAQAFIAEABNuQCXC
42=xArFAUWEZYCkArUEdIAHJutG4gIbQCSA+gEFQASABYAUgAQAFIAEABSABAAUgAQAFIAEAB
43=SABAAUgAQAFIAEABNuQCQBZIokgVqQDYICm0ArwOIBWcBUAWWAdIAEABNuQCQtDWsiAobA
44=WsDVgNoAFUAEgAWAFIAEABSABAAUgAQAFIAEABSABAAUgAQAFIAEABSABAAUgAQAFIAEAB
45=NuQCJJwgpO8gCZQNrApYCkABSABAAUgAQAFIAEABICGcBVAISAlIAEABRBdU9iTEKFT/J1
46=QjWIIn5B1YBFAFSABAAUgAQAFIAEABSABAAUgAQAFIAEABSABAAUgAQAFIAEABSABDAf//
47=/1QASABYAUgAQAFIAEABSABAAUgAQAFIAEABSABAAUgAQAFIAEABSABAAUgAQAFIAEABpC
48=BEFwZARkw7QEVER0kklCu8AqwEWARAAUgAQAFIAEABSABAAUgAQAFIAEABSABAAUgAQAFI
49=AEABCcKhYb6cYL6cYMKhYREAAA==

[Africans]
IQ=0
Edge=North
Color=DarkRed
Allies=Africans
Country=Africans
Credits=0
NodeCount=0
TechLevel=1
PercentBuilt=0
PlayerControl=no

[Alliance]
IQ=0
Edge=North
Color=Gold
Allies=Alliance
Country=Alliance
Credits=0
NodeCount=0
TechLevel=1
PercentBuilt=0
PlayerControl=no

[Americans]
IQ=0
Edge=North
Color=Gold
Allies=Americans
Country=Americans
Credits=0
NodeCount=0
TechLevel=1
PercentBuilt=0
PlayerControl=no

[Arabs]
IQ=0
Edge=North
Color=DarkRed
Allies=Arabs
Country=Arabs
Credits=0
NodeCount=0
TechLevel=1
PercentBuilt=0
PlayerControl=no

[Basic]
Name=No name
Percent=0
GameMode=standard
HomeCell=98
InitTime=10000
Official=no
EndOfGame=no
FreeRadar=no
MaxPlayer=2
MinPlayer=2
SkipScore=no
TrainCrate=no
TruckCrate=no
AltHomeCell=99
OneTimeOnly=no
CarryOverCap=0
NewINIFormat=4
NextScenario=
SkipMapSelect=no
CarryOverMoney=0.000000
AltNextScenario=
MultiplayerOnly=1
IceGrowthEnabled=yes
VeinGrowthEnabled=yes
TiberiumGrowthEnabled=yes
IgnoreGlobalAITriggers=no
TiberiumDeathToVisceroid=no

[British]
IQ=0
Edge=North
Color=Gold
Allies=British
Country=British
Credits=0
NodeCount=0
TechLevel=1
PercentBuilt=0
PlayerControl=no

[CellTags]

[Confederation]
IQ=0
Edge=North
Color=DarkRed
Allies=Confederation
Country=Confederation
Credits=0
NodeCount=0
TechLevel=1
PercentBuilt=0
PlayerControl=no

[French]
IQ=0
Edge=North
Color=Gold
Allies=French
Country=French
Credits=0
NodeCount=0
TechLevel=1
PercentBuilt=0
PlayerControl=no

[GDI]
IQ=0
Edge=North
Color=Gold
Allies=GDI
Country=GDI
Credits=0
NodeCount=0
TechLevel=1
PercentBuilt=0
PlayerControl=no

[Germans]
IQ=0
Edge=North
Color=Gold
Allies=Germans
Country=Germans
Credits=0
NodeCount=0
TechLevel=1
PercentBuilt=0
PlayerControl=no

[Houses]
0=Americans
1=Alliance
2=French
3=Germans
4=British
5=Africans
6=Arabs
7=Confederation
8=Russians
9=YuriCountry
10=GDI
11=Nod
12=Neutral
13=Special

[IsoMapPack5]
1=bQ4AIA8eAAEAggEAAAAEAB0AAgCCAQBpAR4oKQAfKCsAHAAD4QQdKCkAHigpAB8oKQAgKC
2=kAG0wL3QocKCkAHSgpAB4oKQAfKCkAICgpACEoKwAaAAXtEBsoKQAcKCkAHSgpAB4oKQAf
3=KCkAICgpACEoKQAiKCsAGQAG6QwaKCkAGygpABwoKQAdKCkAHigpAB8oKQAgKCkAISgpAC
4=IoKQAjKCsAGAAH4Q8ZKCkAGigpABsoKQAcKCkAHSgpAB4oKQAfKCkAICgpACEoKQAiKCkA
5=IygpACQoKwAXAAj5ERgoKQAZKCkAGigpABsoKQAcKCkAHSgpAB4oKQAfKCkAICgpACEoKQ
6=AiKCkAIygpACQoKQAlKCsAFgAJ8RQXKCkAGCgpABkoKQAaKCkAGygpABwoKQAdKCkAHigp
7=AB8oKQAgKCkAISgpACIoKQAjKCkAJCgpACUoKQAmKCsAFQAK6RcWKCkAFygpABgoKQAZKC
8=kAGigpABsoKQAcKCkAHSgpAB4oKQAfKCkAICgpACEoKQAiKCkAIygpACQoKQAlKCkAJigp
9=ACcoKwAUAAvhGhUoKQAWKCkAFygpABgoKQAZKCkAGigpABsoKQAcKCkAHSgpAB4oKQAfKC
10=kAICgpACEoKQAiKCkAIygpACQoKQAlKCkAJigpACcoKQAoKCsAEwAM+RwUKCkAFSgpABYo
11=KQAXKCkAGCgpABkoKQAaKCkAGygpABwoKQAdKCkAHigpAB8oKQAgKCkAISgpACIoKQAjKC
12=kAJCgpACUoKQAmKCkAJygpACgoKQApKCsAEgAN8R8TKCkAFCgpABUoKQAWKCkAFygpABgo
13=KQAZKCkAGigpABsoKQAcKCkAHSgpAB4oKQAfKCkAICgpACEoKQAiKCkAIygpACQoKQAlKC
14=kAJigpACcoKQAoKCkAKSgpACooKAACEQAOAAm95hIoKQATKCkAFCgpABUoKQAWKCkAFygp
15=ABgoKQAZKCkAGigpABsoKQAcKCkAHSgpAB4oKQAfKCkAICgpACEoKQAiKCkAIygpACQoKQ
16=AlKCkAJigpACcoKQAoKCkAKSgpACooKQArKCgAAhAADwALQCUBBQQAEUgBbCYBAQQAEkkB
17=o1QCTfwTSQGIqQEUKCkAFSgpABYoKQAXKCkAGCgpABkoKQAaKCkAGygpABwoKQAdKCkAHi
18=gpAB8oKQAgKCkAISgpACIoKQAjKCkAJCgpACUoKQAmKCkAJygpACgoKQApKCkAKkkBirEf
19=K0gB1SMsSAFuJgMEQQEQmCcBBwQAEEQAdQIIZSkQlU8CZCknKQATQARkCFUCFCgpABUoKQ
20=AWKCkAFygpABgoKQAZKCkAGigpABsoKQAcKCkAHSgpAB4oKQAfKCkAICgpACEoKQAiKCkA
21=IygpACQoKQAlKCkAJigpACcoKQAoKCkAKSgpACooKQArKCkALEgBbCYBBgQALcgBRSkOSV
22=EKtS4PyAFNUhDIAVknEUgBAq8CAAAOfisRAMkBEyhVABQoKQAVKCkAFigpABcoKQAYKCkA
23=GSgpABooKQAbKCkAHCgpAB0oKQAeKCkAHygpACAoKQAhKCkAIigpACMoKQAkKCkAJSgpAC
24=YoKQAnKCkAKCgpACkoKQAqKCkAKygpACxIAcUpLcgBRSkuyAFFKQ1IfSUdMA5IAc0FD0gB
25=zX4QSAF0Ak0FEUgByS0SSQEAYwAEABMoKQAUKCkAFSgpABYoKQAXKCkAGCgpABkoKQAaKC
26=kAG0kB17FAHEkBz6kBHUkB0akBHkkBJ28QAwAfSQEgqQEgSQEoqQEhSQHZrQUiSAFwAl2Z
27=I0gB3QokSAHdCiUoKQAmSAHJDCdIAdkGKCgpACkoKQAqSAHJDCtJAa+tUixIAWwmVQ0tSQ
28=GjrRAuSAF0AkUpL0gB1S4MQCjJAQ0oKQAOSAFsBUUID0gBJy4GEwB0AkUIEVQC1Q0SSQGR
29=dBRvMRMAhakBFFUCh6kBFUgBwSUWSAHBJRcoKQAYSAHNJhlIAXQGQQ8aSAHBJRtJAc21GB
30=woKQAdSQHQtQIeSQEffAZvMRMA3XcCAwAgVQIdtQIhSQHadwIEACJJAc+pASNJAdKpASQo
31=KQAlKCkAJigpACdJAdOtBSgoKQApSAHRCSpIAdkRK0kBr+wxrCZBGi1VAo2lCC5IAcUpL0
32=gBwTAwKCsACwAUJkklDCgpAA0oKQAOSAFkCF0KD0gBJ4UGFCiFBhThkxJABHggTQUTSQGQ
33=bQEEQwEUAIqpARVQAdknFkgBh0oDABdIAXwDAQADABhIAcUpGUkB27UYGkgB2TIbKCkAHE
34=gB0SodSQHUrQUeSQEmdAlnNBQAHqkBIFUCJakBIUgBZAFRFCJJAdi5BiNIAc1HJEgBzUcl
35=KCkAJigpACcoKQAoSAHFSilIAcU/KkgB2RErSAEnhAasJkEPLVQCJ4QGtAJNXS9UAieEBi
36=dZBjEoVwAKABXxNQsoKQAMKCkADSgpAA5IASfeBhUAJ90GFSjdBhUo3QYVhCJFExNYBtFh
37=FEgB3YMVSAEn3wYVANZsJn42FQCABH82FQAkbwgDABlMBckiGkgBySIbSAHJIhxJAVJsBS
38=LXRxUANakBHlQCaAFZth9JATS1AiBIAWQBRRMhSAHdQSJIAdEJI0gBxRMkSAGLOAIAJUgB
39=jxACACZIAYMaAwAnSAHdFShIAd1MKUgByQwqKCkAK0gBJ9wGrCZNEC1UAifcBrQCnDYnWQ
40=YwQATJODEoKQAyKCgAAQkAFgDBBAooKQALKCkADCgpAA0oKQAOSAEnNQcWKDUHFig1BxYo
41=NgcWAIQefqQWAMFnFEQI1YYVSAHNJhZIAYQ0dDnMBXc5FgDVrTwZQATBJRpJAY53AgQAG0
42=gByTgcSQE9nicAHUgBaDhBkh7KAQMATtYWAHQ5VQIgVAJoAQEDBAAhSQFXeAZ9pBZgASLp
43=TyNUAsUTJOgBdTkWTAtMBHY5FgDdFSdABJNAAwAoSAHVTylIAYc/AwAqSAGDtAQAK0gBJz
44=QHrCaWORYAJzQHtAKUOSeFBjBYBtE1MSgpADIoKQAzKCkACFiYzQUJKCkACigpAAsoKQAM
45=KCkADSgpAA5IASePBxcAo6ktENQCRRMRSAHVGBJIAZRwbTwXKI4HFwAnjQcXSF9NJgNJFB
46=dM0YkBF1kG3HwKbTwXUDCVAhlUAtGjGkgBySIbSQFBXANBJRzIAUUHHUkBkFwAQQMeSAEj
47=zDBuPBcAkbkATeEXmj0FAFsLFwAxQAVFCCJMBWQBSQEjSAHBtCRJASp4Am88FwAtqQEmVA
48=KdrwJFdhdAClkCAk08F0wAiQEpQATZPSpIAdk9K0gB1SMsSQEKcBQitS0XKI4HFwB0AkUp
49=L0AE0TUwKCkAMSgpADIoKQAzKCkANCgpAAdI1cUICCgpAAkoKQAKKCkACygpAAwoKQANKC
50=kADkgBZBNVIw9IAcEwEEgBdAJdFRFIAc0bEkgBhGBmPxgAweAUVALBfRVIAZWcBEU/GPFA
51=F1QCzeEYSAHZPRlIAZc5BAAaSQGJrSYbSAFkP0EPHMgBXXgdSAFYL2kAHkgBiLFlPxioTm
52=U/GHADbQAhQARkP01+IsgBAQMEACNIAc1+JEgBwX0lSAGcQXV7GKRVZD/QCWU/GK/LAgAp
53=TAWbPQIAKkgBwZMrSAHVIyxIAWwmRSktSAHFKS5IAXQCQRovSAHdNjAoKQAxKCkAMigpAD
54=MoKQA0KCkANSgpAAZQ3dEJBygpAAgoKQAJKCkACigpAAsoKQAMKCkADSgpAA5IAXwVVRgP
55=SAHVGBBIAXQCVRgRSAHFHhJJAThsLn5BGQDdKxRUAtVEFUgB1UQWSAHJQxdIAXQGSQwYSA
56=HRuRlIAWS4VQIayAFd8RtJATySBQAcSAGkAUeyGQC6Y0YAAB4oVQAfSAGAD31BGSR4IGaB
57=GQCJxwBdOxmQgl2DI00FVHUJBF07GUDFTQEDTfcZXABJAANNVxlMAEgBfUEZWAyJAShZBi
58=JFAQB9QRlcEEwBfEHJAQNVvRnt4SxMBWwmQRotSAHFKS5IAXQCRSkvSAHJODAoKQAxKCkA
59=MigpADMoKQA0KCkANSgpADYoKQAFQGrdCgYoKQAHKCkACCgpAAkoKQAKKCkACygpAAwoKQ
60=ANKCkADkgBdBhNGw9IAc0bEEgBdAJNGxFIASeWCBoAdERdNRNUAmxzWQYUSAFQJ2XvFSgp
61=ABZIAZHEBFudGgA6ZQQEUF6oAUUIGUAEdERVexrIAV2DG0gBaAVNABwoKQAdSQG5TAZVAh
62=5IAVgAaQAfSQGStQIgSAGUDXdEGgCPtQIiVALNyyNIAXREQVEkSAGIhXVEGrxBdUQaVEpY
63=CiKFJxpcAEgAIk0gGu1HKVgGgJ51RBqgRnVEGiiWCBoAbCZJIi1MBcUpLkgBdAJFKS9IAd
64=U5MCgpADEoKQAyKCkAMygpADQoKQA1KCkANigpADcoKAAiUCXLDAUAGyaNKAYoKQAHKCkA
65=CCgpAAkoKQAKKCkACygpAAwoKQANKCkADkgBbBtFHg9IAcUeEEgBdAJFHhFIASfuCBsA0T
66=UTVAJsR0U/FMgBXboVSQE2UC5RCRbIAVE1F0gBbEdNBRhIAXwDTQAZKCkAGkgBwYgbSAFQ
67=A2kAHEkBuLFAHUkBsakBHkkBj3gDZc4boAFkjCdlAiFABNkCIigpACNJAVZ4AmSMzQUERI
68=zFCARFRBv9jidMBSPYLG1HG6WXA0fOGwAhZwgDACpABJhIbUcbKO4IGwBsJlEfLUAExSku
69=SAF0AkUpL0gBwTswKCkAMSgpADIoKQAzKCkANCgpADUoKQA2KCkANygpADgoKQADSLTVDQ
70=QoKQAFKCkABigpAAcoKQAIKCkACSgpAAooKQALKCkADCgpAA0oKQAOSAFkHl0gD0gB3SAQ
71=SAF0Al0gEUgBJ0QJAxwAAAAAABEAAJ4PACAEAAAAEwAcAFgAaAACFAAcADFAAQEFAAAVSQ
72=E2SAEBAgAAFsgBAQMAABdKAZIBWwIAABhIAYMBAAAZKCkAGkkBt6EEG0kBsKkBHEkB9qkB
73=HUkBsakBHkkBjqkIH0gBpgEAICgpACFJAUt7AgQAIsgBAQEEACNJAVG1AiRJASdrAQMAJU
74=kBIKkBJkkBI6kBJ0kB1ncNAwAoSQHQqQEpSQEdoQQqSAFkAQEABAArSQGvWB0BDgQALEkB
75=Cm8FBAAtSQGNqQEuSAF0AgECBAAvSQGCtQIwKCkAMSgpADIoKQAzKCkANCgpADUoKQA2KC
76=kANygpADgoKQA5KCgAAgIAHQCMoQ8DSAHNEAQoKQAFKCkABigpAAcoKQAIKCkACSgpAAoo
77=KQALKCkADCgpAA0oKQAOSAF8IE0mD0gB1SMQSAF0AlUjEUgBxSkSSAGcK39MHQCPrQEUKF
78=UAFUkBkGAaf0wdAIqpARdUAqgFXEyINXUBGVUCuKEEGkgBxUobKCkAHCgpAB1IASefCR0A
79=kH8HAAAfVQKHqQEgSAGmAQAhSAF8TEkXIkgBgFx/TB0A2XcNBAAkVQIfcAV/TB0A3XcCAw
80=AmVAJwAgEAAwAnSAEnnwkdANShBClUApMXAwAqSAGMBX5MHQDVIyxUAmwmRSktSAHFKS5I
81=AXQCWREvSAHNPDAoKQAxKCkAMigpADMoKQA0KCkANSgpADYoKQA3KCkAOCgpADkoKQA6KC
82=gAAgEAHgCjYxoEAAJJAYupAQNIAcUTBCgpAAUoKQAGKCkABygpAAgoKQAJKCkACigpAAso
83=KQAMKCkADSgpAA5IAXQjTSYPSAHNJhBIAXQCTSYRSAHdKxJJAZGYLlecHgCIqQEUVQKJqQ
84=EVKCkAFkkBi7UCF0gBpAFVTx7EAVacHgDJmxpBBLN/IAAAGygpABxIAc1SHUgBwQQeSQGy
85=rQUfSQGOuQkgSAGkAVdPHgAybAF3nB4AM6kBI0EE3HgGdU8eTE1YAnVPHkihiQEmQQTbYA
86=R1Tx7pTihUAlkDAE1SKUkBJGwBdU8eXJ9NAQNVnB4o9gkeAGwmRSktTAXFKS5IAXQCRSkv
87=SAHNPDAoKQAxKCkAMigpADMoKQA0KCkANSgpADYoKQA3KCkAOCgpADkoKQA6KCkAOygpAA
88=JZd49lHgRWGx8AxRMEVALJAQUoKQAGKCkABygpAAgoKQAJKCkACigpAAsoKQAMKCkADSgp
89=AA5IAXQjTSYPSAHNJhBIAXQCTSYRSAEn9AmMhlguVE8nKQAUQARoAk0AFSgpABYoKQAXKC
90=kAGCgpABlJAb1zHwAAGkgBVAdpABtIAc2qHEkBuaEEHUgBdANNAB5IAdkGH0kBkkgCSQAg
91=SAFYAGkAIUgBdE9FByJIAXRPTeAjyQEDd08fAFdlBQRN7B/hUSZABIRjdU8f7VIoVAKf8Q
92=IAKUkBKHsGAgAqSAHZoCtIAdUjLEgBbCZFKS1JAZFAEEkBLkgBdAJFKS9IAcE7MCgpADEo
93=KQAyKCkAMygpADQoKQA1KCkANigpADcoKQA4KCkAOSgpADooKQA7KCsAAwAgKMgJJykABS
94=hVAAYoKQAHKCkACCgpAAkoKQAKKCkACygpAAwoKQANKCkADkgBaCJVIw9IASfKCSAAdAJB
95=JRFUAtEqEkgBcC5NABMoKQAUKCkAFUgBJ7kdICi4HSPoJFQGQJ4nKQAZTAVoAk0AGkgBwa
96=kbSQGGSAJJABxJAbt9NgBXxSAAtqkBHlQCUANpAB8oKQAgSQGTbQIAQJ4niQEiVAKyAgAj
97=SAF2TwUAW+0gAFV4AmlOIPHwJkAEcAJdICdIAYBqIlgn0FloTsz6aE7IAWGeICjAE6wmRQ
98=gtRAjFKS5IAcUpL0gBJ8gJJ40HMShVADIoKQAzKCkANCgpADUoKQA2KCkANygpADgoKQA5
99=KCkAOigpAARcI80QBSgpAAYoKQAHKCkACCgpAAkoKQAKKCkACygpAAwoKQANKCkADkgBcB
100=9JIg9IAckiEEgBdAKRSyH5JxJUAiPsKSIvJyEAhLk9FFQCJdUmFUkBTms0BAAWSQFIqQEX
101=ygEBBFNLIQBFtQIZVAJoAVEIGkgBcAJNABtIAc2UHEgBRAJpAB0oKQAeSAHNEB9JAYhYB0
102=UEIEgBzRAhSAFEAmkAIigpACMoKQAkSAFwS1kRJUgBI9UmBFuaIQDRcwkEACdUAidxCSFE
103=A0wJcUshXJ+JASpABCc8Eyd1BCxUAmwmRSktSAHFKS5IAXQCRSkvSAHBOzAoKQAxKCkAMi
104=gpADMoKQA0KCkANSgpADYoKQA3KCkAOCgpADkoKQAFWLPBDwYoKQAHKCkACCgpAAkoKQAK
105=KCkACygpAAwoKQANKCkADkgBeBxRHw9IAdEfEEgBdAJRHxFIASeOEiIAmPh7SCIAiXcuAA
106=AUQARUK2kAFUkBUEABRTQWSAGbPQQAF0gBiE57SCIAhnsGBAAZVAJ6SAQEWeIikEtBiBtU
107=AkAIaQAcKCkAHUgBzJ8iFCXAD9DXbQUgQAR8AE0AISgpACIoKQAjSQFNVANZHCRIASUVOi
108=VJAdq5ESZIASPwL3lIIqxHbpQiANHlKUAEyQEqSQElcAltlCLxbCxUAmwmSQwtSAHFKS5I
109=AXQCRSkvSAHVOTAoKQAxKCkAMigpADMoKQA0KCkANSgpADYoKQA3KCkAOCgpAAZcstUNBy
110=gpAAgoKQAJKCkACigpAAsoKQAMKCkADSgpAA5IAWAaWRwPSAHZHBBIAXQCWRwRSAEnwwgj
111=AEdjJQQAE1QCaAFJQxRIAXRETQUVyQEDfY4jsEtjRiMAh7kyGEAEmD1jRiMAWLEJGlQCcA
112=lNEBvIAV0KHEkBRqEEHcgBUQgeSAFwAk0AHygpACAoKQAhKCkAIigpACNIAXAUXQokSAEj
113=4Dhw2tyRfI4ioC9UCmBGJykAKEwFl0QEAClJASJcA1EUKkgBZAFJAStIAdUjLEgBbCZVAi
114=1IAcUpLkgBdAJVIy9IAck4MCgpADEoKQAyKCkAMygpADQoKQA1KCkANigpADcoKQAHSPbJ
115=DAgoKQAJKCkACigpAAsoKQAMKCkADSgpAA5IAWgXQRoPSAHBGhBIAXQCQRoRSAHRHxJIAc
116=kiE0gBlXsETYkkJGcjBAAVVQIhZARpQyS0cGhDJykAGEAEyS0ZSAHJLRpIAXQGTRAbKCkA
117=HEkBRHgCIr5FJABoAYhDI5Q1fQIfQAR8AE0AICgpACFIAdniIkgBfEFVGCPIAVFWJEgB0R
118=QlSAGQgmtDJADXXgsABUvSJADTqQEoQQTVqQEpSAGD1QQAKkgBJa1CK0gB1SMsSAFsJlUY
119=LUgBxSkuSAF0Ak0QL0gB3TYwKCkAMSgpADIoKQAzKCkANCgpADUoKQA2KCkACEjl3QoJKC
120=kACigpAAsoKQAMKCkADSgpAA5IAXAUSRcPSAHJFxBIAXQCSRcRSAHZHBJIAUUuAE0FE0gB
121=xSkUSAHBOxVIAdEqFkgBgQQFQcolv0EFABhUAoU/BUHKJbi2YMrDBAQAG+MEBAAcSAHVDR
122=1IAXBAUc8eyAFRzx9IAYMEAAAgSQFPbAEiUiclAGgBRYEiVAJwAl0VI0gB0YIkSAEjVCF9
123=gyXlPyZUAiPUUnFAJUBBQwcEAChUAiMMLX2DJVxwlQIqVQLYaEMijUklKEIZJQBsJlUNLU
124=AExSkuSAF0AkUpL0gB0TUwKCkAMSgpADIoKQAzKCkANCgpADUoKQAJUCfRCQooKQALKCkA
125=DCgpAA0oKQAOSAF4EVEUD0gB0RQQSAF0AlEUEUgBJ7oHJgCIOHjBfCORHxRABNVlFUgBIy
126=8nBQAWSAGQKnk9JkAFSQAGWD0i+DpIAXo9JgAjF0UFABpMBdkGG0gBlAV4PWz6TAVtfibo
127=xyJBRklQAlwVIkg8aAFBOyBYBmw8XBUl3ChsUiIYIM1zI0AEyRckSAHMUmBOIxkqBU0CJi
128=QkR3k9JlgBTAx4PSKwR4kBKUwChFVufiYAJ7kHJii5ByYougcmAMUpLlgGxSkvSAHFNDAo
129=KQAxKCkAMigpADMoKQA0KCkAClhQxQgLKCkADCgpAA0oKQAOSAFgD0ElD0gB2REQSAF0Ak
130=ElEUgBJ2AHIhhVmRwTVAJBAQBNnxRIAdUjFUgB0WEWSAEnYQcnJIg4YTsnWBRAB2I7JwCA
131=JWI7JwDFCBtYBtWnHEgB1acdSAGMRyIlUyekrSJYSScpACBABJyvf3gnAM+xbCJUApgRIq
132=xYJ+kCJFQCxEp8dSM0KGA7IlgxhRMnQASBkwVceCeRAilUAtkRKkgBJ2MHJwCvITxGAQ4E
133=ACxUAmwmRSktSAHFKS5IAXQCRSkvSAHZMjAoKQAxKCkAMigpADMoKQALVBDZBgwoKQANKC
134=kADkgBaAxBDw9IAcEPEEgBdAJBDxFIAdEUEkgBlOFtcyhQAUQefvEoACOBLAVd8SjhXBZY
135=AycIB8AEajgoAIU0BkixIjxJRAhqOCgAIzVUBUmxKFAXVAJscyKgJIkBHVAJzCYiqFPRbB
136=9UAoktBEmxKLxBaTgovEEiwlUoACcIB2jrkQkkWAbZqyVIASMYS37xKADdFSdUAkcFAAAG
137=QAEnkQIpUAEnCQcoKG0OKCgJBygobQ4oKGwOtAJFKS9ECM0xMCgpADEoKQAyKCsADAApJj
138=1KDSgpAA5IAXgykTUp6QwQ1AJJDBFIASexBimQGE0FE1QC3TYUSAHRHxVIAdEfFkgBgARh
139=qSlUKUQHfOYnKQAZQAQj0G1wNXBZQAR85iL8KokBHEAEnGJhqSn1Lh5UApAqfG3YESJMTS
140=L4UJkGIUAEjEdzNSkAzalvI1UCz6kBJEgBmLZ85iLEZZkGJlQC3RUnSAGAGnxt2REFTAIn
141=iQEqUAGQS33mKSixBikosAYnJQUuTAV8K0UpL0gBJ7AGJy0GMShXAA0AKuU0DkgBeAZJLQ
142=9IASWxUxBIAXQCUQkRSQGvoX0SSAFMGGnHEygpABQoKQAVSAGMGyJNKyqsMSJMKycpABhA
143=BIQeIrgzJ1UAGlQChDR5MiqEDFkRHFQCjAF5MiqwbHigIkQpXAJ4MicFASBMBcUIIUgBWA
144=NxFCJIAcU0I0kB0vkyKqB9eDInMQEmQATFEycoKQAoKCkAKUgByQwqSAHJDCtIAdUjLEkB
145=CqkMLUgBxSkuSAF0AkUpL0gBJ1gGKQIGKwBgBEYeDwCoAUH2EMgBWQYRSAHJDBIoKQATKC
146=kAFCgpABUoKQAWKCkAFygpABgoKQAZKCkAGigpABsoKQAcKCkAHSgpAB4oKQAfKCkAICgp
147=ACEoKQAiKCkAIygpACQoKQAlKCkAJigoAAInACsArxEAAMQEDgwIAgAADgQAKAArAK+qAS
148=kAJykAKigpACsoKQAsSAEFCgEAAAAEAC3IAQEBBAAuyAEBAgQAL0gBWANgBAIPACwAC0wF
149=QQQQyAFBBBFJAQlUAkUIEigpABMoKQAUKCkAFSgpABYoKQAXKCkAGCgpABkoKQAaKCkAGy
150=gpABwoKQAdKCkAHigpAB8oKQAgKCkAISgpACIoKQAjKCkAJCgpACUoKQAmKCkAJygpACgo
151=KQApKCkAKigpACsoKQAsSAF4J0ElLcgBRSkuyAFFKRBIMGAEAQUEABFIAXAqQQQSSQGjvS
152=sTSQGIqQEUKCkAFSgpABYoKQAXKCkAGCgpABkoKQAaKCkAGygpABwoKQAdKCkAHigpAB8o
153=KQAgKCkAISgpACIoKQAjKCkAJCgpACUoKQAmKCkAJygpACgoKQApKCkAKkkBirEfK0gB1S
154=MsSAFtJgN9Vy2ZUwR6Jy4AYARRKhJQWckBEygpABQoKQAVKCkAFigpABcoKQAYKCkAGSgp
155=ABooKQAbKCkAHCgpAB0oKQAeKCkAHygpACAoKQAhKCkAIigpACMoKQAkKCkAJSgpACYoKQ
156=AnKCkAKCgpACkoKQAqKCkAKygpACxIAXgnAQYEABJJfYK9KxMoKQAUKCkAFSgpABYoKQAX
157=KCkAGCgpABkoKQAaKCkAGygpABwoKQAdKCkAHigpAB8oKQAgKCkAISgpACIoKQAjKCkAJC
158=gpACUoKQAmKCkAJygpACgoKQApKCkAKigpACtIAcyfARMAMADVIxQoKQAVKCkAFigpABco
159=KQAYKCkAGSgpABooKQAbKCkAHCgpAB0oKQAeKCkAHygpACAoKQAhKCkAIigpACMoKQAkKC
160=kAJSgpACYoKQAnKCkAKCgpACkoKQAqKCsAFAAx/SAVKCkAFigpABcoKQAYKCkAGSgpABoo
161=KQAbKCkAHCgpAB0oKQAeKCkAHygpACAoKQAhKCkAIigpACMoKQAkKCkAJSgpACYoKQAnKC
162=kAKCgpACkoKwAVADLlHhYoKQAXKCkAGCgpABkoKQAaKCkAGygpABwoKQAdKCkAHigpAB8o
163=KQAgKCkAISgpACIoKQAjKCkAJCgpACUoKQAmKCkAJygpACgoKwAWADPtGxcoKQAYKCkAGS
164=gpABooKQAbKCkAHCgpAB0oKQAeKCkAHygpACAoKQAhKCkAIigpACMoKQAkKCkAJSgpACYo
165=KQAnKCsAFwA09RgYKCkAGSgpABooKQAbKCkAHCgpAB0oKQAeKCkAHygpACAoKQAhKCkAIi
166=gpACMoKQAkKCkAJSgpACYoKwAYADX9FRkoKQAaKCkAGygpABwoKQAdKCkAHigpAB8oKQAg
167=KCkAISgpACIoKQAjKCkAJCgpACUoKwAZADblExooKQAbKCkAHCgpAB0oKQAeKCkAHygpAC
168=AoKQAhKCkAIigpACMoKQAkKCsAGgA37RAbKCkAHCgpAB0oKQAeKCkAHygpACAoKQAhKCkA
169=IigpACMoKwAbADj1DRwoKQAdKCkAHigpAB8oKQAgKCkAISgpACIoKwAcADn9Ch0oKQAeKC
170=kAHygpACAoKQAhKCsAHQA65QgeKCkAHygpACAoKwAeADvsBQgfADsAggEAAAAEABEAAA==

[Lighting]
Red=1.000000
Blue=1.000000
Green=1.000000
Level=0.032000
Ground=0.000000
IonRed=0.695000
Ambient=1.000000
IonBlue=0.775000
IonGreen=0.445000
IonLevel=0.032000
IonGround=0.000000
IonAmbient=0.650000
DominatorRed=0.850000
DominatorBlue=0.300000
DominatorGreen=0.200000
DominatorLevel=0.000000
DominatorGround=0.000000
DominatorAmbient=1.500000
DominatorAmbientChangeRate=0.009000

[Map]
Size=0,0,30,30
Theater=DESERT
LocalSize=3,5,24,19

[Neutral]
IQ=0
Edge=North
Color=Grey
Allies=Neutral
Country=Neutral
Credits=0
NodeCount=0
TechLevel=1
PercentBuilt=0
PlayerControl=no

[Nod]
IQ=0
Edge=North
Color=Gold
Allies=Nod
Country=Nod
Credits=0
NodeCount=0
TechLevel=1
PercentBuilt=0
PlayerControl=no

[OverlayDataPack]
1=BQAAIP4AIACABQAAIP4AIACABQAAIP4AIACABQAAIP4AIACABQAAIP4AIACABQAAIP4AIA
2=CABQAAIP4AIACABQAAIP4AIACABQAAIP4AIACABQAAIP4AIACABQAAIP4AIACABQAAIP4A
3=IACABQAAIP4AIACABQAAIP4AIACABQAAIP4AIACABQAAIP4AIACABQAAIP4AIACABQAAIP
4=4AIACABQAAIP4AIACABQAAIP4AIACABQAAIP4AIACABQAAIP4AIACABQAAIP4AIACABQAA
5=IP4AIACABQAAIP4AIACABQAAIP4AIACABQAAIP4AIACABQAAIP4AIACABQAAIP4AIACABQ
6=AAIP4AIACABQAAIP4AIACABQAAIP4AIACA

[OverlayPack]
1=BQAAIP4AIP+AEQAAIP4aEP+Brf4JBv+BqP7bCf+ACwAAIP4kDv+BrP7bEf+ABQAAIP4AIP
2=+ABQAAIP4AIP+ABQAAIP4AIP+ABQAAIP4AIP+ABQAAIP4AIP+ABQAAIP4AIP+ABQAAIP4A
3=IP+ABQAAIP4AIP+ABQAAIP4AIP+ABQAAIP4AIP+ABQAAIP4AIP+ABQAAIP4AIP+ABQAAIP
4=4AIP+ABQAAIP4AIP+ABQAAIP4AIP+ABQAAIP4AIP+ABQAAIP4AIP+ABQAAIP4AIP+ABQAA
5=IP4AIP+ABQAAIP4AIP+ABQAAIP4AIP+ABQAAIP4AIP+ABQAAIP4AIP+ABQAAIP4AIP+ABQ
6=AAIP4AIP+ABQAAIP4AIP+ABQAAIP4AIP+ABQAAIP4AIP+ABQAAIP4AIP+A

[Russians]
IQ=0
Edge=North
Color=DarkRed
Allies=Russians
Country=Russians
Credits=0
NodeCount=0
TechLevel=1
PercentBuilt=0
PlayerControl=no

[Special]
IQ=0
Edge=North
Color=Grey
Allies=Special
Country=Special
Credits=0
NodeCount=0
TechLevel=1
PercentBuilt=0
PlayerControl=no

[SpecialFlags]
Inert=no
FogOfWar=no
IonStorms=no
MCVDeploy=no
Meteorites=no
Visceroids=yes
FixedAlliance=no
TiberiumGrows=yes
InitialVeteran=no
HarvesterImmune=no
TiberiumSpreads=yes
TiberiumExplosive=no
DestroyableBridges=yes

[Structures]
0=Neutral,CAMACH,256,27,28,64,None,0,0,1,0,0,None,None,None,1,0

[TaskForces]

[Terrain]
20020=TREE28
20036=TREE30
30019=TREE35
31031=TREE36

[Triggers]

[YuriCountry]
IQ=0
Edge=North
Color=DarkRed
Allies=YuriCountry
Country=YuriCountry
Credits=0
NodeCount=0
TechLevel=1
PercentBuilt=0
PlayerControl=no



[Digest]
1=vD1XgyfFPYFOHHphtkEaOYQU5h8=

