; Map created with FinalAlert 2(tm) Mission Editor
; Get it at http://www.westwood.com
; note that all comments were truncated

[Header]
Width=23
Height=19
StartX=244
StartY=23
Waypoint1=0,0
Waypoint2=0,0
Waypoint3=0,0
Waypoint4=0,0
Waypoint5=0,0
Waypoint6=0,0
Waypoint7=0,0
Waypoint8=0,0
NumberStartingPoints=0

[TerrainTypes]


[Preview]
Size=0,0,60,30

[PreviewPack]
1=FAYYFQ/Vs23Vs2yyqZXDomi+nGDCoWFIAEABSABAAUgAQAFIAEABSABAAUgAQAFIAEABSA
2=BAAUgAQAFIAEABSAAABoKDgEJEREVGQkFHTUFHTkNFQkFDQ4OEgEAESABABEgAQAFIAEAB
3=SABAAUgAQAFIAEABSABAAUgAQAFIAEABSABAAUgAQAEnCwDGpWcnRABAAUgAqANAAUgAIA
4=ksAFQVAAy8nGPJp2W5l2BMUFKxj0ixjkdLT1LBn2TGpWi7mmAgJ+QCvCxAE1gTSABAAUgA
5=QAFIAEABSABAAUgAQAFIAEABSABAAUgAQAFIAEABSABUFUATSxWyqZUntAJAFngW5BcGtq
6=yZv5xhw6FlICHkAkQOSA9IAEABSABAAUgAQAFIAEABSABAAUgAQAFIAEABSABAAUgAQAFI
7=ACe0AkAWKrQCiCF3TtWzbCrkAlgWSAAgHuQCkQtsVA9YEEgAQAFIAEABSABAAUgAQAFIAE
8=ABSABAAUgAQAFIACADtAKQCyAx5AJUD1gQSABAAUgAQAFIAEABSABAAUgAQAFIAEABSABA
9=AUgAIA+0AiAw5AKACiAHnAUgG7QCgA0gJcwFXCZAKEgAQAFIAEABSABAAUgAQAFIAEABSA
10=AgJ7QCICTkApAIOpwFNrQCBpZ9SHZcNnhhPFRskAjMKCAGLAAGf2g2m4BLl35NIBKEDkwo
11=UClIAEABSABAAUgAQAFIADa0AipUAgacgEqYekOPbj6kFwaKajmRdUSEZzkqjwCUcT1CHH
12=1jUQJsXAK3FZV7RUwBiABQAiANbBG0BkQUSBVIAEABSAAgA7QCgAfPK5h9SJgBAWyTdUCA
13=AXwCAnxfOJ+B3AJEGlAyiQNsLbQCkAJ8BUwEIAbMBUQUSBVIAEABSAAgD7QCKsQBICcsAD
14=/kAoANfFkgY7QCkBEgAc8FQUZMVBUkVyO8m2I2LBsqNAEgSywAKs8FwZ5kJMQlgBABbEdK
15=TSBvtAKAEzHMBQNARkx+f30qxCgnXANEYirUACBaLABoEgKOR7GORyc8CJERbCTHKLasmS
16=FjJoOEgHgEIzwmIF3kAngQ9BWsEyQkJkyFUIZIAEABRxe/nGFIACTcJWgGICPkAgADdGE/
17=p4RHr35KqXxKjnRFb1k9lnlCPDQEaA/0FSSUK7QVvBS8LEAWWAFIAEABIAnkAgmQekqKbU
18=GEcEK9kVe8CAPPk0+8gUSvAbF+RSdfALB1P5ACfFMJn3RGk3A/knVFh2w+MOQCPLQCWBOw
19=FFQASABYAUgAQAFIAEABPOQCtBUDiGc5i3RPkBFs2YABdBIwJAKIAyuMAAPNl1WDYjkq5A
20=IgA7QCrBO0CVAUWAFIAEABSABAAUgAQAE25AIgG7QCKkQDpBcgCbQCSBKgE1QASABYAUgA
21=QAFIAEABSABAAUgAQAE25AIq9AEgFSwAIA+0ArwRPJwFQBZYBEgAQAEgLeQCKrcCz61qWd
22=m5I+Q7rA1YDUABSABAAUgAQAFIAEABSACgAVQASABYAUgAQAFIAEABSABAAUgAQAFIAEAB
23=SABAASAh5AIqtAIwTBBIDEANSABAAUgAQAFIAEABSABAAUgAQAEgCZwFUAVIBkgAQAEgFe
24=QCICG0AkgPoBBUAEgAWAFIAEABSABAAUgAQAFIAEABSABAAUgAQAFIAEABSABAASAJ5AIg
25=J7QCvA4gFZwFQBZYB0gAQAE85AIgLbQCWA2wDlQASABYAUgAQAFIAEABSABAAUgAQAFIAE
26=ABSABAAUgAQAFIAEABSABAAUgAQAE25AIknCAgFdwKWApQC0gAQAFIAEABSABAASAhnAVQ
27=CEgJSABAAUQXJ8cog4SAJ1QjW4JMUFKsBFgEQAFIAEABSABAAUgAQAFIAEABSABAAUgAQA
28=FIAEABSABAAUgAQAFIAEMB////VABIAFgBSABAAUgAQAFIAEABSABAAUgAQAFIAEABSABA
29=AUgAQAFIAEABSABAAUgAQAGkIEQXBkBGTDtARURHSSSUK7wCrARYBEABSABAAUgAQAFIAE
30=ABSABAAUgAQAFIAEABSABAAUgAQAEJwqFhvpxgvpxgwqFhEQAA

[Africans]
IQ=0
Edge=North
Color=DarkRed
Allies=Africans
Country=Africans
Credits=0
NodeCount=0
TechLevel=1
PercentBuilt=0
PlayerControl=no

[Alliance]
IQ=0
Edge=North
Color=Gold
Allies=Alliance
Country=Alliance
Credits=0
NodeCount=0
TechLevel=1
PercentBuilt=0
PlayerControl=no

[Americans]
IQ=0
Edge=North
Color=Gold
Allies=Americans
Country=Americans
Credits=0
NodeCount=0
TechLevel=1
PercentBuilt=0
PlayerControl=no

[Arabs]
IQ=0
Edge=North
Color=DarkRed
Allies=Arabs
Country=Arabs
Credits=0
NodeCount=0
TechLevel=1
PercentBuilt=0
PlayerControl=no

[Basic]
Name=No name
Percent=0
GameMode=standard
HomeCell=98
InitTime=10000
Official=no
EndOfGame=no
FreeRadar=no
MaxPlayer=2
MinPlayer=2
SkipScore=no
TrainCrate=no
TruckCrate=no
AltHomeCell=99
OneTimeOnly=no
CarryOverCap=0
NewINIFormat=4
NextScenario=
SkipMapSelect=no
CarryOverMoney=0.000000
AltNextScenario=
MultiplayerOnly=1
IceGrowthEnabled=yes
VeinGrowthEnabled=yes
TiberiumGrowthEnabled=yes
IgnoreGlobalAITriggers=no
TiberiumDeathToVisceroid=no

[British]
IQ=0
Edge=North
Color=Gold
Allies=British
Country=British
Credits=0
NodeCount=0
TechLevel=1
PercentBuilt=0
PlayerControl=no

[CellTags]

[Confederation]
IQ=0
Edge=North
Color=DarkRed
Allies=Confederation
Country=Confederation
Credits=0
NodeCount=0
TechLevel=1
PercentBuilt=0
PlayerControl=no

[French]
IQ=0
Edge=North
Color=Gold
Allies=French
Country=French
Credits=0
NodeCount=0
TechLevel=1
PercentBuilt=0
PlayerControl=no

[GDI]
IQ=0
Edge=North
Color=Gold
Allies=GDI
Country=GDI
Credits=0
NodeCount=0
TechLevel=1
PercentBuilt=0
PlayerControl=no

[Germans]
IQ=0
Edge=North
Color=Gold
Allies=Germans
Country=Germans
Credits=0
NodeCount=0
TechLevel=1
PercentBuilt=0
PlayerControl=no

[Houses]
0=Americans
1=Alliance
2=French
3=Germans
4=British
5=Africans
6=Arabs
7=Confederation
8=Russians
9=YuriCountry
10=GDI
11=Nod
12=Neutral
13=Special

[IsoMapPack5]
1=Mw0AIA8eAAEAggEAAAAEAB0AAgCCAQBpAR4oKQAfKCsAHAAD4QQdKCkAHigpAB8oKQAgKC
2=kAG0wL3QocKCkAHSgpAB4oKQAfKCkAICgpACEoKwAaAAXtEBsoKQAcKCkAHSgpAB4oKQAf
3=KCkAICgpACEoKQAiKCsAGQAG6QwaKCkAGygpABwoKQAdKCkAHigpAB8oKQAgKCkAISgpAC
4=IoKQAjKCsAGAAH4Q8ZKCkAGigpABsoKQAcKCkAHSgpAB4oKQAfKCkAICgpACEoKQAiKCkA
5=IygpACQoKwAXAAj5ERgoKQAZKCkAGigpABsoKQAcKCkAHSgpAB4oKQAfKCkAICgpACEoKQ
6=AiKCkAIygpACQoKQAlKCsAFgAJ8RQXKCkAGCgpABkoKQAaKCkAGygpABwoKQAdKCkAHigp
7=AB8oKQAgKCkAISgpACIoKQAjKCkAJCgpACUoKQAmKCsAFQAK6RcWKCkAFygpABgoKQAZKC
8=kAGigpABsoKQAcKCkAHSgpAB4oKQAfKCkAICgpACEoKQAiKCkAIygpACQoKQAlKCkAJigp
9=ACcoKwAUAAvhGhUoKQAWKCkAFygpABgoKQAZKCkAGigpABsoKQAcKCkAHSgpAB4oKQAfKC
10=kAICgpACEoKQAiKCkAIygpACQoKQAlKCkAJigpACcoKQAoKCsAEwAM+RwUKCkAFSgpABYo
11=KQAXKCkAGCgpABkoKQAaKCkAGygpABwoKQAdKCkAHigpAB8oKQAgKCkAISgpACIoKQAjKC
12=kAJCgpACUoKQAmKCkAJygpACgoKQApKCsAEgAN8R8TKCkAFCgpABUoKQAWKCkAFygpABgo
13=KQAZKCkAGigpABsoKQAcKCkAHSgpAB4oKQAfKCkAICgpACEoKQAiKCkAIygpACQoKQAlKC
14=kAJigpACcoKQAoKCkAKSgpACooKAACEQAOAAm95hIoKQATKCkAFCgpABUoKQAWKCkAFygp
15=ABgoKQAZKCkAGigpABsoKQAcKCkAHSgpAB4oKQAfKCkAICgpACEoKQAiKCkAIygpACQoKQ
16=AlKCkAJigpACcoKQAoKCkAKSgpACooKQArKCgAAhAADwALQCUBBQQAEUgBbCYBAQQAEkkB
17=jVQCTfwTSQGQqQEUSQGjqQEVSQGIqQEWKCkAFygpABgoKQAZKCkAGigpABsoKQAcKCkAHS
18=gpAB4oKQAfKCkAICgpACEoKQAiKCkAIygpACQoKQAlKCkAJigpACcoKQAoKCkAKSgpACpJ
19=AYq5HCtIAdUjLEgBbiYDBEEBEJgnAQcEABBEAHUCCGUpEJVPAmQpJykAE0AEZAhVAhQoKQ
20=AVKCkAFigpABcoKQAYKCkAGSgpABooKQAbKCkAHCgpAB0oKQAeKCkAHygpACAoKQAhKCkA
21=IigpACMoKQAkKCkAJSgpACYoKQAnKCkAKCgpACkoKQAqKCkAKygpACxIAWwmAQYEAC3IAU
22=UpDklRCrUuD8gBTVIQyAFZJxFIAQKvAgAADn4rEQDJARMoVQAUKCkAFSgpABYoKQAXKCkA
23=GCgpABkoKQAaKCkAGygpABwoKQAdKCkAHigpAB8oKQAgKCkAISgpACIoKQAjKCkAJCgpAC
24=UoKQAmKCkAJygpACgoKQApKCkAKigpACsoKQAsSAHFKS3IAUUpLsgBRSkNSH0lHTAOSAHN
25=BQ9IAdl/EEgBdAJNBRFIAcktEkkBAGMABAATKCkAFCgpABUoKQAWKCkAFygpABgoKQAZKC
26=kAGigpABsoKQAcKCkAHUkBVmMPCAAeSAFkAQEACAAfKCkAICgpACEoKQAiKCkAIygpACQo
27=KQAlKCkAJigpACcoKQAoKCkAKSgpACooKQArSAHVIyxIAWwmVactSAHFKS5IAXQCRSkvSA
28=HVLgxAKMkBDSgpAA5IAWwFRQgPSQGOsWEQSAF0AkUIEUgB1Q0SSAGcIG0xE4QBWQYUKFUA
29=FSgpABYoKQAXKCkAGCgpABkoKQAaKCkAGygpABwoKQAdSQFVfA1sMcAPbDEnKQAgQAR8A0
30=U0ISgpACIoKQAjKCkAJCgpACUoKQAmKCkAJygpACgoKQApKCkAKigpACtIAdUjLEgBbCZJ
31=Ii1JAaOlKS5IAXQCRSkvSAHBMDAoKwALABQmSSUMKCkADSgpAA5IAWQIXQoPSAHdChBIAX
32=QCXQoRSAHNEBJIAZwgZTQUhAFZBhQoVQAVKCkAFigpABcoKQAYKCkAGSgpABooKQAbKCkA
33=HCgpAB1IAWU0AWQ0wA9kNCcpACBABJ8RCAAhKCkAIigpACMoKQAkKCkAJSgpACYoKQAnKC
34=kAKCgpACkoKQAqKCkAK0gB1SMsSAFsJkkiLUgBJ7YMFAB0AkUpL1QCJ4QGJ1kGMShXAAoA
35=FfE1CygpAAwoKQANKCkADkgBfApVDQ9IAdUNEEgBdAJVDRFIAcUTEkgBlCN9NhWEAVkGFC
36=hVABUoKQAWKCkAFygpABgoKQAZKCkAGigpABsoKQAcKCkAHUgBfDZBZx5IAYQPfDbPEAgA
37=IChVACEoKQAiKCkAIygpACQoKQAlKCkAJigpACcoKQAoKCkAKSgpACooKQArSAHVIyxIAW
38=wmSSItSAHFKS5IAXQCRSkvSAEn3AYnhQYxKFUAMigoAAEJABYAzQUKKCkACygpAAwoKQAN
39=KCkADkgBdA1NEA9IAc0QEEgBdAJNEBFIAd0VEkgBhCl1ORaEAVkGFChVABUoKQAWKCkAFy
40=gpABgoKQAZKCkAGigpABsoKQAcKCkAHUgBdDmUcMAPdDknKQAgQAScEXRwJ1UAIihVACMo
41=KQAkKCkAJSgpACYoKQAnKCkAKCgpACkoKQAqKCkAK0gB1SMsSAFsJkkiLUgBxSkuSAF0Ak
42=UpL0gBxTQwKCkAMSgpADIoKQAzKCsACAAX4TsJKCkACigpAAsoKQAMKCkADSgpAA5IAWwQ
43=RRMPSAHFExBIAXQCRRMRSAHVGBJIAYQpbTwXhAFZBhQoVQAVKCkAFigpABcoKQAYKCkAGS
44=gpABpJAU57CQgAG0kBSakBHMgBQTsdSAFwAoR2wA9sPCcpACAogQAhKCkAIigpACMoKQAk
45=KCkAJSgpACYoKQAnKCkAKCgpACkoKQAqKCkAK0gB1SMsSAFsJkkiLUgBxSkuSAF0AkUpL0
46=gBJ4wHJ90GMShVADIoKQAzKCkANCgrAAcAGPk9CCgpAAkoKQAKKCkACygpAAwoKQANKCkA
47=DkgBZBNdFQ9IAd0VEEgBdAJdFRFIAc0bEkgBgDBlPxiEAVkGFChVABUoKQAWKCkAFygpAB
48=goKQAZKCkAGkkBU3gJZD/fCggAHFQCcAJZPR0oKQAeKCkAHygpACAoKQAhKCkAIigpACMo
49=KQAkKCkAJSgpACYoKQAnKCkAKCgpACkoKQAqKCkAK0gB1SMsSAFsJkkiLUgBxSkuSAF0Ak
50=UpL0gBJ+QHJwkHMShVADIoKQAzKCkANCgpADUoKwAGABnxQAcoKQAIKCkACSgpAAooKQAL
51=KCkADCgpAA0oKQAOSAF8FVUYD0gB1RgQSAF0AlUYEUgBxR4SSAGENH1BGYQBWQYUKFUAFS
52=gpABYoKQAXKCkAGCgpABkoKQAaSAF8QU1+G0gBgAt8QcsMCAAdKFUAHigpAB8oKQAgKCkA
53=ISgpACIoKQAjKCkAJCgpACUoKQAmKCkAJygpACgoKQApKCkAKigpACtIAdUjLEgBbCZJIi
54=1IAcUpLkgBdAJFKS9IASc8CCc1BzEoVQAyKCkAMygpADQoKQA1KCkANigrAAUAGulDBigp
55=AAcoKQAIKCkACSgpAAooKQALKCkADCgpAA0oKQAOSAF0GE0bD0gBzRsQSAF0Ak0bEUgB3S
56=ASSAGIOHVEGoQBWQYUKFUAFSgpABYoKQAXSAHZwRhJAUhgB3pbGgBoAUlDGlQCcAJdgxso
57=KQAcKCkAHSgpAB4oKQAfKCkAICgpACEoKQAiKCkAIygpACQoKQAlKCkAJigpACcoKQAoKC
58=kAKSgpACooKQArSAHVIyxIAWwmSSItSAHFKS5IAXQCRSkvSAEnlAgnYQcxKFUAMigpADMo
59=KQA0KCkANSgpADYoKQA3KCkABEDuyQwFKCkABigpAAcoKABotM0FCShVAAooKQALKCkADC
60=gpAA0oKQAOSAFsG0UeD0gBxR4QSAF0AkUeEUgB1SMSSAGMPG1HG4QBWQYUKFUAFSgpABYo
61=KQAXSAFgiElDGEgBnAZsR8QIfF8nKQAbKIEAHCgpAB0oKQAeKCkAHygpACAoKQAhKCkAIi
62=gpACMoKQAkKCkAJSgpACYoKQAnKCkAKCgpACkoKQAqKCkAK0gB1SMsSAFsJkkiLUgBxSku
63=SAF0AkUpL0gB0TUwKCkAMSgpADIoKQAzKCkANCgpADUoKQA2KCkANygpADgoKQADSPbVDQ
64=QoKQAFKCkABigpAAcoKABku9kGCShVAAooKQALKCkADCgpAA0oKQAOSAFkHl0gD0gB3SAQ
65=SAF0Al0gEUgBzCYFEgAcAAAAAAARAACXDQAgBQAEABMAHAAAYAACBAAUABxhAQBVAhUoKQ
66=AWKCkAF0kBU0gEAQEIABhIAUQBAgAACAAZKCkAGigpABsoKQAcKCkAHSgpAB4oKQAfKCkA
67=ICgpACEoKQAiKCkAIygpACQoKQAlKCkAJigpACcoKQAoKCkAKSgpACooKQArSAEFrwIAAA
68=4EACxKAQoBVxsEAC1JAY2pAS5IAXQCAQIEAC9JAYK1AjAoKQAxKCkAMigpADMoKQA0KCkA
69=NSgpADYoKQA3KCkAOCgpADkoKAACAgAdAIyhDwNIAc0QBCgpAAUoKQAGKCkABygpAAgoKQ
70=AJKCkACigpAAsoKQAMKCkADSgpAA5IAXwgVUQPSAHVIxBIAXQCVSMRSAHFKRJJAUlAKVVE
71=E8gBTUcUSQFHtQIVyAFVAhZJAUq1AhdIAWQBWQYYKCkAGSgpABooKQAbKCkAHCgpAB0oKQ
72=AeKCkAHygpACAoKQAhKCkAIigpACMoKQAkSQE2fxEIACXIAV0VJkkBOLUCJ0kBNakBKMgB
73=QQQpyAFVGCrIAVUCK0gB1SMsSAFsJkUpLUgBxSkuSAF0AkUpL0gBzTwwKCkAMSgpADIoKQ
74=AzKCkANCgpADUoKQA2KCkANygpADgoKQA5KCkAOigoAAIBAB4Ao6lOAkkBi6kBA0gBxRME
75=KCkABSgpAAYoKQAHKCkACCgpAAkoKQAKKCkACygpAAwoKQANKCkADkgBdCNNJg9IAc0mEE
76=gBdAJNJhFIAd0rEkgBdDJBMBMoKQAUKCkAFSgpABYoKQAXKCkAGCgpABkoKQAaKCkAGygp
77=ABwoKQAdKCkAHigpAB8oKQAgKCkAISgpACIoKQAjSQE+bxcEACRIAXRPTRslyAEBAwQAJk
78=gBdE8BAQQAJ0gBdE9BBCjIAUEEKcgBVQIqyAFVAitIAdUjLEgBbCZFKS1IAcUpLkgBdAJZ
79=Bi9IAc08MCgpADEoKQAyKCkAMygpADQoKQA1KCkANigpADcoKQA4KCkAOSgpADooKQA7KC
80=gAAgIAHwCP9k8fAMUTBFQCyQEFKCkABigpAAcoKQAIKCkACSgpAAooKQALKCkADCgpAA0o
81=KQAOSAF0I00mD0gBzSYQSAF0Ak0mEUgB3SsSSAFkOJVPH4QBSQEUKFUAFSgpABYoKQAXKC
82=kAGCgpABkoKQAaKCkAGygpABwoKQAdKCkAHigpAB8oKQAgKCkAISgpACJJAUB7FAgAI8gB
83=UUskSAFwAkUeJSgpACYoKQAnKCkAKCgpACkoKQAqKCkAK0gB1SMsSAFsJl0KLUkBkaE7Lk
84=gBdAJFKS9IAcE7MCgpADEoKQAyKCkAMygpADQoKQA1KCkANigpADcoKQA4KCkAOSgpADoo
85=KQA7KCsAAwAgKMgJJykABShVAAYoKQAHKCkACCgpAAkoKQAKKCkACygpAAwoKQANKCkADk
86=gBaCJBJQ9IASfKCSAAdAJBJRFUAtEqEkgBkzUIABMoKQAUKCkAFSgpABYoKQAXKCkAGCgp
87=ABkoKQAaKCkAGygpABwoKQAdKCkAHigpAB8oKQAgKCkAISgpACJIAWlOAmpOIABoAU2UJF
88=QClRgEWe0ghAFRHyYoVQAnKCkAKCgpACkoKQAqKCkAK0gB1SMsSAFsJlEJLUgBxSkuSAF0
89=AkUpL0gBJ8gJJ40HMShVADIoKQAzKCkANCgpADUoKQA2KCkANygpADgoKQA5KCkAOigrAA
90=QAIf1MBSgpAAYoKQAHKCkACCgpAAkoKQAKKCkACygpAAwoKQANKCkADkgBcB9JIg9IAcki
91=EEgBdAJJIhFIAdknEkgBkDFxSyGEAZyZJykAFSiBABYoKQAXKCkAGCgpABkoKQAaKCkAGy
92=gpABwoKQAdKCkAHigpAB8oKQAgKCkAISgpACJIAcnoI0gBgBZ06dwVcEsnKQAmKIEAJygp
93=ACgoKQApKCkAKigpACtIAdUjLEgBbCZFKS1IAcUpLkgBdAJFKS9IASdwCSeNBzEoVQAyKC
94=kAMygpADQoKQA1KCkANigpADcoKQA4KCkAOSgrAAUAIuVKBigpAAcoKQAIKCkACSgpAAoo
95=KQALKCkADCgpAA0oKQAOSAF4HFEfD0gB0R8QSAF0AlEfEUgBwSUSSAGMMXlIIoQBmEgnKQ
96=AVKIEAFigpABcoKQAYKCkAGSgpABooKQAbKCkAHCgpAB0oKQAeKCkAHygpACBJATlgEn5q
97=IgBoAUHgIlQCcAJNGyMoKQAkKCkAJSgpACYoKQAnKCkAKCgpACkoKQAqKCkAK0gB1SMsSA
98=FsJlUNLUgBxSkuSAF0AkUpL0gBJxgJJ2EHMShVADIoKQAzKCkANCgpADUoKQA2KCkANygp
99=ADgoKwAGACPtRwcoKAB0tc0QCShVAAooKQALKCkADCgpAA0oKQAOSAFgGlkcD0gB2RwQSA
100=F0AlkcEUgBySISSAGAMGFGI4QBgEYnKQAVKIEAFigpABcoKQAYKCkAGSgpABooKQAbKCkA
101=HCgpAB0oKQAeKCkAHygpACBIAXREXRUhSAGJEwRQJ8UTBEwCJykAJFABwQQlKCkAJigpAC
102=coKQAoKCkAKSgpACooKQArSAHVIyxIAWwmRSktSAHFKS5IAXQCRRMvSAHRNTAoKQAxKCkA
103=MigpADMoKQA0KCkANSgpADYoKQA3KCsABwAk9UQIKCkACSgpAAooKQALKCkADCgpAA0oKQ
104=AOSAFoF0EaD0gBwRoQSAF0AkEaEUgB0R8SSAGQKmlDJIQBiEMnKQAVKIEAFigpABcoKQAY
105=KCkAGSgpABooKQAbKCkAHCgpAB0oKQAeKCkAH0kBPHUQBFz5zBB8+ScpACJABHwDTRsjKC
106=kAJCgpACUoKQAmKCkAJygpACgoKQApKCkAKigpACtIAdUjLEgBbCZVDS1IAcUpLkgBdAJF
107=KS9IASdoCCcJBzEoVQAyKCkAMygpADQoKQA1KCkANigoACKYRN8KCQAl6UMKKCkACygpAA
108=woKQANKCkADkgBcBRJFw9IAckXEEgBdAJJFxFIAdkcEkgBkCpxQCWEAZBAJykAFSiBABYo
109=KQAXKCkAGCgpABkoKQAaKCkAGygpABwoKQAdKCkAHkgBJa0hH0gBkBBwQMwQcEAnKQAiKI
110=EAIygpACQoKQAlKCkAJigpACcoKQAoKCkAKSgpACooKQArSAHVIyxIAWwmRSktSAHFKS5I
111=AXQCRSkvSAHRNTAoKQAxKCkAMigpADMoKQA0KCkANSgrAAkAJii4BycpAAsoVQAMKCkADS
112=gpAA5IAXgRURQPSAHRFBBIAXQCURQRSAHBGhJIAZwreT0mhAGYPScpABUogQAWKCkAFygp
113=ABgoKQAZKCkAGigpABsoKQAcKCkAHUkBQnwNIhJLJgBpAQEi9EHAD3g9JykAIUwFaAVBGi
114=IoKQAjKCkAJCgpACUoKQAmKCkAJygpACgoKQApKCkAKigpACtIAdUjLEgBbCZBDy1IAcUp
115=LkgBdAJFKS9IASe4ByeFBjEoVQAyKCkAMygpADQoKwAKACftPAsoKQAMKCkADSgpAA5IAW
116=APWREPSAHZERBIAXQCWRERSAHJFxJIAYwmYTsnhAGAOycpABUogQAWKCkAFygpABgoKQAZ
117=KCkAGigpABsoKQAcKCkAHUkBQXwNYjsnAGgBgDvAD2A7JykAIUwFaAVBGiIoKQAjKCkAJC
118=gpACUoKQAmKCkAJygpACgoKQApKCkAKigpACtIAdUjLEgBbCZBDy1IAcUpLkgBdAJFKS9I
119=ASdgByeFBjEoVQAyKCkAMygrAAsAKPU5DCgpAA0oKQAOSAFoDEEPD0gBwQ8QSAF0AkEPEU
120=gB0RQSSAGUI2k4KIQBiDgnKQAVKIEAFigpABcoKQAYKCkAGSgpABooKQAbKCkAHCgpAB1I
121=AX02Amk4KIk4A2xzwA9oOCcpACFMBYgTIqgmJ1UAIyhVACQoKQAlKCkAJigpACcoKQAoKC
122=kAKSgpACooKQArSAHVIyxIAWwmRSktSAHFKS5IAXQCRSkvSAEnCAcnWQYxKFUAMigrAAwA
123=Kf02DSgpAA5IAXAJSQwPSAHJDBBIAXQCSQwRSAHZERJIAZwgcTUphAGQNScpABUogQAWKC
124=kAFygpABgoKQAZKCkAGigpABsoKQAcKCkAHUgBcDVVDR7IAZxtwA9wNScpACFABIgTcDUn
125=VQAjKFUAJCgpACUoKQAmKCkAJygpACgoKQApKCkAKigpACtIAdUjLEgBbCZFKS1IAcUpLk
126=gBdAJFKS9IASewBictBjEoVwANACrlNA5IAXgGUQkPSAElsVMQSAF0AlEJEUgBwQ8SSAGE
127=HnkyKoQBQSUUKFUAFSgpABYoKQAXKCkAGCgpABkoKQAaKCkAGygpABwoKQAdSAF4Mo1oKi
128=gMDcwQeDInKQAhTAWIE3gyJ1UAIyhVACQoKQAlKCkAJigpACcoKQAoKCkAKSgpACooKQAr
129=SAHVIyxJAQokrVgtSAHFKS5IAXQCRSkvSAEnWAYpAgYrAGAEgDCoAUpOEACoAVkGEUgByQ
130=wSKCkAEygpABQoKQAVKCkAFigpABcoKQAYKCkAGSgpABooKQAbKCkAHCgpAB0oKQAeKCkA
131=HygpACAoKQAhKCkAIigpACMoKQAkKCkAJSgpACYoKAACJwArAK8RAADGBA4MCAIAAA4EAC
132=gAKwCvqgEpACcpACooKQArKCkALEgBBQoBAAAABAAtyAEBAQQALsgBAQIEAC9IAVgDYAQC
133=DwAsAAtMBUEEEMgBQQQRSQEJVAJFCBIoKQATKCkAFCgpABUoKQAWKCkAFygpABgoKQAZKC
134=kAGigpABsoKQAcKCkAHSgpAB4oKQAfKCkAICgpACEoKQAiKCkAIygpACQoKQAlKCkAJigp
135=ACcoKQAoKCkAKSgpACooKQArKCkALEgBeCdBJS3IAUUpLsgBRSkQSDBgBAEFBAARSAFwKk
136=EEEkkBjb0rE0kBo6kBFEkBiKkBFSgpABYoKQAXKCkAGCgpABkoKQAaKCkAGygpABwoKQAd
137=KCkAHigpAB8oKQAgKCkAISgpACIoKQAjKCkAJCgpACUoKQAmKCkAJygpACgoKQApKCkAKk
138=kBiqUeK0gB1SMsSAFtJgN9Vy2ZUwR6Jy4AYARRKhJQWckBEygpABQoKQAVKCkAFigpABco
139=KQAYKCkAGSgpABooKQAbKCkAHCgpAB0oKQAeKCkAHygpACAoKQAhKCkAIigpACMoKQAkKC
140=kAJSgpACYoKQAnKCkAKCgpACkoKQAqKCkAKygpACxIAXgnAQYEABJJfYK9KxMoKQAUKCkA
141=FSgpABYoKQAXKCkAGCgpABkoKQAaKCkAGygpABwoKQAdKCkAHigpAB8oKQAgKCkAISgpAC
142=IoKQAjKCkAJCgpACUoKQAmKCkAJygpACgoKQApKCkAKigpACtIAcyfARMAMADVIxQoKQAV
143=KCkAFigpABcoKQAYKCkAGSgpABooKQAbKCkAHCgpAB0oKQAeKCkAHygpACAoKQAhKCkAIi
144=gpACMoKQAkKCkAJSgpACYoKQAnKCkAKCgpACkoKQAqKCsAFAAx/SAVKCkAFigpABcoKQAY
145=KCkAGSgpABooKQAbKCkAHCgpAB0oKQAeKCkAHygpACAoKQAhKCkAIigpACMoKQAkKCkAJS
146=gpACYoKQAnKCkAKCgpACkoKwAVADLlHhYoKQAXKCkAGCgpABkoKQAaKCkAGygpABwoKQAd
147=KCkAHigpAB8oKQAgKCkAISgpACIoKQAjKCkAJCgpACUoKQAmKCkAJygpACgoKwAWADPtGx
148=coKQAYKCkAGSgpABooKQAbKCkAHCgpAB0oKQAeKCkAHygpACAoKQAhKCkAIigpACMoKQAk
149=KCkAJSgpACYoKQAnKCsAFwA09RgYKCkAGSgpABooKQAbKCkAHCgpAB0oKQAeKCkAHygpAC
150=AoKQAhKCkAIigpACMoKQAkKCkAJSgpACYoKwAYADX9FRkoKQAaKCkAGygpABwoKQAdKCkA
151=HigpAB8oKQAgKCkAISgpACIoKQAjKCkAJCgpACUoKwAZADblExooKQAbKCkAHCgpAB0oKQ
152=AeKCkAHygpACAoKQAhKCkAIigpACMoKQAkKCsAGgA37RAbKCkAHCgpAB0oKQAeKCkAHygp
153=ACAoKQAhKCkAIigpACMoKwAbADj1DRwoKQAdKCkAHigpAB8oKQAgKCkAISgpACIoKwAcAD
154=n9Ch0oKQAeKCkAHygpACAoKQAhKCsAHQA65QgeKCkAHygpACAoKwAeADvsBQgfADsAggEA
155=AAAEABEAAA==

[Lighting]
Red=1.000000
Blue=1.000000
Green=1.000000
Level=0.032000
Ground=0.000000
IonRed=0.695000
Ambient=1.000000
IonBlue=0.775000
IonGreen=0.445000
IonLevel=0.032000
IonGround=0.000000
IonAmbient=0.650000
DominatorRed=0.850000
DominatorBlue=0.300000
DominatorGreen=0.200000
DominatorLevel=0.000000
DominatorGround=0.000000
DominatorAmbient=1.500000
DominatorAmbientChangeRate=0.009000

[Map]
Size=0,0,30,30
Theater=DESERT
LocalSize=3,5,24,19

[Neutral]
IQ=0
Edge=North
Color=Grey
Allies=Neutral
Country=Neutral
Credits=0
NodeCount=0
TechLevel=1
PercentBuilt=0
PlayerControl=no

[Nod]
IQ=0
Edge=North
Color=Gold
Allies=Nod
Country=Nod
Credits=0
NodeCount=0
TechLevel=1
PercentBuilt=0
PlayerControl=no

[OverlayDataPack]
1=BQAAIP4AIACABQAAIP4AIACABQAAIP4AIACABQAAIP4AIACABQAAIP4AIACABQAAIP4AIA
2=CABQAAIP4AIACABQAAIP4AIACABQAAIP4AIACABQAAIP4AIACABQAAIP4AIACABQAAIP4A
3=IACABQAAIP4AIACABQAAIP4AIACABQAAIP4AIACABQAAIP4AIACABQAAIP4AIACABQAAIP
4=4AIACABQAAIP4AIACABQAAIP4AIACABQAAIP4AIACABQAAIP4AIACABQAAIP4AIACABQAA
5=IP4AIACABQAAIP4AIACABQAAIP4AIACABQAAIP4AIACABQAAIP4AIACABQAAIP4AIACABQ
6=AAIP4AIACABQAAIP4AIACABQAAIP4AIACA

[OverlayPack]
1=BQAAIP4AIP+ABQAAIP4AIP+ABQAAIP4AIP+ABQAAIP4AIP+ABQAAIP4AIP+ABQAAIP4AIP
2=+ABQAAIP4AIP+ABQAAIP4AIP+ABQAAIP4AIP+ABQAAIP4AIP+ABQAAIP4AIP+ABQAAIP4A
3=IP+ABQAAIP4AIP+ABQAAIP4AIP+ABQAAIP4AIP+ABQAAIP4AIP+ABQAAIP4AIP+ABQAAIP
4=4AIP+ABQAAIP4AIP+ABQAAIP4AIP+ABQAAIP4AIP+ABQAAIP4AIP+ABQAAIP4AIP+ABQAA
5=IP4AIP+ABQAAIP4AIP+ABQAAIP4AIP+ABQAAIP4AIP+ABQAAIP4AIP+ABQAAIP4AIP+ABQ
6=AAIP4AIP+ABQAAIP4AIP+ABQAAIP4AIP+A

[Russians]
IQ=0
Edge=North
Color=DarkRed
Allies=Russians
Country=Russians
Credits=0
NodeCount=0
TechLevel=1
PercentBuilt=0
PlayerControl=no

[Special]
IQ=0
Edge=North
Color=Grey
Allies=Special
Country=Special
Credits=0
NodeCount=0
TechLevel=1
PercentBuilt=0
PlayerControl=no

[SpecialFlags]
Inert=no
FogOfWar=no
IonStorms=no
MCVDeploy=no
Meteorites=no
Visceroids=yes
FixedAlliance=no
TiberiumGrows=yes
InitialVeteran=no
HarvesterImmune=no
TiberiumSpreads=yes
TiberiumExplosive=no
DestroyableBridges=yes

[TaskForces]

[Waypoints]

[YuriCountry]
IQ=0
Edge=North
Color=DarkRed
Allies=YuriCountry
Country=YuriCountry
Credits=0
NodeCount=0
TechLevel=1
PercentBuilt=0
PlayerControl=no



[Digest]
1=vD1XgyfFPYFOHHphtkEaOYQU5h8=

