; Map created with FinalAlert 2(tm) Mission Editor
; Get it at http://www.westwood.com
; note that all comments were truncated

[Header]
Width=23
Height=19
StartX=244
StartY=23
Waypoint1=0,0
Waypoint2=0,0
Waypoint3=0,0
Waypoint4=0,0
Waypoint5=0,0
Waypoint6=0,0
Waypoint7=0,0
Waypoint8=0,0
NumberStartingPoints=0


[Preview]
Size=0,0,60,30

[PreviewPack]
1=wQkYFQnVs23Vs2yyqZW+nGBLAMKhYUgAQAFIAEABSABAAUgAQAFIAEABSABAAUgAQAFIAE
2=ABSABAAUgAQAFIAAAGgoOAQkRERUZCQUdNQUdOQ0VCQUNDg4SAQARIAEAESABAAUgAQAFI
3=AEABSABAAUgAQAFIAEABSABAAUgAQAFIAEABSABAAScIAFgBSAC4AUABSAAgFSwAVBUDwZ
4=9kuZdgSAAMTFBSsY9IsY5HS09Sv5xhSwDDoWUgJ+QCvCxQFEgVSABAAUgAQAFIAEABSABA
5=AUgAQAFIAEABSABAAUgAQAFIAEABSABUFQO2rJmyqZUqtAJAFngWKeQCrAQgIeQCRA5ID0
6=gAQAFIAEABSABAAUgAQAFIAEABSABAAUgAQAFIAEABSABAAUgAVBUwbAVUFQnXsWzlwHvj
7=woXXsGst5AIgIcwFIBicBTm0Ag/jvXfSs3jcvYDZwIzbwIvhwYQgLeQCTCVQJkgAQAFIAE
8=ABSABAAUgAQAFIAEABSABAAUgAQAFIADm0AgAM5b10xq1zyK50eYFgTFNacXpjmZtr4MSN
9=5r9y575wICfkAiAMnAU6tAICvHLctm5AEwzVtXPiwYHbwIl7gmHUuYO0FVwCQAEG5bxx2L
10=Js1bNsIB60CFwmQChIAEABSABAAUgAQAFIAEABSABAAUgANrQCAAPgvG/qxn7pxn7etWvG
11=sYi7tKjDuKJMAQHjw4XllBhAGQbdtm7dt27Ys2xMAQnMo1jWsWzWsWvFmU0gGOQCP5wFNr
12=QCAAbQrGbJnlXTr2nXsm3gv3KUglmEemOyrJ9ZFoOAAFAUCb+1o7eunb+wltCyeIANbMFD
13=HNu2bqwuIBXkAkwoUClIAEABSABAAUgAQAFIADa3Ati0bmAWAp9W5r1vXCYJuqJvXVlRWl
14=RJU1VXSABImQO3rp63sJ+BF4NAFgtvcnE5QEQ6QECVglbZt98y3LVtWAdLCd22b0QvIAzM
15=BZgfLnwWNrQCZJiEPlhSUCxAEAbgwHLXtW19fnxIAFjHSN5YFgAMenp2goB6va6RpIxdRj
16=85SEhHPkRKPkZNw6+IxrKNX1njwnu8DkQXVB6sASAJzAVcKUArSABAAUgAN7YCsm1QaEhp
17=T1LCsI68LEBDV0LTsm9IQlARWBYAD4yLhG9wb2loY05SVEdJTEJFSEBCQldIOryyoLitm7
18=ixpSf8BVheUEq0FVRFTC5LY+LBeUQaP8wFtAY5tAJABFALBuO5bd+1a+G6cEBqSGxXOdaz
19=bbwmVAMqJAIMd3p4eHp5SUxQQ0RDQ0hNry65qo+oRS0UAKQXpCBYFl8v2bNtUAtUGDnnAk
20=FGTEwrJFcjvJtiJ5wgTNlUFUA3A86mWcifVUB/JywAA963cMixhVsQsqqbSGwJtq2cqaKW
21=sKeYtKeRUBdQAkcRfH56ry5kZl5URUgAX1y8sJ4qzAJQBbgBXwXFmE1qAJlNQCJpTr9oTl
22=iLKucCwZ5kJMQlQBNbMUdKTS20AlMd2bNsWFWABH991bFrUCCZAWxMT0ABtEJHDq2ll7QP
23=VAAqJAJURUgAX1xLTUJIAwZRSkKIeWG1rJ1MATAIAFwIeBZSF5lNXA5YN0AlUI9MZyrkAg
24=NARkx+f30qxCgndABQQViRaB6UbEB8vk3as1DCaH5IOVxZRBRIAEwrLQwCUAJIAFwCRBFI
25=AwADXVpRQkA9RkVDXFNKTk5MfX98r5NyXAInCABQBQO0raK7rpZAKFR7QCJAAUREQAFpEo
26=5kgCc8CFACVANJIb8pxCh4BCM8JkQUSMZbTOO+cFAUKiwAQAesMVyDVEJIACcABUAQVBVI
27=AEABSABAAUQXCXtuWHNzcEpLTEpLSVBctEVQd0MEs6qeQLhEQUwKVAxIAFQhSFF4EPQVKi
28=QmVG9QhkgAQAE25gLXsUxDBG2UcT2EZzlAHCfUBliIUIlIAEMB17BrWBZAEEQUSAAnAAWg
29=AbwCRBdQXLRFV6JiXVCk0VQeTApAfFMIyZ9WLbQCJAQrJJQrvBRIG1gQQBZYAUgAQAFEF1
30=gEWC4klC5wHYwuCZd+TZuCT7eGS6hxPUgGgAdNGWxITkBPmQFsvCakFCq0AlQYUAKkAkcX
31=fHZiJyQaRBesB7RReA0ybAWsE1gToAFUAEgAWAFIAEABSABAAUQXWBZIAC3nAoZhNIgMdB
32=Uq5AJEO0hFSGBIZlBERBRIilDgVBWoFbQAUAJIKkx5UAVHF4V3VZAIbGQgA7QCrBOAEC4c
33=HEgDSAA55AIDkWk3Rj0rXA5Oi31jQEZIGEkAbESVQAq8AkQ+TAEoVBQCsJ+7qYZQAkhXuE
34=BESlgHVHsgCbQCSBKgE1QASABYAUgAQAFIAEABSABAAUgAQAE2zAVUOVQPSABfUIlnO0QU
35=iABnF+W8ckhpSACI23jEQDFIKlT/TNNUFUgATAQgD7QCvBG0DEATWAFIAEABSABAAUgAQA
36=FIAEABSABAATbkAkwrSEIGkHpKim1Bh18uQAqoP1RpQC5A0Eh4VJZB6BSAADC3As+taljZ
37=KpQNWA1QDkgAQAFIAEABSABAAUgAoAFUAEgAWAFIAEABSABAAUgAQAFIAEABSABAAUgAQA
38=E25AIMiGc5i3RP1rJu3LVt3bZvRCyk8lwscLyc2lwsVHUgFWwFSA9AEEgAQAFYIkgJQAFY
39=AUgAQAFIAEABSABAAUgAQAFIAEABSABAAUgAQAE25AJICVQVpBdTLNazbUCXVP9IAEANIC
40=G0AkgPoBBUAEgAWAFIAEABSABAAUgAQAFIAEABSABAAUgAQAFIAEABSABAATbkAkT7SBVM
41=FkhsRP4gEpQNvAtIDEABSABAAUgAQAFIAEABWB9QI0ABWAFIAEABSABAAUgAQAFIAEABSA
42=BAAUgAQAFIAEABSABAAUgAQAE25AJEdCAYlA1YClALSABAAUgAQAFIAEABSACgAVQASABY
43=AUgAQAFIAEABSABAAUgAQAFIAEABSABAAUgAQAFIAEABSABAAUgAQAE25wKxjkchnCAq5B
44=28BUgGQAFIAEABSABAAUgAQAFIAEABSABAAUgAQAFIAEABSABAAUgAQAG/LMCeZFgBSABE
45=AkgAQAFIAEABSABAAUgAQAFIAEABSABAAUgAQAFIAEABSABAAUgAQAFEFyfHKIOEgFQVKp
46=QrrARYBEABSABAAUgAQAFIAEABSABAAUgAQAFIAEABSABAAUgAQAFIAEABSABAAQj////G
47=pWe9nGDAnCAfdFFUCaQgRBcGQEZMO0BFREdJJJQrvAKkDlgEQAFIAEABSABAAUgAQAFIAE
48=ABSABAAUgAQAFIAEABSABAAQnCoWG+nGC+nGDCoWERAAA=

[Africans]
IQ=0
Edge=North
Color=DarkRed
Allies=Africans
Country=Africans
Credits=0
NodeCount=0
TechLevel=1
PercentBuilt=0
PlayerControl=no

[Alliance]
IQ=0
Edge=North
Color=Gold
Allies=Alliance
Country=Alliance
Credits=0
NodeCount=0
TechLevel=1
PercentBuilt=0
PlayerControl=no

[Americans]
IQ=0
Edge=North
Color=Gold
Allies=Americans
Country=Americans
Credits=0
NodeCount=0
TechLevel=1
PercentBuilt=0
PlayerControl=no

[Arabs]
IQ=0
Edge=North
Color=DarkRed
Allies=Arabs
Country=Arabs
Credits=0
NodeCount=0
TechLevel=1
PercentBuilt=0
PlayerControl=no

[Basic]
Name=No name
Percent=0
GameMode=standard
HomeCell=98
InitTime=10000
Official=no
EndOfGame=no
FreeRadar=no
MaxPlayer=2
MinPlayer=2
SkipScore=no
TrainCrate=no
TruckCrate=no
AltHomeCell=99
OneTimeOnly=no
CarryOverCap=0
NewINIFormat=4
NextScenario=
SkipMapSelect=no
CarryOverMoney=0.000000
AltNextScenario=
MultiplayerOnly=1
IceGrowthEnabled=yes
VeinGrowthEnabled=yes
TiberiumGrowthEnabled=yes
IgnoreGlobalAITriggers=no
TiberiumDeathToVisceroid=no

[British]
IQ=0
Edge=North
Color=Gold
Allies=British
Country=British
Credits=0
NodeCount=0
TechLevel=1
PercentBuilt=0
PlayerControl=no

[Confederation]
IQ=0
Edge=North
Color=DarkRed
Allies=Confederation
Country=Confederation
Credits=0
NodeCount=0
TechLevel=1
PercentBuilt=0
PlayerControl=no

[French]
IQ=0
Edge=North
Color=Gold
Allies=French
Country=French
Credits=0
NodeCount=0
TechLevel=1
PercentBuilt=0
PlayerControl=no

[GDI]
IQ=0
Edge=North
Color=Gold
Allies=GDI
Country=GDI
Credits=0
NodeCount=0
TechLevel=1
PercentBuilt=0
PlayerControl=no

[Germans]
IQ=0
Edge=North
Color=Gold
Allies=Germans
Country=Germans
Credits=0
NodeCount=0
TechLevel=1
PercentBuilt=0
PlayerControl=no

[Houses]
0=Americans
1=Alliance
2=French
3=Germans
4=British
5=Africans
6=Arabs
7=Confederation
8=Russians
9=YuriCountry
10=GDI
11=Nod
12=Neutral
13=Special

[Infantry]
0=Neutral,CIV1,256,30,33,3,Guard,64,None,0,-1,0,1,0

[IsoMapPack5]
1=Ig4AIA8eAAEAggEAAAAEAB0AAgCCAQBpAR4oKQAfKCsAHAAD4QQdKCkAHigpAB8oKQAgKC
2=kAG0wL3QocKCkAHSgpAB4oKQAfKCkAICgpACEoKwAaAAXtEBsoKQAcKCkAHSgpAB4oKQAf
3=KCkAICgpACEoKQAiKCsAGQAG6QwaKCkAGygpABwoKQAdKCkAHigpAB8oKQAgKCkAISgpAC
4=IoKQAjKCsAGAAH4Q8ZKCkAGigpABsoKQAcKCkAHSgpAB4oKQAfKCkAICgpACEoKQAiKCkA
5=IygpACQoKwAXAAj5ERgoKQAZKCkAGigpABsoKQAcKCkAHSgpAB4oKQAfKCkAICgpACEoKQ
6=AiKCkAIygpACQoKQAlKCsAFgAJ8RQXKCkAGCgpABkoKQAaKCkAGygpABwoKQAdKCkAHigp
7=AB8oKQAgKCkAISgpACIoKQAjKCkAJCgpACUoKQAmKCsAFQAK6RcWKCkAFygpABgoKQAZKC
8=kAGigpABsoKQAcKCkAHSgpAB4oKQAfKCkAICgpACEoKQAiKCkAIygpACQoKQAlKCkAJigp
9=ACcoKwAUAAvhGhUoKQAWKCkAFygpABgoKQAZKCkAGigpABsoKQAcKCkAHSgpAB4oKQAfKC
10=kAICgpACEoKQAiKCkAIygpACQoKQAlKCkAJigpACcoKQAoKCsAEwAM+RwUKCkAFSgpABYo
11=KQAXKCkAGCgpABkoKQAaKCkAGygpABwoKQAdKCkAHigpAB8oKQAgKCkAISgpACIoKQAjKC
12=kAJCgpACUoKQAmKCkAJygpACgoKQApKCsAEgAN8R8TKCkAFCgpABUoKQAWKCkAFygpABgo
13=KQAZKCkAGigpABsoKQAcKCkAHSgpAB4oKQAfKCkAICgpACEoKQAiKCkAIygpACQoKQAlKC
14=kAJigpACcoKQAoKCkAKSgpACooKAACEQAOAAm95hIoKQATKCkAFCgpABUoKQAWKCkAFygp
15=ABgoKQAZKCkAGigpABsoKQAcKCkAHSgpAB4oKQAfKCkAICgpACEoKQAiKCkAIygpACQoKQ
16=AlKCkAJigpACcoKQAoKCkAKSgpACooKQArKCgAAhAADwALQCUBBQQAEUgBbCYBAQQAEkkB
17=iFQCTfwTKCkAFCgpABVJAaOhBBZIAc0FFygpABgoKQAZKCkAGigpABsoKQAcKCkAHSgpAB
18=4oKQAfKCkAICgpACEoKQAiKCkAIygpACQoKQAlKCkAJigpACcoKQAoKCkAKSgpACpJAYq5
19=HCtIAdUjLEgBbiYDBEEBEJgnAQcEABBEAHUCCGUpEJVPAmQpJykAE0AEZAhVAhQoKQAVKC
20=kAFigpABcoKQAYKCkAGSgpABooKQAbKCkAHCgpAB0oKQAeKCkAHygpACAoKQAhKCkAIigp
21=ACMoKQAkKCkAJSgpACYoKQAnKCkAKCgpACkoKQAqKCkAKygpACxIAWwmAQYEAC3IAUUpDk
22=lRCrUuD8gBTVIQyAFZJxFIAQKvAgAADn4rEQDJARMoVQAUKCkAFSgpABYoKQAXKCkAGCgp
23=ABkoKQAaKCkAGygpABwoKQAdKCkAHigpAB8oKQAgKCkAISgpACIoKQAjKCkAJCgpACUoKQ
24=AmKCkAJygpACgoKQApKCkAKigpACsoKQAsSAHFKS3IAUUpLsgBRSkNSH0lHTAOSAHNBQ9J
25=AY2hMBBIAXQCTQURSAHJLRJJAddjBAgAE0kBz6kBFCgpABUoKQAWKCkAFygpABhJAdG5Bh
26=lJAQBjAAgAGkkBIakBG0kBHqkBHCgpAB0oKQAeSQEioQQfSQHZsQkgSAHFCCFIAcUIIkgB
27=zQUjSAF0BgEACAAkSQEnbwEHACVJASCpASZJASipASdJAdu9CihIAdkcKUgByRcqSAFoBV
28=EJK0kBr61SLEgBbCZVpy1IAcUpLkgBdAJFKS9IAdUuDEAoyQENKCkADkgBbAVFCA9IAcUI
29=EEgBdAJFCBFIAdUNEkkB1rEUE0kBen8RCAAUyAEBAQgAFUkBgLUCFsgBVQIXSQHNuQYYKC
30=kAGUgBzRsaSQEduQYbSAGfIAkAHEkB03sGCQAdSAGPBQkAHkkBH60FH0kB2GMECAAgSAHF
31=CCFIAXwDAQAJACJIAc0FI0gBwTAkSQEjZARuMRMAlzkHACZVAiS1AidIAdkyKEkB2qkMKU
32=kB1KkBKkgBaAWNMRPxgixUAm0mAGaMEwDFKS7UAkUpL0gBwTAwKCkAC0Ao1QIMKCkADSgp
33=AA5IAd0KD0gB3QoQSAF0Al0KEUgBJ4YGFAAnhgYUAGU0AmQ0qQEDZzQUAIBMF1UCFlgGaA
34=FVAhdIASeGBhQAyQEZVQLQpR4aSAGXIwgAG0gBnVcIRjQUAIElCEc0FADcbAVmNBQA1S4f
35=TAWUAmU0FFRgRw8IACFUAsUIIkgBjzEIACNIAZkGB14EFACQQGc0FADSfApnNBQA1akBJ0
36=wFmREHXQ8UVD9fCgcAKVQCnwoHACpIAYcTBwArSAHVIyxIAW0mAGU0FCiGBhQAdAJFKS9A
37=BM0xMCgpADEoKQAKSFzBBAsoKQAMKCkADSgpAA5IAXwKVQ0PSQGjaBdt9xX1DRFUAsUTEk
38=gBJ98GFQBkXBlRSxRUAmgBTWgVSQF0tQIWyAFVAhdIAdE1GEgBgyUIABlIAcVVGkgBdAZR
39=CRsoKQAcSAGYJ302FbknCEVrFVAwVQUIWTcVXABIAH82FQDdaBd8NidVACJECNUCI0kBJk
40=kFAH02FVQITAF8NicpACZABJOjBwAnKCkAKEgBnKR8NtwKfTYVSEmFCCtABNUjLEgBxSkt
41=SAHFKS5IAXQCnjYVANkyMFQCyQExKCkAMigrAAkAFu0FCigpAAsoKQAMKCkADSgpAA5IAX
42=QNlTkW7UcQ1AJNEBFIAd0VEkgBJzcHFgB7XBlBMBRUAmgBXTYVSQF9tQIWyAFVAhdIAd1t
43=GEkBuLUuGUkBsqkBGkkBnqkBG8gBWQYcyAFJeh1IAXgKVQ0eSAHFCB9JAbC5BiAoKQAhKC
44=kAIigpACMoKQAkKCkAJSgpACZIAdkRJ0gB1Q0oSAHRQClIAcE7KkgBlLJ1cBYonRQWhGBF
45=KS1ABN2ZLkgBfCtFKS9IAck4MCgpADEoKQAyKCkAMygrAAgAF+E7CSgpAAooKQALKCkADC
46=gpAA0oKQAOSAFsEEUTD0gBxRMQSAF0AkUTEUgBJ40HFyilFReMPEEwFEAEbDxNqhVIAWw8
47=VQIWyAFVAhdIASePBxcAt7kyGVUCsakBGkkBF6kBG8gBjDxAB1QCUQkdVALBOx5JAfZUAl
48=k9HygpACAoKQAhKCkAIigpACMoKQAkKCkAJSgpACYoKQAnSQG2qQwoSAHZPSlIAc21KkgB
49=J40HFyiNBxcojQcX9WUuTAXFKS9IASeMByfdBjEoVQAyKCkAMygpADQoKwAHABj5PQgoKQ
50=AJKCkACigpAAsoKQAMKCkADSgpAA5IAWQThT8Y/RUQ1AKFPxjtGxJUAid1Dxjx5RRUAt2v
51=FSgpABYoKQAXSAHVshhIASfmBxgAJ+YHGABkP1VEG0AEaQEEbOy1AgVttRjhRh5BBLO5Mh
52=8oKQAgSAHdQSEoKQAiKCkAI0gB2QYkKCkAJUgB2QYmSAHZESdIAZHwCE7sGAAj+SUITuwY
53=AMF9KkEEJWBCdHsndQQsVALFKS1IAc1oLkgBdAJFKS9IASfkBycJBzEoVQAyKCkAMygpAD
54=QoKQA1KCkABlDd0QkHKCgAaODVAgkoVQAKKCkACygpAAwoKQANKCkADkgBfBWdQRkoPQgZ
55=lFpVGBFABCclEBkoJhAZANV7FEEEvKU0FUgB3a8WKCkAF0kBtKEEGEgBwTAZSAHBMBpIAX
56=FABiLMJUSETQUHfEGpAQh/QRkAuVQCWX8eTQWpqQEfyAFVhiBIAd1MIUgByQwiSAHJDCNJ
57=Aae5BiTIAVkGJUgB2QYmSAHZBidIAcG/KEgBJ1csGQDPpQgqVALVRCtJAa8mhDKsJkUpLV
58=QCJzwItAJFKS9UAtE1MCgpADEoKQAyKCkAMygpADQoKQA1KCkANigrAAUAGv2DBigpAAco
59=KAAiDDjBDwkoVQAKKCkACygpAAwoKQANKCkADkgBJ5UIGiiVCBoolggaAN0gEkwFzSYTSA
60=HJhRRIASNMKyJnLhoAu6UpFlUCtakBF0kBpKkBGEgBwQQZSAHBBBpIAXVECXREUMdNBQp0
61=RKkBC3dEGgC9VAKWRBoAdERVyB9YBmgBUY0gSAHdCiFIAd2DIkgByQwjSAF0RFkGJMgBWQ
62=YlSAHZBiZIAdkGJ0gB2QYoSAF4g0EPKUgB0R8qSAHZoCtIAdUjLEgBxSktSAEnlAgnJQUv
63=VALRNTAoKQAxKCkAMigpADMoKQA0KCkANSgpADYoKQA3KCsABAAb4UYFKCkABigpAAcoKA
64=BwLdkRCShVAAooKQALKCkADCgpAA0oKQAOSAHFHg9IAcUeEEgBdAJdYhFIAdUjEkgBJfE6
65=E0gBJY0zFEgBJY0zFUkBn608FkgBIuhPVS4XKCkAGCgpABlJAcutBRpJARCpARvIAVl/HM
66=gBWT0dSAHNBR5IAd0KHygpACBJARSlCCHIAUUIIsgBRQgjyAFBRiRIAdEJJUgB0QkmSQGd
67=pQgnSAHVGChIAdUCKUgB2UgqKCkAK0gB1SMsSAFsJoWMG/VwLtQCRSkvSAHRNTAoKQAxKC
68=kAMigpADMoKQA0KCkANSgpADYoKQA3KCkAOCgrAAMAHPlIBCgpAAUoKQAGKCkABygoAGx2
69=0BQi6EPJAQoogQALKCkADCgpAA0oKQAOSAHdIA9IASdFCRwoNRIcKDQSAxwAHwAAABEAAM
70=wOACAIAAcAEwAcAN0BAABIAQIUABwAHUQBSQEVSQGfVAIBAQgAFkkBCakBFygpABgoKQAZ
71=SQHLoQQaSQEQSAEBAwgAG8oBBAhCARwAdgIFCFsLHADFQAQBAAgAHl0CwKkBH0kBwakBIE
72=kBFEgBWQYhyAFZBiLIAQEGCAAjyAEBBwgAJEgBwQ8lSAHRFCZJAZ1ECEkXJ0gB1RgoSAHV
73=AilIAXQcTRAqSQHZTAVJAStIAQWvAgAADgQALEkBCncCBAAtSQGNqQEuSAF0AgECBAAvSQ
74=GCtQIwKCkAMSgpADIoKQAzKCkANCgpADUoKQA2KCkANygpADgoKQA5KCkAAkAowQ8DKCkA
75=BCgpAAUoKQAGKCkABygoAGgwxQgJKFUACigpAAsoKQAMKCkADSgpAA5IAXwgAQAEAA9IAd
76=UjEEgBdAJVIxFIAcUpEkkBJmwtf0wdACKpARRUAieeCR0AZTQCfkwdAGg4SQEXQATJARgo
77=KQAZSAF4PUEEGkgBZEpdQRvIAVxBdFd1AghyHB0AzQUeQATRCR8oKQAgSAF8TE0FIcoBCQ
78=hCFB0AdQIKfEypAQt8TCcxASVMBdEJJkgBZEpZESdIAdUYKEgB1QIpSAFgHlFLKkkB2GNG
79=CAArSAHVIyxIAWwmRSktSAHFKS5IAXQCRSkvSAHRNTAoKQAxKCkAMigpADMoKQA0KCkANS
80=gpADYoKQA3KCkAOCgpADkoKQA6KCkAAUF1o2sXBAACSAHZEQMoKQAEKCkABSgpAAYoKQAH
81=KCgAdH7FCAkoVQAKKCkACygpAAwoKQANKCkADkgBdCNNJg9IAc0mEEgBdAJNJhFIAd0rEk
82=gB1XsTSQEfczEHABRJASSpARVJASipARZIAZugCAAXSQG4Zx4IABhJAbCpARkoKQAaKCkA
83=GygpABwoKQAdKCkAHigpAB8oKQAgKCkAISgpACIoKQAjKCkAJCgpACUoKQAmSQGypRMnSA
84=HZHChIAXwZSU4pSQHXoQQqSQHQqQErSAHVIyxIAWwmRSktSAHFKS5IAXQCRSkvSAHRNTAo
85=KQAxKCkAMigpADMoKQA0KCkANSgpADYoKQA3KCkAOCgpADkoKQA6KCkAOygoAAECAB8A2R
86=EDKCkABCgpAAUoKQAGKCkABygpAAgoKQAJKCkACigpAAsoKQAMKCkADSgpAA5IAXQjTSYP
87=SAHNJhBIAXQCTSYRSAHdKxJIAc1+E0gB2aAUSAHZoBVIAcFRFkgBwVEXSQG7sTUYSQH2qQ
88=EZSQGzqQEaKCkAG0gBwQQcKCkAHSgpAB4oKQAfKCkAICgpACEoKQAiKCkAIygpACQoKQAl
89=KCkAJkkBsbkRJ0kB2qkBKEkBz6kBKUkBzakBKkgBJ/cJHwCv7uwfAGwmRSktQQSRbwUEAC
90=5IAXQCRSkvSAHZPTAoKQAxKCkAMigpADMoKQA0KCkANSgpADYoKQA3KCkAOCgpADkoKQA6
91=KCkAOygrAAMAIPVPBCgpAAUoKQAGKCkABygpAAgoKQAJKCkACigpAAsoKQAMKCkADSgpAA
92=5IAWgiQSUPSAEnyQkgmCdBJRFUAtEqEkkB1mcpCAATSQHRqQEUSAHVTxVIAdVPFkgB0fAX
93=SAHNnxhJAbm5BhlJAaWpARrJAQEiWycgALe1AhxUAtVPHSgpAB4oKQAfKCkAICgpACEoKQ
94=AiKCkAIygpACQoKQAlKCkAJigpACdIAc2fKEgBxR4pSAEnygkgACfJCSAoyAmsJkUpLUwF
95=xSkuSAF8K0UpL0gBJ8gJJ7kHMShVADIoKQAzKCkANCgpADUoKQA2KCkANygpADgoKQA5KC
96=kAOigrAAQAIf1MBSgpAAYoKQAHKCkACCgpAAkoKQAKKCkACygpAAwoKQANKCkADkgBcB9J
97=Ig9IAckiEEgBdAJJIhFIASdyCSEAyS0TVALdKxRJAb69QRVIAd1MFkkBJWHRB1bpIQAnNh
98=0hANWGGUAEcEsBAggAGsgBI80wIShyCSEAJ3AJJykAHkwF1QIfKCkAICgpACEoKQAiKCkA
99=IygpACQoKQAlKCkAJigpACdJAbWhGihIAcUeKUgBJ3EJIShxCSEocQkhgHJFKS1MBcUpLk
100=gBxSkvSAEncAknjQcxKFUAMigpADMoKQA0KCkANSgpADYoKQA3KCkAOCgpADkoKwAFACLl
101=SgYoKQAHKCgAItgrxRMJKFUACigpAAsoKQAMKCkADSgpAA5IAXgcUR8PSAHRHxBIAXQCmU
102=gi4SUSVALRKhNIAScYCZiSAgAACAAVVAIlOSMWSQG8rTEXSAHFPxhIAc3hGUgBJX0mGigp
103=ABtIAc0FHCgoACL4MdUCHihVAB8oKQAgKCkAISgpACIoKQAjKCkAJEgBzRAlSAHdCiZIAc
104=1HJ0gBYGBBGihIAcUeKUgBJxkJIigYCSd1BCxABGwmRSktSAHFKS5IAXQCRSkvSAHRNTAo
105=KQAxKCkAMigpADMoKQA0KCkANSgpADYoKQA3KCkAOCgrAAYAI+1HBygoACJwNM0QCShVAA
106=ooKQALKCkADCgpAA0oKQAOSAFgGlkcD0gB2RwQSAF0AlkcEUgBJ94RIwAlgSETVALZJxRJ
107=Ac+pQxVJAdKpARZJAdWpARdJAb2pARhIAc0xGUgBJXUlGkgB3TYbKCkAHEgBwTsdKCkAHi
108=gpAB9IAdkGICgpACEoKQAiKCkAI0gBwZ4kSAHNECVIAcUTJkgB1QInSQHbvRUoSAHBGiko
109=KQAqSQHUoQQrSQGvJh0lIyjeESMAxSkuQATFKS9IAdE1MCgpADEoKQAyKCkAMygpADQoKQ
110=A1KCkANigpADcoKwAHACT0RCKwPNUNCShVAAooKQALKCkADCgpAA0oKQAOSAFoF4lDJOEa
111=ENQCiUMkKCwRI/wsdYYTQATRbBRIAdmKFUkBIWAsInhBIiA1TAEigDcnKQAYQQQeUAJZdB
112=lIAZCQatIkANVEG1QCyXocSAElRTUdSQHPrTEeSAEloSUfSAHZBiBIAdlIISgpACIoKQAj
113=SAHdCiRIAcGeJUkBJ3sRBwAmSQEgqQEnKCkAKEgBJaEwKUgBfANJFyooKQArSQGv6UMkKG
114=gIJyUFLkAEfCtFKS9IAdE1MCgpADEoKQAyKCkAMygpADQoKQA1KCkANigrAAgAJf1BCSgp
115=AAooKQALKCkADCgpAA0oKQAOSAFwFJFAJSgRCCWAGkkXEUAE2RwSSAHdIBNIAcmFFEgB1W
116=UVSAEjpCtyQCUAiy0JABdUApsGCQAYKCkAGUgBI5xAcEAjBCNxSxtUAsU/HEgByZAdKCkA
117=HkgB1Q0fSAGcCiLqLyUA2QYhVALVRCJIAcEEI0gBwQQkSAHRViVIAYwQckAlAJOCBwAnVA
118=KLmwcAKEgBg18HAClIAd1BKkgB3QorSAHVIyxIAcUpLUgBJ3wQJyUFL1QCJxAIJ90GMShV
119=ADIoKQAzKCkANCgpADUoKQAJWFbRCQooKQALKCkADCgpAA0oKQAOSAHRFA9IAdEUEEgBdA
120=KZPSYozA8jjCl5MhNABNV7FEgB3XgVSAGEN3k9JiTIKns9JgDTZHZ6PSYAhykJABlMBYgt
121=eT0m8TUbVALNPBxIAcmxHUgBzTweSAHJLR9IAYQ0ej0mAM0FIVQCyQEiSAGAD3TmJ4EAJF
122=QC0QklSAGIGng9IgQhRAt5PSZIPkkBBlk9JkwAiQEpTAWLWQcAKkgBiFkiSFEndQQsVAJs
123=JkFnLUgBxSkuSAF0AkUpL0gBxTQwKCkAMSgpADIoKQAzKCkANCgpAApcEsUICygpAAwoKQ
124=ANKCkADkgBYA9ZEQ9IAdkREEgBdAJZERFIAcVVEkgBUBygOyJEVVMBCAAU9wIJABUoKQAW
125=SAEjbEVhOydQAY0FGEABiaYIQDt86ZUCGlQC0YIbSAHVLhxIAVgDdQ0dKCkAHigpAB8oKQ
126=AgKCkAISgpACIoKQAjKCkAJCgpACVIAcQ0bDmcTGE7J0wpSA9gO3B6iQEpTAUnYgcnAIwb
127=YTsn+V4sQARsJkUpLUgBxSkuSAF0AkUpL0gB2TIwKCkAMSgpADIoKQAzKCkAC0hL2QYMKC
128=kADSgpAA5IAWgMQQ8PSAHBDxBIAXQCQQ8RSAEnCgcoACUhQRNUAoyUaDgilD5YHCJtLyhc
129=AokBFkEB3KFyF0gBlCMiwFWUmXkyGVQCRAVpARooKQAbKCkAHCgpAB0oKQAeSQFNfAYiB0
130=8oAEmpASBUAmkBASIfPCgASLUCIlQCaAFVAiNJAUa1AiTJAQF92CjsMWxwkBRpOCi0yGix
131=IpA4XAZosXyyiQEqRAgnCQcoKAoHKABsJkUpLUAExSkuSAF0AkUpL0gBzTEwKCkAMSgpAD
132=IoKQAMSL/NBQ0oKQAOSAFwCUkMD0gByQwQSAF0AkkMEUgBJ7EGKVAVSAAisUgp7Z8UQATB
133=1RVIAck4FkgBxWsXSQEjVQYAcDUnBQEZVQJOdwIMABpIAcUpG8gBRSkcSAF8A1kGHSgpAB
134=5JAVBYAkEwH0gBjOEiG0wpAM9oQ3A1JykAIkAEhBMiSzEpAEFZBgAiCCmoAUkMJUAEhUoI
135=QGwiAFJEBHI1KQCUAnA1JUhmcDUnxQMqWAbF7ytJAa8m8SQpKLEGKSYFIi5ABMUpL0gBwT
136=AwKCkAMSgrAA0AKiYVJA5IAXgGmjIqACWxUxDUApoyKgDBDxJUAkAXeV4TSAHFlxRIAcHK
137=FUgBwcoWKCkAF0gBkNp5MiqACEktGVUCVnABezIqAFipARtVAkepARzIAUEwHUgBbTECIu
138=JlKgBpAQNtaCok9DV5Miq823gyJykAIlgGjKp5MiqYMkUIJFQCZTQDbGgnOQImVALJ3SdI
139=AYD2eDIl6CJ4MtUNCFoDKgCcCnigJ3UELF0CCmtDBAAtSAHFKS5IAXQCRSkvSAEnWAYpAg
140=YrAGAEgDCoAQIBBAAQAKgBWQYRSAEnAQYr7TETKFUAFCgpABUoKQAWKCkAFygpABgoKQAZ
141=KCkAGigpABsoKQAcKCkAHSgpAB4oKQAfKCkAICgpACEoKQAiKCkAIygpACQoKQAlKCkAJi
142=goAAInACsArxEAAMkEDgwIAgAADgQAKAArAK+qASkAJykAKigpACsoKQAsSAEFCgEAAAAE
143=AC3IAQEBBAAuyAEBAgQAL0gBWANgBAIPACwAC0wFQQQQyAFBBBFJAQlUAkUIEigpABMoKQ
144=AUKCkAFSgpABYoKQAXKCkAGCgpABkoKQAaKCkAGygpABwoKQAdKCkAHigpAB8oKQAgKCkA
145=ISgpACIoKQAjKCkAJCgpACUoKQAmKCkAJygpACgoKQApKCkAKigpACsoKQAsSAF4J0ElLc
146=gBRSkuyAFFKRBIMGAEAQUEABFIAXAqQQQSSQGIvSsTKCkAFCgpABUoKQAWSQGjrQUXSAHZ
147=BhgoKQAZKCkAGigpABsoKQAcKCkAHSgpAB4oKQAfKCkAICgpACEoKQAiKCkAIygpACQoKQ
148=AlKCkAJigpACcoKQAoKCkAKSgpACpJAYqtGytIAdUjLEgBbSYDfVctmVMEeicuAGAEUSoS
149=UFnJARMoKQAUKCkAFSgpABYoKQAXKCkAGCgpABkoKQAaKCkAGygpABwoKQAdKCkAHigpAB
150=8oKQAgKCkAISgpACIoKQAjKCkAJCgpACUoKQAmKCkAJygpACgoKQApKCkAKigpACsoKQAs
151=SAF4JwEGBAASSX2CvSsTKCkAFCgpABUoKQAWKCkAFygpABgoKQAZKCkAGigpABsoKQAcKC
152=kAHSgpAB4oKQAfKCkAICgpACEoKQAiKCkAIygpACQoKQAlKCkAJigpACcoKQAoKCkAKSgp
153=ACooKQArSAHMnwETADAA1SMUKCkAFSgpABYoKQAXKCkAGCgpABkoKQAaKCkAGygpABwoKQ
154=AdKCkAHigpAB8oKQAgKCkAISgpACIoKQAjKCkAJCgpACUoKQAmKCkAJygpACgoKQApKCkA
155=KigrABQAMf0gFSgpABYoKQAXKCkAGCgpABkoKQAaKCkAGygpABwoKQAdKCkAHigpAB8oKQ
156=AgKCkAISgpACIoKQAjKCkAJCgpACUoKQAmKCkAJygpACgoKQApKCsAFQAy5R4WKCkAFygp
157=ABgoKQAZKCkAGigpABsoKQAcKCkAHSgpAB4oKQAfKCkAICgpACEoKQAiKCkAIygpACQoKQ
158=AlKCkAJigpACcoKQAoKCsAFgAz7RsXKCkAGCgpABkoKQAaKCkAGygpABwoKQAdKCkAHigp
159=AB8oKQAgKCkAISgpACIoKQAjKCkAJCgpACUoKQAmKCkAJygrABcANPUYGCgpABkoKQAaKC
160=kAGygpABwoKQAdKCkAHigpAB8oKQAgKCkAISgpACIoKQAjKCkAJCgpACUoKQAmKCsAGAA1
161=/RUZKCkAGigpABsoKQAcKCkAHSgpAB4oKQAfKCkAICgpACEoKQAiKCkAIygpACQoKQAlKC
162=sAGQA25RMaKCkAGygpABwoKQAdKCkAHigpAB8oKQAgKCkAISgpACIoKQAjKCkAJCgrABoA
163=N+0QGygpABwoKQAdKCkAHigpAB8oKQAgKCkAISgpACIoKQAjKCsAGwA49Q0cKCkAHSgpAB
164=4oKQAfKCkAICgpACEoKQAiKCsAHAA5/QodKCkAHigpAB8oKQAgKCkAISgoAAIdADoAj73x
165=HkgB0c8fKCkAIEkBieEEO+wFCB8AOwCJAQAAAAQAEQAA

[Lighting]
Red=1.000000
Blue=1.000000
Green=1.000000
Level=0.032000
Ground=0.000000
IonRed=0.695000
Ambient=1.000000
IonBlue=0.775000
IonGreen=0.445000
IonLevel=0.032000
IonGround=0.000000
IonAmbient=0.650000
DominatorRed=0.850000
DominatorBlue=0.300000
DominatorGreen=0.200000
DominatorLevel=0.000000
DominatorGround=0.000000
DominatorAmbient=1.500000
DominatorAmbientChangeRate=0.009000

[Map]
Size=0,0,30,30
Theater=DESERT
LocalSize=3,5,24,19

[Neutral]
IQ=0
Edge=North
Color=Grey
Allies=Neutral
Country=Neutral
Credits=0
NodeCount=0
TechLevel=1
PercentBuilt=0
PlayerControl=no

[Nod]
IQ=0
Edge=North
Color=Gold
Allies=Nod
Country=Nod
Credits=0
NodeCount=0
TechLevel=1
PercentBuilt=0
PlayerControl=no

[OverlayDataPack]
1=BQAAIP4AIACABQAAIP4AIACABQAAIP4AIACABQAAIP4AIACABQAAIP4AIACABQAAIP4AIA
2=CABQAAIP4AIACABQAAIP4AIACABQAAIP4AIACABQAAIP4AIACABQAAIP4AIACABQAAIP4A
3=IACABQAAIP4AIACABQAAIP4AIACABQAAIP4AIACABQAAIP4AIACABQAAIP4AIACABQAAIP
4=4AIACABQAAIP4AIACABQAAIP4AIACABQAAIP4AIACABQAAIP4AIACABQAAIP4AIACABQAA
5=IP4AIACABQAAIP4AIACABQAAIP4AIACABQAAIP4AIACABQAAIP4AIACABQAAIP4AIACABQ
6=AAIP4AIACABQAAIP4AIACABQAAIP4AIACA

[OverlayPack]
1=BQAAIP4AIP+ABQAAIP4AIP+ACwAAIP4oBP+Bq/7XG/+ABQAAIP4AIP+ABQAAIP4AIP+ABQ
2=AAIP4AIP+ABQAAIP4AIP+ABQAAIP4AIP+ABQAAIP4AIP+ABQAAIP4AIP+ABQAAIP4AIP+A
3=BQAAIP4AIP+ABQAAIP4AIP+ABQAAIP4AIP+ABQAAIP4AIP+ABQAAIP4AIP+ABQAAIP4AIP
4=+ABQAAIP4AIP+ABQAAIP4AIP+ABQAAIP4AIP+ABQAAIP4AIP+ABQAAIP4AIP+ABQAAIP4A
5=IP+ABQAAIP4AIP+ABQAAIP4AIP+ABQAAIP4AIP+ABQAAIP4AIP+ABQAAIP4AIP+ABQAAIP
6=4AIP+ABQAAIP4AIP+ABQAAIP4AIP+ABQAAIP4AIP+A

[Russians]
IQ=0
Edge=North
Color=DarkRed
Allies=Russians
Country=Russians
Credits=0
NodeCount=0
TechLevel=1
PercentBuilt=0
PlayerControl=no

[Special]
IQ=0
Edge=North
Color=Grey
Allies=Special
Country=Special
Credits=0
NodeCount=0
TechLevel=1
PercentBuilt=0
PlayerControl=no

[SpecialFlags]
Inert=no
FogOfWar=no
IonStorms=no
MCVDeploy=no
Meteorites=no
Visceroids=yes
FixedAlliance=no
TiberiumGrows=yes
InitialVeteran=no
HarvesterImmune=no
TiberiumSpreads=yes
TiberiumExplosive=no
DestroyableBridges=yes

[Structures]
0=Neutral,CAMORR08,256,31,23,64,None,0,0,1,0,0,None,None,None,1,0
1=Neutral,CAMORR07,256,35,23,64,None,0,0,1,0,0,None,None,None,1,0
2=Neutral,CAMORR09,256,27,32,64,None,0,0,1,0,0,None,None,None,1,0
3=Neutral,CAMORR05,256,32,32,64,None,0,0,1,0,0,None,None,None,1,0
4=Neutral,CAURB02,256,34,31,64,None,0,0,1,0,0,None,None,None,1,0
5=Neutral,CASTRT05,256,30,25,64,None,0,0,1,0,0,None,None,None,1,0
6=Neutral,CAMISC04,256,34,25,64,None,0,0,1,0,0,None,None,None,1,0
7=Neutral,CAMISC03,256,29,31,64,None,0,0,1,0,0,None,None,None,1,0
8=Neutral,CAMISC05,256,25,25,64,None,0,0,1,0,0,None,None,None,1,0
9=Neutral,CASIN03S,256,26,26,64,None,0,0,1,0,0,None,None,None,1,0
10=Neutral,CASIN03S,256,28,26,64,None,0,0,1,0,0,None,None,None,1,0
11=Neutral,CASIN03E,256,32,29,64,None,0,0,1,0,0,None,None,None,1,0
12=Neutral,CASIN03E,256,32,27,64,None,0,0,1,0,0,None,None,None,1,0
13=Neutral,CAWT01,256,23,25,64,None,0,0,1,0,0,None,None,None,1,0
14=Neutral,CAWT01,256,24,24,64,None,0,0,1,0,0,None,None,None,1,0
15=Neutral,CAPOWR,256,36,32,64,None,0,0,1,0,0,None,None,None,1,0

[TaskForces]

[Terrain]
21040=TREE29
24025=LT_GEN03
26025=TRFF01
26030=LT_GEN04
26031=POLE01
26035=LT_GEN04
26037=POLE01
28030=TREE16
30024=LT_GEN02
30025=TRFF04
30028=POLE01
30029=TRFF03
30035=POLE01
40020=TREE28
40039=TREE34

[Units]
0=Neutral,SUVW,256,37,31,64,Guard,None,0,-1,0,-1,1,0
1=Neutral,TAXI,256,25,31,0,Guard,None,0,-1,0,-1,1,0

[YuriCountry]
IQ=0
Edge=North
Color=DarkRed
Allies=YuriCountry
Country=YuriCountry
Credits=0
NodeCount=0
TechLevel=1
PercentBuilt=0
PlayerControl=no



[Digest]
1=vD1XgyfFPYFOHHphtkEaOYQU5h8=

