; Map created with FinalAlert 2(tm) Mission Editor
; Get it at http://www.westwood.com
; note that all comments were truncated

[Header]
Width=23
Height=19
StartX=244
StartY=23
Waypoint1=0,0
Waypoint2=0,0
Waypoint3=0,0
Waypoint4=0,0
Waypoint5=0,0
Waypoint6=0,0
Waypoint7=0,0
Waypoint8=0,0
NumberStartingPoints=0

[TerrainTypes]


[Preview]
Size=0,0,60,30

[PreviewPack]
1=XAoYFQnVs23Vs2yyqZW+nGBLAMKhYUgAQAFIAEABSABAAUgAQAFIAEABSABAAUgAQAFIAE
2=ABSABAAUgAQAFIAAAGgoOAQkRERUZCQUdNQUdOQ0VCQUNDg4SAQARIAEAESABAAUgAQAFI
3=AEABSABAAUgAQAFIAEABSABAAUgAQAFIAEABSABAAScIAFgBSAC4AUABSAAgFSwAVBUDwZ
4=9kuZdgSAAMTFBSsY9IsY5HS09Sv5xhSwDDoWUgJ+QCvCxQFEgVSABAAUgAQAFIAEABSABA
5=AUgAQAFIAEABSABAAUgAQAFIAEABSAAztAJAFngWIDLkAkQOSA9IAEABSABAAUgAQAFIAE
6=ABSABAAUgAQAFIAEABSABAAUgAQAFIACe3ArKplSdsBVQVCdaxbOW8cty2btmzbCrnAras
7=mSAhzAUgGJwFJ7QCKiQIVBUJ4Lxv6sZ+6cZ+2LNsJy0A2izkAlgWSAAgGLQITCVQJkgAQA
8=FIAEABSABAAUgAQAFIAEABSABAAUgAQAFIADa0AgzQrGbFmE3FmU3Vs2zfvnGsAQPXsm3g
9=v3JbLtaxa1wCKswFWBZIACAS5AIgDJwFNrQCBpqASpNhOa92P1US1mCRbJFUFQHJnlUUgA
10=BYLgnet3BtWjp+aEKXfk0gHuQCXCZAKEgAQAFIAEABSABAAUgAQAFIAEABSAA2tAJIHgaU
11=e0eRfkWAVy5MAYkAbEQXgAFkF1suzKNYmAEKbINmSJNwP5l7SZ+BTVguIBjkArQJVBJYE0
12=gAQAFIAEABSABAAUgAObQCrAdEFAacgEqYekOPbj5MAVMCdWE8UymKdUhMAQO8m2KsilW8
13=AgaOcz6Zf0acf0pIMALhunDXsC63CMGeZEgDSAA8VBRUElgTSABAAUgAQAFIAEABSAA5tA
14=JbCuO5bU2CgykAAAiZfEaggUR8Zz5/ZVAXAW2XfUlQL4BGB22fgUiTdUCRdURAWwbmv3Ln
15=vnDftWtYFkgAMOcCxqVoPJwLSCFQIEQUSBVIAEABSAA2tAJUCQbDombQrWrFp2dID0hUA9
16=exbbmqj1AIA72ynsGvjFgBTAGIAAdsf2Y+p4VMknRPSEJYWFACA6uQVdS0cVyJDN23bs6v
17=bLaiY961a+W8cUgDTBBIACAGtAhEFEgVSABAAUgANrQCBo50RW9ZPZZ5Qkw9WA0JppRXoJ
18=BVzKtoxrGIKaQFAAGDZE0xeWRBmX9KjnRCy6tay5tXQEMAA9OybLSST9GvZqWDTOPDfdu7
19=dda3c0QUBpqPUqCRVcWnZUShWBYGmH5KhmM3aFg8P+QCUAVYBzm0AoAEdGkMn3RGyo1Mv4
20=dGzo5Hm4JMWENYJVIm2LJQbgABbUcwIFY8J1M7KEQwIKqGRcOfW1gKJ+wAAAzRsmjXtm/b
21=vHStklichlWrkV3CqGejkVWnlFfYtG60eAaEcEKRe03Zs21fR7uaYDnnAkFGTEwrJFQjTC
22=gqLxvXsWxAQExPSE5ICYAQWBMHbMalYVlGLnhdOLQSCYlxRUQzIU43JUUzJYCbARSff0JQ
23=BUgPUIOsBFgBQAEAA8WpZpVxPKmMUo5oPpZ9Staybs+talMOwZ9kJ7cU3LVtJyQaWAcq5A
24=JEdCTEJbcJR0pNKrQCUwLDomhICVxNWBa08LwpSANUDwO6k1PAikxYDUg/A6l8Sr+cXkhd
25=UyNyVi64FlQAWASNB3GAB1AdUDVIAEABAARsz7Bsz6xayJRTjHNFlnpGxJlVypRQQHZMN0
26=DTA8mfVtOvaUTRWAFEfVgHKuQCA0BGTH5/fSrEKCd0AFwRXBq3Bty2bkgVA5RxPYRnOUQR
27=TAEGiGc6mXtEdlgzTAEDtJBKo3tBXAIJvZ1jvZxgwJxhupddTBaoAFBHTASIAHQVQAFMCk
28=gAQBwGvJxjf2g2m4BLVKJYDUgDUAhTIMqhV2EWtWAcRHRoEgKOR7GORyc8CKQFLcQoeAQj
29=PCZQCFQGBriQVsSHS4ZqPyo0E0gSrAcMgV4yu5dNwppPwphOwplOUAIGxqVnwJ5kw6FjTA
30=SoAFwIBgAAAFg/JoJqQUAfCW9TMZR4SJd6SJV7RVwFiAAEbHxfOOa9b3joArFrzqZZXFx4
31=EPQVUT65JpQrVG9QhkgAQAE55wKBYDm81wOwnmC2omVAJVQ2RFYMzKpktJRJt5NKqIBCyJ
32=hOUA4D4bhs1a5pTDSkEVQVCUg1J0wyIE41IkwzIVACW1XiwXlECEABJDQlXIZYcAaWfUh9
33=YzmocT1MBDa0ArwUQARYCkAWWAFIAEABRBcqxCh4B4wuSNtQBbx9QJRYwbxcRMsDyJdN2L
34=NtT3bUrWZYT1gETApIAAmSdk10XTRXQSpAKRtQFKxVXBoG48J7zaZcyJ9VUAJYQEB8WB9f
35=BXZcNngNLGwFJJQrrBNYE6ABVABIAFgBSABAAUgAQAFEF1DRSAAk3CVoCYQXRAtIElgTQN
36=lIiicsAOgVc1B/XTRcUyc0GUC4Qz3dtm9AEwbJnlXZt2/gwHJUP1hAvAhIA1wIaAwstAJQ
37=QUSDvBFIEkABSABAAVAFWBBAAVgBSABAAUgAQAFIAEABNuQCQENQLKwHTItMXqwBSAlI9l
38=vfxpNQV2l1YTy8AlwFUCwqdCq0FVQeTAcgCbQCSBKgE1QASABYAUgAQAFIAEABSABAAUgA
39=QAE25AJEFFA7QJpID6y4Bpp8SmBIMLSGUFh2SmCIY2y4TARAHFCPTARMK6wuWDRQAiAPtA
40=K8EbwgQBNYAUgAQAFIAEABSABAAUgAQAFIAEABNuQCVMBA4gOQekqKbUFP2cefWVAUSAAJ
41=v41LfGU/g2M5lHxKTARDDaCFTVj6tJ8qtAKkyzYkCEgPQBBIAEABSACgAVQASABYAUgAQA
42=FIAEABSABAAUgAQAFIAEABSABAATbkAgOIZzmLdE+3D8mnZSdMEAOSaD28gURIGEsAsX5F
43=IfwsKrQCKgQTvAtIDEABSABAAUgAQAFIAEABSABAAUgAQAFYH0g8QAFYAUgAQAFIAEABSA
44=BAAUgAQAFIAEABSABAAUgAQAE25AJICSrfCt++cVBBAdWxa9dhxG0gIbQCSA+gEFQASABY
45=AUgAQAFIAEABSABAAUgAQAFIAEABSABAAUgAQAFIAEABNucC17FtSBW0bEyFZCyMjqzZIB
46=VsBVgNUA5IAEABIBWcBUAHWAdIAEABNuQCT1jet3AgJ2wFrA1YDaABVABIAFgBSABAAUgA
47=QAFIAEABSABAAUgAQAFIAEABSABAAUgAQAFIAEABSABAATbkAiAnbAVIDEANSABAASAhnA
48=VQCEgJSABAAUQXVPYkxyiDhIAnVCNIzDN0GEgGQAdIAEABSABAAUgAQAFIAEABSABAAUgA
49=QAFIAEABSABDAf///1QASABYAUgAQAFIAEABSABAAUgAQAFIAEABSABAAUgAQAFIAEABSA
50=BAAUgAQAFIAEABpCBEFwZARkw7QEVER0kklCu8AqwEWARAAUgAQAFIAEABSABAAUgAQAFI
51=AEABSABAAUgAQAFIAEABCcKhYb6cYL6cYMKhYREAAA==

[Africans]
IQ=0
Edge=North
Color=DarkRed
Allies=Africans
Country=Africans
Credits=0
NodeCount=0
TechLevel=1
PercentBuilt=0
PlayerControl=no

[Alliance]
IQ=0
Edge=North
Color=Gold
Allies=Alliance
Country=Alliance
Credits=0
NodeCount=0
TechLevel=1
PercentBuilt=0
PlayerControl=no

[Americans]
IQ=0
Edge=North
Color=Gold
Allies=Americans
Country=Americans
Credits=0
NodeCount=0
TechLevel=1
PercentBuilt=0
PlayerControl=no

[Arabs]
IQ=0
Edge=North
Color=DarkRed
Allies=Arabs
Country=Arabs
Credits=0
NodeCount=0
TechLevel=1
PercentBuilt=0
PlayerControl=no

[Basic]
Name=No name
Percent=0
GameMode=standard
HomeCell=98
InitTime=10000
Official=no
EndOfGame=no
FreeRadar=no
MaxPlayer=2
MinPlayer=2
SkipScore=no
TrainCrate=no
TruckCrate=no
AltHomeCell=99
OneTimeOnly=no
CarryOverCap=0
NewINIFormat=4
NextScenario=
SkipMapSelect=no
CarryOverMoney=0.000000
AltNextScenario=
MultiplayerOnly=1
IceGrowthEnabled=yes
VeinGrowthEnabled=yes
TiberiumGrowthEnabled=yes
IgnoreGlobalAITriggers=no
TiberiumDeathToVisceroid=no

[British]
IQ=0
Edge=North
Color=Gold
Allies=British
Country=British
Credits=0
NodeCount=0
TechLevel=1
PercentBuilt=0
PlayerControl=no

[CellTags]

[Confederation]
IQ=0
Edge=North
Color=DarkRed
Allies=Confederation
Country=Confederation
Credits=0
NodeCount=0
TechLevel=1
PercentBuilt=0
PlayerControl=no

[French]
IQ=0
Edge=North
Color=Gold
Allies=French
Country=French
Credits=0
NodeCount=0
TechLevel=1
PercentBuilt=0
PlayerControl=no

[GDI]
IQ=0
Edge=North
Color=Gold
Allies=GDI
Country=GDI
Credits=0
NodeCount=0
TechLevel=1
PercentBuilt=0
PlayerControl=no

[Germans]
IQ=0
Edge=North
Color=Gold
Allies=Germans
Country=Germans
Credits=0
NodeCount=0
TechLevel=1
PercentBuilt=0
PlayerControl=no

[Houses]
0=Americans
1=Alliance
2=French
3=Germans
4=British
5=Africans
6=Arabs
7=Confederation
8=Russians
9=YuriCountry
10=GDI
11=Nod
12=Neutral
13=Special

[IsoMapPack5]
1=9A4AIA8eAAEAggEAAAAEAB0AAgCCAQBpAR4oKQAfKCsAHAAD4QQdKCkAHigpAB8oKQAgKC
2=kAG0wL3QocKCkAHSgpAB4oKQAfKCkAICgpACEoKwAaAAXtEBsoKQAcKCkAHSgpAB4oKQAf
3=KCkAICgpACEoKQAiKCsAGQAG6QwaKCkAGygpABwoKQAdKCkAHigpAB8oKQAgKCkAISgpAC
4=IoKQAjKCsAGAAH4Q8ZKCkAGigpABsoKQAcKCkAHSgpAB4oKQAfKCkAICgpACEoKQAiKCkA
5=IygpACQoKwAXAAj5ERgoKQAZKCkAGigpABsoKQAcKCkAHSgpAB4oKQAfKCkAICgpACEoKQ
6=AiKCkAIygpACQoKQAlKCsAFgAJ8RQXKCkAGCgpABkoKQAaKCkAGygpABwoKQAdKCkAHigp
7=AB8oKQAgKCkAISgpACIoKQAjKCkAJCgpACUoKQAmKCsAFQAK6RcWKCkAFygpABgoKQAZKC
8=kAGigpABsoKQAcKCkAHSgpAB4oKQAfKCkAICgpACEoKQAiKCkAIygpACQoKQAlKCkAJigp
9=ACcoKwAUAAvhGhUoKQAWKCkAFygpABgoKQAZKCkAGigpABsoKQAcKCkAHSgpAB4oKQAfKC
10=kAICgpACEoKQAiKCkAIygpACQoKQAlKCkAJigpACcoKQAoKCsAEwAM+RwUKCkAFSgpABYo
11=KQAXKCkAGCgpABkoKQAaKCkAGygpABwoKQAdKCkAHigpAB8oKQAgKCkAISgpACIoKQAjKC
12=kAJCgpACUoKQAmKCkAJygpACgoKQApKCsAEgAN8R8TKCkAFCgpABUoKQAWKCkAFygpABgo
13=KQAZKCkAGigpABsoKQAcKCkAHSgpAB4oKQAfKCkAICgpACEoKQAiKCkAIygpACQoKQAlKC
14=kAJigpACcoKQAoKCkAKSgpACooKAACEQAOAAm95hIoKQATKCkAFCgpABUoKQAWKCkAFygp
15=ABgoKQAZKCkAGigpABsoKQAcKCkAHSgpAB4oKQAfKCkAICgpACEoKQAiKCkAIygpACQoKQ
16=AlKCkAJigpACcoKQAoKCkAKSgpACooKQArKCgAAhAADwALQCUBBQQAEUgBbCYBAQQAEkkB
17=iFQCTfwTKCkAFCgpABUoKQAWSQGjrQUXSAHZBhgoKQAZKCkAGigpABsoKQAcKCkAHSgpAB
18=4oKQAfKCkAIEkBirUNIUkB3akBIkkBkKkBI0gBzRAkKCkAJSgpACYoKQAnKCkAKCgpACko
19=KQAqSAHVDStIAdUjLEgBbiYDBEEBEJgnAQcEABBEAHUCCGUpEJVPAmQpJykAE0AEZAhVAh
20=QoKQAVKCkAFigpABcoKQAYKCkAGSgpABooKQAbKCkAHCgpAB0oKQAeKCkAHygpACAoKQAh
21=KCkAIigpACMoKQAkKCkAJSgpACYoKQAnKCkAKCgpACkoKQAqKCkAKygpACxIAWwmAQYEAC
22=3IAUUpDklRCrU5D8gBTVIQyAFZJxFIAQKvAgAADn4rEQDJARMoVQAUKCkAFSgpABYoKQAX
23=KCkAGCgpABkoKQAaKCkAGygpABwoKQAdKCkAHigpAB8oKQAgKCkAISgpACIoKQAjKCkAJC
24=gpACUoKQAmKCkAJygpACgoKQApKCkAKigpACsoKQAsSAHFKS3IAUUpLsgBRSkNSH0lHTAO
25=SAHNBQ9JAY2hMBBIAXQCTQURSAHJLRJJAQBjAAgAE0kB128FCAAUSQHTqQEVKCkAFkkB1b
26=UCF0gBdAYBAAgAGCgpABlJAVZ7AgwAGkgBZAFN2xtJAdt7BgwAHEkB0akBHUgBwQQeKCkA
27=HygpACAoKQAhKCkAIkgBi4UMACNJAUBrCAwAJMgBAQEIACVIAYOICAAmSAGPfggAJ0gBjx
28=AIAChIAc0bKUgBmxEIACpIAWwJQRorSAHVIyxIAWwmVactSAHFKS5IAXQCRSkvSAHVLgxA
29=KMkBDSgpAA5IAWwFRQgPSAHFCBBIAXQCRQgRSAHVDRJIAcEwE0kB0GAlbTETWBdPEwcAFV
30=UCIEQBAQAHABZJASipARdIAc0bGEgBxTQZSQEyYARvMRMAOKkBG1UCV6kBHEkB2msMDAAd
31=SQHPqQEeKCkAHygpACBIAYMlDAAhSAFgCEE7IigpACNIAW0xAm4xEwBpAQNvMRMA2XwKbD
32=EnFQMnTAXVGChIAdUYKUgBmBFuMRMAlw0IACtVAq+9gyxIAWwmRSktSAHFKS5IAXQCRSkv
33=SAHBMDAoKQALUFnVAgwoKQANKCkADkgBZAhdCg9IAd0KEEgBdAJdChFIAc0QEkgB0RQTSQ
34=HUrRsUSQEfbCJmNBQAmFNlNBRcUlsCBwAXQATFHhhIAcUeGUgBZDRRVhpIAWQ0SQEbSQFU
35=VAZdKxxIAWQBSQEdSQHWdw0MAB5JAc2pAR9JAdKpASAoKQAhSAGDXAwAIkgBhCl3ZRQAQn
36=QJZDSoAVUNJUEE3GQIZTQURGZFBAdZTRRIB4kBKEEEHUQBSU4pSAFkAUlkKkkB2LkGK0gB
37=1SMsSAFsJkUpLUgBxSkuSAF0AkUpL0gBzTEwKCkAMSgpAApIXMEECygpAAwoKQANKCkADk
38=gBfApVDQ9IAdUNEEgBdAJVDRFIAcUTEkkBJ20XB0JDFQDNMRRVAi61AhVJAR6pARZJASKp
39=ARdIAdU5GEgB3SAZSAF8A10gGigpABtIAX02AXacFQCceGZrFQDRNR5ABINGDAAfSQGRaQ
40=gMSxEVAIWpASFVAoepASJIAZwrfzYVAFi1AiRVAkWpASXIAUk4JkgBkBR1nBXpOChVAi1v
41=BQcAKUgByU4qSAGcCmVrFfntLFQCbCZFKS1IAcUpLkgBdAJFKS9IAdkyMCgpADEoKQAyKC
42=kACUiTzQUKKCkACygpAAwoKQANKCkADkgBdA1NEA9JAaNwSyImJhYAdAJNEBFUAic1BxZI
43=KFAbdTkWXABJAAdRSBZAmYkBFUwFySIWSQEmUAJdVxdIAc08GEkBJbUCGUgBZAGUOdMJCA
44=AbVQJTeAJ2ORYAjH52ORYAyTgeQAR8A01zHygpACBJAZB4An+kFgCGqQEiVAKULnc5FgCM
45=bBt2cBYAldMMTtYWAGI7BAxYN6kBBXc5FgCSbAVs1ifFAylQCcFRKkgB0XcrSAHVIyxIAW
46=wmRSktSAHFKS5IAXQCRSkvSAHFNDAoKQAxKCkAMigpADMoKQAIWJjZBgkoKQAKKCkACygp
47=AAwoKQANKCkADkgBbBBFEw9IAd1MEEgBdAJFExFIAdUYEkgB3TYTSAHdNhRIAd02FUgBeC
48=tdNhYoKQAXKCkAGCgpABlIAcUpGkgB2QYbSAFsPIV2F5ACVTkdVQJkVi4BC0atFwBqAQIL
49=W00XAGVWAgALRHaoAUEEIU0FkmAHZ60XANxgBG88FwCRqQEkQQQ7oQQlyAGFdhfhOydUAn
50=wDVRgoSAHVyClIAdkcKkgBwQQrSAHVIyxIAWwmRSktSAHFKS5IAXQCRSkvSAHRNTAoKQAx
51=KCkAMigpADMoKQA0KCgAAQcAGADECCKMJ8kBCShVAAooKQALKCkADCgpAA0oKQAOSAFkE1
52=0VD0gB3RUQSAF0Al0VEUgBzRsSSAHFHhMoKQAUKCkAFSgpABYoKQAXSQFNfAZnEBgARakB
53=GVQCaAFVLhpIAdFAG0gBZO9ZPRxIAW08A3V7GJk9BGQ/qgEFCkc/GABlVjkDCkQ/qAFBBC
54=FYBnUCBWc/GAA1tQ0jVAJoAUVKJEgBZT8CIhYkGADFEyZVAkitBSfIAU0FKEkBRrUCKcgB
55=XRUqSAFwAklDK0gB1SMsSAFsJkUpLUgBxSkuSAF0AkUpL0gB0TUwKCkAMSgpADIoKQAzKC
56=kANCgpADUoKwAGABnxQAcoKQAIKCkACSgpAAooKQALKCkADCgpAA0oKQAOSAF8FVUYD0gB
57=1RgQSAF0AlUYEUgBxR4SSQFFYCEigi0ZAGgBVSMUVAJwAlUjFSgpABYoKQAXSAElLTIYSA
58=GMBXARpAhFrRpUAnAJRa0bSAF8QV0KHEgBfkEGCFHJGZ5BBwhEgaoBCAlfQRkAZV5BBglc
59=QagBQQQhWAZ0AgEICAAiSAFwQEU/I8gBAQMIACRJAY5YBl0VJUkBVXwRdb0ZYQEAQVEnVA
60=KPAQwAKEgByf4pSQFJewIMACrIAUFGK0gB1SMsSAFsJkUpLUgBxSkuSAF0AkUpL0gBJzwI
61=JzUHMShVADIoKQAzKCkANCgpADUoKQA2KCsABQAa6UMGKCkABygpAAgoKQAJKCkACigpAA
62=soKAAijDLRFA0oVQAOSAF0GE0bD0gBzRsQSAF0Ak0bEUgB3SASSAF8JEUpE0kBRUwBTTwU
63=yAFNPBVIAVECAEEwFigpABdJAVBYAlEqGEgBRAFtMRlJAURsAX4SGgBoAUlDG1QCwYgcSA
64=F8A1EJHUkBZEE7CnZEGgBqAQsIVUQalkQJCFREqAFBBCFMBdkGIigpACNIASXFOiRJAYlQ
65=CV0KJUgBdERFEyZIASODNwwAJ0gBJW0vKEgBI683DAApSAGcCnVEGoQBXSArVALVIyxIAW
66=wmRSktSAHFKS5IAXQCRSkvSAHBMDAoKQAxKCkAMigpADMoKQA0KCkANSgpADYoKQA3KCsA
67=BAAb4UYFKCkABigpAAcoKAAiACbZEQkoVQAKKCkACygpAAwoKQANKCkADkgBbBtFHg9IAc
68=UeEEgBdAJFHhFIAdUjEkgBkCZljBsmtS0UVQJHeAIi+jEbAGgBTTEWVAJhRgIiiiMbAGgB
69=SccYVAJoBVUuGSgpABpJAURYAkFRG8gBQVEcSAFQAmFRHSgpAB4oKQAfKCkAICgpACEoKQ
70=AiKCkAI0gBJaUrJEkBT2ALIj4pGwBoAV0VJlQCI+UzC01HG1BRRQQLRYwbTACJASlABCOM
71=Pm1HG0gCSwAMACtUAtUjLEgBbCZFKS1IAcUpLkgBdAJFKS9IAdE1MCgpADEoKQAyKCkAMy
72=gpADQoKQA1KCkANigpADcoKQA4KCsAAwAc+UgEKCkABSgpAAYoKQAHKCkACCgpAAkoKQAK
73=KCkACygoACLML8EaDShVAA5IAWQeXSAPSAHdIBBIAXQCXSARSAHMJgUSABwAAAAAABEAAM
74=MPACAFAAwAEwAcAABgAAUMABQAHAC4AU8BDAAVSQGyqQEWSQHbqQEXSQHVqQEYSAFFBQBF
75=CBlJAVJvAQwAGkkBPWsBCAAbSAFmAQAIQQEchAFJAR1QAY8BCAAeSQHZcwkIAB9IAdUCIC
76=gpACEoKQAiKCkAI0kBTnMFDAAkSQFPSAEBAgwAJUkB3XMJDAAmSQEfVAIBAAsAJ0gBlwIL
77=AChJAR21AilJAditBSpIAXACVRgrSAEFrwIAAA4EACxJAQpjBAQALUkBjakBLkgBdAIBAg
78=QAL0kBgrUCMCgpADEoKQAyKCkAMygpADQoKQA1KCkANigpADcoKQA4KCkAOSgoAAECAB0A
79=wQ8DKCkABCgpAAUoKQAGKCkABygpAAgoKQAJKCkACigpAAsoKQAMKCkADSgpAA5IAXwgAQ
80=AEAA9IAdUjEEgBdAJVIxFIAcUpEkgB3SsTKCkAFEkBu3gnf0wdALGpARZUAs0FF0kBurUC
81=GEgBizgMABlJAcZENFE1GskBAX5MHQB1AgJ8TIU8AJ5MHQCQVn9MHQDNcAl/TB0A0akBIE
82=QIlw0IACEoKQAiSQHIawwIACPJAQF8TNwKfUwdVEpBBwtdTB1QBIkBJ00FIUQBSU4oSQEl
83=qQEpSQHWdw0MACpIAYMPDAArSAHVIyxIAWwmRSktSAHFKS5IAXQCRSkvSAHZPTAoKQAxKC
84=kAMigpADMoKQA0KCkANSgpADYoKQA3KCkAOCgpADkoKQA6KCkAAUF1o3cYBAACKCkAA0gB
85=xRMEKCkABSgpAAYoKQAHKCgAdDHZBgkoVQAKKCkACygpAAwoKQANKCkADkgBdCNNJg9IAc
86=0mEEgBdAJNJhFIAd0rEkgBaDFBRhNJAdd0GHWcHrBAd08eAL21AhZABM0FF0kBubUCGEgB
87=1QIZSAF9TAN1nB6KTgQMVJypAQV1Tx6IBZRPJykAHlkG2nAJd08eANSpASBUApAFdE8nrQ
88=AiVAJ0T12ZI8gBVQ0kSAGMBXVPHkylUAF0T9gGdZweWDWVAihMBZteDAApSAGYXndPHgDQ
89=YA92Tx4A1SMsQARsJkUpLUgBxSkuSAF0AkUpL0gB0TUwKCkAMSgpADIoKQAzKCkANCgpAD
90=UoKQA2KCkANygpADgoKQA5KCkAOigpADsoKQACSB/ZEQMoKQAEKCkABSgpAAYoKQAHKCgA
91=aDDFCAkoVQAKKCkACygpAAwoKQANKCkADkgBdCNNJg9IAc0mEEgBdAJNJhFIAd0rEkgBUD
92=Jl5BNIAZBAdU8ftJF2Tx8A1ekWQQS8pTQXSQG1qQEYSAHFCBlIAXVPBnVPH5VPB3RPqQEI
93=d08fAI54BmK8HwCIpndtHwCMtQIfRQiGqQEgSAHF7yFIAYsMCAAiSAF0T1VaI8kBBWyf0A
94=l1Tx9QnlQFdU8fXAWJASdNBSREAY2fH1zsTQELVk8fACftEx8o9QkfKPYJHwBsJkUpLUUI
95=kWcTBAAuSAF0AkUpL0gB0TUwKCkAMSgpADIoKQAzKCkANCgpADUoKQA2KCkANygpADgoKQ
96=A5KCkAOigpADsoKwADACDl7wQoKQAFKCkABigpAAcoKQAIKCkACSgpAAooKQALKCkADCgp
97=AA0oKQAOSAFoIkElD0gBJ8kJIJgnQSURVAInyQkgVC9IACJbJyAAk0QBTZ8UQQTcfCtrTi
98=AAj7UCFlQCxaIXSAHV0xhIAXwDWQYZSAFpTglpTiCJTgpoTqkBC2tOIACLfAprTiAAhKkB
99=HlkGh6kBH0kBhakBIEgBjBBgntAUak4gAGhOVVojQARoAVVaJEgBzRAlSAGEVSJYJ3hWXA
100=JhniCgXCJYJ8D5aU4gKMkJIKStYZ4gKMgJrCZFKS1cCsUpLkgBfCtFKS9IASfICSe5BzEo
101=VQAyKCkAMygpADQoKQA1KCkANigpADcoKQA4KCkAOSgpADooKwAEACH9TAUoKQAGKCkABy
102=goAGwp3RUJKFUACigpAAsoKQAMKCkADSgpAA5IAXAfSSIPSAHJIhBIAXQCSSIRSAEncwkh
103=AJB0OXJLIQCMiX+ZIQCRVDJBRhVNBYqpARZIAcGeF0gBl94MABhIAXwDTQUZSAFxSwxxSy
104=GRSw0iLCfIDHJLIQDZSB1NBYlgD3yZI5glIoUnH1UCj7UCIEkBiqkBIUgBiAxxSyGQS1Gj
105=I1QCcEtJWSRIAYAEfpkhACUdMCZVAiZ4AnFLIUzOTAFySyEAJywnJ60AKkwFWAN9uitIAd
106=UjLEgBbCZFKS1IAcUpLkgBdAJFKS9IAdE1MCgpADEoKQAyKCkAMygpADQoKQA1KCkANigp
107=ADcoKQA4KCkAOSgpAAVEtcEPBigpAAcoKABoJcEECShVAAooKQALKCkADCgpAA0oKQAOSA
108=F4HFEfD0gB0R8QSAF0AlEfEUgBwSUSSAHZJxNIAYC/ekgiACUNORVVAjhnBAwAFkkBNKkB
109=F0gBZAFNRxhIAc0FGUkBPnsCCAAaSAFlAQB5SCKEAUkBHFUCaElDAW6UIgBpAQJ7SCIAaV
110=QCQAR82GgBQQQgTAWcBnxqJwUBIihVACNJATJkBHviIgBXqQElVALNXSZJAc9/CgwAJygp
111=AChJAdO1AilIAdFhKkgBYAhBGitKAa8CJek5Ipy6RSktVALFKS5IAcUpL0gB0TUwKCkAMS
112=gpADIoKQAzKCkANCgpADUoKQA2KCkANygpADgoKwAGACP1kQcoKAAicDTNEAkoVQAKKCkA
113=CygpAAwoKQANKCkADkgBYBpZHA9IAdkcEEgBdAKBRiP5thJVAjZkJX6OIwBpAQFiRiMAJa
114=VBFUAEYEZJOBZIAWBGTTwXyQEDf44jADxnCAgAGVUCkmwxYUYjbAJtiRtUAmlDA32OI5VE
115=BGBGqQEFIqkyI4FGAyLcKKgBQQQgWAZtRwVgRicxASJUAskMI0gBYEZFEyRJAVZ8DXyOzA
116=Vy2iMAzUcnQAQlkS4oSAFoBUlDKUgBzV0qSAF4HFUCK0gBJ8EIIyjCCCMAxSkuQATFKS9I
117=AdE1MCgpADEoKQAyKCkAMygpADQoKQA1KCkANigpADcoKwAHACT1RAgoKQAJKCkACigpAA
118=soKAB0aMUTDShVAA5IAWgXiUMk4RoQ1AKJQyQoaQgknEFZPRNABGhDSTgUSAGbJwgAFSgp
119=ABYoKQAXSAF0RF02GEgB0TUZSQFLfAZq0iQAaAFdTBtUAmhDAQYMABzJAQciiUQklUQIIu
120=k6JIlDBiIfMSQAanBLIlAnqAFFCCFZBkW9CiLIAV1BI0gBwQ8kSQExoQQlSAFkAU08Jigp
121=ACdIASPzJAwAKEkBOWQEIoI3JABoAVEJKlQCaENJAStIASdpCCQoaAgnJQUuQAR8K0UpL0
122=gBwTAwKCkAMSgpADIoKQAzKCkANCgpADUoKQA2KCkACFTm3QoJKCkACigpAAsoKAB4Yc0F
123=DShVAA5IAXAUkUAlKBEIJYAaSRcRQATZHBJIAWQiUbkTKCkAFEgBI+QocECQ+GF9FlQCzQ
124=UXKCkAGCgpABlIAWU/AnBA2AYi0CsnKQAcQAR9QQpxQCWRQAsi0UIlkUAJIgU5JZFAAnBA
125=J9gAJSAhItEgIkQIfEEjnjUlAGgBQVEkVAJwQElZJcgBRZcmSQE3YBZiyiUAaAFFSihUAm
126=Q/TQUpSAElrTcqSAFoBV0gK0gB1SMsSAHFKS1IASd8ECclBS9UAsEwMCgpADEoKQAyKCkA
127=MygpADQoKQA1KCsACQAm5YEKKCgAIrw4yAxonskBDSiBAA5IAdEUD0gB0RQQSAF0Apk9Ji
128=jODyYAI98yCAATQQTPf20IABRIASO0Q3k9JiR/RwgAFlQCySIXKCkAGCgpABlJAVBEBFEq
129=GkgBRAFlNBtIAYxHbH4jWCh1Ah1UAoAPImJKJgDE+iJIPCXtNCBABMUIISgpACJJAUN4Am
130=bhJgBoAVl0JFQC2X8lSAFkP1FAJkgBbDxBOyfIAV2ZKEkBJ2cIBwApSQEoqQEqSAFkAZg9
131=J3UELFQCbCZBZy1IAcUpLkgBdAJFKS9IAcEwMCgpADEoKQAyKCkAMygpADQoKwAKACfsPC
132=K0LNAJYFTJAQ0ogQAOSAFgD1kRD0gB2REQSAF0AlkREUkBryTpIxJIASPIQGE7JySQRGA7
133=JykAFUAEhORgO4AiaXoXVAIlPWAYSAF0OVF3GcgBTWgaSAElzTsbSAHZ7RxJAc9sRyKRWy
134=cmgUIeVAKQKiL5RycmOTkgVALNPCFIAcEEIkgB1UQjSAFgO0l6JMgBVTklSAHNcyZIAYUW
135=B4ABIwE8B1O5JwAudAlhOydUaE8BBwAqSATZBitJAa+1IyxIAWwmRSktSAHFKS5IAXQCRS
136=kvSAHBMDAoKQAxKCkAMigpADMoKAAilDPYBnTLyQENTBPJAQ5IAWgMQQ8PSAHBDxBIAXQC
137=QQ8RSAHRFBJIAZwrazgoANJ8K2g4JykAFUAEJwgHgFmqOCgAZGBV3hhABCU5ORlJAYlEIl
138=UCGkkBiKkBG0kBh6kBHEgBlA1pOCigRm9zKADPYA9oOMAPImRFJ4EAIVgGwQQiSAGYEW9z
139=KABCvQokVAJoAVl0JUgBJVVNJkgBI1hpaTgoJPxBaDgiwF9cBmo4KACdQQhIOCdtAytZBq
140=/qOCgAbCZFKS1UAsUpLkgBdAJFKS9IAdUuMCgpADEoKQAyKCgAfP/NBQ1YgskBDkgBcAlJ
141=DA9IAckMEEgBdAJJDBFIAdkREkgBQBdhMBNIASWZUBRIASUtPRVIAZwrfW0p7aoXVAJwNU
142=2UGMgBUWwZSAElPTQaSAGcCn/mKQCSbAFhqSlgAaGpKeVrHkwFwTAfSAGEBHE1KSZVLCFU
143=Apy6IuE5KSZRRyNVAkFwBSIKKSkAaAGSNSkAIzk5CFCVZKVEBHA1IiRciQEoWAaE8nA1zB
144=BxNSkkG1YIACtABNUjLEgBbCZFKS1IAcUpLkgBdAJFKS9IAdUuMCgpADEoKwANACr9pA5I
145=AXgGUQkPSAGTFAQAEEgBdAJRCRFIAcEPEkgBVBW5MirhGhRUAtGCFUgBwQQWSAEjYygIAB
146=dIAdUCGEgBZDRJkBlIASXVMRpIASVBUBtIAYwFeTIqhAFRbB1UApg9bWgq6S0fVAKEBHgy
147=J60AIVQCgA94MidVACNUAmwxXa8kyAFZ1yVIAYQIeTIqJlVuJ1QCI/FbCExaxQgIUicqAJ
148=wKeDInVQArTAXVIyxJAQp3ewQALUgBxSkuSAF0AkUpL0gBJ1gGKQIGKwBgBIAwqQEBYDCo
149=AVkGEUw/yQwSKCkAEygpABQoKQAVKCkAFigpABcoKQAYKCkAGSgpABooKQAbKCkAHCgpAB
150=0oKQAeKCkAHygpACAoKQAhKCkAIigpACMoKQAkKCkAJSgpACYoKAACJwArAK8RAADFBA4M
151=CAIAAA4EACgAKwCvqgEpACcpACooKQArKCkALEgBBQoBAAAABAAtyAEBAQQALsgBAQIEAC
152=9IAVgDYAQCDwAsAAtMBUEEEMgBQQQRSQEJVAJFCBIoKQATKCkAFCgpABUoKQAWKCkAFygp
153=ABgoKQAZKCkAGigpABsoKQAcKCkAHSgpAB4oKQAfKCkAICgpACEoKQAiKCkAIygpACQoKQ
154=AlKCkAJigpACcoKQAoKCkAKSgpACooKQArKCkALEgBeCdBJS3IAUUpLsgBRSkQSDBgBAEF
155=BAARSAFwKkEEEkkBiL0rEygpABQoKQAVKCkAFkkBo60FF0gB2QYYKCkAGSgpABooKQAbKC
156=kAHCgpAB0oKQAeKCkAHygpACAoKQAhKCkAIigpACMoKQAkKCkAJSgpACYoKQAnKCkAKCgp
157=ACkoKQAqSQGKrRsrSAHVIyxIAW0mA31XLZlTBHonLgBgBFEqElBZyQETKCkAFCgpABUoKQ
158=AWKCkAFygpABgoKQAZKCkAGigpABsoKQAcKCkAHSgpAB4oKQAfKCkAICgpACEoKQAiKCkA
159=IygpACQoKQAlKCkAJigpACcoKQAoKCkAKSgpACooKQArKCkALEgBeCcBBgQAEkl9gr0rEy
160=gpABQoKQAVKCkAFigpABcoKQAYKCkAGSgpABooKQAbKCkAHCgpAB0oKQAeKCkAHygpACAo
161=KQAhKCkAIigpACMoKQAkKCkAJSgpACYoKQAnKCkAKCgpACkoKQAqKCkAK0gBzJ8BEwAwAN
162=UjFCgpABUoKQAWKCkAFygpABgoKQAZKCkAGigpABsoKQAcKCkAHSgpAB4oKQAfKCkAICgp
163=ACEoKQAiKCkAIygpACQoKQAlKCkAJigpACcoKQAoKCkAKSgpACooKwAUADH9IBUoKQAWKC
164=kAFygpABgoKQAZKCkAGigpABsoKQAcKCkAHSgpAB4oKQAfKCkAICgpACEoKQAiKCkAIygp
165=ACQoKQAlKCkAJigpACcoKQAoKCkAKSgrABUAMuUeFigpABcoKQAYKCkAGSgpABooKQAbKC
166=kAHCgpAB0oKQAeKCkAHygpACAoKQAhKCkAIigpACMoKQAkKCkAJSgpACYoKQAnKCkAKCgr
167=ABYAM+0bFygpABgoKQAZKCkAGigpABsoKQAcKCkAHSgpAB4oKQAfKCkAICgpACEoKQAiKC
168=kAIygpACQoKQAlKCkAJigpACcoKwAXADT1GBgoKQAZKCkAGigpABsoKQAcKCkAHSgpAB4o
169=KQAfKCkAICgpACEoKQAiKCkAIygpACQoKQAlKCkAJigrABgANf0VGSgpABooKQAbKCkAHC
170=gpAB0oKQAeKCkAHygpACAoKQAhKCkAIigpACMoKQAkKCkAJSgrABkANuUTGigpABsoKQAc
171=KCkAHSgpAB4oKQAfKCkAICgpACEoKQAiKCkAIygpACQoKwAaADftEBsoKQAcKCkAHSgpAB
172=4oKQAfKCkAICgpACEoKQAiKCkAIygrABsAOPUNHCgpAB0oKQAeKCkAHygpACAoKQAhKCkA
173=IigrABwAOf0KHSgpAB4oKQAfKCkAICgpACEoKwAdADrlCB4oKQAfKCkAICgrAB4AO+wFCB
174=8AOwCCAQAAAAQAEQAA

[Lighting]
Red=1.000000
Blue=1.000000
Green=1.000000
Level=0.032000
Ground=0.000000
IonRed=0.695000
Ambient=1.000000
IonBlue=0.775000
IonGreen=0.445000
IonLevel=0.032000
IonGround=0.000000
IonAmbient=0.650000
DominatorRed=0.850000
DominatorBlue=0.300000
DominatorGreen=0.200000
DominatorLevel=0.000000
DominatorGround=0.000000
DominatorAmbient=1.500000
DominatorAmbientChangeRate=0.009000

[Map]
Size=0,0,30,30
Theater=DESERT
LocalSize=3,5,24,19

[Neutral]
IQ=0
Edge=North
Color=Grey
Allies=Neutral
Country=Neutral
Credits=0
NodeCount=0
TechLevel=1
PercentBuilt=0
PlayerControl=no

[Nod]
IQ=0
Edge=North
Color=Gold
Allies=Nod
Country=Nod
Credits=0
NodeCount=0
TechLevel=1
PercentBuilt=0
PlayerControl=no

[OverlayDataPack]
1=BQAAIP4AIACABQAAIP4AIACABQAAIP4AIACABQAAIP4AIACABQAAIP4AIACABQAAIP4AIA
2=CABQAAIP4AIACABQAAIP4AIACABQAAIP4AIACABQAAIP4AIACABQAAIP4AIACABQAAIP4A
3=IACABQAAIP4AIACABQAAIP4AIACABQAAIP4AIACABQAAIP4AIACABQAAIP4AIACABQAAIP
4=4AIACABQAAIP4AIACABQAAIP4AIACABQAAIP4AIACABQAAIP4AIACABQAAIP4AIACABQAA
5=IP4AIACABQAAIP4AIACABQAAIP4AIACABQAAIP4AIACABQAAIP4AIACABQAAIP4AIACABQ
6=AAIP4AIACABQAAIP4AIACABQAAIP4AIACA

[OverlayPack]
1=BQAAIP4AIP+AEwAAIP4XCv+Brf4DFP/+BwDt/t4B/4ALAAAg/hoK/4Gv/uUV/4AFAAAg/g
2=Ag/4AFAAAg/gAg/4AFAAAg/gAg/4AFAAAg/gAg/4AFAAAg/gAg/4AFAAAg/gAg/4AFAAAg
3=/gAg/4AFAAAg/gAg/4AFAAAg/gAg/4AFAAAg/gAg/4AFAAAg/gAg/4AFAAAg/gAg/4AFAA
4=Ag/gAg/4AFAAAg/gAg/4AFAAAg/gAg/4AFAAAg/gAg/4AFAAAg/gAg/4AFAAAg/gAg/4AF
5=AAAg/gAg/4AFAAAg/gAg/4AFAAAg/gAg/4AFAAAg/gAg/4AFAAAg/gAg/4AFAAAg/gAg/4
6=AFAAAg/gAg/4AFAAAg/gAg/4AFAAAg/gAg/4AFAAAg/gAg/4AFAAAg/gAg/4A=

[Russians]
IQ=0
Edge=North
Color=DarkRed
Allies=Russians
Country=Russians
Credits=0
NodeCount=0
TechLevel=1
PercentBuilt=0
PlayerControl=no

[Special]
IQ=0
Edge=North
Color=Grey
Allies=Special
Country=Special
Credits=0
NodeCount=0
TechLevel=1
PercentBuilt=0
PlayerControl=no

[SpecialFlags]
Inert=no
FogOfWar=no
IonStorms=no
MCVDeploy=no
Meteorites=no
Visceroids=yes
FixedAlliance=no
TiberiumGrows=yes
InitialVeteran=no
HarvesterImmune=no
TiberiumSpreads=yes
TiberiumExplosive=no
DestroyableBridges=yes

[Structures]
0=Neutral,CABHUT,256,24,29,64,None,0,0,1,0,0,None,None,None,1,0
1=Neutral,CABHUT,256,36,33,64,None,0,0,1,0,0,None,None,None,1,0
2=Neutral,CABARR02,256,23,30,64,None,0,0,1,0,0,None,None,None,1,0
3=Neutral,CABARR01,256,23,31,64,None,0,0,1,0,0,None,None,None,1,0
4=Neutral,CAOILD,256,20,28,64,None,0,0,1,0,0,None,None,None,1,0

[TaskForces]

[Waypoints]

[YuriCountry]
IQ=0
Edge=North
Color=DarkRed
Allies=YuriCountry
Country=YuriCountry
Credits=0
NodeCount=0
TechLevel=1
PercentBuilt=0
PlayerControl=no



[Digest]
1=vD1XgyfFPYFOHHphtkEaOYQU5h8=

