; Map created with FinalAlert 2(tm) Mission Editor
; Get it at http://www.westwood.com
; note that all comments were truncated

[Header]
Width=23
Height=19
StartX=244
StartY=23
Waypoint1=0,0
Waypoint2=0,0
Waypoint3=0,0
Waypoint4=0,0
Waypoint5=0,0
Waypoint6=0,0
Waypoint7=0,0
Waypoint8=0,0
NumberStartingPoints=0


[Preview]
Size=0,0,60,30

[PreviewPack]
1=qwkYFQnVs23Vs2yyqZW+nGBLAMKhYUgAQAFIAEABSABAAUgAQAFIAEABSABAAUgAQAFIAE
2=ABSABAAUgAQAFIAAAGgoOAQkRERUZCQUdNQUdOQ0VCQUNDg4SAQARIAEAESABAAUgAQAFI
3=AEABSABAAUgAQAFIAEABSABAAUgAQAFIAEABSABAAScIAFgBSAC4AUABSAAgFSwAVBUDwZ
4=9kuZdgSAAMTFBSsY9IsY5HS09Sv5xhSwDDoWUgJ+QCvCxQFEgVSABAAUgAQAFIAEABSABA
5=AUgAQAFIAEABSABAAUgAQAFIAEABSAAztAJAFngWIDLkAkQOSA9IAEABSABAAUgAQAFIAE
6=ABSABAAUgAQAFIAEABSABAAUgAQAFIACe3ArKplSdsBVQVCdaxbOW8cdiybNWzbCrnAras
7=mSAhzAUgGJwFJ7QCKiQIVBVACgAD1rJu3LVt3LZu4Lxv6sZ+6cZ+17FtKuQCWBZIACAYtA
8=hMJVAmSABAAUgAQAFIAEABSABAAUgAQAFIAEABSABAAUgAObQCQBZAK0gABtCsZsWYTcWZ
9=TU8B4L9yJ1wAICTkArQJRBFIEkgAQAFIAEABSABAAUgAQAFIAEABSAA2tAIJnIBKmHpDj2
10=4+17JtSAADiHFFinVIVBUI1rNt17Fs37Vr2bNQRAdtn4FIk3VAkXVEIB7kAkQRSBJIAEAB
11=SABAAUgAQAFIAEABSABAAUgANrQCWEBDQOLBeVc/mXxHrAEJl3pIln1Idlw2eGE8UEQAA9
12=23briQVsSHS4ZqP8OiaMGeZL6aXkQaIBjkAj+cBTa0AlgTBuPCe+O+cOa9b0EBFIAAWAFE
13=QYkBFFhwBpuCT7eGS6hxPVAvBoFgOZl7SZ+BTUwBSAMB27Zu2nAvK4QOUFxIAD+cC0woUC
14=lIAEABSABAAUgAQAFIADa0AiqsCrgTLRQAUG5IEkgAVxKJZztYIgaLajiVe0WbgEtAFgm/
15=taO4saXBr4zmv3IzbBFYFkgAOeQCQApYNEUUvikcHDa0AkQOQz3Ys2xQmAbJnlXNplzIn1
16=VAFicUA1QVXC+shUwBWxbet3BYRgSVe0zZs22D4wC7tKhIAAbDuKLetWvCsI6sEFgQIAa0
17=CCAGtAIABpNwP7yBRJ1sPnheOKCFTY50RYJsQ9Wxa1RspA5IhEwBtBhMAVgWU0TXtW1EF1
18=QYUEdYRlheVBYPu6mGva6Rsqqbs6qezq9stqJjUBqQCCIXIYhtQD/kApEFbEQXNmwFT0/l
19=vHJQrax/tBIMs3xHb1k91JNLpXE9e2E7VBgDfGU/eWZCVBhInEsw069pTAFIMFRdSABUFU
20=wBA9m3b+DAckAZXDUPyLGFuaqP0LJ4oZVRoJFVxadlXCwJmnxKx59ZyJtau5pgOecCQUZM
21=VBUkVyO8m2IqLBtYlLQVQBZIFVgoWxDOpllUEmgAAplN1rFrSB5QGlgZAq58RoNj12zJn1
22=ZEFKgATwHMo1isAVQAJ/wFTAdURVgHSBUPoJBVmoJQs4xQy5JQuoxVz61qSDNYHEwEKuQC
23=QI4kxCW3BkdKTSq0AlACA9i0bt22b1QVRA5IAEgVSFdYE7xTQA14FpTGTFJIaSc0E0woQC
24=tLANOvaVxcpB1MK0AWvCxICWwEAr9y575wXGJMDQaOdEJNOiiYdUZEp0gGWBxYByd0A0RH
25=KuQCA0BGTH5/fSrEKCd0AFyqSBVQC0gAYjqybVwISABEEVwCSCRcF1xWRBekQUQLVJkDkn
26=VFh2w+UA5EFDMIAEQRSABQXFwLJ4QOA5F+RcurWlAXSCFIAEAKJ3QDUAJoEgKOR7GORyc8
27=CFACWAQtxCh4BCM8JlALWDS0DFBoVBW8BUQOXBcnTAQnpBgIzZdVg2I5k3REk3xg9y3YAl
28=gHUCxcNUhySCFIAFwLgAp0b0DQTApQIEghSANIeHgQ9RXBKZQrVG8nlBOnF7asmSGTJoOE
29=gGgGhBdcSlgWSABIDEgAQApQC0gATC5IDFgiQAFMBFQPvy+ufktMAaAWQBBAAbQVQBZUM7
30=RLXAJQAlgBgAcEbJR7R5R7RlC5QNBYSWgPMrQCSBVAFlALXCxAAVgBSABAAaQXJ1QXeAeE
31=F1CSWBZYH1BTTC5AXiecBVR1QMRcU1xfBsigXW1aOn5oQkjeVBWoAFB3QAFYHEgAUGtUAL
32=QbRyDdtm5YYYBbAWyFaz14DSy0AkAoTG2sE1gToAFUAEgAWAFIAEABSABAATbkAkxbRGVA
33=RkgPWNxcLGoAmU1HceG6cEgAA9ewa4NmSEifW4iUfEpIFScIAFxcQCtQFFAFQHxcLEs247
34=ltIRAlSCcwtAIklCu8EUgSQAFIAEABUAUtnAVQAkgDSABAATbkAlwsTC5IAEAlVG9YQ7QY
35=SORIP68Kkmg9SM9buJZ5QlgWkAJ8VlRCTARAFkhFSDZYqSAJtAJIEqATVABIAFgBSABAAU
36=gAQAFIAEABSABAATbkAkhRVGknhAhMAQO8nGPJp2VAGUgYpBoMn3RGwIpMxqVhpHZEkXtK
37=XCzEQU7osm4gD7QCvBGYH3zgWAFIAEQUSABAAUgAQAFIAEABSABAATbkAiqECFwpQFVAFk
38=RHRBpYFkgASBhPMVlGLqShUEFQDiq0AlDIWNk2JAhID0AQSABAAUgAoAFUAEgAWAFIAEAB
39=SABAAUgAQAFIAEABSABAAUgAQAE25AJATEREJ8wFSBW0dVQVQAFAGUQspKEqtAIqBBO8C0
40=gMQAFIAEABSABAAUgAQAFIAEABSABAAUgeWA1AAVgBSABAAUgAQAFIAEABSABAAUgAQAFI
41=AEABSABAATbkAkxVSHJQlUCFWFVpw78igCEwbAUgFbQCSA+gEFQASABYAUgAQAFIAEABSA
42=BAAUgAQAFIAEABSABAAUgAQAFIAEABOeQCKnwiVKIgIWwFWA1QDkgAQAEgFZwFQAdYB0gA
43=QAE25AJYN1SiIC20AlgNsA5UAEgAWAFIAEABSABAAUgAQAFIAEABSABAAUgAQAFIAEABSA
44=BAAUgAQAFIAEABNuQCJJwgIBskCLwLSAxAAUgAQAEgIZwFUAhICUgAQAFEFyfEKFT/J1Qj
45=WIItLBu8BUgGQAFIAEABSABAAUgAQAFIAEABSABAAUgAQAFIAEABSABDAf///1QASABYAU
46=gAQAFIAEABSABAAUgAQAFIAEABSABAAUgAQAFIAEABSABAAUgAQAFIAEABpCBEFwZARkw7
47=QEVER0kklCu8AqwEWARAAUgAQAFIAEABSABAAUgAQAFIAEABSABAAUgAQAFIAEABCcKhYb
48=6cYL6cYMKhYREAAA==

[Africans]
IQ=0
Edge=North
Color=DarkRed
Allies=Africans
Country=Africans
Credits=0
NodeCount=0
TechLevel=1
PercentBuilt=0
PlayerControl=no

[Alliance]
IQ=0
Edge=North
Color=Gold
Allies=Alliance
Country=Alliance
Credits=0
NodeCount=0
TechLevel=1
PercentBuilt=0
PlayerControl=no

[Americans]
IQ=0
Edge=North
Color=Gold
Allies=Americans
Country=Americans
Credits=0
NodeCount=0
TechLevel=1
PercentBuilt=0
PlayerControl=no

[Arabs]
IQ=0
Edge=North
Color=DarkRed
Allies=Arabs
Country=Arabs
Credits=0
NodeCount=0
TechLevel=1
PercentBuilt=0
PlayerControl=no

[Basic]
Name=No name
Percent=0
GameMode=standard
HomeCell=98
InitTime=10000
Official=no
EndOfGame=no
FreeRadar=no
MaxPlayer=2
MinPlayer=2
SkipScore=no
TrainCrate=no
TruckCrate=no
AltHomeCell=99
OneTimeOnly=no
CarryOverCap=0
NewINIFormat=4
NextScenario=
SkipMapSelect=no
CarryOverMoney=0.000000
AltNextScenario=
MultiplayerOnly=1
IceGrowthEnabled=yes
VeinGrowthEnabled=yes
TiberiumGrowthEnabled=yes
IgnoreGlobalAITriggers=no
TiberiumDeathToVisceroid=no

[British]
IQ=0
Edge=North
Color=Gold
Allies=British
Country=British
Credits=0
NodeCount=0
TechLevel=1
PercentBuilt=0
PlayerControl=no

[CellTags]

[Confederation]
IQ=0
Edge=North
Color=DarkRed
Allies=Confederation
Country=Confederation
Credits=0
NodeCount=0
TechLevel=1
PercentBuilt=0
PlayerControl=no

[French]
IQ=0
Edge=North
Color=Gold
Allies=French
Country=French
Credits=0
NodeCount=0
TechLevel=1
PercentBuilt=0
PlayerControl=no

[GDI]
IQ=0
Edge=North
Color=Gold
Allies=GDI
Country=GDI
Credits=0
NodeCount=0
TechLevel=1
PercentBuilt=0
PlayerControl=no

[Germans]
IQ=0
Edge=North
Color=Gold
Allies=Germans
Country=Germans
Credits=0
NodeCount=0
TechLevel=1
PercentBuilt=0
PlayerControl=no

[Houses]
0=Americans
1=Alliance
2=French
3=Germans
4=British
5=Africans
6=Arabs
7=Confederation
8=Russians
9=YuriCountry
10=GDI
11=Nod
12=Neutral
13=Special

[IsoMapPack5]
1=qQ4AIA8eAAEAggEAAAAEAB0AAgCCAQBpAR4oKQAfKCsAHAAD4QQdKCkAHigpAB8oKQAgKC
2=kAG0wL3QocKCkAHSgpAB4oKQAfKCkAICgpACEoKwAaAAXtEBsoKQAcKCkAHSgpAB4oKQAf
3=KCkAICgpACEoKQAiKCsAGQAG6QwaKCkAGygpABwoKQAdKCkAHigpAB8oKQAgKCkAISgpAC
4=IoKQAjKCsAGAAH4Q8ZKCkAGigpABsoKQAcKCkAHSgpAB4oKQAfKCkAICgpACEoKQAiKCkA
5=IygpACQoKwAXAAj5ERgoKQAZKCkAGigpABsoKQAcKCkAHSgpAB4oKQAfKCkAICgpACEoKQ
6=AiKCkAIygpACQoKQAlKCsAFgAJ8RQXKCkAGCgpABkoKQAaKCkAGygpABwoKQAdKCkAHigp
7=AB8oKQAgKCkAISgpACIoKQAjKCkAJCgpACUoKQAmKCsAFQAK6RcWKCkAFygpABgoKQAZKC
8=kAGigpABsoKQAcKCkAHSgpAB4oKQAfKCkAICgpACEoKQAiKCkAIygpACQoKQAlKCkAJigp
9=ACcoKwAUAAvhGhUoKQAWKCkAFygpABgoKQAZKCkAGigpABsoKQAcKCkAHSgpAB4oKQAfKC
10=kAICgpACEoKQAiKCkAIygpACQoKQAlKCkAJigpACcoKQAoKCsAEwAM+RwUKCkAFSgpABYo
11=KQAXKCkAGCgpABkoKQAaKCkAGygpABwoKQAdKCkAHigpAB8oKQAgKCkAISgpACIoKQAjKC
12=kAJCgpACUoKQAmKCkAJygpACgoKQApKCsAEgAN8R8TKCkAFCgpABUoKQAWKCkAFygpABgo
13=KQAZKCkAGigpABsoKQAcKCkAHSgpAB4oKQAfKCkAICgpACEoKQAiKCkAIygpACQoKQAlKC
14=kAJigpACcoKQAoKCkAKSgpACooKAACEQAOAAm95hIoKQATKCkAFCgpABUoKQAWKCkAFygp
15=ABgoKQAZKCkAGigpABsoKQAcKCkAHSgpAB4oKQAfKCkAICgpACEoKQAiKCkAIygpACQoKQ
16=AlKCkAJigpACcoKQAoKCkAKSgpACooKQArKCgAAhAADwALQCUBBQQAEUgBbCYBAQQAEkkB
17=iFQCTfwTKCkAFCgpABUoKQAWSQGjrQUXSAHZBhgoKQAZKCkAGigpABsoKQAcKCkAHSgpAB
18=4oKQAfKCkAICgpACEoKQAiKCkAIygpACQoKQAlKCkAJigpACcoKQAoKCkAKSgpACpJAYqt
19=GytIAdUjLEgBbiYDBEEBEJgnAQcEABBEAHUCCGUpEJVPAmQpJykAE0AEZAhVAhQoKQAVKC
20=kAFigpABcoKQAYKCkAGSgpABooKQAbKCkAHCgpAB0oKQAeKCkAHygpACAoKQAhKCkAIigp
21=ACMoKQAkKCkAJSgpACYoKQAnKCkAKCgpACkoKQAqKCkAKygpACxIAWwmAQYEAC3IAUUpDk
22=lRCrUuD8gBTVIQyAFZJxFIAQKvAgAADn4rEQDJARMoVQAUKCkAFSgpABYoKQAXKCkAGCgp
23=ABkoKQAaKCkAGygpABwoKQAdKCkAHigpAB8oKQAgKCkAISgpACIoKQAjKCkAJCgpACUoKQ
24=AmKCkAJygpACgoKQApKCkAKigpACsoKQAsSAHFKS3IAUUpLsgBRSkNSH0lHTAOSAHNBQ9J
25=AY2hMBBIAXQCTQURSAHJLRJJAQBjAAgAEygpABRJAdt7BggAFUkB1akBFkgBaAUBAAgAFy
26=gpABgoKQAZSQFTZwQMABpIAWQBTdsbKCkAHCgpAB0oKQAeSQHZawwMAB9IAdkGICgpACEo
27=KQAiKCkAI0kBQ3MFDAAkyAEBAQgAJUkBkHMJCAAmSQGGqQEnSAHBGihJAdO1AilIAc0bKk
28=gBbAlNGytIAdUjLEgBbCZVpy1IAcUpLkgBdAJFKS9IAdUuDEAoyQENKCkADkgBbAVFCA9I
29=AcUIEEgBdAJFCBFIAdUNEkkB16UTE0kB0akBFEkBJ2kTB08xEwAgqQEWVQIoqQEXSAFkAU
30=kXGCgpABlIAW0xAW8xEwCMcwkMABtUApugDAAcSAGLIgwAHUgBiyIMAB5JAc2tBR9IAY0Q
31=DFMOEwC+tQIhVAKXDQwAIigpACMoKQAkSAF6MgQMTjETAGkBBW8xEwCRZwgIACdABMEaKE
32=gBwRopSAHBGipIAYsMCAArSAHVIyxIAWwmRSktSAHFKS5IAXQCRSkvSAHBMDAoKwALABQm
33=SSUMKCkADSgpAA5IAWQIXQoPSAHdChBIAXQCXQoRSAHNEBJJAdq1GBNJAdCpARRJAR9gFm
34=U0FGABAgAABwAWVQIdcQEHVmUUAME7GFQCkyoIABlJATFgBGU0FLQjZzQUAN18CmQ00Aln
35=NBQAurUCHlgGjBB3ZRQA0rUCIFQCyTghSAGUWmc0FACPqQwjVAJkAUFyJEkBQWwBZjQUAG
36=gBQWcmVAKUcGU0FERxRwQHAChUApsRBwApSAHBGipIAZQCZTQU+bYsVAJsJkUpLUgBxSku
37=SAF0AkUpL0gBJ4QGJ1kGMShVAApIXMEECygpAAwoKQANKCkADkgBfApVDQ9IAdUNEEgBdA
38=JVDRFIASfdBhVUGUgAd5wVANxtJghZDhVMhFQCfTYVSF+JARZZBiVEAUk4F0kB1q0FGEkB
39=1KkBGUgBfjYCCFacFQBpAQN/NhUAV3gGfTYV6TgdTQW3eAZnaxUAsKkBH1QCyQEgSQGytQ
40=IhSQGRpQgiSQGDqQEjSQGHqQEkSAFxNQJ9NhWdNgNkaydBAydBBCZsBX02FVxzTAF9NhVA
41=pIkBKkAE0WwrSAHVIyxIAWwmRSktSAHFKS5IAXQCRSkvSAHZMjAoKQAxKCkAMigpAAlAX8
42=0FCigpAAsoKQAMKCkADSgpAA5IAXQNTRAPSQGjaCIiJiYWAHQCTRARVALdFRJIAVkZAEGe
43=EygpABQoKQAVKCkAFigpABdIAcU/GEgBxQgZSAHJWRpIAXQ5WZUbSQFVZAR1ORZhAQBBZx
44=1VArtkE3c5FgD2qQEfVALJASBJAbO1AiFIAcE7IkkBkG8IDAAjSQGKqQEkSQFEqQElyAGU
45=cNQNdHAnKQAoQATFjClIAZ8VBwAqSAHBcitIAdUjLEgBbCZFKS1IAcUpLkgBdAJFKS9IAc
46=U0MCgpADEoKQAyKCkAMygoAHD+2QYJRJrJAQooKQALKCkADCgpAA0oKQAOSAFsEEUTD0gB
47=3UwQSAF0AkUTEUgB1RgSSAFwI408F4QBSQEUVAKQHyJfIhcATXwCf0kXAEmpARdABGgBVd
48=4YSQFGtQIZyAFdKxpIAXACUQkbSAFsPE0FHEgBjJ9krdQNbjwXANk9H0EEtaE7IEgBjxAM
49=ACFJAb21AiJIAcUII0gBiAwiXCInMQElVAJ4PVniJsgBXUwnSAGNBQhFrRfxrilVAh54Am
50=08F1joTQEHTeEXKKYVFwBsJkUpLUwFxSkuSAF0AkUpL0gBxTQwKCkAMSgpADIoKQAzKCkA
51=NCgoAAEHABgAxQgIKCkACSgpAAooKQALKCkADCgpAA0oKQAOSAFkE10VD0gB3RUQSAF0Al
52=0VEUgBJ+UHGFgdSABttRigqW+1GABPUAJVcBVMBWgBXTYWSAFwAlUCF0gBwTAYSQFYeQIM
53=T+wYAEipARpUAmgBWQYbSQFRtQIcSAGQgmY/GAAjXSILSsEYACNdIgtJMhhIM1EFC0QCxB
54=NmPxgAJfEkIkQIJcUkI0gBkPtkPyetACVUAtkRJkgBeFNdFSfIAVkRKEgBxVUpyAFFVSpI
55=AVgOdZwrSAHVIyxIAWwmRSktSAHFKS5IAXQCRSkvSAHdNjAoKQAxKCkAMigpADMoKQA0KC
56=kANSgpAAZAKNEJBygoACLoItUCCShVAAooKQALKCgAaDDNBQ0oVQAOSAF8FVUYD0gB1RgQ
57=SAF0AlUYEUgBxR4SSQFHYCEigi0ZAGgBTSYUVAJwQE3hFUgB3TYWSAGc22+RGQDarXMYVA
58=IlbSQZKCkAGigpABtIASXFJBxIAdEJHUkBI2APfUEZYgEAAH1BGbTpfUEZTEJBAwtFgRn1
59=RCJYBsEPI0gByUMkSAHNECVIAdUNJkgBXAdtyycoKQAoSAHBRilIAXBWQUYqyAFRHytIAd
60=UjLEgBbCZFKS1IAcUpLkgBdAJFKS9IAcEwMCgpADEoKQAyKCkAMygpADQoKQA1KCkANigr
61=AAUAGv2DBigpAAcoKAAidCTBDwkoVQAKKCkACygoACIELM0FDShVAA5IAXQYTRsPSAHNGx
62=BIAXQCTRsRSAHdIBJIASOILXZEGgDdKxRUAtU5FUgB1TkWSQEkeC51RBrpOBhUAs1+GSgp
63=ABooKQAbKCkAHEgB0QkdSAGJDApVhhqxQApXhhoAk6kMIEAEZAFNRyFIAYP2CwAiSAGUAi
64=JNIBokRCp1hhrpkCVABNkRJkgB1VonSAHZBihIAcGeKUgB1QIqKCkAK0gB1SMsSAFsJkUp
65=LUgBxSkuSAF0AkUpL0gBwTAwKCkAMSgpADIoKQAzKCkANCgpADUoKQA2KCkANygrAAQAG+
66=FGBSgpAAYoKQAHKCkACCgpAAkoKQAKKCkACygoACLoLckXDShVAA5IAWwbRR4PSAHFHhBI
67=AXQCRR4RSAHVIxJIAc3AE0gBlDki2jgbAM08FVQCiP4iGSsb4TsXVAKULnnfG7w2caAbpE
68=pkXScpABtMBYs4CgAcSAHZBh1IASNYJ25HGwCIQ21HG6zLZYwbqFlljBv9jiJYBslDIygp
69=ACRIAd0VJUgB3RUmSAGdCgtAFN0KDFVUGybhOClABM3WKkgBhxMMACtIAdUjLEgBbCZFKS
70=1IAcUpLkgBdAJFKS9IAcEwMCgpADEoKQAyKCkAMygpADQoKQA1KCkANigpADcoKQA4KCkA
71=A0Ao1Q0EKCkABSgpAAYoKQAHKCkACCgpAAkoKAB0MdEJCyhUACLML9UCDShVAA5IAWQeXS
72=APSAHdIBBIAXQCXSARSAHMJgUSABwAAAAAABEAAKQPACAGAAwAEwAcAB8AQAAECwAUABwA
73=jUQBAQALABVJAYupARZJASdrAQoAF0kBIKkBGEkBLqkBGUkBHqkBGigpABtJASW1AhxJAZ
74=NrAQsAHUkBJmsBCgAeSQEtqQEfSQEoqQEgSQGPawELACFIAWQBWREiKCkAI0kBIXsCCwAk
75=SAGDDwsAJSgpACZIAZ8KCwAnSAGfFQsAKEgBiwwLAClKAdYBSwgMACpJAdGpAStIAQWvAg
76=AADgQALEkBCncCBAAtSQGNqQEuSAF0AgECBAAvSQGCtQIwKCkAMSgpADIoKQAzKCkANCgp
77=ADUoKQA2KCkANygpADgoKQA5KCkAAkAowQ8DKCkABCgpAAUoKQAGKCkABygpAAgoKQAJKC
78=kACigoAGw0yQwMKFUADSgpAA5IAXwgAQAEAA9IAdUjEEgBdAJVIxFIAcUpEkgBjUcLX0wd
79=ACNQLlU5FFUCkqkBFUkB2WcpCwAWSAHJQxdIAYM7CgAYSAHZSBlIAcU/GkgBgwQLABtJAS
80=KxCRxIAWQBSQwdSAHJTh5IAd0KH0gB0QkgSQGMcAV/TB0Ah6kBIlUC3bkRI0kBHbUCJEkB
81=13UCDF9MHQDVqQEmVALBZydIAdUYKEgB2QYpSQHarQUqSQHQqQErSAHVIyxIAWwmRSktSA
82=HFKS5IAXQCRSkvSAHNMTAoKQAxKCkAMigpADMoKQA0KCkANSgpADYoKQA3KCkAOCgpADko
83=KQA6KCkAAUF1o2sXBAACKCkAA0gBxRMEKCkABSgpAAYoKQAHKCkACCgpAAkoKABsgdEJCy
84=hVAAwoKQANKCkADkgBdCNNJg9IAc0mEEgBdAJNJhFIAd0rEkgBxTQTSAFwOUlDFEkB22Aa
85=d5weANSpARZUAtFLF0gB0UsYKCkAGUgBj0cLABpIAZEJDFZPHgCRSwtRdB68AmZoHgDMUm
86=0CkXMFCwAfWQOFqQEgSQGDqQEhKCkAIkgBwVEjSAHZSCRJAdhwFHVPHkyaXQYLUQ4e+Wkn
87=4AR1nB5UooEEKVQCwZ4qSAHFCCtIAdUjLEgBbCZFKS1IAcUpLkgBdAJFKS9IAdkyMCgpAD
88=EoKQAyKCkAMygpADQoKQA1KCkANigpADcoKQA4KCkAOSgpADooKQA7KCkAAkAo2REDKCkA
89=BCgpAAUoKQAGKCkABygpAAgoKQAJKCkACigoAGw0yQwMKFUADSgpAA5IAXQjTSYPSAHNJh
90=BIAXQCTSYRSAHdKxJIAclDE0gBxUoUSAHJQxVIAclOFkgB0UsXSAFBOABJ8xhJAVJvAQwA
91=GUkBN6kBGskBAXdPHwBXtQIcVAKEl3G2H1ABWAJwaZ1fAFhebQKQUAJJASBZA4ipASEoKQ
92=AiSQGKtQIjSAEn9gkfAM1HJVQCmAl2Tx8AzWgnVQLSeFN1Tx+wo2zsbK1VCQtP7B8A3GME
93=DAArTAXVIyxIAWwmRSktSQGRYwQEAC5IAXQCRSkvSAHNMTAoKQAxKCkAMigpADMoKQA0KC
94=kANSgpADYoKQA3KCkAOCgpADkoKQA6KCkAOygoAAEDACAA2REEKCkABSgpAAYoKQAHKCkA
95=CCgpAAkoKQAKKCkACygpAAwoKQANKCkADkgBaCJBJQ9IASfKCSAAdAJBJRFUAtEqEkgBwd
96=UTSAElZSMUSAHBURVIAd1MFkgBXDN9TBdJATptAQxa7SAAagEBCEpOIABqTgIIQJ6qAQMI
97=Q54gADGtBRxYBmQBRVUdSAHJDB5IAc1dHygpACAoKQAhKCkAIigpACNIAcUTJEgBwUYlSA
98=HdCiZIAd0KJygpACgoKQApSAHFCCpIAcUTK0gB1SMsSAFsJkUpLUgBxSkuSAF0AkUpL0gB
99=zTwwKCkAMSgpADIoKQAzKCkANCgpADUoKQA2KCkANygpADgoKQA5KCkAOigrAAQAIf1MBS
100=gpAAYoKQAHKCkACCgpAAkoKQAKKCgAImwjwRoMKFUADSgpAA5IAXAfSSIPSAHJIhBIAXQC
101=SSIRSAHZJxJIASU5IxNIAZ/mDAAUSAHNlBVJATZ7LgwAFsgBTZQXSAFkSllIGEgBfQMAck
102=shAIRVckshAIRVcUshkEtNBRxMBX1MA3+ZIQA1fAYiRCCoAV0KH0EEM7UCIEgBZAFBUSEo
103=KQAiSAEjNTMMQ+UhAIllBAxV4yEksCd26SEAI9UmDFTpgLFxYSdYBmgFUQkoSAGXnAwAKU
104=gBkBQizDAnrQArVALVIyxIAWwmRSktSAHFKS5IAXQCRSkvSAHNMTAoKQAxKCkAMigpADMo
105=KQA0KCkANSgpADYoKQA3KCkAOCgpADkoKwAFACLlSgYoKQAHKCkACCgpAAkoKQAKKCkACy
106=gpAAwoKQANKCkADkgBeBxRHw9IAdEfEEgBdAJRHxFIAcElEkgB3SsTSQE5bAF6SCIAaAFd
107=jhVUAnhIUUAWyAFdjhdIAY0xCE+UIgDTfMV6SCIAkM94SCcpABtMBSOTLggAHEgBeUgFIt
108=0zIphIXAoidCZkSl0KH0AEeEhVAiDIAUlOIUgBwesiSAEjsDJ6SCIAzewkKFUAJUgB2ZUm
109=SAHRYSdJATStGyhIAWQBRUopSAHNaCpIAZAUeuIiANUjLFQCbCZFKS1IAcUpLkgBdAJFKS
110=9IAScYCSdhBzEoVQAyKCkAMygpADQoKQA1KCkANigpADcoKQA4KCkABkhn1Q0HKCkACCgp
111=AAkoKQAKKCkACygoAHQmxQgNKFUADkgBYBpZHA9IAdkcEEgBdAJZHBFIAckiEkkBOHwnIq
112=1CI5REUTUUVAJwAk2JFUgBiXIIXI4i4CxfAggAF1QCnMVgRidVABkoVQAaKCkAG0gBI1Am
113=Y0YjAIywSyK9OoqoASWtLQBVDR9MBZSGavsjAGxHUUshVQIyXA5NPCJIAXzmSQEjyAFZlS
114=RIAXRaVQIlyAFVAiZJATx7BggAJ0gBYEZNGyjIAUFRKUgBZFVZBirIAVkGK0gB1SMsSAFs
115=JkUpLUgBxSkuSAF0AkUpL0gBwTAwKCkAMSgpADIoKQAzKCkANCgpADUoKQA2KCkANygpAA
116=dUqskMCCgpAAkoKQAKKCgAItRGzAVwsckBDSiBAA5IAWgXQRoPSAHBGhBIAXQCQRoRSAHR
117=HxJIAWhDVYYTSAHByhRIAYdrCAAVSAEjICtpQyRjLQAACUhDJykAGEAEj0cJABlIAYNGCQ
118=AaSAGfQQkAG0gBI9ArakMkACOcKm2JJCT8KyJDOyQAz7VEH0wFI5Q/aEPIDG70JABoQ1EU
119=IkAEaENNPCPIAUmQJEgBaENVAiXIAVUCJkgBwZ4nSAHBGihIAXRESU4pSAFoQ1kGKsgBWQ
120=YrSQGvJhlLJCOMKEUpLVQCxSkuSAHFKS9IAcEwMCgpADEoKQAyKCkAMygpADQoKQA1KCkA
121=NigrAAgAJeXOCSgpAAooKAAivE7AD3jwyQENKIEADkgBcBRJFw9IAckXEEgBdAKSQCUA2R
122=wSVALFPxNIAcEwFEgBgDtxQCVQAVA/cUAlvDZxQCUksTIJQsolAJREcUAlJE0gClBAIsAz
123=WAZyQCUAIxgqckAlAJREcEBov0AEckAlACNIUSKLOSUAzb1BIFkOz6kBISgpACJIAdU5I0
124=gBXAd5iiRIASOlTAdAASLYK10CB1AOJykAJ1wCIy9TBwAoSAEjaz8HAClIAdWRKkgBUAZx
125=CStJAa/xQCUoEgglAMUpLkAExSkvSAHBMDAoKQAxKCkAMigpADMoKQA0KCkANSgpAAlEFt
126=EJCigoACK8ONQCIqglyQENKIEADkgBeBGZPSbxFBDUApk9Jii5BybpLRNABCe4ByI4Tlgf
127=ej0mAIU/CVnBJrA1eD1w80AEeD3MBXk9JiRsOnk9JlgJgQQbQAHZfxxIAZwrIrJUJgDEgS
128=LMR5j4eT0mJgUiIEwFJTEiIUgBI4AsIm0lJky7XApg6CIQM4kBJEAEIzRUeT0mrFJ5PSYk
129=ZSMHSQYmuFN4PdwVej0mAMEPKkQII0cqCAArSAEnuQcmKLgHJyUFLkAEfCtFKS9IAcEwMC
130=gpADEoKQAyKCkAMygpADQoKQAKTBPECCKEXckBDChVAA0oKQAOSAFgD4E7JyhhByeQFFkR
131=EUAEyRcSSAHNaBNIASdgByJwVUwmYDvIAWE7JyQkJiJMYiIEQkAEYDsngQAZRAhOAgAAYD
132=snrQAbVAKLOAkAHEgBI1xDYTsnVBtUBXx4IjBNiQEfQATBfSBIAZxBcbknUAFABCL8LGj2
133=iQEjTQKOYH1l4SegiGA7zQUGWAsizDpNBQZFBSdAeIkBKFABmMRgO9cCBwAqVAKEE2E7J/
134=leLFQCxSktSAEnHA8nJQUvVALNMTAoKQAxKCkAMigpADMoKAAi1EbZBgxcEskBDSgpAA5I
135=AcEPD0gBwQ8QSAF0Aok4KPEUElQC2VMTSAEnCAciUFxEHmg4YNhIAWg4Iuw+iQEXTAWQYW
136=g4J4EAGVQCgJ588SetABtUAs0FHEgBgEZpOCigZyJUWScpAB9ABIStIulFKPF3IVQCkEBr
137=OCgAkL02I1UCiakBJEgBI0AvaDjYBmk4KKhOaDjBGgZEBdQCaDjUAmk4KCTQTGg4J3UELF
138=QFbCZRYS1IAcUpLkgBdAJFKS9IAcEwMCgpADEoKQAyKCgAIkg6zQUNVMDJAQ5IAXAJSQwP
139=SAHJDBBIAXQCSQwRSAEnvQ0pVC9LAAgAE1QCyU4USAGM4XE1KaQecTUpSEaNBRdABJgyIl
140=wtIsxFlQIZKFUAGigpABtIAYDVfeYppK1wNScxAR5ABNEJHygpACBIAYw8fW0pUGdIDHA1
141=IkhbiQEjQASMc3xtIkw1lQIlVAKU9HA1zAVwNWzkQARwNSIYP0gBcDXUAnA1xBNxNSnpWS
142=xQCWwmRSktSAHFKS5IAXQCRSkvSAHVLjAoKQAxKCkADUR5wQQOSAF4BlEJD0gBIxMpBAAQ
143=SAF0AlEJEUgBJ1kGKkQUSAB5MiqvJggAFEAEiIV4MiV4SyI4IyJQMI0FF0AEJbkoGEgBmF
144=4ifjwqACP0YSJ+PCoAI0R3IphFIsAomQYcTAXBMB1IAdUuHkgBWAMiKSEfSAHdCiBIASXd
145=PSEoKQAiSAHVDSNIAdkGJEgBjDFsaCL8YVwCfNsnKQAnQATJOChIASPgTngyJ/EDKlQCUA
146=ZtECtIAdUjLEkBCnt0BAAtSAHFKS5IAXQCRSkvSAHVLjAoKQAOTORgBIIwKwBpAQFgMKgB
147=WQYRQATJDBIoKQATKCkAFCgpABUoKQAWKCkAFygpABgoKQAZKCkAGigpABsoKQAcKCkAHS
148=gpAB4oKQAfKCkAICgpACEoKQAiKCkAIygpACQoKQAlKCkAJigoAAInACsArxEAAMUEDgwI
149=AgAADgQAKAArAK+qASkAJykAKigpACsoKQAsSAEFCgEAAAAEAC3IAQEBBAAuyAEBAgQAL0
150=gBWANgBAIPACwAC0wFQQQQyAFBBBFJAQlUAkUIEigpABMoKQAUKCkAFSgpABYoKQAXKCkA
151=GCgpABkoKQAaKCkAGygpABwoKQAdKCkAHigpAB8oKQAgKCkAISgpACIoKQAjKCkAJCgpAC
152=UoKQAmKCkAJygpACgoKQApKCkAKigpACsoKQAsSAF4J0ElLcgBRSkuyAFFKRBIMGAEAQUE
153=ABFIAXAqQQQSSQGIvSsTKCkAFCgpABVJAaOhBBZIAc0FFygpABgoKQAZKCkAGigpABsoKQ
154=AcKCkAHSgpAB4oKQAfKCkAICgpACEoKQAiKCkAIygpACQoKQAlKCkAJigpACcoKQAoKCkA
155=KSgpACpJAYq5HCtIAdUjLEgBbSYDfVctmVMEeicuAGAEUSoSUFnJARMoKQAUKCkAFSgpAB
156=YoKQAXKCkAGCgpABkoKQAaKCkAGygpABwoKQAdKCkAHigpAB8oKQAgKCkAISgpACIoKQAj
157=KCkAJCgpACUoKQAmKCkAJygpACgoKQApKCkAKigpACsoKQAsSAF4JwEGBAASSX2CvSsTKC
158=kAFCgpABUoKQAWKCkAFygpABgoKQAZKCkAGigpABsoKQAcKCkAHSgpAB4oKQAfKCkAICgp
159=ACEoKQAiKCkAIygpACQoKQAlKCkAJigpACcoKQAoKCkAKSgpACooKQArSAHMnwETADAA1S
160=MUKCkAFSgpABYoKQAXKCkAGCgpABkoKQAaKCkAGygpABwoKQAdKCkAHigpAB8oKQAgKCkA
161=ISgpACIoKQAjKCkAJCgpACUoKQAmKCkAJygpACgoKQApKCkAKigrABQAMf0gFSgpABYoKQ
162=AXKCkAGCgpABkoKQAaKCkAGygpABwoKQAdKCkAHigpAB8oKQAgKCkAISgpACIoKQAjKCkA
163=JCgpACUoKQAmKCkAJygpACgoKQApKCsAFQAy5R4WKCkAFygpABgoKQAZKCkAGigpABsoKQ
164=AcKCkAHSgpAB4oKQAfKCkAICgpACEoKQAiKCkAIygpACQoKQAlKCkAJigpACcoKQAoKCsA
165=FgAz7RsXKCkAGCgpABkoKQAaKCkAGygpABwoKQAdKCkAHigpAB8oKQAgKCkAISgpACIoKQ
166=AjKCkAJCgpACUoKQAmKCkAJygrABcANPUYGCgpABkoKQAaKCkAGygpABwoKQAdKCkAHigp
167=AB8oKQAgKCkAISgpACIoKQAjKCkAJCgpACUoKQAmKCsAGAA1/RUZKCkAGigpABsoKQAcKC
168=kAHSgpAB4oKQAfKCkAICgpACEoKQAiKCkAIygpACQoKQAlKCsAGQA25RMaKCkAGygpABwo
169=KQAdKCkAHigpAB8oKQAgKCkAISgpACIoKQAjKCkAJCgrABoAN+0QGygpABwoKQAdKCkAHi
170=gpAB8oKQAgKCkAISgpACIoKQAjKCsAGwA49Q0cKCkAHSgpAB4oKQAfKCkAICgpACEoKQAi
171=KCsAHAA5/QodKCkAHigpAB8oKQAgKCkAISgrAB0AOuUIHigpAB8oKQAgKCsAHgA77AUIHw
172=A7AIIBAAAABAARAAA=

[Lighting]
Red=1.000000
Blue=1.000000
Green=1.000000
Level=0.032000
Ground=0.000000
IonRed=0.695000
Ambient=1.000000
IonBlue=0.775000
IonGreen=0.445000
IonLevel=0.032000
IonGround=0.000000
IonAmbient=0.650000
DominatorRed=0.850000
DominatorBlue=0.300000
DominatorGreen=0.200000
DominatorLevel=0.000000
DominatorGround=0.000000
DominatorAmbient=1.500000
DominatorAmbientChangeRate=0.009000

[Map]
Size=0,0,30,30
Theater=DESERT
LocalSize=3,5,24,19

[Neutral]
IQ=0
Edge=North
Color=Grey
Allies=Neutral
Country=Neutral
Credits=0
NodeCount=0
TechLevel=1
PercentBuilt=0
PlayerControl=no

[Nod]
IQ=0
Edge=North
Color=Gold
Allies=Nod
Country=Nod
Credits=0
NodeCount=0
TechLevel=1
PercentBuilt=0
PlayerControl=no

[OverlayDataPack]
1=BQAAIP4AIACAWwAAIP4eEgCBAf4AAgCCBgT+9AEAggQEI/kABYIGB//0ASwSQfUT/IIHCP
2=/yASAUggcH/gYAAIEDAfuCCAv/8gEgFoIEBGQKgggK//MBIRrIChz+AwAHgQT/3QEdEoAe
3=AAAg/iQAAIEG/vwBAIQDBggI//0BJACEBgcHBP7aGwCABQAAIP4AIACABQAAIP4AIACABQ
4=AAIP4AIACABQAAIP4AIACABQAAIP4AIACABQAAIP4AIACABQAAIP4AIACABQAAIP4AIACA
5=BQAAIP4AIACABQAAIP4AIACABQAAIP4AIACABQAAIP4AIACABQAAIP4AIACABQAAIP4AIA
6=CABQAAIP4AIACABQAAIP4AIACABQAAIP4AIACABQAAIP4AIACABQAAIP4AIACABQAAIP4A
7=IACABQAAIP4AIACABQAAIP4AIACABQAAIP4AIACABQAAIP4AIACABQAAIP4AIACABQAAIP
8=4AIACABQAAIP4AIACABQAAIP4AIACABQAAIP4AIACA

[OverlayPack]
1=BQAAIP4AIP+AQwAAIP4XEv+Bqv4GAP+BHv4AAv+CHh7/9gErEiH3AAX/9QEfFFH1EAdCC/
2=/2AScWJAH/+gEiGCH+//YBHxTKFxz/3AEiHIAeAAAg/iQA/4Ee/vwB//4FAB7/AAIlAP79
3=C/+Brf7cD/+ABQAAIP4AIP+ABQAAIP4AIP+ABQAAIP4AIP+ABQAAIP4AIP+ABQAAIP4AIP
4=+ABQAAIP4AIP+ABQAAIP4AIP+ABQAAIP4AIP+ABQAAIP4AIP+ABQAAIP4AIP+ABQAAIP4A
5=IP+ABQAAIP4AIP+ABQAAIP4AIP+ABQAAIP4AIP+ABQAAIP4AIP+ABQAAIP4AIP+ABQAAIP
6=4AIP+ABQAAIP4AIP+ABQAAIP4AIP+ABQAAIP4AIP+ABQAAIP4AIP+ABQAAIP4AIP+ABQAA
7=IP4AIP+ABQAAIP4AIP+ABQAAIP4AIP+ABQAAIP4AIP+ABQAAIP4AIP+ABQAAIP4AIP+ABQ
8=AAIP4AIP+A

[Russians]
IQ=0
Edge=North
Color=DarkRed
Allies=Russians
Country=Russians
Credits=0
NodeCount=0
TechLevel=1
PercentBuilt=0
PlayerControl=no

[Special]
IQ=0
Edge=North
Color=Grey
Allies=Special
Country=Special
Credits=0
NodeCount=0
TechLevel=1
PercentBuilt=0
PlayerControl=no

[SpecialFlags]
Inert=no
FogOfWar=no
IonStorms=no
MCVDeploy=no
Meteorites=no
Visceroids=yes
FixedAlliance=no
TiberiumGrows=yes
InitialVeteran=no
HarvesterImmune=no
TiberiumSpreads=yes
TiberiumExplosive=no
DestroyableBridges=yes

[Structures]
0=Neutral,CAOILD,256,29,22,64,None,0,0,1,0,0,None,None,None,1,0

[TaskForces]

[Terrain]
20034=TREE34
25021=TREE30
42026=TREE29

[Triggers]

[YuriCountry]
IQ=0
Edge=North
Color=DarkRed
Allies=YuriCountry
Country=YuriCountry
Credits=0
NodeCount=0
TechLevel=1
PercentBuilt=0
PlayerControl=no



[Digest]
1=vD1XgyfFPYFOHHphtkEaOYQU5h8=

